Namespace(data='mnist', full_exp=False, i_i_d=False, wandb=False, method_choosing_users='fraboni', model='cnn2', num_users=30, num_users_per_round=5, global_epochs=15, max_seconds=600, epsilon_bar=100, epsilon_sum_deascent_coeff=0.04, delta_f=0.003, accel_ucb_coeff=1, alpha=100, beta=2, gamma=2, choosing_users_verbose=True, sa_pause_verbose=False, snr_verbose=False, dirichlet_coeff=1, label_dominance=0.4, max_iterations_sa_pause=3000, sa_pause_simulation=False, max_time_sa_pause=600, pre_sa_pause_rounds=1, beta_max_reduction=70, data_truncation=None, tau_min=0.05, production=False, privacy_noise='laplace', privacy_choosing_users=True, privacy=True, save_best_model=False, seed=0, norm_mean=0.5, norm_std=0.5, train_batch_size=20, test_batch_size=1000, local_epochs=1, local_iterations=100, lr=0.01, momentum=0.5, lr_scheduler=False, optimizer='adam', device=device(type='cuda'))
=================================================================
Layer (type:depth-idx)                   Param #
=================================================================
CNN2Layer                                --
├─Conv2d: 1-1                            156
├─Conv2d: 1-2                            906
├─Linear: 1-3                            4,850
├─Linear: 1-4                            510
├─Dropout: 1-5                           --
├─Dropout: 1-6                           --
├─BatchNorm2d: 1-7                       12
├─BatchNorm1d: 1-8                       100
=================================================================
Total params: 6,534
Trainable params: 6,534
Non-trainable params: 0
=================================================================
iteration: 1
user 7, emp_avg: 0.35804304177265245, h: 0, ucb: inf, num_of_obs(calculated after picking at this round): 1, privacy reward: 0.9607894391523232, g: 0.09401885063739339, curr_delay = 0.1396480148097631
user 8, emp_avg: 0.2428920386223349, h: 0, ucb: inf, num_of_obs(calculated after picking at this round): 1, privacy reward: 0.9607894391523232, g: 0.20881610301698908, curr_delay = 0.20585277427616064
user 11, emp_avg: 0.1689971283143401, h: 0, ucb: inf, num_of_obs(calculated after picking at this round): 1, privacy reward: 0.9607894391523232, g: 0.010689639877558207, curr_delay = 0.2958630155359705
user 21, emp_avg: 0.06359510832040502, h: 0, ucb: inf, num_of_obs(calculated after picking at this round): 1, privacy reward: 0.9607894391523232, g: 0.048781761843691054, curr_delay = 0.7862239930167253
user 25, emp_avg: 0.0574351704116612, h: 0, ucb: inf, num_of_obs(calculated after picking at this round): 1, privacy reward: 0.9607894391523232, g: 0.01971995344621293, curr_delay = 0.870546733676068
num of fast users chosen: 3, num of slow users chosen: 2
max_delay = 0.87 seconds
global epoch 1 has been done artifficialy in 0.87 secs, the total time by now is 0.87 
 with avg train loss 0.647, val loss 2.472, avg val acc 8.92%
iteration: 2
user 13, emp_avg: 0.2860038733947465, h: 0, ucb: inf, num_of_obs(calculated after picking at this round): 1, privacy reward: 0.9607894391523232, g: 0.12835605102630313, curr_delay = 0.17482280714075965
user 17, emp_avg: 0.06078867081706486, h: 0, ucb: inf, num_of_obs(calculated after picking at this round): 1, privacy reward: 0.9607894391523232, g: 0.060469298528472555, curr_delay = 0.8225216858330086
user 18, emp_avg: 0.06443940219672338, h: 0, ucb: inf, num_of_obs(calculated after picking at this round): 1, privacy reward: 0.9607894391523232, g: 0.04284489681184928, curr_delay = 0.7759227785409594
user 20, emp_avg: 0.06743106361347773, h: 0, ucb: inf, num_of_obs(calculated after picking at this round): 1, privacy reward: 0.9607894391523232, g: 0.28023133215724333, curr_delay = 0.7414980176881905
user 24, emp_avg: 0.05877108511723525, h: 0, ucb: inf, num_of_obs(calculated after picking at this round): 1, privacy reward: 0.9607894391523232, g: 0.0030229919869688582, curr_delay = 0.8507584962956038
num of fast users chosen: 1, num of slow users chosen: 4
max_delay = 0.85 seconds
global epoch 2 has been done artifficialy in 0.85 secs, the total time by now is 1.72 
 with avg train loss 0.700, val loss 2.451, avg val acc 15.24%
iteration: 3
user 0, emp_avg: 0.45509983122151354, h: 0, ucb: inf, num_of_obs(calculated after picking at this round): 1, privacy reward: 0.9607894391523232, g: 0.01200036245992736, curr_delay = 0.10986600426943072
user 8, emp_avg: 0.3109258657584964, h: 2.567425506613319, ucb: 2.810317545235654, num_of_obs(calculated after picking at this round): 2, privacy reward: 0.9231163463866358, g: 0.01528454328824626, curr_delay = 0.13194015336585904
user 19, emp_avg: 0.06399594141689152, h: 0, ucb: inf, num_of_obs(calculated after picking at this round): 1, privacy reward: 0.9607894391523232, g: 0.07870410235520038, curr_delay = 0.7812995463928383
user 25, emp_avg: 0.05909161575125879, h: 2.567425506613319, ucb: 2.62486067702498, num_of_obs(calculated after picking at this round): 2, privacy reward: 0.9231163463866358, g: -0.03721256342708582, curr_delay = 0.8230715368054085
user 27, emp_avg: 0.05476354464046876, h: 0, ucb: inf, num_of_obs(calculated after picking at this round): 1, privacy reward: 0.9607894391523232, g: 0.08088490291815617, curr_delay = 0.913016137437009
num of fast users chosen: 2, num of slow users chosen: 3
max_delay = 0.91 seconds
global epoch 3 has been done artifficialy in 0.91 secs, the total time by now is 2.63 
 with avg train loss 0.594, val loss 2.510, avg val acc 9.82%
iteration: 4
user 7, emp_avg: 0.5548113016577008, h: 2.884053773201766, ucb: 3.2420968149744183, num_of_obs(calculated after picking at this round): 2, privacy reward: 0.9231163463866358, g: 0.003206383240418961, curr_delay = 0.06652655628017108
user 10, emp_avg: 0.33822565678226746, h: 0, ucb: inf, num_of_obs(calculated after picking at this round): 1, privacy reward: 0.9607894391523232, g: 0.04668484952878849, curr_delay = 0.14783029908398543
user 11, emp_avg: 0.31397288570952475, h: 2.884053773201766, ucb: 3.053050901516106, num_of_obs(calculated after picking at this round): 2, privacy reward: 0.9231163463866358, g: -0.021494282548398063, curr_delay = 0.10894465154479707
user 18, emp_avg: 0.06247260079447354, h: 2.884053773201766, ucb: 2.948493175398489, num_of_obs(calculated after picking at this round): 2, privacy reward: 0.9231163463866358, g: -0.00184985247173452, curr_delay = 0.8263670673265426
user 20, emp_avg: 0.06512438843512497, h: 2.884053773201766, ucb: 2.9514848368152435, num_of_obs(calculated after picking at this round): 2, privacy reward: 0.9231163463866358, g: 0.07804692944467165, curr_delay = 0.7959538386190721
num of fast users chosen: 3, num of slow users chosen: 2
max_delay = 0.83 seconds
global epoch 4 has been done artifficialy in 0.83 secs, the total time by now is 3.46 
 with avg train loss 0.570, val loss 2.558, avg val acc 12.14%
iteration: 5
user 2, emp_avg: 0.6982802205234279, h: 0, ucb: inf, num_of_obs(calculated after picking at this round): 1, privacy reward: 0.9607894391523232, g: 0.016121183524182632, curr_delay = 0.07160449133518378
user 8, emp_avg: 0.3111247811500546, h: 2.197342426046132, ucb: 2.5082682918046286, num_of_obs(calculated after picking at this round): 3, privacy reward: 0.8869204367171574, g: 0.0032448980091643546, curr_delay = 0.16050199274371194
user 15, emp_avg: 0.07077627431332707, h: 0, ucb: inf, num_of_obs(calculated after picking at this round): 1, privacy reward: 0.9607894391523232, g: 0.0030229919869688582, curr_delay = 0.7064514271922487
user 17, emp_avg: 0.061960388058597805, h: 3.1075114600922396, ucb: 3.1683001309093046, num_of_obs(calculated after picking at this round): 2, privacy reward: 0.9231163463866358, g: 0.0021072745326457458, curr_delay = 0.7919900621450755
user 27, emp_avg: 0.05569011964704375, h: 3.1075114600922396, ucb: 3.162275004732708, num_of_obs(calculated after picking at this round): 2, privacy reward: 0.9231163463866358, g: 0.007123817889465505, curr_delay = 0.8831317388961029
num of fast users chosen: 2, num of slow users chosen: 3
max_delay = 0.88 seconds
global epoch 5 has been done artifficialy in 0.88 secs, the total time by now is 4.34 
 with avg train loss 0.631, val loss 2.496, avg val acc 21.79%
iteration: 6
user 12, emp_avg: 0.28113732399744645, h: 0, ucb: inf, num_of_obs(calculated after picking at this round): 1, privacy reward: 0.9607894391523232, g: 0.013170465829035924, curr_delay = 0.1778490286848364
user 16, emp_avg: 0.07195324683339983, h: 0, ucb: inf, num_of_obs(calculated after picking at this round): 1, privacy reward: 0.9607894391523232, g: 0.0030229919869688582, curr_delay = 0.6948956746284116
user 19, emp_avg: 0.06502048447156981, h: 3.2788041745990766, ucb: 3.342800116015968, num_of_obs(calculated after picking at this round): 2, privacy reward: 0.9231163463866358, g: 0.012967708684534415, curr_delay = 0.7570592650616828
user 20, emp_avg: 0.06432777560862175, h: 2.3184646660417676, ucb: 2.3835890544768925, num_of_obs(calculated after picking at this round): 3, privacy reward: 0.8869204367171574, g: 0.03842990631825886, curr_delay = 0.7970089852461677
user 27, emp_avg: 0.055288186809281666, h: 2.3184646660417676, ucb: 2.374154785688811, num_of_obs(calculated after picking at this round): 3, privacy reward: 0.8869204367171574, g: -0.0023942056481161714, curr_delay = 0.9176952003724408
num of fast users chosen: 1, num of slow users chosen: 4
max_delay = 0.92 seconds
global epoch 6 has been done artifficialy in 0.92 secs, the total time by now is 5.26 
 with avg train loss 0.606, val loss 2.536, avg val acc 20.54%
iteration: 7
user 13, emp_avg: 0.274491468514227, h: 3.416937355927363, ucb: 3.7029412293221093, num_of_obs(calculated after picking at this round): 2, privacy reward: 0.9231163463866358, g: 0.0464018922109773, curr_delay = 0.1901292038580033
user 20, emp_avg: 0.06428532655551997, h: 1.9727697022487511, ucb: 2.037097477857373, num_of_obs(calculated after picking at this round): 4, privacy reward: 0.8521437889662112, g: 0.010160111180589815, curr_delay = 0.7793262891154901
user 21, emp_avg: 0.06744004800552317, h: 3.416937355927363, ucb: 3.480532464247768, num_of_obs(calculated after picking at this round): 2, privacy reward: 0.9231163463866358, g: 0.006085371863598867, curr_delay = 0.701409954884011
user 23, emp_avg: 0.06388173694882293, h: 0, ucb: inf, num_of_obs(calculated after picking at this round): 1, privacy reward: 0.9607894391523232, g: 0.04345169609204523, curr_delay = 0.7826963133462715
user 24, emp_avg: 0.060009932220198285, h: 3.416937355927363, ucb: 3.475708441044598, num_of_obs(calculated after picking at this round): 2, privacy reward: 0.9231163463866358, g: -0.007722086022078987, curr_delay = 0.8163427998489502
num of fast users chosen: 1, num of slow users chosen: 4
max_delay = 0.82 seconds
global epoch 7 has been done artifficialy in 0.82 secs, the total time by now is 6.08 
 with avg train loss 0.603, val loss 2.596, avg val acc 11.36%
iteration: 8
user 7, emp_avg: 0.43879996283039596, h: 2.497663833473093, ucb: 3.052475135130794, num_of_obs(calculated after picking at this round): 3, privacy reward: 0.8869204367171574, g: 0.003206383240418961, curr_delay = 0.24180605697329763
user 8, emp_avg: 0.3870202851047671, h: 2.039333980337618, ucb: 2.3504587614876726, num_of_obs(calculated after picking at this round): 4, privacy reward: 0.8521437889662112, g: 0.0067180983221534025, curr_delay = 0.0813395918941324
user 10, emp_avg: 0.3155695952280483, h: 3.5322300675464238, ucb: 3.870455724328691, num_of_obs(calculated after picking at this round): 2, privacy reward: 0.9231163463866358, g: 0.008293156779701374, curr_delay = 0.17069883857151166
user 15, emp_avg: 0.06835820814804794, h: 3.5322300675464238, ucb: 3.603006341859751, num_of_obs(calculated after picking at this round): 2, privacy reward: 0.9231163463866358, g: -0.004902556410547365, curr_delay = 0.7582634567736566
user 18, emp_avg: 0.06414037364838462, h: 2.497663833473093, ucb: 2.5601364342675663, num_of_obs(calculated after picking at this round): 3, privacy reward: 0.8869204367171574, g: -0.00184985247173452, curr_delay = 0.7410050945145179
num of fast users chosen: 3, num of slow users chosen: 2
max_delay = 0.76 seconds
global epoch 8 has been done artifficialy in 0.76 secs, the total time by now is 6.84 
 with avg train loss 0.552, val loss 2.574, avg val acc 8.92%
iteration: 9
user 1, emp_avg: 1.0, h: 0, ucb: inf, num_of_obs(calculated after picking at this round): 1, privacy reward: 0.9607894391523232, g: 0.029741404434256383, curr_delay = 0.05
user 7, emp_avg: 0.47562632266580207, h: 2.09629414793641, ucb: 2.535094110766806, num_of_obs(calculated after picking at this round): 4, privacy reward: 0.8521437889662112, g: -0.0007133385525385933, curr_delay = 0.08530888781217058
user 11, emp_avg: 0.29557879018564376, h: 2.567425506613319, ucb: 2.8813983923228434, num_of_obs(calculated after picking at this round): 3, privacy reward: 0.8869204367171574, g: -0.014120927189909678, curr_delay = 0.19320639994871044
user 20, emp_avg: 0.06368944449746772, h: 1.815443985917585, ucb: 1.879729312473105, num_of_obs(calculated after picking at this round): 5, privacy reward: 0.8187307530779817, g: 0.007212147087980071, curr_delay = 0.815581970647984
user 23, emp_avg: 0.05964703830583824, h: 3.63088797183517, ucb: 3.6947697087839932, num_of_obs(calculated after picking at this round): 2, privacy reward: 0.9231163463866358, g: 0.009474996387645995, curr_delay = 0.902326093866746
num of fast users chosen: 3, num of slow users chosen: 2
max_delay = 0.90 seconds
global epoch 9 has been done artifficialy in 0.90 secs, the total time by now is 7.74 
 with avg train loss 0.508, val loss 2.775, avg val acc 13.59%
iteration: 10
user 2, emp_avg: 0.5979239040682948, h: 3.7169221888498387, ucb: 4.415202409373267, num_of_obs(calculated after picking at this round): 2, privacy reward: 0.9231163463866358, g: 0.0007273389754085083, curr_delay = 0.10048886069900707
user 3, emp_avg: 1.0, h: 0, ucb: inf, num_of_obs(calculated after picking at this round): 1, privacy reward: 0.9607894391523232, g: 0.011682486192099953, curr_delay = 0.05
user 17, emp_avg: 0.06582567741254582, h: 2.628260884878466, ucb: 2.690221272937064, num_of_obs(calculated after picking at this round): 3, privacy reward: 0.8869204367171574, g: 0.0021072745326457458, curr_delay = 0.679751833999401
user 19, emp_avg: 0.06504691024228566, h: 2.628260884878466, ucb: 2.6932813693500357, num_of_obs(calculated after picking at this round): 3, privacy reward: 0.8869204367171574, g: 0.006487096617067885, curr_delay = 0.7680519656295562
user 20, emp_avg: 0.0641418887052525, h: 1.66225813626911, ucb: 1.7259475807665776, num_of_obs(calculated after picking at this round): 6, privacy reward: 0.7866278610665532, g: 0.0008625267320999335, curr_delay = 0.752965444347139
num of fast users chosen: 2, num of slow users chosen: 3
max_delay = 0.77 seconds
global epoch 10 has been done artifficialy in 0.77 secs, the total time by now is 8.51 
 with avg train loss 0.500, val loss 2.539, avg val acc 13.51%
iteration: 11
user 2, emp_avg: 0.53306074227515, h: 2.6821047366564774, ucb: 3.280028640724772, num_of_obs(calculated after picking at this round): 3, privacy reward: 0.8869204367171574, g: -0.0030084083115354647, curr_delay = 0.12396660855906497
user 10, emp_avg: 0.34745678015674475, h: 2.6821047366564774, ucb: 2.9976743318845256, num_of_obs(calculated after picking at this round): 3, privacy reward: 0.8869204367171574, g: 0.0011729658606948333, curr_delay = 0.12158612011342299
user 12, emp_avg: 0.2528669608789101, h: 3.793068894284709, ucb: 4.074206218282155, num_of_obs(calculated after picking at this round): 2, privacy reward: 0.9231163463866358, g: 0.0005689922800591745, curr_delay = 0.22262135980058756
user 13, emp_avg: 0.30286374847837716, h: 2.6821047366564774, ucb: 2.9565962051707046, num_of_obs(calculated after picking at this round): 3, privacy reward: 0.8869204367171574, g: 0.031134583254259152, curr_delay = 0.13904016907044178
user 20, emp_avg: 0.06330031935609234, h: 1.5485138917033876, ucb: 1.61265578040864, num_of_obs(calculated after picking at this round): 7, privacy reward: 0.7557837414557252, g: -0.00025875103229350575, curr_delay = 0.8583557885077993
num of fast users chosen: 4, num of slow users chosen: 1
max_delay = 0.86 seconds
global epoch 11 has been done artifficialy in 0.86 secs, the total time by now is 9.36 
 with avg train loss 0.493, val loss 2.786, avg val acc 11.35%
iteration: 12
user 10, emp_avg: 0.3303801435626364, h: 2.2293078072747154, ucb: 2.57676458743146, num_of_obs(calculated after picking at this round): 4, privacy reward: 0.8521437889662112, g: -0.0011514640306142575, curr_delay = 0.17911502105117183
user 11, emp_avg: 0.3209064501106397, h: 2.2293078072747154, ucb: 2.5248865974603594, num_of_obs(calculated after picking at this round): 4, privacy reward: 0.8521437889662112, g: -0.021494282548398063, curr_delay = 0.12597967150298922
user 20, emp_avg: 0.06355318102088678, h: 1.4594245391703442, ucb: 1.5227248585264366, num_of_obs(calculated after picking at this round): 8, privacy reward: 0.7261490370736907, g: -0.002912170272353812, curr_delay = 0.765424692891111
user 23, emp_avg: 0.0608689533707694, h: 2.730333303712937, ucb: 2.789980342018775, num_of_obs(calculated after picking at this round): 3, privacy reward: 0.8869204367171574, g: 0.0017459057947056369, curr_delay = 0.7897299287039106
user 27, emp_avg: 0.05543748255149865, h: 2.2293078072747154, ucb: 2.2845959940839973, num_of_obs(calculated after picking at this round): 4, privacy reward: 0.8521437889662112, g: 0.0011835466322928402, curr_delay = 0.8946885418936479
num of fast users chosen: 2, num of slow users chosen: 3
max_delay = 0.89 seconds
global epoch 12 has been done artifficialy in 0.89 secs, the total time by now is 10.26 
 with avg train loss 0.463, val loss 2.701, avg val acc 19.18%
iteration: 13
user 2, emp_avg: 0.4920553561844809, h: 2.2649279712439143, ucb: 2.7979887135190644, num_of_obs(calculated after picking at this round): 4, privacy reward: 0.8521437889662112, g: -0.010774441666064833, curr_delay = 0.13548696258509285
user 8, emp_avg: 0.36014797344795996, h: 1.9614851608391803, ucb: 2.3485054459439474, num_of_obs(calculated after picking at this round): 5, privacy reward: 0.8187307530779817, g: 0.022282039993218577, curr_delay = 0.1978954007611874
user 9, emp_avg: 0.32271496426687857, h: 0, ucb: inf, num_of_obs(calculated after picking at this round): 1, privacy reward: 0.9607894391523232, g: 0.004361372547578988, curr_delay = 0.15493548653247774
user 13, emp_avg: 0.30872043609320193, h: 2.2649279712439143, ucb: 2.5677917197222913, num_of_obs(calculated after picking at this round): 4, privacy reward: 0.8521437889662112, g: 0.016255968612027844, curr_delay = 0.15323768287090195
user 17, emp_avg: 0.06641139170706968, h: 2.2649279712439143, ucb: 2.33075364865646, num_of_obs(calculated after picking at this round): 4, privacy reward: 0.8521437889662112, g: 0.00022909332618718432, curr_delay = 0.7334762335768976
num of fast users chosen: 4, num of slow users chosen: 1
max_delay = 0.73 seconds
global epoch 13 has been done artifficialy in 0.73 secs, the total time by now is 10.99 
 with avg train loss 0.509, val loss 2.493, avg val acc 18.62%
iteration: 14
user 3, emp_avg: 1.0, h: 3.979239120446464, ucb: 4.979239120446464, num_of_obs(calculated after picking at this round): 2, privacy reward: 0.9231163463866358, g: 0.001343734102844845, curr_delay = 0.05
user 8, emp_avg: 0.4268093947195044, h: 1.7795698344089534, ucb: 2.1397178078569135, num_of_obs(calculated after picking at this round): 6, privacy reward: 0.7866278610665532, g: 0.009964261811023126, curr_delay = 0.06577939030285579
user 17, emp_avg: 0.06521796086538958, h: 1.989619560223232, ucb: 2.056030951930302, num_of_obs(calculated after picking at this round): 5, privacy reward: 0.8187307530779817, g: -0.0015847744528016032, curr_delay = 0.8272087144965775
user 19, emp_avg: 0.06388221187636715, h: 2.2974147773596556, ucb: 2.3624616876019413, num_of_obs(calculated after picking at this round): 4, privacy reward: 0.8521437889662112, g: 0.004389963554140057, curr_delay = 0.8279774675422417
user 23, emp_avg: 0.06271686130544349, h: 2.2974147773596556, ucb: 2.358283730730425, num_of_obs(calculated after picking at this round): 4, privacy reward: 0.8521437889662112, g: -3.404734240452763e-05, curr_delay = 0.7324871288433543
num of fast users chosen: 2, num of slow users chosen: 3
max_delay = 0.83 seconds
global epoch 14 has been done artifficialy in 0.83 secs, the total time by now is 11.82 
 with avg train loss 0.427, val loss 2.555, avg val acc 11.35%
iteration: 15
user 2, emp_avg: 0.5638813538528267, h: 2.0154590796275955, ucb: 2.5075144358120762, num_of_obs(calculated after picking at this round): 5, privacy reward: 0.8187307530779817, g: -0.019515375838562745, curr_delay = 0.05874161288318613
user 8, emp_avg: 0.41435420561001557, h: 1.6456154475156735, ucb: 2.072424842235178, num_of_obs(calculated after picking at this round): 7, privacy reward: 0.7557837414557252, g: 0.0032448980091643546, curr_delay = 0.14722203606393783
user 11, emp_avg: 0.381098240637569, h: 2.0154590796275955, ucb: 2.3363655297382353, num_of_obs(calculated after picking at this round): 5, privacy reward: 0.8187307530779817, g: -0.02665903650423183, curr_delay = 0.08040325089524208
user 21, emp_avg: 0.06631628120327505, h: 2.8502895648173414, ucb: 2.9177296128228645, num_of_obs(calculated after picking at this round): 3, privacy reward: 0.8869204367171574, g: 0.007661956592430409, curr_delay = 0.780411696403334
user 27, emp_avg: 0.05539141319201787, h: 2.0154590796275955, ucb: 2.0708965621790942, num_of_obs(calculated after picking at this round): 5, privacy reward: 0.8187307530779817, g: 0.0003145673243463958, curr_delay = 0.9056800233707372
num of fast users chosen: 3, num of slow users chosen: 2
max_delay = 0.91 seconds
global epoch 15 has been done artifficialy in 0.91 secs, the total time by now is 12.73 
 with avg train loss 0.436, val loss 2.641, avg val acc 18.04%
