Namespace(full_exp=True, data='cifar10', i_i_d=False, wandb=True, method_choosing_users='fraboni', model='cnn3', num_users=30, num_users_per_round=5, global_epochs=10, max_seconds=600, epsilon_bar=100, epsilon_sum_deascent_coeff=0.04, delta_f=0.012, accel_ucb_coeff=1, alpha=20, beta=2, gamma=40, alternative_privacy_reward=False, choosing_users_verbose=True, sa_pause_verbose=False, snr_verbose=True, dirichlet_coeff=3, label_dominance=0.25, bar_plot_interval=30, max_iterations_sa_pause=500, sa_pause_simulation=False, max_time_sa_pause=600, pre_sa_pause_rounds=1, beta_max_reduction=70, data_truncation=None, tau_min=0.05, production=False, privacy_noise='laplace', privacy=True, save_best_model=False, seed=1, norm_mean=0.5, norm_std=0.5, train_batch_size=20, test_batch_size=1000, local_epochs=1, local_iterations=100, lr=0.01, momentum=0.5, lr_scheduler=False, optimizer='adam', device=device(type='cuda'), exp_path=PosixPath('/sise/home/oripele/PAUSE/checkpoints/pause brute/cnn3/16-02-2025_16-55-28'))
=================================================================
Layer (type:depth-idx)                   Param #
=================================================================
CNN3LayerCifar                           --
├─Conv2d: 1-1                            896
├─BatchNorm2d: 1-2                       64
├─Conv2d: 1-3                            18,496
├─BatchNorm2d: 1-4                       128
├─Conv2d: 1-5                            73,856
├─BatchNorm2d: 1-6                       256
├─MaxPool2d: 1-7                         --
├─Linear: 1-8                            65,664
├─BatchNorm1d: 1-9                       256
├─Linear: 1-10                           8,256
├─BatchNorm1d: 1-11                      128
├─Linear: 1-12                           2,080
├─BatchNorm1d: 1-13                      64
├─Linear: 1-14                           330
├─Dropout: 1-15                          --
├─Dropout: 1-16                          --
├─Dropout: 1-17                          --
=================================================================
Total params: 170,474
Trainable params: 170,474
Non-trainable params: 0
=================================================================
fraboni distributions: [[0.38965017 0.         0.         0.         0.41170584 0.
  0.19864398 0.         0.         0.         0.         0.
  0.         0.         0.         0.         0.         0.
  0.         0.         0.         0.         0.         0.
  0.         0.         0.         0.         0.         0.        ]
 [0.         0.         0.         0.         0.         0.
  0.16282394 0.         0.30775829 0.         0.         0.
  0.         0.3100047  0.21941307 0.         0.         0.
  0.         0.         0.         0.         0.         0.
  0.         0.         0.         0.         0.         0.        ]
 [0.         0.         0.         0.         0.         0.
  0.         0.         0.         0.         0.         0.
  0.         0.         0.05393428 0.         0.         0.22433476
  0.         0.         0.         0.18992383 0.         0.
  0.14287173 0.         0.17317785 0.21575755 0.         0.        ]
 [0.         0.11038046 0.11660914 0.         0.         0.
  0.         0.         0.         0.         0.14826312 0.
  0.         0.         0.         0.03845447 0.13866482 0.
  0.         0.         0.         0.         0.1459146  0.
  0.02744706 0.10803194 0.         0.         0.1662344  0.        ]
 [0.         0.         0.         0.07842016 0.         0.09925052
  0.         0.05636449 0.         0.07617375 0.         0.09077542
  0.07617375 0.         0.         0.06590153 0.         0.
  0.10425389 0.09312394 0.07586742 0.         0.         0.09067331
  0.         0.         0.         0.         0.         0.09302183]]
iteration: 1
user 4, emp_avg: 0.6085645992883789, h: 0, ucb: inf,num_of_obs: 0, privacy reward: 0.9607894391523232, g: 0.16950170092187797, curr_delay = 0.08216054640455127, data_size = 4032
user 7, emp_avg: 0.5521958248464605, h: 0, ucb: inf,num_of_obs: 0, privacy reward: 0.9607894391523232, g: 0.0031769557747900177, curr_delay = 0.09054758792119197, data_size = 552
user 13, emp_avg: 0.3045531481474901, h: 0, ucb: inf,num_of_obs: 0, privacy reward: 0.9607894391523232, g: 0.09610291218739803, curr_delay = 0.16417495699563683, data_size = 3036
user 14, emp_avg: 0.2789377394658532, h: 0, ucb: inf,num_of_obs: 0, privacy reward: 0.9607894391523232, g: 0.0747187772415038, curr_delay = 0.17925147058173843, data_size = 2677
user 15, emp_avg: 0.06978498845310437, h: 0, ucb: inf,num_of_obs: 0, privacy reward: 0.9607894391523232, g: 0.010890173661900654, curr_delay = 0.7164864694876333, data_size = 1022
num of fast users chosen: 4, num of slow users chosen: 1
max_delay = 0.72 seconds
after cleansing the weights updates who were almost zeros (meaning with absolute value of less than 10**-7, 0.00% of the weights upadtes) we get:
user No.4.0 has been picked 1, his deltas theta's mean
 is -0.0009994421852752566,
the empirical var of deltas thetas is 0.00420238496735692
the minimum of the deltas theta is -0.27548086643218994 and the maximum is 0.30743128061294556
the added laplace noise var is 0.003060399989333737
global epoch 1 has been done artifficialy in 0.72 secs, the total time by now is 0.72 
 with avg train loss 2.039, val loss 2.337, avg val acc 10.00%
iteration: 2
user 0, emp_avg: 1.0, h: 0, ucb: inf,num_of_obs: 0, privacy reward: 0.9607894391523232, g: 0.15182725698008778, curr_delay = 0.05, data_size = 3816
user 13, emp_avg: 0.2615068221346091, h: 2.039333980337618, ucb: 2.343887128485108,num_of_obs: 1, privacy reward: 0.9231163463866358, g: -0.036098215146533774, curr_delay = 0.22887433145871633, data_size = 3036
user 14, emp_avg: 0.2689221986814412, h: 2.039333980337618, ucb: 2.3182717198034712,num_of_obs: 1, privacy reward: 0.9231163463866358, g: -0.05137142085863369, curr_delay = 0.1931197923071013, data_size = 2677
user 15, emp_avg: 0.06687694673773342, h: 2.039333980337618, ucb: 2.1091189687907224,num_of_obs: 1, privacy reward: 0.9231163463866358, g: -0.15653417880822368, curr_delay = 0.7816297618744735, data_size = 1022
user 28, emp_avg: 0.05186892614829506, h: 0, ucb: inf,num_of_obs: 0, privacy reward: 0.9607894391523232, g: 0.02763387666132071, curr_delay = 0.963968289165044, data_size = 1628
num of fast users chosen: 3, num of slow users chosen: 2
max_delay = 0.96 seconds
after cleansing the weights updates who were almost zeros (meaning with absolute value of less than 10**-7, 0.00% of the weights upadtes) we get:
user No.0.0 has been picked 1, his deltas theta's mean
 is -0.0009604396764189005,
the empirical var of deltas thetas is 0.004407308995723724
the minimum of the deltas theta is -0.30642491579055786 and the maximum is 0.3501134514808655
the added laplace noise var is 0.003060399989333737
global epoch 2 has been done artifficialy in 0.96 secs, the total time by now is 1.68 
 with avg train loss 1.927, val loss 2.347, avg val acc 10.00%
iteration: 3
user 0, emp_avg: 0.7906576275212744, h: 2.567425506613319, ucb: 3.567425506613319,num_of_obs: 1, privacy reward: 0.9231163463866358, g: 0.0031715863810675765, curr_delay = 0.08601184910645479, data_size = 3816
user 3, emp_avg: 0.8468915805110565, h: 0, ucb: inf,num_of_obs: 0, privacy reward: 0.9607894391523232, g: 0.0061497215753969344, curr_delay = 0.0590394345045059, data_size = 768
user 13, emp_avg: 0.2616024717738967, h: 1.815443985917585, ucb: 2.076950808052194,num_of_obs: 2, privacy reward: 0.8869204367171574, g: -0.12720776057735678, curr_delay = 0.19099002928522069, data_size = 3036
user 16, emp_avg: 0.0682832595755608, h: 0, ucb: inf,num_of_obs: 0, privacy reward: 0.9607894391523232, g: 0.01922793094104396, curr_delay = 0.7322438956604154, data_size = 1358
user 21, emp_avg: 0.06591756765277913, h: 0, ucb: inf,num_of_obs: 0, privacy reward: 0.9607894391523232, g: 0.03607105977756624, curr_delay = 0.7585231339750742, data_size = 1860
num of fast users chosen: 3, num of slow users chosen: 2
max_delay = 0.76 seconds
after cleansing the weights updates who were almost zeros (meaning with absolute value of less than 10**-7, 0.00% of the weights upadtes) we get:
user No.0.0 has been picked 2, his deltas theta's mean
 is -0.0024339330848306417,
the empirical var of deltas thetas is 0.005087434779852629
the minimum of the deltas theta is -0.31166502833366394 and the maximum is 0.30744096636772156
the added laplace noise var is 0.0031852972822368235
global epoch 3 has been done artifficialy in 0.76 secs, the total time by now is 2.44 
 with avg train loss 1.929, val loss 2.347, avg val acc 10.00%
iteration: 4
user 1, emp_avg: 0.5899780070107897, h: 0, ucb: inf,num_of_obs: 0, privacy reward: 0.9607894391523232, g: 0.012183846018248524, curr_delay = 0.0847489218341076, data_size = 1081
user 4, emp_avg: 0.6852664313434745, h: 2.884053773201766, ucb: 3.4926183724901447,num_of_obs: 1, privacy reward: 0.9231163463866358, g: 0.026148779566679586, curr_delay = 0.06561953089356691, data_size = 4032
user 9, emp_avg: 1.0, h: 0, ucb: inf,num_of_obs: 0, privacy reward: 0.9607894391523232, g: 0.005802440138505047, curr_delay = 0.05, data_size = 746
user 14, emp_avg: 0.24118897195296896, h: 2.039333980337618, ucb: 2.308256179019059,num_of_obs: 2, privacy reward: 0.8869204367171574, g: -0.05137142085863369, curr_delay = 0.26921883466204605, data_size = 2677
user 27, emp_avg: 0.05814002728545764, h: 0, ucb: inf,num_of_obs: 0, privacy reward: 0.9607894391523232, g: 0.04655132081513027, curr_delay = 0.8599927164551973, data_size = 2113
num of fast users chosen: 4, num of slow users chosen: 1
max_delay = 0.86 seconds
after cleansing the weights updates who were almost zeros (meaning with absolute value of less than 10**-7, 0.00% of the weights upadtes) we get:
user No.1.0 has been picked 1, his deltas theta's mean
 is -0.0001673269143793732,
the empirical var of deltas thetas is 0.003970746416598558
the minimum of the deltas theta is -0.22163313627243042 and the maximum is 0.2449996918439865
the added laplace noise var is 0.003060399989333737
global epoch 4 has been done artifficialy in 0.86 secs, the total time by now is 3.30 
 with avg train loss 1.925, val loss 2.343, avg val acc 10.00%
iteration: 5
user 6, emp_avg: 0.5890270191520857, h: 0, ucb: inf,num_of_obs: 0, privacy reward: 0.9607894391523232, g: 0.13065906252414997, curr_delay = 0.08488574950598335, data_size = 3540
user 8, emp_avg: 0.3406039704337274, h: 0, ucb: inf,num_of_obs: 0, privacy reward: 0.9607894391523232, g: 0.09471516272029372, curr_delay = 0.14679805386980563, data_size = 3014
user 15, emp_avg: 0.06889850491450088, h: 2.197342426046132, ucb: 2.2642193727838653,num_of_obs: 2, privacy reward: 0.8869204367171574, g: -0.0874053777789591, curr_delay = 0.6854796908923498, data_size = 1022
user 18, emp_avg: 0.0711961479346637, h: 0, ucb: inf,num_of_obs: 0, privacy reward: 0.9607894391523232, g: 0.010868872593821811, curr_delay = 0.7022851860733353, data_size = 1021
user 26, emp_avg: 0.06238190004683173, h: 0, ucb: inf,num_of_obs: 0, privacy reward: 0.9607894391523232, g: 0.02999056928001734, curr_delay = 0.8015145412766154, data_size = 1696
num of fast users chosen: 2, num of slow users chosen: 3
max_delay = 0.80 seconds
after cleansing the weights updates who were almost zeros (meaning with absolute value of less than 10**-7, 0.00% of the weights upadtes) we get:
user No.6.0 has been picked 1, his deltas theta's mean
 is -0.0016889326507225633,
the empirical var of deltas thetas is 0.004710701759904623
the minimum of the deltas theta is -0.32208043336868286 and the maximum is 0.4088209569454193
the added laplace noise var is 0.003060399989333737
global epoch 5 has been done artifficialy in 0.80 secs, the total time by now is 4.10 
 with avg train loss 1.899, val loss 2.335, avg val acc 10.00%
iteration: 6
user 2, emp_avg: 0.6362198909350424, h: 0, ucb: inf,num_of_obs: 0, privacy reward: 0.9607894391523232, g: 0.013597692682318736, curr_delay = 0.07858918074145055, data_size = 1142
user 6, emp_avg: 0.4684763104467803, h: 3.2788041745990766, ucb: 3.8678311937511625,num_of_obs: 1, privacy reward: 0.9231163463866358, g: 0.03794753117537311, curr_delay = 0.14370888416872626, data_size = 3540
user 8, emp_avg: 0.44038807149347226, h: 3.2788041745990766, ucb: 3.619408145032804,num_of_obs: 1, privacy reward: 0.9231163463866358, g: 0.019906845100490816, curr_delay = 0.09256307995961058, data_size = 3014
user 17, emp_avg: 0.06403122096649258, h: 0, ucb: inf,num_of_obs: 0, privacy reward: 0.9607894391523232, g: 0.050326082776591154, curr_delay = 0.7808690705142872, data_size = 2197
user 19, emp_avg: 0.0674104928552712, h: 0, ucb: inf,num_of_obs: 0, privacy reward: 0.9607894391523232, g: 0.008672068315305833, curr_delay = 0.7417242907176019, data_size = 912
num of fast users chosen: 3, num of slow users chosen: 2
max_delay = 0.78 seconds
after cleansing the weights updates who were almost zeros (meaning with absolute value of less than 10**-7, 0.00% of the weights upadtes) we get:
user No.2.0 has been picked 1, his deltas theta's mean
 is 4.027016257168725e-05,
the empirical var of deltas thetas is 0.004074592608958483
the minimum of the deltas theta is -0.2678550183773041 and the maximum is 0.24936890602111816
the added laplace noise var is 0.003060399989333737
global epoch 6 has been done artifficialy in 0.78 secs, the total time by now is 4.88 
 with avg train loss 1.894, val loss 2.331, avg val acc 10.00%
iteration: 7
user 4, emp_avg: 0.5486941464798053, h: 2.4161395752658703, ucb: 3.101406006609345,num_of_obs: 2, privacy reward: 0.8869204367171574, g: 0.01587387243430431, curr_delay = 0.18145554999315514, data_size = 4032
user 14, emp_avg: 0.2280543634873001, h: 1.9727697022487511, ucb: 2.21395867420172,num_of_obs: 3, privacy reward: 0.8521437889662112, g: -0.024094512586798802, curr_delay = 0.2650403253876147, data_size = 2677
user 16, emp_avg: 0.0682091285825023, h: 3.416937355927363, ucb: 3.4852206155029237,num_of_obs: 1, privacy reward: 0.9231163463866358, g: -1.75756121948322e-05, curr_delay = 0.7338372608638138, data_size = 1358
user 23, emp_avg: 0.062244876697949245, h: 0, ucb: inf,num_of_obs: 0, privacy reward: 0.9607894391523232, g: 0.008221649254607813, curr_delay = 0.8032789629037426, data_size = 888
user 24, emp_avg: 0.060116717837872743, h: 0, ucb: inf,num_of_obs: 0, privacy reward: 0.9607894391523232, g: 0.029008488905821323, curr_delay = 0.8317153996138601, data_size = 1668
num of fast users chosen: 2, num of slow users chosen: 3
max_delay = 0.83 seconds
after cleansing the weights updates who were almost zeros (meaning with absolute value of less than 10**-7, 0.00% of the weights upadtes) we get:
user No.4.0 has been picked 3, his deltas theta's mean
 is -0.0001176286386908032,
the empirical var of deltas thetas is 0.002424656180664897
the minimum of the deltas theta is -0.2932972311973572 and the maximum is 0.38447919487953186
the added laplace noise var is 0.0033152917303578187
global epoch 7 has been done artifficialy in 0.83 secs, the total time by now is 5.71 
 with avg train loss 1.908, val loss 2.328, avg val acc 10.00%
iteration: 8
user 1, emp_avg: 0.519438020556557, h: 3.5322300675464238, ucb: 4.122208074557213,num_of_obs: 1, privacy reward: 0.9231163463866358, g: -0.0002137309407473478, curr_delay = 0.11138386939026501, data_size = 1081
user 6, emp_avg: 0.4112444735741532, h: 2.497663833473093, ucb: 2.966140143919873,num_of_obs: 2, privacy reward: 0.8869204367171574, g: 0.01242509883431802, curr_delay = 0.16847451057759172, data_size = 3540
user 15, emp_avg: 0.07027197511333719, h: 2.039333980337618, ucb: 2.1082324852521186,num_of_obs: 3, privacy reward: 0.8521437889662112, g: -0.07324817752164292, curr_delay = 0.6721117964278744, data_size = 1022
user 17, emp_avg: 0.07415231585750368, h: 3.5322300675464238, ucb: 3.5962612885129164,num_of_obs: 1, privacy reward: 0.9231163463866358, g: 0.009867393761540198, curr_delay = 0.5933069464722145, data_size = 2197
num of fast users chosen: 2, num of slow users chosen: 2
max_delay = 0.67 seconds
after cleansing the weights updates who were almost zeros (meaning with absolute value of less than 10**-7, 0.00% of the weights upadtes) we get:
user No.1.0 has been picked 2, his deltas theta's mean
 is -0.0015982671175152063,
the empirical var of deltas thetas is 0.0028808549977838993
the minimum of the deltas theta is -0.3025577664375305 and the maximum is 0.28006860613822937
the added laplace noise var is 0.0031852972822368235
global epoch 8 has been done artifficialy in 0.67 secs, the total time by now is 6.39 
 with avg train loss 1.853, val loss 2.317, avg val acc 10.00%
iteration: 9
user 6, emp_avg: 0.3747805114932898, h: 2.09629414793641, ucb: 2.5075386215105633,num_of_obs: 3, privacy reward: 0.8521437889662112, g: 0.0007915553821518192, curr_delay = 0.1884029504006341, data_size = 3540
user 8, emp_avg: 0.46663040182167653, h: 2.567425506613319, ucb: 3.0078135781067914,num_of_obs: 2, privacy reward: 0.8869204367171574, g: 0.00731641823956886, curr_delay = 0.0963177599997126, data_size = 3014
user 16, emp_avg: 0.0686166276763865, h: 2.567425506613319, ucb: 2.6356346351958213,num_of_obs: 2, privacy reward: 0.8869204367171574, g: -0.006981840288407397, curr_delay = 0.7201329275772184, data_size = 1358
user 20, emp_avg: 0.07059683867483434, h: 0, ucb: inf,num_of_obs: 0, privacy reward: 0.9607894391523232, g: 0.005755865556464814, curr_delay = 0.7082470113187024, data_size = 743
user 24, emp_avg: 0.05853744486022282, h: 3.63088797183517, ucb: 3.6910046896730426,num_of_obs: 1, privacy reward: 0.9231163463866358, g: 0.0035055487801080414, curr_delay = 0.8778371627355226, data_size = 1668
num of fast users chosen: 2, num of slow users chosen: 3
max_delay = 0.88 seconds
after cleansing the weights updates who were almost zeros (meaning with absolute value of less than 10**-7, 0.00% of the weights upadtes) we get:
user No.6.0 has been picked 4, his deltas theta's mean
 is -0.001524855848401785,
the empirical var of deltas thetas is 0.005312803201377392
the minimum of the deltas theta is -0.4038209021091461 and the maximum is 0.40535062551498413
the added laplace noise var is 0.0034505913525473436
global epoch 9 has been done artifficialy in 0.88 secs, the total time by now is 7.26 
 with avg train loss 1.887, val loss 2.315, avg val acc 10.00%
iteration: 10
user 4, emp_avg: 0.5149233331598426, h: 2.145966026289347, ucb: 2.6946601727691526,num_of_obs: 3, privacy reward: 0.8521437889662112, g: 0.01247819529563991, curr_delay = 0.12088656469651572, data_size = 4032
user 6, emp_avg: 0.4651024829697973, h: 1.8584610944249194, ucb: 2.233241605918209,num_of_obs: 4, privacy reward: 0.8187307530779817, g: -0.0014847206204188584, curr_delay = 0.06050409332337338, data_size = 3540
user 7, emp_avg: 0.49178729366185303, h: 3.7169221888498387, ucb: 4.269118013696299,num_of_obs: 1, privacy reward: 0.9231163463866358, g: -0.0019040577005767722, curr_delay = 0.1159074213873415, data_size = 552
user 10, emp_avg: 0.4749474767462603, h: 0, ucb: inf,num_of_obs: 0, privacy reward: 0.9607894391523232, g: 0.02198195155893225, curr_delay = 0.10527479868413407, data_size = 1452
user 24, emp_avg: 0.05958406041909792, h: 2.628260884878466, ucb: 2.686798329738689,num_of_obs: 2, privacy reward: 0.8869204367171574, g: -0.0008809744573151922, curr_delay = 0.8106711360716656, data_size = 1668
num of fast users chosen: 4, num of slow users chosen: 1
max_delay = 0.81 seconds
after cleansing the weights updates who were almost zeros (meaning with absolute value of less than 10**-7, 0.00% of the weights upadtes) we get:
user No.4.0 has been picked 4, his deltas theta's mean
 is 0.0007398282759822905,
the empirical var of deltas thetas is 0.0022247224114835262
the minimum of the deltas theta is -0.2918546199798584 and the maximum is 0.31492558121681213
the added laplace noise var is 0.0034505913525473436
global epoch 10 has been done artifficialy in 0.81 secs, the total time by now is 8.07 
 with avg train loss 1.860, val loss 2.306, avg val acc 11.38%
