Namespace(full_exp=True, data='cifar10', i_i_d=False, wandb=True, method_choosing_users='sa_pause', model='cnn3', num_users=30, num_users_per_round=5, global_epochs=10, max_seconds=600, epsilon_bar=100, epsilon_sum_deascent_coeff=0.04, delta_f=0.012, accel_ucb_coeff=1, alpha=20, beta=2, gamma=40, alternative_privacy_reward=False, choosing_users_verbose=True, sa_pause_verbose=False, snr_verbose=True, dirichlet_coeff=3, label_dominance=0.25, bar_plot_interval=30, max_iterations_sa_pause=500, sa_pause_simulation=False, max_time_sa_pause=600, pre_sa_pause_rounds=1, beta_max_reduction=70, data_truncation=None, tau_min=0.05, production=False, privacy_noise='laplace', privacy=True, save_best_model=False, seed=1, norm_mean=0.5, norm_std=0.5, train_batch_size=20, test_batch_size=1000, local_epochs=1, local_iterations=100, lr=0.01, momentum=0.5, lr_scheduler=False, optimizer='adam', device=device(type='cuda'))
=================================================================
Layer (type:depth-idx)                   Param #
=================================================================
CNN3LayerCifar                           --
├─Conv2d: 1-1                            896
├─BatchNorm2d: 1-2                       64
├─Conv2d: 1-3                            18,496
├─BatchNorm2d: 1-4                       128
├─Conv2d: 1-5                            73,856
├─BatchNorm2d: 1-6                       256
├─MaxPool2d: 1-7                         --
├─Linear: 1-8                            65,664
├─BatchNorm1d: 1-9                       256
├─Linear: 1-10                           8,256
├─BatchNorm1d: 1-11                      128
├─Linear: 1-12                           2,080
├─BatchNorm1d: 1-13                      64
├─Linear: 1-14                           330
├─Dropout: 1-15                          --
├─Dropout: 1-16                          --
├─Dropout: 1-17                          --
=================================================================
Total params: 170,474
Trainable params: 170,474
Non-trainable params: 0
=================================================================
iteration: 1
user 5, emp_avg: 0.6649838086183587, h: 0, ucb: inf,num_of_obs: 0, privacy reward: 0.9607894391523232, g: 0.009919013769740912, curr_delay = 0.07518980064174094, data_size = 972
user 9, emp_avg: 0.30349212270018394, h: 0, ucb: inf,num_of_obs: 0, privacy reward: 0.9607894391523232, g: 0.005842700413090329, curr_delay = 0.1647489218341076, data_size = 746
user 13, emp_avg: 0.20895018035283908, h: 0, ucb: inf,num_of_obs: 0, privacy reward: 0.9607894391523232, g: 0.09676972296713092, curr_delay = 0.2392914900363743, data_size = 3036
user 20, emp_avg: 0.062022799753752654, h: 0, ucb: inf,num_of_obs: 0, privacy reward: 0.9607894391523232, g: 0.005795802672961968, curr_delay = 0.8061551590465695, data_size = 743
user 23, emp_avg: 0.06442487816673012, h: 0, ucb: inf,num_of_obs: 0, privacy reward: 0.9607894391523232, g: 0.00827869522985844, curr_delay = 0.7760977036014122, data_size = 888
num of fast users chosen: 3, num of slow users chosen: 2
max_delay = 0.81 seconds
after cleansing the weights updates who were almost zeros (meaning with absolute value of less than 10**-7, 0.00% of the weights upadtes) we get:
user No.9 has been picked 1, his deltas theta's mean
 is -0.001229953020811081,
the empirical var of deltas thetas is 0.003531628055498004
the minimum of the deltas theta is -0.2070828080177307 and the maximum is 0.2431616485118866
the added laplace noise var is 0.003060399989333737
global epoch 1 has been done artifficialy in 0.81 secs, the total time by now is 0.81 
 with avg train loss 2.062, val loss 2.342, avg val acc 10.00%
iteration: 2
user 7, emp_avg: 0.7912093878698709, h: 0, ucb: inf,num_of_obs: 0, privacy reward: 0.9607894391523232, g: 0.003198999106351436, curr_delay = 0.06319439678870876, data_size = 552
user 12, emp_avg: 0.23081052983231834, h: 0, ucb: inf,num_of_obs: 0, privacy reward: 0.9607894391523232, g: 0.005842700413090329, curr_delay = 0.21662789837328708, data_size = 746
user 15, emp_avg: 0.07554965182321732, h: 0, ucb: inf,num_of_obs: 0, privacy reward: 0.9607894391523232, g: 0.01096573521384154, curr_delay = 0.6618164186513749, data_size = 1022
user 26, emp_avg: 0.05657971861065224, h: 0, ucb: inf,num_of_obs: 0, privacy reward: 0.9607894391523232, g: 0.03174937111589809, curr_delay = 0.8837088841687263, data_size = 1739
user 29, emp_avg: 0.058646686884879784, h: 0, ucb: inf,num_of_obs: 0, privacy reward: 0.9607894391523232, g: 0.007496341816689588, curr_delay = 0.8525630799596104, data_size = 845
num of fast users chosen: 2, num of slow users chosen: 3
max_delay = 0.88 seconds
after cleansing the weights updates who were almost zeros (meaning with absolute value of less than 10**-7, 0.00% of the weights upadtes) we get:
user No.7 has been picked 1, his deltas theta's mean
 is 0.0009772350313141942,
the empirical var of deltas thetas is 0.003197610378265381
the minimum of the deltas theta is -0.20153239369392395 and the maximum is 0.18180197477340698
the added laplace noise var is 0.003060399989333737
global epoch 2 has been done artifficialy in 0.88 secs, the total time by now is 1.69 
 with avg train loss 1.964, val loss 2.342, avg val acc 10.00%
iteration: 3
user 3, emp_avg: 0.3620970181586306, h: 0, ucb: inf,num_of_obs: 0, privacy reward: 0.9607894391523232, g: 0.0061923914648466345, curr_delay = 0.13808453948133748, data_size = 768
user 14, emp_avg: 0.19837230186923605, h: 0, ucb: inf,num_of_obs: 0, privacy reward: 0.9607894391523232, g: 0.07523721403992197, curr_delay = 0.25205131729004804, data_size = 2677
user 22, emp_avg: 0.06483859724509625, h: 0, ucb: inf,num_of_obs: 0, privacy reward: 0.9607894391523232, g: 0.02143879743663684, curr_delay = 0.7711456157972558, data_size = 1429
user 27, emp_avg: 0.056532610196166004, h: 0, ucb: inf,num_of_obs: 0, privacy reward: 0.9607894391523232, g: 0.04326413639914025, curr_delay = 0.8844452755056225, data_size = 2030
user 28, emp_avg: 0.05742732813196469, h: 0, ucb: inf,num_of_obs: 0, privacy reward: 0.9607894391523232, g: 0.025713704402481087, curr_delay = 0.8706656155951202, data_size = 1565
num of fast users chosen: 2, num of slow users chosen: 3
max_delay = 0.88 seconds
after cleansing the weights updates who were almost zeros (meaning with absolute value of less than 10**-7, 0.00% of the weights upadtes) we get:
user No.3 has been picked 1, his deltas theta's mean
 is -0.0010686988243833184,
the empirical var of deltas thetas is 0.0036620143800973892
the minimum of the deltas theta is -0.21387526392936707 and the maximum is 0.2151915431022644
the added laplace noise var is 0.003060399989333737
global epoch 3 has been done artifficialy in 0.88 secs, the total time by now is 2.57 
 with avg train loss 1.933, val loss 2.352, avg val acc 10.00%
iteration: 4
user 1, emp_avg: 0.3713641641162824, h: 0, ucb: inf,num_of_obs: 0, privacy reward: 0.9607894391523232, g: 0.012268383725573477, curr_delay = 0.13463873155069395, data_size = 1081
user 4, emp_avg: 0.5438884629264956, h: 0, ucb: inf,num_of_obs: 0, privacy reward: 0.9607894391523232, g: 0.17067778974983538, curr_delay = 0.09193061336687575, data_size = 4032
user 11, emp_avg: 0.2159279267763582, h: 0, ucb: inf,num_of_obs: 0, privacy reward: 0.9607894391523232, g: 0.008297351438546173, curr_delay = 0.23155874622825523, data_size = 889
user 17, emp_avg: 0.05393182920861243, h: 0, ucb: inf,num_of_obs: 0, privacy reward: 0.9607894391523232, g: 0.050675270680821616, curr_delay = 0.9270963127654392, data_size = 2197
user 25, emp_avg: 0.05948514994943446, h: 0, ucb: inf,num_of_obs: 0, privacy reward: 0.9607894391523232, g: 0.011751878661527148, curr_delay = 0.8405459184771772, data_size = 1058
num of fast users chosen: 3, num of slow users chosen: 2
max_delay = 0.93 seconds
after cleansing the weights updates who were almost zeros (meaning with absolute value of less than 10**-7, 0.00% of the weights upadtes) we get:
user No.17 has been picked 1, his deltas theta's mean
 is -0.0009765007416717708,
the empirical var of deltas thetas is 0.005032929126173258
the minimum of the deltas theta is -0.3910163938999176 and the maximum is 0.380176305770874
the added laplace noise var is 0.003060399989333737
global epoch 4 has been done artifficialy in 0.93 secs, the total time by now is 3.50 
 with avg train loss 1.996, val loss 2.343, avg val acc 10.00%
iteration: 5
user 6, emp_avg: 0.5164802418229338, h: 0, ucb: inf,num_of_obs: 0, privacy reward: 0.9607894391523232, g: 0.1315656414131539, curr_delay = 0.09680912443721637, data_size = 3540
user 8, emp_avg: 0.4062903244653256, h: 0, ucb: inf,num_of_obs: 0, privacy reward: 0.9607894391523232, g: 0.09537234458990129, curr_delay = 0.12306470764667987, data_size = 3014
user 16, emp_avg: 0.07003131036112643, h: 0, ucb: inf,num_of_obs: 0, privacy reward: 0.9607894391523232, g: 0.019361344084637844, curr_delay = 0.7139663636474582, data_size = 1358
user 18, emp_avg: 0.06648063252856662, h: 0, ucb: inf,num_of_obs: 0, privacy reward: 0.9607894391523232, g: 0.010944286348141465, curr_delay = 0.7520987406146458, data_size = 1021
user 21, emp_avg: 0.06102270590898642, h: 0, ucb: inf,num_of_obs: 0, privacy reward: 0.9607894391523232, g: 0.03632133909739757, curr_delay = 0.8193671397425991, data_size = 1860
num of fast users chosen: 2, num of slow users chosen: 3
max_delay = 0.82 seconds
after cleansing the weights updates who were almost zeros (meaning with absolute value of less than 10**-7, 0.00% of the weights upadtes) we get:
user No.6 has been picked 1, his deltas theta's mean
 is -0.002246272750198841,
the empirical var of deltas thetas is 0.005133969709277153
the minimum of the deltas theta is -0.3074970841407776 and the maximum is 0.318338543176651
the added laplace noise var is 0.003060399989333737
global epoch 5 has been done artifficialy in 0.82 secs, the total time by now is 4.32 
 with avg train loss 1.938, val loss 2.327, avg val acc 10.00%
iteration: 6
user 0, emp_avg: 0.44724849478539536, h: 0, ucb: inf,num_of_obs: 0, privacy reward: 0.9607894391523232, g: 0.15288071154569122, curr_delay = 0.11179467473443741, data_size = 3816
user 2, emp_avg: 0.5449865802029206, h: 0, ucb: inf,num_of_obs: 0, privacy reward: 0.9607894391523232, g: 0.013692040375366631, curr_delay = 0.09174537835662482, data_size = 1142
user 10, emp_avg: 0.4955465154911224, h: 0, ucb: inf,num_of_obs: 0, privacy reward: 0.9607894391523232, g: 0.022134473495317282, curr_delay = 0.10089870160916456, data_size = 1452
user 19, emp_avg: 0.07025842293480253, h: 0, ucb: inf,num_of_obs: 0, privacy reward: 0.9607894391523232, g: 0.008732239526600138, curr_delay = 0.7116584448016764, data_size = 912
user 24, emp_avg: 0.062377025577682516, h: 0, ucb: inf,num_of_obs: 0, privacy reward: 0.9607894391523232, g: 0.029209764524487758, curr_delay = 0.8015771758422734, data_size = 1668
num of fast users chosen: 3, num of slow users chosen: 2
max_delay = 0.80 seconds
after cleansing the weights updates who were almost zeros (meaning with absolute value of less than 10**-7, 0.00% of the weights upadtes) we get:
user No.0 has been picked 1, his deltas theta's mean
 is -0.0004967578570358455,
the empirical var of deltas thetas is 0.005612206645309925
the minimum of the deltas theta is -0.33042171597480774 and the maximum is 0.3278602659702301
the added laplace noise var is 0.003060399989333737
global epoch 6 has been done artifficialy in 0.80 secs, the total time by now is 5.12 
 with avg train loss 1.945, val loss 2.320, avg val acc 10.00%
iteration: 7
user 0, emp_avg: 0.48385899640739294, h: 3.416937355927363, ucb: 3.8641858507127584,num_of_obs: 1, privacy reward: 0.9231163463866358, g: 0.06157469448744778, curr_delay = 0.0960671090031419, data_size = 3816
user 4, emp_avg: 0.5241581665430866, h: 3.416937355927363, ucb: 3.9608258188538588,num_of_obs: 1, privacy reward: 0.9231163463866358, g: 0.07304832852233444, curr_delay = 0.09912219954098177, data_size = 4032
user 6, emp_avg: 0.4129771282688458, h: 3.416937355927363, ucb: 3.9334175977502968,num_of_obs: 1, privacy reward: 0.9231163463866358, g: 0.04833958079340621, curr_delay = 0.1615644533066371, data_size = 3540
user 8, emp_avg: 0.4830463530130711, h: 3.416937355927363, ucb: 3.8232276803926886,num_of_obs: 1, privacy reward: 0.9231163463866358, g: 0.02754504153047515, curr_delay = 0.08931723345047618, data_size = 3014
user 10, emp_avg: 0.38026698118420965, h: 3.416937355927363, ucb: 3.9124838714184853,num_of_obs: 1, privacy reward: 0.9231163463866358, g: 3.5039845058950924e-05, curr_delay = 0.18868818349403782, data_size = 1452
num of fast users chosen: 5, num of slow users chosen: 0
max_delay = 0.19 seconds
after cleansing the weights updates who were almost zeros (meaning with absolute value of less than 10**-7, 0.00% of the weights upadtes) we get:
user No.0 has been picked 2, his deltas theta's mean
 is -0.0035577681846916676,
the empirical var of deltas thetas is 0.0063317762687802315
the minimum of the deltas theta is -0.48664751648902893 and the maximum is 0.37577885389328003
the added laplace noise var is 0.0031852972822368235
global epoch 7 has been done artifficialy in 0.19 secs, the total time by now is 5.31 
 with avg train loss 1.889, val loss 2.322, avg val acc 10.00%
iteration: 8
user 13, emp_avg: 0.22111285841059047, h: 3.5322300675464238, ucb: 3.741180247899263,num_of_obs: 1, privacy reward: 0.9231163463866358, g: 0.03462514224660959, curr_delay = 0.21433880619018778, data_size = 3036
user 14, emp_avg: 0.26827673583318834, h: 3.5322300675464238, ucb: 3.73060236941566,num_of_obs: 1, privacy reward: 0.9231163463866358, g: 0.022288706928974788, curr_delay = 0.147849745832959, data_size = 2677
user 17, emp_avg: 0.06028550775234037, h: 3.5322300675464238, ucb: 3.586161896755036,num_of_obs: 1, privacy reward: 0.9231163463866358, g: 0.010022349454541845, curr_delay = 0.7503092816568497, data_size = 2197
user 21, emp_avg: 0.06334646911960388, h: 3.5322300675464238, ucb: 3.59325277345541,num_of_obs: 1, privacy reward: 0.9231163463866358, g: 0.004300943794311374, curr_delay = 0.7613799772867572, data_size = 1860
user 27, emp_avg: 0.05858235373592313, h: 3.5322300675464238, ucb: 3.5887626777425896,num_of_obs: 1, privacy reward: 0.9231163463866358, g: 0.006889054428567689, curr_delay = 0.8246457280318286, data_size = 2030
num of fast users chosen: 2, num of slow users chosen: 3
max_delay = 0.82 seconds
after cleansing the weights updates who were almost zeros (meaning with absolute value of less than 10**-7, 0.00% of the weights upadtes) we get:
user No.13 has been picked 2, his deltas theta's mean
 is -0.0006674492033198476,
the empirical var of deltas thetas is 0.0018965653143823147
the minimum of the deltas theta is -0.408036470413208 and the maximum is 0.4998002350330353
the added laplace noise var is 0.0031852972822368235
global epoch 8 has been done artifficialy in 0.82 secs, the total time by now is 6.14 
 with avg train loss 1.883, val loss 2.324, avg val acc 10.00%
iteration: 9
user 16, emp_avg: 0.07136165662223462, h: 3.63088797183517, ucb: 3.7009192821962964,num_of_obs: 1, privacy reward: 0.9231163463866358, g: 0.0007859015573940132, curr_delay = 0.6878335720126012, data_size = 1358
user 22, emp_avg: 0.06335817782832417, h: 3.63088797183517, ucb: 3.6957265690802665,num_of_obs: 1, privacy reward: 0.9231163463866358, g: 0.0012467130615941497, curr_delay = 0.808044785130183, data_size = 1429
user 24, emp_avg: 0.06120390960473989, h: 3.63088797183517, ucb: 3.6932649974128524,num_of_obs: 1, privacy reward: 0.9231163463866358, g: 0.0035757449153052314, curr_delay = 0.8329058633920154, data_size = 1668
user 26, emp_avg: 0.05981702183557121, h: 3.63088797183517, ucb: 3.687467690445822,num_of_obs: 1, privacy reward: 0.9231163463866358, g: 0.004498709658916699, curr_delay = 0.7929670161726938, data_size = 1739
user 28, emp_avg: 0.05812128061194867, h: 3.63088797183517, ucb: 3.688315299967135,num_of_obs: 1, privacy reward: 0.9231163463866358, g: 0.0024249539527814146, curr_delay = 0.8501198987317831, data_size = 1565
num of fast users chosen: 0, num of slow users chosen: 5
max_delay = 0.85 seconds
after cleansing the weights updates who were almost zeros (meaning with absolute value of less than 10**-7, 0.00% of the weights upadtes) we get:
user No.16 has been picked 2, his deltas theta's mean
 is -0.003011362161487341,
the empirical var of deltas thetas is 0.0033588220831006765
the minimum of the deltas theta is -0.3108615577220917 and the maximum is 0.3138373792171478
the added laplace noise var is 0.0031852972822368235
global epoch 9 has been done artifficialy in 0.85 secs, the total time by now is 6.99 
 with avg train loss 1.844, val loss 2.327, avg val acc 10.00%
iteration: 10
user 1, emp_avg: 0.493262374045759, h: 3.7169221888498387, ucb: 4.088286352966121,num_of_obs: 1, privacy reward: 0.9231163463866358, g: 0.00011583649003103504, curr_delay = 0.08127958991926057, data_size = 1081
user 2, emp_avg: 0.7724932901014603, h: 3.7169221888498387, ucb: 4.261908769052759,num_of_obs: 1, privacy reward: 0.9231163463866358, g: 0.0002894419082163379, curr_delay = 0.05, data_size = 1142
user 3, emp_avg: 0.3818709976047911, h: 3.7169221888498387, ucb: 4.07901920700847,num_of_obs: 1, privacy reward: 0.9231163463866358, g: -0.0004540415324723586, curr_delay = 0.1244880500364309, data_size = 768
user 5, emp_avg: 0.5814627300338707, h: 3.7169221888498387, ucb: 4.3819059974681975,num_of_obs: 1, privacy reward: 0.9231163463866358, g: -1.6463657971723883e-07, curr_delay = 0.10041337143511213, data_size = 972
user 7, emp_avg: 0.6304198116250073, h: 3.7169221888498387, ucb: 4.50813157671971,num_of_obs: 1, privacy reward: 0.9231163463866358, g: -0.0018870600924574242, curr_delay = 0.1064667396457712, data_size = 552
num of fast users chosen: 5, num of slow users chosen: 0
max_delay = 0.12 seconds
after cleansing the weights updates who were almost zeros (meaning with absolute value of less than 10**-7, 0.00% of the weights upadtes) we get:
user No.1 has been picked 2, his deltas theta's mean
 is -0.0008917783852666616,
the empirical var of deltas thetas is 0.00238754297606647
the minimum of the deltas theta is -0.32132500410079956 and the maximum is 0.28864991664886475
the added laplace noise var is 0.0031852972822368235
global epoch 10 has been done artifficialy in 0.12 secs, the total time by now is 7.11 
 with avg train loss 1.878, val loss 2.299, avg val acc 12.87%
