Namespace(full_exp=True, data='cifar10', i_i_d=False, wandb=True, method_choosing_users='sa_pause', model='cnn3', num_users=30, num_users_per_round=5, global_epochs=10, max_seconds=600, epsilon_bar=100, epsilon_sum_deascent_coeff=0.04, delta_f=0.012, accel_ucb_coeff=1, alpha=20, beta=2, gamma=40, alternative_privacy_reward=False, choosing_users_verbose=True, sa_pause_verbose=False, snr_verbose=True, dirichlet_coeff=3, label_dominance=0.25, bar_plot_interval=30, max_iterations_sa_pause=500, sa_pause_simulation=False, max_time_sa_pause=600, pre_sa_pause_rounds=1, beta_max_reduction=70, data_truncation=None, tau_min=0.05, production=False, privacy_noise='laplace', privacy=True, save_best_model=False, seed=1, norm_mean=0.5, norm_std=0.5, train_batch_size=20, test_batch_size=1000, local_epochs=1, local_iterations=100, lr=0.01, momentum=0.5, lr_scheduler=False, optimizer='adam', device=device(type='cuda'))
=================================================================
Layer (type:depth-idx)                   Param #
=================================================================
CNN3LayerCifar                           --
├─Conv2d: 1-1                            896
├─BatchNorm2d: 1-2                       64
├─Conv2d: 1-3                            18,496
├─BatchNorm2d: 1-4                       128
├─Conv2d: 1-5                            73,856
├─BatchNorm2d: 1-6                       256
├─MaxPool2d: 1-7                         --
├─Linear: 1-8                            65,664
├─BatchNorm1d: 1-9                       256
├─Linear: 1-10                           8,256
├─BatchNorm1d: 1-11                      128
├─Linear: 1-12                           2,080
├─BatchNorm1d: 1-13                      64
├─Linear: 1-14                           330
├─Dropout: 1-15                          --
├─Dropout: 1-16                          --
├─Dropout: 1-17                          --
=================================================================
Total params: 170,474
Trainable params: 170,474
Non-trainable params: 0
=================================================================
iteration: 1
user 2, emp_avg: 0.4795909598746089, h: 0, ucb: inf,num_of_obs: 0, privacy reward: 0.9607894391523232, g: 0.013527983737063333, curr_delay = 0.10425550976413883, data_size = 1142
user 6, emp_avg: 0.3880178672210026, h: 0, ucb: inf,num_of_obs: 0, privacy reward: 0.9607894391523232, g: 0.12998923524908132, curr_delay = 0.12886004543579843, data_size = 3540
user 19, emp_avg: 0.07585798580373429, h: 0, ucb: inf,num_of_obs: 0, privacy reward: 0.9607894391523232, g: 0.008627610718743966, curr_delay = 0.6591263855774382, data_size = 912
user 21, emp_avg: 0.06026992332791719, h: 0, ucb: inf,num_of_obs: 0, privacy reward: 0.9607894391523232, g: 0.035886140498238184, curr_delay = 0.8296011881076987, data_size = 1860
user 25, emp_avg: 0.05454113678187987, h: 0, ucb: inf,num_of_obs: 0, privacy reward: 0.9607894391523232, g: 0.011611068843990602, curr_delay = 0.9167392348267196, data_size = 1058
num of fast users chosen: 2, num of slow users chosen: 3
max_delay = 0.92 seconds
after cleansing the weights updates who were almost zeros (meaning with absolute value of less than 10**-7, 0.00% of the weights upadtes) we get:
user No.25 has been picked 1, his deltas theta's mean
 is -0.00028591498266905546,
the empirical var of deltas thetas is 0.003732446813955903
the minimum of the deltas theta is -0.2246009260416031 and the maximum is 0.31317338347435
the added laplace noise var is 0.003060399989333737
global epoch 1 has been done artifficialy in 0.92 secs, the total time by now is 0.92 
 with avg train loss 2.051, val loss 2.327, avg val acc 10.00%
iteration: 2
user 1, emp_avg: 0.5513766527462203, h: 0, ucb: inf,num_of_obs: 0, privacy reward: 0.9607894391523232, g: 0.012121385196774689, curr_delay = 0.09068211312714629, data_size = 1081
user 5, emp_avg: 0.8892157245374918, h: 0, ucb: inf,num_of_obs: 0, privacy reward: 0.9607894391523232, g: 0.009800165153337802, curr_delay = 0.05622932503359242, data_size = 972
user 23, emp_avg: 0.06032364769461214, h: 0, ucb: inf,num_of_obs: 0, privacy reward: 0.9607894391523232, g: 0.00817950074373995, curr_delay = 0.828862343555955, data_size = 888
user 24, emp_avg: 0.05402334174970213, h: 0, ucb: inf,num_of_obs: 0, privacy reward: 0.9607894391523232, g: 0.028859776090175232, curr_delay = 0.9255258630918679, data_size = 1668
user 29, emp_avg: 0.054374899294713834, h: 0, ucb: inf,num_of_obs: 0, privacy reward: 0.9607894391523232, g: 0.006054629628933875, curr_delay = 0.9195419329238345, data_size = 764
num of fast users chosen: 2, num of slow users chosen: 3
max_delay = 0.93 seconds
after cleansing the weights updates who were almost zeros (meaning with absolute value of less than 10**-7, 0.00% of the weights upadtes) we get:
user No.5 has been picked 1, his deltas theta's mean
 is -9.035954280989245e-05,
the empirical var of deltas thetas is 0.0037706189323216677
the minimum of the deltas theta is -0.22023463249206543 and the maximum is 0.21267253160476685
the added laplace noise var is 0.003060399989333737
global epoch 2 has been done artifficialy in 0.93 secs, the total time by now is 1.84 
 with avg train loss 1.953, val loss 2.329, avg val acc 10.00%
iteration: 3
user 0, emp_avg: 0.49503810557274236, h: 0, ucb: inf,num_of_obs: 0, privacy reward: 0.9607894391523232, g: 0.1510489103743533, curr_delay = 0.10100232575460366, data_size = 3816
user 3, emp_avg: 1.0, h: 0, ucb: inf,num_of_obs: 0, privacy reward: 0.9607894391523232, g: 0.006118194858721483, curr_delay = 0.05, data_size = 768
user 7, emp_avg: 0.5180088551733286, h: 0, ucb: inf,num_of_obs: 0, privacy reward: 0.9607894391523232, g: 0.0031606690236949844, curr_delay = 0.09652344646361252, data_size = 552
user 8, emp_avg: 0.48375356354772786, h: 0, ucb: inf,num_of_obs: 0, privacy reward: 0.9607894391523232, g: 0.09422960283545304, curr_delay = 0.10335841173615856, data_size = 3014
user 10, emp_avg: 0.25675231135834053, h: 0, ucb: inf,num_of_obs: 0, privacy reward: 0.9607894391523232, g: 0.0218692604801126, curr_delay = 0.19474021377052644, data_size = 1452
num of fast users chosen: 5, num of slow users chosen: 0
max_delay = 0.19 seconds
after cleansing the weights updates who were almost zeros (meaning with absolute value of less than 10**-7, 0.00% of the weights upadtes) we get:
user No.8 has been picked 1, his deltas theta's mean
 is -0.0009465816547162831,
the empirical var of deltas thetas is 0.004684154409915209
the minimum of the deltas theta is -0.3039907217025757 and the maximum is 0.34179842472076416
the added laplace noise var is 0.003060399989333737
global epoch 3 has been done artifficialy in 0.19 secs, the total time by now is 2.04 
 with avg train loss 2.011, val loss 2.332, avg val acc 10.00%
iteration: 4
user 9, emp_avg: 0.3563457145584707, h: 0, ucb: inf,num_of_obs: 0, privacy reward: 0.9607894391523232, g: 0.005772693769660517, curr_delay = 0.14031317890816333, data_size = 746
user 11, emp_avg: 0.2358849523263858, h: 0, ucb: inf,num_of_obs: 0, privacy reward: 0.9607894391523232, g: 0.008197933415628427, curr_delay = 0.2119677389629193, data_size = 889
user 14, emp_avg: 0.2495220627298718, h: 0, ucb: inf,num_of_obs: 0, privacy reward: 0.9607894391523232, g: 0.07433572937640154, curr_delay = 0.20038308217309475, data_size = 2677
user 17, emp_avg: 0.06462672405283093, h: 0, ucb: inf,num_of_obs: 0, privacy reward: 0.9607894391523232, g: 0.05006808473007301, curr_delay = 0.7736737508020072, data_size = 2197
user 18, emp_avg: 0.060002894158545754, h: 0, ucb: inf,num_of_obs: 0, privacy reward: 0.9607894391523232, g: 0.010813153019749078, curr_delay = 0.8332931386256955, data_size = 1021
num of fast users chosen: 3, num of slow users chosen: 2
max_delay = 0.83 seconds
after cleansing the weights updates who were almost zeros (meaning with absolute value of less than 10**-7, 0.00% of the weights upadtes) we get:
user No.14 has been picked 1, his deltas theta's mean
 is -0.0005510579794645309,
the empirical var of deltas thetas is 0.004757430870085955
the minimum of the deltas theta is -0.3072797358036041 and the maximum is 0.32770010828971863
the added laplace noise var is 0.003060399989333737
global epoch 4 has been done artifficialy in 0.83 secs, the total time by now is 2.87 
 with avg train loss 1.978, val loss 2.338, avg val acc 10.00%
iteration: 5
user 12, emp_avg: 0.42225659963942713, h: 0, ucb: inf,num_of_obs: 0, privacy reward: 0.9607894391523232, g: 0.005772693769660517, curr_delay = 0.11841141155092885, data_size = 746
user 13, emp_avg: 0.33545866691045617, h: 0, ucb: inf,num_of_obs: 0, privacy reward: 0.9607894391523232, g: 0.0956102379667733, curr_delay = 0.14904965926352554, data_size = 3036
user 15, emp_avg: 0.08204486316247747, h: 0, ucb: inf,num_of_obs: 0, privacy reward: 0.9607894391523232, g: 0.010834344887316976, curr_delay = 0.6094226752622227, data_size = 1022
user 26, emp_avg: 0.059433288788180286, h: 0, ucb: inf,num_of_obs: 0, privacy reward: 0.9607894391523232, g: 0.03136895337312769, curr_delay = 0.8412793742274562, data_size = 1739
user 28, emp_avg: 0.05711352113034936, h: 0, ucb: inf,num_of_obs: 0, privacy reward: 0.9607894391523232, g: 0.028790609485700076, curr_delay = 0.8754494384243222, data_size = 1666
num of fast users chosen: 2, num of slow users chosen: 3
max_delay = 0.88 seconds
after cleansing the weights updates who were almost zeros (meaning with absolute value of less than 10**-7, 0.00% of the weights upadtes) we get:
user No.28 has been picked 1, his deltas theta's mean
 is -0.0012912893434986472,
the empirical var of deltas thetas is 0.004549774341285229
the minimum of the deltas theta is -0.29644203186035156 and the maximum is 0.35259976983070374
the added laplace noise var is 0.003060399989333737
global epoch 5 has been done artifficialy in 0.88 secs, the total time by now is 3.75 
 with avg train loss 1.935, val loss 2.328, avg val acc 10.00%
iteration: 6
user 4, emp_avg: 0.7567991081936494, h: 0, ucb: inf,num_of_obs: 0, privacy reward: 0.9607894391523232, g: 0.16863274579351084, curr_delay = 0.06606773113057901, data_size = 4032
user 16, emp_avg: 0.06424983192809974, h: 0, ucb: inf,num_of_obs: 0, privacy reward: 0.9607894391523232, g: 0.019129358424613517, curr_delay = 0.7782121524606267, data_size = 1358
user 20, emp_avg: 0.05834884278280884, h: 0, ucb: inf,num_of_obs: 0, privacy reward: 0.9607894391523232, g: 0.005726357953495171, curr_delay = 0.8569150237668701, data_size = 743
user 22, emp_avg: 0.060537512248689224, h: 0, ucb: inf,num_of_obs: 0, privacy reward: 0.9607894391523232, g: 0.021181919941369753, curr_delay = 0.8259341711069836, data_size = 1429
user 27, emp_avg: 0.059451320050157595, h: 0, ucb: inf,num_of_obs: 0, privacy reward: 0.9607894391523232, g: 0.05511156249874319, curr_delay = 0.8410242187695117, data_size = 2305
num of fast users chosen: 1, num of slow users chosen: 4
max_delay = 0.86 seconds
after cleansing the weights updates who were almost zeros (meaning with absolute value of less than 10**-7, 0.00% of the weights upadtes) we get:
user No.4 has been picked 1, his deltas theta's mean
 is -0.0018683806993067265,
the empirical var of deltas thetas is 0.005431904923170805
the minimum of the deltas theta is -0.342183381319046 and the maximum is 0.34569984674453735
the added laplace noise var is 0.003060399989333737
global epoch 6 has been done artifficialy in 0.86 secs, the total time by now is 4.60 
 with avg train loss 1.939, val loss 2.318, avg val acc 10.00%
iteration: 7
user 0, emp_avg: 0.7475190527863712, h: 3.416937355927363, ucb: 3.9119754615001052,num_of_obs: 1, privacy reward: 0.9231163463866358, g: 0.060414184196590746, curr_delay = 0.05, data_size = 3816
user 4, emp_avg: 0.49653562267296314, h: 3.416937355927363, ucb: 4.173736464121013,num_of_obs: 1, privacy reward: 0.9231163463866358, g: 0.07171257304349911, curr_delay = 0.21162038233807948, data_size = 4032
user 6, emp_avg: 0.4452953116883385, h: 3.416937355927363, ucb: 3.8049552231483657,num_of_obs: 1, privacy reward: 0.9231163463866358, g: 0.04738591302474823, curr_delay = 0.09948808284488914, data_size = 3540
user 8, emp_avg: 0.4249238995268697, h: 3.416937355927363, ucb: 3.9006909194750907,num_of_obs: 1, privacy reward: 0.9231163463866358, g: 0.026932506986134155, curr_delay = 0.13657685686006646, data_size = 3014
user 13, emp_avg: 0.2834637253574034, h: 3.416937355927363, ucb: 3.7523960228378193,num_of_obs: 1, privacy reward: 0.9231163463866358, g: 0.02767295774435495, curr_delay = 0.2160118491064548, data_size = 3036
num of fast users chosen: 5, num of slow users chosen: 0
max_delay = 0.22 seconds
after cleansing the weights updates who were almost zeros (meaning with absolute value of less than 10**-7, 0.00% of the weights upadtes) we get:
user No.0 has been picked 2, his deltas theta's mean
 is -0.0018935393309220672,
the empirical var of deltas thetas is 0.003634905442595482
the minimum of the deltas theta is -0.4532647132873535 and the maximum is 0.41635289788246155
the added laplace noise var is 0.0031852972822368235
global epoch 7 has been done artifficialy in 0.22 secs, the total time by now is 4.82 
 with avg train loss 1.868, val loss 2.313, avg val acc 10.00%
iteration: 8
user 2, emp_avg: 0.7397954799373044, h: 3.5322300675464238, ucb: 4.011821027421033,num_of_obs: 1, privacy reward: 0.9231163463866358, g: -7.551851798933077e-05, curr_delay = 0.05, data_size = 1142
user 3, emp_avg: 0.8875844644193822, h: 3.5322300675464238, ucb: 4.532230067546424,num_of_obs: 1, privacy reward: 0.9231163463866358, g: -0.0021884721895018377, curr_delay = 0.06450206934235883, data_size = 768
user 5, emp_avg: 0.5839284602791693, h: 3.5322300675464238, ucb: 4.421445792083915,num_of_obs: 1, privacy reward: 0.9231163463866358, g: -0.0006762192751066922, curr_delay = 0.1794422386711949, data_size = 972
user 10, emp_avg: 0.38413066491708164, h: 3.5322300675464238, ucb: 3.7889823789047643,num_of_obs: 1, privacy reward: 0.9231163463866358, g: 0.000523612933619213, curr_delay = 0.09774998718299886, data_size = 1452
user 14, emp_avg: 0.32033133836794, h: 3.5322300675464238, ucb: 3.7817521302762955,num_of_obs: 1, privacy reward: 0.9231163463866358, g: 0.021799280697363792, curr_delay = 0.12783126632621172, data_size = 2677
num of fast users chosen: 5, num of slow users chosen: 0
max_delay = 0.18 seconds
after cleansing the weights updates who were almost zeros (meaning with absolute value of less than 10**-7, 0.00% of the weights upadtes) we get:
user No.10 has been picked 2, his deltas theta's mean
 is -0.0002671231050044298,
the empirical var of deltas thetas is 0.0027262382209300995
the minimum of the deltas theta is -0.3941999077796936 and the maximum is 0.30591845512390137
the added laplace noise var is 0.0031852972822368235
global epoch 8 has been done artifficialy in 0.18 secs, the total time by now is 5.00 
 with avg train loss 1.907, val loss 2.311, avg val acc 10.00%
iteration: 9
user 17, emp_avg: 0.06535649376417421, h: 3.63088797183517, ucb: 3.695514695888001,num_of_obs: 1, privacy reward: 0.9231163463866358, g: 0.012689544177284939, curr_delay = 0.7565868816069945, data_size = 2197
user 21, emp_avg: 0.0612205585013609, h: 3.63088797183517, ucb: 3.6911578951630872,num_of_obs: 1, privacy reward: 0.9231163463866358, g: 0.006134847097680466, curr_delay = 0.8042309797288469, data_size = 1860
user 26, emp_avg: 0.0585483817849407, h: 3.63088797183517, ucb: 3.6903212606233504,num_of_obs: 1, privacy reward: 0.9231163463866358, g: 0.004356226457495407, curr_delay = 0.86710001763312, data_size = 1739
user 27, emp_avg: 0.058171593668056944, h: 3.63088797183517, ucb: 3.6903392918853277,num_of_obs: 1, privacy reward: 0.9231163463866358, g: 0.015288681612302667, curr_delay = 0.8788602375922095, data_size = 2305
user 28, emp_avg: 0.05754525038464185, h: 3.63088797183517, ucb: 3.6880014929655194,num_of_obs: 1, privacy reward: 0.9231163463866358, g: 0.003430075573369915, curr_delay = 0.862411258940826, data_size = 1666
num of fast users chosen: 0, num of slow users chosen: 5
max_delay = 0.88 seconds
after cleansing the weights updates who were almost zeros (meaning with absolute value of less than 10**-7, 0.00% of the weights upadtes) we get:
user No.17 has been picked 2, his deltas theta's mean
 is -0.0004419661418069154,
the empirical var of deltas thetas is 0.0037052719853818417
the minimum of the deltas theta is -0.3549092710018158 and the maximum is 0.444488525390625
the added laplace noise var is 0.0031852972822368235
global epoch 9 has been done artifficialy in 0.88 secs, the total time by now is 5.88 
 with avg train loss 1.850, val loss 2.327, avg val acc 10.00%
iteration: 10
user 1, emp_avg: 0.7756883263731101, h: 3.7169221888498387, ucb: 4.268298841596059,num_of_obs: 1, privacy reward: 0.9231163463866358, g: 0.00010195269112215193, curr_delay = 0.05, data_size = 1081
user 16, emp_avg: 0.0706408455365471, h: 3.7169221888498387, ucb: 3.7811720207779382,num_of_obs: 1, privacy reward: 0.9231163463866358, g: 0.0014675736487798955, curr_delay = 0.6490820883069522, data_size = 1358
user 22, emp_avg: 0.06078287899786345, h: 3.7169221888498387, ucb: 3.777459701098528,num_of_obs: 1, privacy reward: 0.9231163463866358, g: 0.002073900468125096, curr_delay = 0.81929276170333, data_size = 1429
user 24, emp_avg: 0.05837754518333009, h: 3.7169221888498387, ucb: 3.770945530599541,num_of_obs: 1, privacy reward: 0.9231163463866358, g: 0.0048834454524061014, curr_delay = 0.7970445763484373, data_size = 1668
user 25, emp_avg: 0.05990678267672419, h: 3.7169221888498387, ucb: 3.7714633256317187,num_of_obs: 1, privacy reward: 0.9231163463866358, g: 6.01349022881199e-05, curr_delay = 0.7660202185548692, data_size = 1058
num of fast users chosen: 1, num of slow users chosen: 4
max_delay = 0.82 seconds
after cleansing the weights updates who were almost zeros (meaning with absolute value of less than 10**-7, 0.00% of the weights upadtes) we get:
user No.1 has been picked 2, his deltas theta's mean
 is -8.486651495331898e-05,
the empirical var of deltas thetas is 0.0014705834910273552
the minimum of the deltas theta is -0.2567874491214752 and the maximum is 0.23288005590438843
the added laplace noise var is 0.0031852972822368235
global epoch 10 has been done artifficialy in 0.82 secs, the total time by now is 6.70 
 with avg train loss 1.869, val loss 2.294, avg val acc 10.02%
