Namespace(full_exp=False, data='cifar10', i_i_d=False, wandb=True, method_choosing_users='fraboni', model='cnn3', num_users=300, num_users_per_round=15, global_epochs=400, max_seconds=600, epsilon_bar=20.0, epsilon_sum_deascent_coeff=0.04, delta_f=0.006, alpha=20, beta=2, gamma=10.0, alternative_privacy_reward=False, choosing_users_verbose=False, sa_pause_verbose=False, snr_verbose=False, dirichlet_coeff=2.0, label_dominance=0.25, bar_plot_interval=30, max_iterations_sa_pause=3000, sa_pause_simulation=False, max_time_sa_pause=600, pre_sa_pause_rounds=1, beta_max_reduction=70, accel_ucb_coeff=3, data_truncation=None, tau_min=0.05, production=False, privacy_noise='laplace', privacy=True, save_best_model=False, seed=3.0, norm_mean=0.5, norm_std=0.5, train_batch_size=20, test_batch_size=1000, local_epochs=1, local_iterations=100, lr=0.01, momentum=0.5, lr_scheduler=False, optimizer='adam', device=device(type='cuda'))
=================================================================
Layer (type:depth-idx)                   Param #
=================================================================
CNN3LayerCifar                           --
├─Conv2d: 1-1                            896
├─BatchNorm2d: 1-2                       64
├─Conv2d: 1-3                            18,496
├─BatchNorm2d: 1-4                       128
├─Conv2d: 1-5                            73,856
├─BatchNorm2d: 1-6                       256
├─MaxPool2d: 1-7                         --
├─Linear: 1-8                            65,664
├─BatchNorm1d: 1-9                       256
├─Linear: 1-10                           8,256
├─BatchNorm1d: 1-11                      128
├─Linear: 1-12                           2,080
├─BatchNorm1d: 1-13                      64
├─Linear: 1-14                           330
├─Dropout: 1-15                          --
├─Dropout: 1-16                          --
├─Dropout: 1-17                          --
=================================================================
Total params: 170,474
Trainable params: 170,474
Non-trainable params: 0
=================================================================
fraboni distributions: [[0.         0.         0.         ... 0.         0.         0.        ]
 [0.         0.         0.         ... 0.         0.         0.        ]
 [0.12618783 0.         0.         ... 0.         0.         0.        ]
 ...
 [0.         0.         0.03023572 ... 0.         0.         0.        ]
 [0.         0.         0.         ... 0.         0.         0.        ]
 [0.         0.         0.         ... 0.01388375 0.         0.0166605 ]]
global epoch 1 has been done artifficialy in 0.91 secs, the total time by now is 0.91 
 with avg train loss 2.316, val loss 2.310, avg val acc 10.00%
global epoch 2 has been done artifficialy in 0.88 secs, the total time by now is 1.79 
 with avg train loss 2.247, val loss 2.319, avg val acc 10.00%
global epoch 3 has been done artifficialy in 0.89 secs, the total time by now is 2.67 
 with avg train loss 2.213, val loss 2.323, avg val acc 10.00%
global epoch 4 has been done artifficialy in 0.95 secs, the total time by now is 3.62 
 with avg train loss 2.198, val loss 2.324, avg val acc 10.00%
global epoch 5 has been done artifficialy in 0.93 secs, the total time by now is 4.55 
 with avg train loss 2.178, val loss 2.323, avg val acc 10.00%
global epoch 6 has been done artifficialy in 0.89 secs, the total time by now is 5.44 
 with avg train loss 2.170, val loss 2.324, avg val acc 10.00%
global epoch 7 has been done artifficialy in 0.87 secs, the total time by now is 6.31 
 with avg train loss 2.113, val loss 2.322, avg val acc 10.00%
global epoch 8 has been done artifficialy in 0.84 secs, the total time by now is 7.16 
 with avg train loss 2.134, val loss 2.324, avg val acc 10.00%
global epoch 9 has been done artifficialy in 0.91 secs, the total time by now is 8.06 
 with avg train loss 2.124, val loss 2.323, avg val acc 10.00%
global epoch 10 has been done artifficialy in 0.88 secs, the total time by now is 8.94 
 with avg train loss 2.058, val loss 2.317, avg val acc 10.00%
global epoch 11 has been done artifficialy in 0.85 secs, the total time by now is 9.79 
 with avg train loss 2.079, val loss 2.318, avg val acc 10.00%
global epoch 12 has been done artifficialy in 0.80 secs, the total time by now is 10.60 
 with avg train loss 2.005, val loss 2.317, avg val acc 10.00%
global epoch 13 has been done artifficialy in 0.86 secs, the total time by now is 11.46 
 with avg train loss 2.054, val loss 2.317, avg val acc 10.00%
global epoch 14 has been done artifficialy in 0.89 secs, the total time by now is 12.35 
 with avg train loss 2.022, val loss 2.312, avg val acc 10.00%
global epoch 15 has been done artifficialy in 0.93 secs, the total time by now is 13.28 
 with avg train loss 2.033, val loss 2.309, avg val acc 10.00%
global epoch 16 has been done artifficialy in 0.95 secs, the total time by now is 14.24 
 with avg train loss 2.045, val loss 2.298, avg val acc 10.00%
global epoch 17 has been done artifficialy in 0.93 secs, the total time by now is 15.17 
 with avg train loss 1.983, val loss 2.300, avg val acc 10.00%
global epoch 18 has been done artifficialy in 0.95 secs, the total time by now is 16.12 
 with avg train loss 2.005, val loss 2.275, avg val acc 14.24%
global epoch 19 has been done artifficialy in 0.93 secs, the total time by now is 17.05 
 with avg train loss 1.950, val loss 2.266, avg val acc 13.94%
global epoch 20 has been done artifficialy in 0.81 secs, the total time by now is 17.86 
 with avg train loss 1.933, val loss 2.247, avg val acc 15.41%
global epoch 21 has been done artifficialy in 0.86 secs, the total time by now is 18.72 
 with avg train loss 1.960, val loss 2.269, avg val acc 16.23%
global epoch 22 has been done artifficialy in 0.92 secs, the total time by now is 19.64 
 with avg train loss 1.927, val loss 2.266, avg val acc 12.29%
global epoch 23 has been done artifficialy in 0.88 secs, the total time by now is 20.52 
 with avg train loss 1.911, val loss 2.230, avg val acc 14.96%
global epoch 24 has been done artifficialy in 0.97 secs, the total time by now is 21.49 
 with avg train loss 1.931, val loss 2.265, avg val acc 14.50%
global epoch 25 has been done artifficialy in 0.92 secs, the total time by now is 22.40 
 with avg train loss 1.940, val loss 2.259, avg val acc 17.59%
global epoch 26 has been done artifficialy in 0.92 secs, the total time by now is 23.33 
 with avg train loss 1.895, val loss 2.192, avg val acc 19.36%
global epoch 27 has been done artifficialy in 0.94 secs, the total time by now is 24.27 
 with avg train loss 1.895, val loss 2.222, avg val acc 14.00%
global epoch 28 has been done artifficialy in 0.98 secs, the total time by now is 25.25 
 with avg train loss 1.881, val loss 2.243, avg val acc 12.28%
global epoch 29 has been done artifficialy in 0.94 secs, the total time by now is 26.19 
 with avg train loss 1.798, val loss 2.136, avg val acc 23.43%
global epoch 30 has been done artifficialy in 0.89 secs, the total time by now is 27.08 
 with avg train loss 1.834, val loss 2.121, avg val acc 24.75%
global epoch 31 has been done artifficialy in 0.92 secs, the total time by now is 28.00 
 with avg train loss 1.880, val loss 2.056, avg val acc 27.91%
global epoch 32 has been done artifficialy in 0.93 secs, the total time by now is 28.93 
 with avg train loss 1.843, val loss 2.048, avg val acc 27.68%
global epoch 33 has been done artifficialy in 0.89 secs, the total time by now is 29.82 
 with avg train loss 1.725, val loss 1.989, avg val acc 30.13%
global epoch 34 has been done artifficialy in 0.83 secs, the total time by now is 30.65 
 with avg train loss 1.788, val loss 1.949, avg val acc 30.88%
global epoch 35 has been done artifficialy in 0.94 secs, the total time by now is 31.60 
 with avg train loss 1.731, val loss 1.943, avg val acc 32.27%
global epoch 36 has been done artifficialy in 0.83 secs, the total time by now is 32.43 
 with avg train loss 1.821, val loss 1.978, avg val acc 29.74%
global epoch 37 has been done artifficialy in 0.90 secs, the total time by now is 33.33 
 with avg train loss 1.825, val loss 1.948, avg val acc 29.33%
global epoch 38 has been done artifficialy in 0.91 secs, the total time by now is 34.24 
 with avg train loss 1.749, val loss 1.936, avg val acc 29.54%
global epoch 39 has been done artifficialy in 0.95 secs, the total time by now is 35.19 
 with avg train loss 1.698, val loss 1.909, avg val acc 31.16%
global epoch 40 has been done artifficialy in 0.97 secs, the total time by now is 36.16 
 with avg train loss 1.727, val loss 1.952, avg val acc 30.84%
global epoch 41 has been done artifficialy in 0.93 secs, the total time by now is 37.09 
 with avg train loss 1.751, val loss 2.004, avg val acc 29.24%
global epoch 42 has been done artifficialy in 0.95 secs, the total time by now is 38.05 
 with avg train loss 1.741, val loss 1.981, avg val acc 27.69%
global epoch 43 has been done artifficialy in 0.88 secs, the total time by now is 38.92 
 with avg train loss 1.757, val loss 1.898, avg val acc 32.54%
global epoch 44 has been done artifficialy in 0.92 secs, the total time by now is 39.84 
 with avg train loss 1.644, val loss 1.830, avg val acc 34.79%
global epoch 45 has been done artifficialy in 0.85 secs, the total time by now is 40.69 
 with avg train loss 1.641, val loss 1.820, avg val acc 34.31%
global epoch 46 has been done artifficialy in 0.93 secs, the total time by now is 41.62 
 with avg train loss 1.721, val loss 1.821, avg val acc 35.21%
global epoch 47 has been done artifficialy in 0.91 secs, the total time by now is 42.53 
 with avg train loss 1.683, val loss 1.856, avg val acc 33.43%
global epoch 48 has been done artifficialy in 0.90 secs, the total time by now is 43.43 
 with avg train loss 1.706, val loss 1.893, avg val acc 29.72%
global epoch 49 has been done artifficialy in 0.87 secs, the total time by now is 44.30 
 with avg train loss 1.672, val loss 1.815, avg val acc 34.34%
global epoch 50 has been done artifficialy in 0.95 secs, the total time by now is 45.25 
 with avg train loss 1.653, val loss 1.805, avg val acc 36.14%
global epoch 51 has been done artifficialy in 0.81 secs, the total time by now is 46.06 
 with avg train loss 1.625, val loss 1.812, avg val acc 37.01%
global epoch 52 has been done artifficialy in 0.84 secs, the total time by now is 46.90 
 with avg train loss 1.644, val loss 1.795, avg val acc 36.69%
global epoch 53 has been done artifficialy in 0.89 secs, the total time by now is 47.79 
 with avg train loss 1.652, val loss 1.820, avg val acc 35.99%
global epoch 54 has been done artifficialy in 0.90 secs, the total time by now is 48.69 
 with avg train loss 1.560, val loss 1.734, avg val acc 40.17%
global epoch 55 has been done artifficialy in 0.93 secs, the total time by now is 49.61 
 with avg train loss 1.625, val loss 1.734, avg val acc 39.78%
global epoch 56 has been done artifficialy in 0.93 secs, the total time by now is 50.55 
 with avg train loss 1.646, val loss 1.774, avg val acc 37.46%
global epoch 57 has been done artifficialy in 0.94 secs, the total time by now is 51.48 
 with avg train loss 1.590, val loss 1.690, avg val acc 41.11%
global epoch 58 has been done artifficialy in 0.93 secs, the total time by now is 52.41 
 with avg train loss 1.629, val loss 1.716, avg val acc 39.51%
global epoch 59 has been done artifficialy in 0.86 secs, the total time by now is 53.27 
 with avg train loss 1.612, val loss 1.763, avg val acc 37.43%
global epoch 60 has been done artifficialy in 0.92 secs, the total time by now is 54.19 
 with avg train loss 1.525, val loss 1.682, avg val acc 41.12%
global epoch 61 has been done artifficialy in 0.86 secs, the total time by now is 55.05 
 with avg train loss 1.578, val loss 1.691, avg val acc 41.44%
global epoch 62 has been done artifficialy in 0.83 secs, the total time by now is 55.87 
 with avg train loss 1.506, val loss 1.620, avg val acc 44.60%
global epoch 63 has been done artifficialy in 0.85 secs, the total time by now is 56.72 
 with avg train loss 1.549, val loss 1.586, avg val acc 45.28%
global epoch 64 has been done artifficialy in 0.95 secs, the total time by now is 57.67 
 with avg train loss 1.483, val loss 1.676, avg val acc 42.28%
global epoch 65 has been done artifficialy in 0.88 secs, the total time by now is 58.55 
 with avg train loss 1.529, val loss 1.625, avg val acc 44.28%
global epoch 66 has been done artifficialy in 0.92 secs, the total time by now is 59.46 
 with avg train loss 1.567, val loss 1.616, avg val acc 43.07%
global epoch 67 has been done artifficialy in 1.00 secs, the total time by now is 60.46 
 with avg train loss 1.564, val loss 1.663, avg val acc 43.22%
global epoch 68 has been done artifficialy in 0.97 secs, the total time by now is 61.43 
 with avg train loss 1.447, val loss 1.596, avg val acc 45.03%
global epoch 69 has been done artifficialy in 0.91 secs, the total time by now is 62.34 
 with avg train loss 1.501, val loss 1.638, avg val acc 43.45%
global epoch 70 has been done artifficialy in 0.86 secs, the total time by now is 63.20 
 with avg train loss 1.497, val loss 1.567, avg val acc 45.78%
global epoch 71 has been done artifficialy in 0.89 secs, the total time by now is 64.09 
 with avg train loss 1.473, val loss 1.543, avg val acc 46.52%
global epoch 72 has been done artifficialy in 0.88 secs, the total time by now is 64.97 
 with avg train loss 1.531, val loss 1.572, avg val acc 45.15%
global epoch 73 has been done artifficialy in 0.89 secs, the total time by now is 65.86 
 with avg train loss 1.466, val loss 1.626, avg val acc 44.23%
global epoch 74 has been done artifficialy in 0.92 secs, the total time by now is 66.78 
 with avg train loss 1.460, val loss 1.643, avg val acc 43.29%
global epoch 75 has been done artifficialy in 0.93 secs, the total time by now is 67.71 
 with avg train loss 1.460, val loss 1.588, avg val acc 44.98%
global epoch 76 has been done artifficialy in 0.81 secs, the total time by now is 68.52 
 with avg train loss 1.479, val loss 1.660, avg val acc 43.40%
global epoch 77 has been done artifficialy in 0.85 secs, the total time by now is 69.37 
 with avg train loss 1.438, val loss 1.585, avg val acc 45.49%
global epoch 78 has been done artifficialy in 0.89 secs, the total time by now is 70.26 
 with avg train loss 1.377, val loss 1.579, avg val acc 44.53%
global epoch 79 has been done artifficialy in 0.95 secs, the total time by now is 71.21 
 with avg train loss 1.495, val loss 1.579, avg val acc 44.21%
global epoch 80 has been done artifficialy in 0.90 secs, the total time by now is 72.11 
 with avg train loss 1.422, val loss 1.571, avg val acc 44.27%
global epoch 81 has been done artifficialy in 0.95 secs, the total time by now is 73.06 
 with avg train loss 1.430, val loss 1.518, avg val acc 46.23%
global epoch 82 has been done artifficialy in 0.89 secs, the total time by now is 73.95 
 with avg train loss 1.421, val loss 1.575, avg val acc 43.99%
global epoch 83 has been done artifficialy in 0.91 secs, the total time by now is 74.86 
 with avg train loss 1.422, val loss 1.570, avg val acc 44.37%
global epoch 84 has been done artifficialy in 0.97 secs, the total time by now is 75.83 
 with avg train loss 1.385, val loss 1.579, avg val acc 43.71%
global epoch 85 has been done artifficialy in 0.87 secs, the total time by now is 76.70 
 with avg train loss 1.395, val loss 1.556, avg val acc 44.68%
global epoch 86 has been done artifficialy in 0.89 secs, the total time by now is 77.59 
 with avg train loss 1.398, val loss 1.580, avg val acc 43.22%
global epoch 87 has been done artifficialy in 0.96 secs, the total time by now is 78.55 
 with avg train loss 1.414, val loss 1.520, avg val acc 46.23%
global epoch 88 has been done artifficialy in 0.91 secs, the total time by now is 79.47 
 with avg train loss 1.387, val loss 1.498, avg val acc 47.38%
global epoch 89 has been done artifficialy in 0.88 secs, the total time by now is 80.34 
 with avg train loss 1.334, val loss 1.458, avg val acc 48.65%
global epoch 90 has been done artifficialy in 0.85 secs, the total time by now is 81.19 
 with avg train loss 1.432, val loss 1.466, avg val acc 48.50%
global epoch 91 has been done artifficialy in 0.91 secs, the total time by now is 82.10 
 with avg train loss 1.485, val loss 1.475, avg val acc 48.25%
global epoch 92 has been done artifficialy in 0.86 secs, the total time by now is 82.96 
 with avg train loss 1.389, val loss 1.512, avg val acc 46.01%
global epoch 93 has been done artifficialy in 0.90 secs, the total time by now is 83.85 
 with avg train loss 1.374, val loss 1.464, avg val acc 48.39%
global epoch 94 has been done artifficialy in 0.93 secs, the total time by now is 84.78 
 with avg train loss 1.376, val loss 1.470, avg val acc 49.09%
global epoch 95 has been done artifficialy in 0.87 secs, the total time by now is 85.65 
 with avg train loss 1.449, val loss 1.498, avg val acc 48.65%
global epoch 96 has been done artifficialy in 0.90 secs, the total time by now is 86.55 
 with avg train loss 1.379, val loss 1.520, avg val acc 46.95%
global epoch 97 has been done artifficialy in 0.87 secs, the total time by now is 87.43 
 with avg train loss 1.365, val loss 1.544, avg val acc 46.69%
global epoch 98 has been done artifficialy in 0.89 secs, the total time by now is 88.32 
 with avg train loss 1.292, val loss 1.490, avg val acc 47.93%
global epoch 99 has been done artifficialy in 0.91 secs, the total time by now is 89.23 
 with avg train loss 1.335, val loss 1.462, avg val acc 48.42%
global epoch 100 has been done artifficialy in 0.84 secs, the total time by now is 90.07 
 with avg train loss 1.287, val loss 1.480, avg val acc 47.23%
global epoch 101 has been done artifficialy in 0.87 secs, the total time by now is 90.94 
 with avg train loss 1.329, val loss 1.491, avg val acc 47.67%
global epoch 102 has been done artifficialy in 0.86 secs, the total time by now is 91.79 
 with avg train loss 1.318, val loss 1.472, avg val acc 47.63%
global epoch 103 has been done artifficialy in 0.94 secs, the total time by now is 92.73 
 with avg train loss 1.372, val loss 1.446, avg val acc 48.92%
global epoch 104 has been done artifficialy in 0.93 secs, the total time by now is 93.66 
 with avg train loss 1.324, val loss 1.482, avg val acc 48.48%
global epoch 105 has been done artifficialy in 0.86 secs, the total time by now is 94.51 
 with avg train loss 1.308, val loss 1.480, avg val acc 47.41%
global epoch 106 has been done artifficialy in 0.90 secs, the total time by now is 95.41 
 with avg train loss 1.307, val loss 1.480, avg val acc 48.70%
global epoch 107 has been done artifficialy in 0.92 secs, the total time by now is 96.33 
 with avg train loss 1.315, val loss 1.460, avg val acc 48.73%
global epoch 108 has been done artifficialy in 0.87 secs, the total time by now is 97.21 
 with avg train loss 1.316, val loss 1.442, avg val acc 48.80%
global epoch 109 has been done artifficialy in 0.90 secs, the total time by now is 98.10 
 with avg train loss 1.257, val loss 1.433, avg val acc 48.53%
global epoch 110 has been done artifficialy in 0.85 secs, the total time by now is 98.95 
 with avg train loss 1.310, val loss 1.473, avg val acc 47.22%
