Namespace(data='mnist', full_exp=False, i_i_d=False, wandb=True, method_choosing_users='fraboni', model='cnn3', num_users=30, num_users_per_round=5, global_epochs=300, max_seconds=600, epsilon_bar=70, epsilon_sum_deascent_coeff=0.06, delta_f=0.012, accel_ucb_coeff=1, alpha=20, beta=2, gamma=2, choosing_users_verbose=True, sa_pause_verbose=False, snr_verbose=True, dirichlet_coeff=3, label_dominance=0.25, max_iterations_sa_pause=3000, sa_pause_simulation=False, max_time_sa_pause=600, pre_sa_pause_rounds=1, beta_max_reduction=70, data_truncation=None, tau_min=0.05, production=False, privacy_noise='laplace', privacy=True, save_best_model=False, seed=1, norm_mean=0.5, norm_std=0.5, train_batch_size=20, test_batch_size=1000, local_epochs=1, local_iterations=100, lr=0.01, momentum=0.5, lr_scheduler=False, optimizer='adam', device=device(type='cuda'))
=================================================================
Layer (type:depth-idx)                   Param #
=================================================================
CNN3LayerMnist                           --
├─Conv2d: 1-1                            416
├─Conv2d: 1-2                            6,416
├─Conv2d: 1-3                            12,832
├─Linear: 1-4                            9,248
├─Linear: 1-5                            330
├─BatchNorm2d: 1-6                       32
├─BatchNorm2d: 1-7                       32
├─BatchNorm1d: 1-8                       64
├─Dropout: 1-9                           --
├─Dropout: 1-10                          --
=================================================================
Total params: 29,370
Trainable params: 29,370
Non-trainable params: 0
=================================================================
fraboni distributions: [[0.39207628 0.         0.         0.         0.41426928 0.
  0.19365445 0.         0.         0.         0.         0.
  0.         0.         0.         0.         0.         0.
  0.         0.         0.         0.         0.         0.
  0.         0.         0.         0.         0.         0.        ]
 [0.         0.         0.         0.         0.         0.
  0.17006411 0.         0.3096745  0.         0.         0.
  0.         0.3119349  0.20832648 0.         0.         0.
  0.         0.         0.         0.         0.         0.
  0.         0.         0.         0.         0.         0.        ]
 [0.         0.         0.         0.         0.         0.
  0.         0.         0.         0.         0.         0.
  0.         0.         0.06672283 0.         0.         0.22573155
  0.         0.         0.         0.19110636 0.         0.
  0.11737629 0.         0.17867417 0.22038879 0.         0.        ]
 [0.         0.11106773 0.1173352  0.         0.         0.
  0.         0.         0.         0.         0.14918626 0.
  0.         0.         0.         0.02848101 0.13952819 0.
  0.         0.         0.         0.         0.14682311 0.
  0.05400296 0.10870459 0.         0.         0.14487095 0.        ]
 [0.         0.         0.         0.07890843 0.         0.09986849
  0.         0.05671544 0.         0.07664804 0.         0.09134062
  0.07664804 0.         0.         0.07652474 0.         0.
  0.10490301 0.09370376 0.0763398  0.         0.         0.09123788
  0.         0.         0.         0.         0.         0.07716176]]
iteration: 1
user 6, emp_avg: 0.444177649903248, h: 0, ucb: inf,num_of_obs(calculated after picking at this round): 1, privacy reward: 0.9417645335842487, g: 0.13229119083107269, curr_delay = 0.11256757293144115, data_size = 3540
user 10, emp_avg: 0.3940898588132432, h: 0, ucb: inf,num_of_obs(calculated after picking at this round): 1, privacy reward: 0.9417645335842487, g: 0.0222565392123842, curr_delay = 0.1268746172524442, data_size = 1452
user 24, emp_avg: 0.0638314926515606, h: 0, ucb: inf,num_of_obs(calculated after picking at this round): 1, privacy reward: 0.9417645335842487, g: 0.029370848584282166, curr_delay = 0.7833124046297476, data_size = 1668
user 29, emp_avg: 0.05311341009383362, h: 0, ucb: inf,num_of_obs(calculated after picking at this round): 1, privacy reward: 0.9417645335842487, g: 0.005953937559442994, curr_delay = 0.9413818452188767, data_size = 751
num of fast users chosen: 2, num of slow users chosen: 2
max_delay = 0.94 seconds
