Namespace(data='cifar10', full_exp=False, i_i_d=False, wandb=True, method_choosing_users='sa_pause', model='cnn3', num_users=30, num_users_per_round=5, global_epochs=400, max_seconds=600, epsilon_bar=100, epsilon_sum_deascent_coeff=0.04, delta_f=0.012, accel_ucb_coeff=1, alpha=20, beta=2, gamma=40, alternative_privacy_reward=False, choosing_users_verbose=True, sa_pause_verbose=False, snr_verbose=True, dirichlet_coeff=3, label_dominance=0.25, bar_plot_interval=30, max_iterations_sa_pause=500, sa_pause_simulation=False, max_time_sa_pause=600, pre_sa_pause_rounds=1, beta_max_reduction=70, data_truncation=None, tau_min=0.05, production=False, privacy_noise='laplace', privacy=True, save_best_model=False, seed=1, norm_mean=0.5, norm_std=0.5, train_batch_size=20, test_batch_size=1000, local_epochs=1, local_iterations=100, lr=0.01, momentum=0.5, lr_scheduler=False, optimizer='adam', device=device(type='cuda'))
=================================================================
Layer (type:depth-idx)                   Param #
=================================================================
CNN3LayerCifar                           --
├─Conv2d: 1-1                            896
├─BatchNorm2d: 1-2                       64
├─Conv2d: 1-3                            18,496
├─BatchNorm2d: 1-4                       128
├─Conv2d: 1-5                            73,856
├─BatchNorm2d: 1-6                       256
├─MaxPool2d: 1-7                         --
├─Linear: 1-8                            65,664
├─BatchNorm1d: 1-9                       256
├─Linear: 1-10                           8,256
├─BatchNorm1d: 1-11                      128
├─Linear: 1-12                           2,080
├─BatchNorm1d: 1-13                      64
├─Linear: 1-14                           330
├─Dropout: 1-15                          --
├─Dropout: 1-16                          --
├─Dropout: 1-17                          --
=================================================================
Total params: 170,474
Trainable params: 170,474
Non-trainable params: 0
=================================================================
iteration: 1
user 10, emp_avg: 0.2526081571199561, h: 0, ucb: inf,num_of_obs: 0, privacy reward: 0.9607894391523232, g: 0.02165084999578547, curr_delay = 0.19793501749928244, data_size = 1452
user 17, emp_avg: 0.058725700888811315, h: 0, ucb: inf,num_of_obs: 0, privacy reward: 0.9607894391523232, g: 0.049568049777122876, curr_delay = 0.8514159770467078, data_size = 2197
user 18, emp_avg: 0.06374562004293785, h: 0, ucb: inf,num_of_obs: 0, privacy reward: 0.9607894391523232, g: 0.010705160982693486, curr_delay = 0.7843676156310182, data_size = 1021
user 24, emp_avg: 0.05499618883417436, h: 0, ucb: inf,num_of_obs: 0, privacy reward: 0.9607894391523232, g: 0.028571550629640806, curr_delay = 0.9091539079328029, data_size = 1668
user 27, emp_avg: 0.05824745132584639, h: 0, ucb: inf,num_of_obs: 0, privacy reward: 0.9607894391523232, g: 0.0545611578305871, curr_delay = 0.8584066574911801, data_size = 2305
num of fast users chosen: 1, num of slow users chosen: 4
max_delay = 0.91 seconds
after cleansing the weights updates who were almost zeros (meaning with absolute value of less than 10**-7, 0.00% of the weights upadtes) we get:
user No.10 has been picked 1, his deltas theta's mean
 is -0.0003728365118149668,
the empirical var of deltas thetas is 0.003945904318243265
the minimum of the deltas theta is -0.2977527379989624 and the maximum is 0.321327805519104
the added laplace noise var is 0.003060399989333737
global epoch 1 has been done artifficialy in 0.91 secs, the total time by now is 0.91 
 with avg train loss 2.011, val loss 2.336, avg val acc 10.00%
iteration: 2
user 2, emp_avg: 1.0, h: 0, ucb: inf,num_of_obs: 0, privacy reward: 0.9607894391523232, g: 0.013392878415021535, curr_delay = 0.05, data_size = 1142
user 8, emp_avg: 0.3895325521002063, h: 0, ucb: inf,num_of_obs: 0, privacy reward: 0.9607894391523232, g: 0.09328852239919593, curr_delay = 0.12835897726754714, data_size = 3014
user 13, emp_avg: 0.2706086138777417, h: 0, ucb: inf,num_of_obs: 0, privacy reward: 0.9607894391523232, g: 0.09465536898983896, curr_delay = 0.1847686933668324, data_size = 3036
user 23, emp_avg: 0.05370766129047709, h: 0, ucb: inf,num_of_obs: 0, privacy reward: 0.9607894391523232, g: 0.008097811254485434, curr_delay = 0.9309658770948104, data_size = 888
user 26, emp_avg: 0.05572659602219032, h: 0, ucb: inf,num_of_obs: 0, privacy reward: 0.9607894391523232, g: 0.03105566850895542, curr_delay = 0.8972376489690849, data_size = 1739
num of fast users chosen: 3, num of slow users chosen: 2
max_delay = 0.93 seconds
after cleansing the weights updates who were almost zeros (meaning with absolute value of less than 10**-7, 0.00% of the weights upadtes) we get:
user No.2 has been picked 1, his deltas theta's mean
 is -0.0004200684779789299,
the empirical var of deltas thetas is 0.003823812585324049
the minimum of the deltas theta is -0.23120827972888947 and the maximum is 0.25390082597732544
the added laplace noise var is 0.003060399989333737
global epoch 2 has been done artifficialy in 0.93 secs, the total time by now is 1.84 
 with avg train loss 2.000, val loss 2.333, avg val acc 10.00%
iteration: 3
user 0, emp_avg: 1.0, h: 0, ucb: inf,num_of_obs: 0, privacy reward: 0.9607894391523232, g: 0.14954036984999725, curr_delay = 0.05, data_size = 3816
user 4, emp_avg: 0.34890572871227044, h: 0, ucb: inf,num_of_obs: 0, privacy reward: 0.9607894391523232, g: 0.16694859375207952, curr_delay = 0.14330518499807476, data_size = 4032
user 6, emp_avg: 0.5296459851169516, h: 0, ucb: inf,num_of_obs: 0, privacy reward: 0.9607894391523232, g: 0.1286910197994147, curr_delay = 0.0944026791573988, data_size = 3540
user 15, emp_avg: 0.07272256801713142, h: 0, ucb: inf,num_of_obs: 0, privacy reward: 0.9607894391523232, g: 0.010726141204967591, curr_delay = 0.687544477090267, data_size = 1022
user 20, emp_avg: 0.07148530748966578, h: 0, ucb: inf,num_of_obs: 0, privacy reward: 0.9607894391523232, g: 0.005669168245814348, curr_delay = 0.6994444278948959, data_size = 743
num of fast users chosen: 3, num of slow users chosen: 2
max_delay = 0.70 seconds
after cleansing the weights updates who were almost zeros (meaning with absolute value of less than 10**-7, 0.00% of the weights upadtes) we get:
user No.4 has been picked 1, his deltas theta's mean
 is -0.0013129011495038867,
the empirical var of deltas thetas is 0.004682323895394802
the minimum of the deltas theta is -0.31305184960365295 and the maximum is 0.3485974967479706
the added laplace noise var is 0.003060399989333737
global epoch 3 has been done artifficialy in 0.70 secs, the total time by now is 2.54 
 with avg train loss 1.968, val loss 2.325, avg val acc 10.00%
iteration: 4
user 1, emp_avg: 1.0, h: 0, ucb: inf,num_of_obs: 0, privacy reward: 0.9607894391523232, g: 0.01200032771456349, curr_delay = 0.05, data_size = 1081
user 3, emp_avg: 1.0, h: 0, ucb: inf,num_of_obs: 0, privacy reward: 0.9607894391523232, g: 0.006057091836810143, curr_delay = 0.05, data_size = 768
user 11, emp_avg: 0.43708893926700815, h: 0, ucb: inf,num_of_obs: 0, privacy reward: 0.9607894391523232, g: 0.008116059837442404, curr_delay = 0.11439319440077637, data_size = 889
user 21, emp_avg: 0.06242349394131662, h: 0, ucb: inf,num_of_obs: 0, privacy reward: 0.9607894391523232, g: 0.03552774203597745, curr_delay = 0.8009804777509609, data_size = 1860
user 29, emp_avg: 0.0513303505353479, h: 0, ucb: inf,num_of_obs: 0, privacy reward: 0.9607894391523232, g: 0.006721075307968714, curr_delay = 0.9740825745105369, data_size = 809
num of fast users chosen: 3, num of slow users chosen: 2
max_delay = 0.97 seconds
after cleansing the weights updates who were almost zeros (meaning with absolute value of less than 10**-7, 0.00% of the weights upadtes) we get:
user No.3 has been picked 1, his deltas theta's mean
 is -0.0024654963053762913,
the empirical var of deltas thetas is 0.0035892471205443144
the minimum of the deltas theta is -0.1993768960237503 and the maximum is 0.19684812426567078
the added laplace noise var is 0.003060399989333737
global epoch 4 has been done artifficialy in 0.97 secs, the total time by now is 3.51 
 with avg train loss 1.945, val loss 2.324, avg val acc 10.00%
iteration: 5
user 12, emp_avg: 0.36688711636693944, h: 0, ucb: inf,num_of_obs: 0, privacy reward: 0.9607894391523232, g: 0.00571504130156493, curr_delay = 0.13628170020010424, data_size = 746
user 14, emp_avg: 0.2894908823477208, h: 0, ucb: inf,num_of_obs: 0, privacy reward: 0.9607894391523232, g: 0.07359333103738706, curr_delay = 0.17271701130795097, data_size = 2677
user 22, emp_avg: 0.062153687288549246, h: 0, ucb: inf,num_of_obs: 0, privacy reward: 0.9607894391523232, g: 0.02097037399551666, curr_delay = 0.8044575017387849, data_size = 1429
user 25, emp_avg: 0.06360863459278708, h: 0, ucb: inf,num_of_obs: 0, privacy reward: 0.9607894391523232, g: 0.01149510794206263, curr_delay = 0.7860568037671691, data_size = 1058
user 28, emp_avg: 0.055352966579520185, h: 0, ucb: inf,num_of_obs: 0, privacy reward: 0.9607894391523232, g: 0.0358340142577606, curr_delay = 0.9032939531464841, data_size = 1868
num of fast users chosen: 2, num of slow users chosen: 3
max_delay = 0.90 seconds
after cleansing the weights updates who were almost zeros (meaning with absolute value of less than 10**-7, 0.00% of the weights upadtes) we get:
user No.28 has been picked 1, his deltas theta's mean
 is -0.0026963339187204838,
the empirical var of deltas thetas is 0.004633879754692316
the minimum of the deltas theta is -0.30900999903678894 and the maximum is 0.3461296260356903
the added laplace noise var is 0.003060399989333737
global epoch 5 has been done artifficialy in 0.90 secs, the total time by now is 4.42 
 with avg train loss 1.975, val loss 2.328, avg val acc 10.00%
iteration: 6
user 5, emp_avg: 0.6876686706445673, h: 0, ucb: inf,num_of_obs: 0, privacy reward: 0.9607894391523232, g: 0.009702289927077964, curr_delay = 0.07270943425870177, data_size = 972
user 7, emp_avg: 0.2563756249324346, h: 0, ucb: inf,num_of_obs: 0, privacy reward: 0.9607894391523232, g: 0.003129103107102114, curr_delay = 0.19502634079654427, data_size = 552
user 9, emp_avg: 0.42099502227724855, h: 0, ucb: inf,num_of_obs: 0, privacy reward: 0.9607894391523232, g: 0.00571504130156493, curr_delay = 0.11876624984670776, data_size = 746
user 16, emp_avg: 0.07040895018370012, h: 0, ucb: inf,num_of_obs: 0, privacy reward: 0.9607894391523232, g: 0.01893831161522613, curr_delay = 0.710136990674449, data_size = 1358
user 19, emp_avg: 0.0634469715134162, h: 0, ucb: inf,num_of_obs: 0, privacy reward: 0.9607894391523232, g: 0.008541445910501802, curr_delay = 0.7880596789308886, data_size = 912
num of fast users chosen: 3, num of slow users chosen: 2
max_delay = 0.79 seconds
after cleansing the weights updates who were almost zeros (meaning with absolute value of less than 10**-7, 0.00% of the weights upadtes) we get:
user No.7 has been picked 1, his deltas theta's mean
 is -0.0008635369595140219,
the empirical var of deltas thetas is 0.00313824275508523
the minimum of the deltas theta is -0.1962837129831314 and the maximum is 0.1903465837240219
the added laplace noise var is 0.003060399989333737
global epoch 6 has been done artifficialy in 0.79 secs, the total time by now is 5.21 
 with avg train loss 1.963, val loss 2.319, avg val acc 10.00%
iteration: 7
user 0, emp_avg: 0.882937125477196, h: 3.416937355927363, ucb: 4.416937355927363,num_of_obs: 1, privacy reward: 0.9231163463866358, g: 0.05946153328902508, curr_delay = 0.06528486881193962, data_size = 3816
user 4, emp_avg: 0.6014032437590157, h: 3.416937355927363, ucb: 3.7658430846396334,num_of_obs: 1, privacy reward: 0.9231163463866358, g: 0.07061577606886518, curr_delay = 0.05855481387547711, data_size = 4032
user 6, emp_avg: 0.5349624769777992, h: 3.416937355927363, ucb: 3.9465833410443145,num_of_obs: 1, privacy reward: 0.9231163463866358, g: 0.046603381339085294, curr_delay = 0.09254478312838492, data_size = 3540
user 8, emp_avg: 0.6790273726613689, h: 3.416937355927363, ucb: 3.8064699080275695,num_of_obs: 1, privacy reward: 0.9231163463866358, g: 0.026430486116178473, curr_delay = 0.05162504313260667, data_size = 3014
user 13, emp_avg: 0.26342621629351787, h: 3.416937355927363, ucb: 3.6875459698051047,num_of_obs: 1, privacy reward: 0.9231163463866358, g: 0.027160353148074617, curr_delay = 0.19512665808623658, data_size = 3036
num of fast users chosen: 5, num of slow users chosen: 0
max_delay = 0.20 seconds
after cleansing the weights updates who were almost zeros (meaning with absolute value of less than 10**-7, 0.00% of the weights upadtes) we get:
user No.0 has been picked 2, his deltas theta's mean
 is -0.0011247345246374607,
the empirical var of deltas thetas is 0.0032549810130149126
the minimum of the deltas theta is -0.33625128865242004 and the maximum is 0.3873656988143921
the added laplace noise var is 0.0031852972822368235
global epoch 7 has been done artifficialy in 0.20 secs, the total time by now is 5.40 
 with avg train loss 1.871, val loss 2.321, avg val acc 10.00%
iteration: 8
user 14, emp_avg: 0.31911838791258174, h: 3.5322300675464238, ucb: 3.8217209498941447,num_of_obs: 1, privacy reward: 0.9231163463866358, g: 0.02139810404103522, curr_delay = 0.14337086381558806, data_size = 2677
user 17, emp_avg: 0.061877274787765765, h: 3.5322300675464238, ucb: 3.590955768435235,num_of_obs: 1, privacy reward: 0.9231163463866358, g: 0.00953334162957525, curr_delay = 0.7688895161111884, data_size = 2197
user 21, emp_avg: 0.06742379508962607, h: 3.5322300675464238, ucb: 3.5946535614877404,num_of_obs: 1, privacy reward: 0.9231163463866358, g: 0.004030731496861119, curr_delay = 0.6903779625462578, data_size = 1860
user 27, emp_avg: 0.05842521648538394, h: 3.5322300675464238, ucb: 3.59047751887227,num_of_obs: 1, privacy reward: 0.9231163463866358, g: 0.01179033294205852, curr_delay = 0.8531989089386713, data_size = 2305
user 28, emp_avg: 0.0555120459716845, h: 3.5322300675464238, ucb: 3.587583034125944,num_of_obs: 1, privacy reward: 0.9231163463866358, g: 0.004134328404497534, curr_delay = 0.8981316557410303, data_size = 1868
num of fast users chosen: 1, num of slow users chosen: 4
max_delay = 0.90 seconds
after cleansing the weights updates who were almost zeros (meaning with absolute value of less than 10**-7, 0.00% of the weights upadtes) we get:
user No.14 has been picked 2, his deltas theta's mean
 is -0.004156186245381832,
the empirical var of deltas thetas is 0.004079863429069519
the minimum of the deltas theta is -0.35790225863456726 and the maximum is 0.3642076551914215
the added laplace noise var is 0.0031852972822368235
global epoch 8 has been done artifficialy in 0.90 secs, the total time by now is 6.30 
 with avg train loss 1.905, val loss 2.326, avg val acc 10.00%
iteration: 9
user 1, emp_avg: 0.659000138287774, h: 3.63088797183517, ucb: 4.63088797183517,num_of_obs: 1, privacy reward: 0.9231163463866358, g: -2.449549951100872e-06, curr_delay = 0.15723256765193844, data_size = 1081
user 10, emp_avg: 0.2803641070477687, h: 3.63088797183517, ucb: 3.883496128955126,num_of_obs: 1, privacy reward: 0.9231163463866358, g: 0.001298244992457593, curr_delay = 0.16227440852369607, data_size = 1452
user 22, emp_avg: 0.06173245643531394, h: 3.63088797183517, ucb: 3.693041659123719,num_of_obs: 1, privacy reward: 0.9231163463866358, g: 0.0011357170172304437, curr_delay = 0.8155113443795694, data_size = 1429
user 24, emp_avg: 0.05957479040978435, h: 3.63088797183517, ucb: 3.6858841606693447,num_of_obs: 1, privacy reward: 0.9231163463866358, g: 0.0033547380867912434, curr_delay = 0.7793820163302262, data_size = 1668
user 26, emp_avg: 0.05684594192766869, h: 3.63088797183517, ucb: 3.6866145678573603,num_of_obs: 1, privacy reward: 0.9231163463866358, g: 0.004239972932281601, curr_delay = 0.8625852103749556, data_size = 1739
num of fast users chosen: 2, num of slow users chosen: 3
max_delay = 0.86 seconds
after cleansing the weights updates who were almost zeros (meaning with absolute value of less than 10**-7, 0.00% of the weights upadtes) we get:
user No.1 has been picked 2, his deltas theta's mean
 is -0.0004202681011520326,
the empirical var of deltas thetas is 0.0023886989802122116
the minimum of the deltas theta is -0.2493329644203186 and the maximum is 0.2657901346683502
the added laplace noise var is 0.0031852972822368235
global epoch 9 has been done artifficialy in 0.86 secs, the total time by now is 7.16 
 with avg train loss 1.885, val loss 2.318, avg val acc 10.01%
iteration: 10
user 2, emp_avg: 0.798222330258624, h: 3.7169221888498387, ucb: 4.716922188849839,num_of_obs: 1, privacy reward: 0.9231163463866358, g: 0.0002473575394641779, curr_delay = 0.08383007395294488, data_size = 1142
user 3, emp_avg: 0.672830244188356, h: 3.7169221888498387, ucb: 4.716922188849839,num_of_obs: 1, privacy reward: 0.9231163463866358, g: -0.0004916277103407459, curr_delay = 0.14465060856336115, data_size = 768
user 5, emp_avg: 0.5530787575062628, h: 3.7169221888498387, ucb: 4.404590859494406,num_of_obs: 1, privacy reward: 0.9231163463866358, g: -2.249392015134859e-06, curr_delay = 0.11947749784230154, data_size = 972
user 9, emp_avg: 0.3344539028447874, h: 3.7169221888498387, ucb: 4.137917211127087,num_of_obs: 1, privacy reward: 0.9231163463866358, g: -0.0005954628662183547, curr_delay = 0.20168383135306292, data_size = 746
user 11, emp_avg: 0.3714045933897391, h: 3.7169221888498387, ucb: 4.154011128116847,num_of_obs: 1, privacy reward: 0.9231163463866358, g: -9.822440979749077e-05, curr_delay = 0.16354821248128337, data_size = 889
num of fast users chosen: 5, num of slow users chosen: 0
max_delay = 0.20 seconds
after cleansing the weights updates who were almost zeros (meaning with absolute value of less than 10**-7, 0.00% of the weights upadtes) we get:
user No.11 has been picked 2, his deltas theta's mean
 is 0.0005544996820390224,
the empirical var of deltas thetas is 0.001709070522338152
the minimum of the deltas theta is -0.22674383223056793 and the maximum is 0.25504493713378906
the added laplace noise var is 0.0031852972822368235
global epoch 10 has been done artifficialy in 0.20 secs, the total time by now is 7.36 
 with avg train loss 1.903, val loss 2.276, avg val acc 10.36%
iteration: 11
user 15, emp_avg: 0.06880380041969816, h: 3.793068894284709, ucb: 3.86579146230184,num_of_obs: 1, privacy reward: 0.9231163463866358, g: 0.00016022482779720615, curr_delay = 0.770593738265673, data_size = 1022
user 16, emp_avg: 0.07082794714416552, h: 3.793068894284709, ucb: 3.863477844468409,num_of_obs: 1, privacy reward: 0.9231163463866358, g: 0.0021815856423008737, curr_delay = 0.7017844853327554, data_size = 1358
user 18, emp_avg: 0.06702815099063866, h: 3.793068894284709, ucb: 3.8568145143276467,num_of_obs: 1, privacy reward: 0.9231163463866358, g: 0.0001576696340818932, curr_delay = 0.7111294986990545, data_size = 1021
user 19, emp_avg: 0.06454171064289735, h: 3.793068894284709, ucb: 3.856515865798125,num_of_obs: 1, privacy reward: 0.9231163463866358, g: 2.2826747987864045e-06, curr_delay = 0.7617718534959713, data_size = 912
user 25, emp_avg: 0.06357308779790584, h: 3.793068894284709, ucb: 3.856677528877496,num_of_obs: 1, privacy reward: 0.9231163463866358, g: 0.0002658905367756503, curr_delay = 0.7869363404797147, data_size = 1058
num of fast users chosen: 0, num of slow users chosen: 5
max_delay = 0.79 seconds
after cleansing the weights updates who were almost zeros (meaning with absolute value of less than 10**-7, 0.00% of the weights upadtes) we get:
user No.15 has been picked 2, his deltas theta's mean
 is 0.0010068243136629462,
the empirical var of deltas thetas is 0.0013683136785402894
the minimum of the deltas theta is -0.24310633540153503 and the maximum is 0.24200287461280823
the added laplace noise var is 0.0031852972822368235
global epoch 11 has been done artifficialy in 0.79 secs, the total time by now is 8.15 
 with avg train loss 1.877, val loss 2.290, avg val acc 10.00%
iteration: 12
user 7, emp_avg: 0.38933112690656574, h: 3.8612743879097744, ucb: 4.117650012842209,num_of_obs: 1, privacy reward: 0.9231163463866358, g: -0.00075048310079666, curr_delay = 0.09573287393390503, data_size = 552
user 12, emp_avg: 0.34108957567071757, h: 3.8612743879097744, ucb: 4.228161504276714,num_of_obs: 1, privacy reward: 0.9231163463866358, g: -5.9837049887228114e-05, curr_delay = 0.15858313707177712, data_size = 746
user 20, emp_avg: 0.06645032465225696, h: 3.8612743879097744, ucb: 3.93275969539944,num_of_obs: 1, privacy reward: 0.9231163463866358, g: -6.463282267333106e-05, curr_delay = 0.8141288238814574, data_size = 743
user 23, emp_avg: 0.054104714721049135, h: 3.8612743879097744, ucb: 3.9149820492002516,num_of_obs: 1, privacy reward: 0.9231163463866358, g: 4.4282452071345873e-05, curr_delay = 0.9174014292692765, data_size = 888
user 29, emp_avg: 0.05372321183751301, h: 3.8612743879097744, ucb: 3.9126047384451224,num_of_obs: 1, privacy reward: 0.9231163463866358, g: -1.8256570206434684e-06, curr_delay = 0.8910103149153962, data_size = 809
num of fast users chosen: 2, num of slow users chosen: 3
max_delay = 0.92 seconds
after cleansing the weights updates who were almost zeros (meaning with absolute value of less than 10**-7, 0.00% of the weights upadtes) we get:
user No.12 has been picked 2, his deltas theta's mean
 is -0.00021474843379110098,
the empirical var of deltas thetas is 0.0013028878020122647
the minimum of the deltas theta is -0.1989859640598297 and the maximum is 0.23305000364780426
the added laplace noise var is 0.0031852972822368235
global epoch 12 has been done artifficialy in 0.92 secs, the total time by now is 9.07 
 with avg train loss 1.854, val loss 2.209, avg val acc 15.38%
iteration: 13
user 0, emp_avg: 0.722768987843123, h: 2.7739589168523406, ucb: 3.656896042329537,num_of_obs: 2, privacy reward: 0.8869204367171574, g: 0.054223009090336595, curr_delay = 0.12424437287931589, data_size = 3816
user 2, emp_avg: 0.8654815535057493, h: 2.7739589168523406, ucb: 3.5721812471109646,num_of_obs: 2, privacy reward: 0.8869204367171574, g: -0.0014530238135723474, curr_delay = 0.05, data_size = 1142
user 4, emp_avg: 0.558948907566818, h: 2.7739589168523406, ucb: 3.375362160611356,num_of_obs: 2, privacy reward: 0.8869204367171574, g: 0.06489617639923499, curr_delay = 0.10547627878202943, data_size = 4032
user 6, emp_avg: 0.5176773654294976, h: 2.7739589168523406, ucb: 3.30892139383014,num_of_obs: 2, privacy reward: 0.8869204367171574, g: 0.0419795646866001, curr_delay = 0.10349671039544786, data_size = 3540
user 8, emp_avg: 0.5820024161743456, h: 2.7739589168523406, ucb: 3.4529862895137096,num_of_obs: 2, privacy reward: 0.8869204367171574, g: 0.022978177323486507, curr_delay = 0.1288817563684726, data_size = 3014
num of fast users chosen: 5, num of slow users chosen: 0
max_delay = 0.13 seconds
after cleansing the weights updates who were almost zeros (meaning with absolute value of less than 10**-7, 0.00% of the weights upadtes) we get:
user No.0 has been picked 3, his deltas theta's mean
 is -0.0011033009504899383,
the empirical var of deltas thetas is 0.003358006477355957
the minimum of the deltas theta is -0.33366894721984863 and the maximum is 0.34608232975006104
the added laplace noise var is 0.0033152917303578187
global epoch 13 has been done artifficialy in 0.13 secs, the total time by now is 9.20 
 with avg train loss 1.818, val loss 2.316, avg val acc 10.00%
iteration: 14
user 13, emp_avg: 0.24540197094539415, h: 2.8137469660304877, ucb: 3.0771731823240054,num_of_obs: 2, privacy reward: 0.8869204367171574, g: 0.027160353148074617, curr_delay = 0.23883051736467997, data_size = 3036
user 14, emp_avg: 0.3169990785128889, h: 2.8137469660304877, ucb: 3.1328653539430693,num_of_obs: 2, privacy reward: 0.8869204367171574, g: 0.016492663449719655, curr_delay = 0.15986675568197245, data_size = 2677
user 17, emp_avg: 0.06561661096913178, h: 2.8137469660304877, ucb: 2.8756242408182535,num_of_obs: 2, privacy reward: 0.8869204367171574, g: 0.006365118016660284, curr_delay = 0.6840386646152302, data_size = 2197
user 21, emp_avg: 0.06614051197623023, h: 2.8137469660304877, ucb: 2.8811707611201136,num_of_obs: 2, privacy reward: 0.8869204367171574, g: 0.0020821789708649094, curr_delay = 0.7864857121982483, data_size = 1860
user 27, emp_avg: 0.059610614042296985, h: 2.8137469660304877, ucb: 2.8721721825158717,num_of_obs: 2, privacy reward: 0.8869204367171574, g: 0.00823123550900342, curr_delay = 0.8066935018217567, data_size = 2305
num of fast users chosen: 2, num of slow users chosen: 3
max_delay = 0.81 seconds
after cleansing the weights updates who were almost zeros (meaning with absolute value of less than 10**-7, 0.00% of the weights upadtes) we get:
user No.13 has been picked 3, his deltas theta's mean
 is -0.0017724293284118176,
the empirical var of deltas thetas is 0.0029496210627257824
the minimum of the deltas theta is -0.41191330552101135 and the maximum is 0.3729022443294525
the added laplace noise var is 0.0033152917303578187
global epoch 14 has been done artifficialy in 0.81 secs, the total time by now is 10.00 
 with avg train loss 1.835, val loss 2.319, avg val acc 10.00%
iteration: 15
user 10, emp_avg: 0.34828211398398684, h: 2.8502895648173414, ucb: 3.13065367186511,num_of_obs: 2, privacy reward: 0.8869204367171574, g: 0.00019068695475497955, curr_delay = 0.10328057786513771, data_size = 1452
user 16, emp_avg: 0.07202653397777738, h: 2.8502895648173414, ucb: 2.9211175119615067,num_of_obs: 2, privacy reward: 0.8869204367171574, g: 1.8345844834744268e-05, curr_delay = 0.6718289316960467, data_size = 1358
user 24, emp_avg: 0.05921035195125864, h: 2.8502895648173414, ucb: 2.9098643552271257,num_of_obs: 2, privacy reward: 0.8869204367171574, g: 0.0012743385411842934, curr_delay = 0.8549715952060684, data_size = 1668
user 26, emp_avg: 0.057095461310786945, h: 2.8502895648173414, ucb: 2.90713550674501,num_of_obs: 2, privacy reward: 0.8869204367171574, g: 0.0018397967799097983, curr_delay = 0.8681384495591243, data_size = 1739
user 28, emp_avg: 0.05602524890918143, h: 2.8502895648173414, ucb: 2.905801610789026,num_of_obs: 2, privacy reward: 0.8869204367171574, g: 0.003132127125391107, curr_delay = 0.8763987686097537, data_size = 1868
num of fast users chosen: 1, num of slow users chosen: 4
max_delay = 0.88 seconds
after cleansing the weights updates who were almost zeros (meaning with absolute value of less than 10**-7, 0.00% of the weights upadtes) we get:
user No.10 has been picked 3, his deltas theta's mean
 is -0.0007684034644626081,
the empirical var of deltas thetas is 0.001205985783599317
the minimum of the deltas theta is -0.2581104338169098 and the maximum is 0.26997503638267517
the added laplace noise var is 0.0033152917303578187
global epoch 15 has been done artifficialy in 0.88 secs, the total time by now is 10.88 
 with avg train loss 1.832, val loss 2.291, avg val acc 10.13%
iteration: 16
user 1, emp_avg: 0.5468874347167912, h: 2.884053773201766, ucb: 3.54305391148954,num_of_obs: 2, privacy reward: 0.8869204367171574, g: -0.00023882589048566328, curr_delay = 0.15496090561324255, data_size = 1081
user 5, emp_avg: 0.5466053214681647, h: 2.884053773201766, ucb: 3.4371325307080287,num_of_obs: 2, privacy reward: 0.8869204367171574, g: -0.0007022392582494275, curr_delay = 0.09369288550938944, data_size = 972
user 15, emp_avg: 0.07031716244751196, h: 2.884053773201766, ucb: 2.952857573621464,num_of_obs: 2, privacy reward: 0.8869204367171574, g: -0.0004593698227219484, curr_delay = 0.6817200776217347, data_size = 1022
user 22, emp_avg: 0.060637971989145396, h: 2.884053773201766, ucb: 2.94578622963708,num_of_obs: 2, privacy reward: 0.8869204367171574, g: 0.0003924960060557772, curr_delay = 0.8554465833606376, data_size = 1429
user 25, emp_avg: 0.06114722739089858, h: 2.884053773201766, ucb: 2.9476268609996716,num_of_obs: 2, privacy reward: 0.8869204367171574, g: -0.0003162976461566695, curr_delay = 0.8881703539111753, data_size = 1058
num of fast users chosen: 2, num of slow users chosen: 3
max_delay = 0.89 seconds
after cleansing the weights updates who were almost zeros (meaning with absolute value of less than 10**-7, 0.00% of the weights upadtes) we get:
user No.1 has been picked 3, his deltas theta's mean
 is -0.00015597518358845264,
the empirical var of deltas thetas is 0.0020388485863804817
the minimum of the deltas theta is -0.27225461602211 and the maximum is 0.3425433039665222
the added laplace noise var is 0.0033152917303578187
global epoch 16 has been done artifficialy in 0.89 secs, the total time by now is 11.77 
 with avg train loss 1.803, val loss 2.245, avg val acc 10.64%
iteration: 17
user 3, emp_avg: 0.6119217285623716, h: 2.9154142127952674, ucb: 3.5882444569836234,num_of_obs: 2, privacy reward: 0.8869204367171574, g: -0.0015856115496143122, curr_delay = 0.10201901812896319, data_size = 768
user 11, emp_avg: 0.3151102498105323, h: 2.9154142127952674, ucb: 3.2868188061850065,num_of_obs: 2, privacy reward: 0.8869204367171574, g: -0.0007594368429812603, curr_delay = 0.2468872911369317, data_size = 889
user 12, emp_avg: 0.2977923958534463, h: 2.9154142127952674, ucb: 3.256503788465985,num_of_obs: 2, privacy reward: 0.8869204367171574, g: -0.0017681324156900659, curr_delay = 0.2367446255427096, data_size = 746
user 18, emp_avg: 0.06461818358753438, h: 2.9154142127952674, ucb: 2.982442363785906,num_of_obs: 2, privacy reward: 0.8869204367171574, g: -0.00020110958030654307, curr_delay = 0.8361448875006909, data_size = 1021
user 19, emp_avg: 0.06451132986802029, h: 2.9154142127952674, ucb: 2.9799559234381645,num_of_obs: 2, privacy reward: 0.8869204367171574, g: -0.0006364073601141935, curr_delay = 0.7757883491902325, data_size = 912
num of fast users chosen: 3, num of slow users chosen: 2
max_delay = 0.84 seconds
after cleansing the weights updates who were almost zeros (meaning with absolute value of less than 10**-7, 0.00% of the weights upadtes) we get:
user No.11 has been picked 3, his deltas theta's mean
 is -0.00101194204762578,
the empirical var of deltas thetas is 0.001391494763083756
the minimum of the deltas theta is -0.22494405508041382 and the maximum is 0.2390756458044052
the added laplace noise var is 0.0033152917303578187
global epoch 17 has been done artifficialy in 0.84 secs, the total time by now is 12.60 
 with avg train loss 1.800, val loss 2.033, avg val acc 25.48%
iteration: 18
user 7, emp_avg: 0.40754852013865644, h: 2.944675750178361, ucb: 3.3340068770849265,num_of_obs: 2, privacy reward: 0.8869204367171574, g: -0.003044029518447928, curr_delay = 0.11261684675168912, data_size = 552
user 9, emp_avg: 0.38885641670370674, h: 2.944675750178361, ucb: 3.279129653023148,num_of_obs: 2, privacy reward: 0.8869204367171574, g: -0.0012611887190810802, curr_delay = 0.10046990893199947, data_size = 746
user 20, emp_avg: 0.0651647291960898, h: 2.944675750178361, ucb: 3.0111260748306177,num_of_obs: 2, privacy reward: 0.8869204367171574, g: -0.0012828741013794114, curr_delay = 0.7988044991694643, data_size = 743
user 23, emp_avg: 0.05740408075770983, h: 2.944675750178361, ucb: 2.99878046489941,num_of_obs: 2, privacy reward: 0.8869204367171574, g: -0.0004461926043530689, curr_delay = 0.7812156651927328, data_size = 888
user 29, emp_avg: 0.05417623940573219, h: 2.944675750178361, ucb: 2.998398962015874,num_of_obs: 2, privacy reward: 0.8869204367171574, g: -0.000848495526457706, curr_delay = 0.9077327009629274, data_size = 809
num of fast users chosen: 2, num of slow users chosen: 3
max_delay = 0.91 seconds
after cleansing the weights updates who were almost zeros (meaning with absolute value of less than 10**-7, 0.00% of the weights upadtes) we get:
user No.20 has been picked 3, his deltas theta's mean
 is -0.0003093667619396001,
the empirical var of deltas thetas is 0.0008754809969104826
the minimum of the deltas theta is -0.2182876616716385 and the maximum is 0.21216779947280884
the added laplace noise var is 0.0033152917303578187
global epoch 18 has been done artifficialy in 0.91 secs, the total time by now is 13.51 
 with avg train loss 1.755, val loss 1.930, avg val acc 26.70%
iteration: 19
user 0, emp_avg: 0.6478909380301069, h: 2.426701044284788, ucb: 3.149470032127911,num_of_obs: 3, privacy reward: 0.8521437889662112, g: 0.05235390743812734, curr_delay = 0.11813159610845342, data_size = 3816
user 2, emp_avg: 0.7682199323539285, h: 2.426701044284788, ucb: 3.292182597790537,num_of_obs: 3, privacy reward: 0.8521437889662112, g: -0.0017780670602633806, curr_delay = 0.10494609499590718, data_size = 1142
user 4, emp_avg: 0.5421938019185198, h: 2.426701044284788, ucb: 2.985649951851606,num_of_obs: 3, privacy reward: 0.8521437889662112, g: 0.06284983641562615, curr_delay = 0.1016407903329297, data_size = 4032
user 6, emp_avg: 0.5141404264132137, h: 2.426701044284788, ucb: 2.9443784097142855,num_of_obs: 3, privacy reward: 0.8521437889662112, g: 0.04033693423562363, curr_delay = 0.09929902645272089, data_size = 3540
user 8, emp_avg: 0.5116162590774024, h: 2.426701044284788, ucb: 3.0087034604591336,num_of_obs: 3, privacy reward: 0.8521437889662112, g: 0.021767155031381224, curr_delay = 0.1664127276192189, data_size = 3014
num of fast users chosen: 5, num of slow users chosen: 0
max_delay = 0.17 seconds
after cleansing the weights updates who were almost zeros (meaning with absolute value of less than 10**-7, 0.00% of the weights upadtes) we get:
user No.0 has been picked 4, his deltas theta's mean
 is -0.0006765290163457394,
the empirical var of deltas thetas is 0.003502958221361041
the minimum of the deltas theta is -0.431892991065979 and the maximum is 0.5134752988815308
the added laplace noise var is 0.0034505913525473436
global epoch 19 has been done artifficialy in 0.17 secs, the total time by now is 13.68 
 with avg train loss 1.782, val loss 2.251, avg val acc 10.07%
iteration: 20
user 13, emp_avg: 0.24815305142645633, h: 2.4477468306808166, ucb: 2.6931488016262106,num_of_obs: 3, privacy reward: 0.8521437889662112, g: 0.02485703092741497, curr_delay = 0.19500301431923142, data_size = 3036
user 14, emp_avg: 0.28597835169674013, h: 2.4477468306808166, ucb: 2.7647459091937057,num_of_obs: 3, privacy reward: 0.8521437889662112, g: 0.014709058641764854, curr_delay = 0.2591799312440594, data_size = 2677
user 17, emp_avg: 0.06578098567094119, h: 2.4477468306808166, ucb: 2.513363441649948,num_of_obs: 3, privacy reward: 0.8521437889662112, g: 0.005276400000065725, curr_delay = 0.7544424235756074, data_size = 2197
user 21, emp_avg: 0.06585036883094668, h: 2.4477468306808166, ucb: 2.5138873426570467,num_of_obs: 3, privacy reward: 0.8521437889662112, g: 0.0014813293890378533, curr_delay = 0.7694682461303354, data_size = 1860
user 27, emp_avg: 0.058670029935054116, h: 2.4477468306808166, ucb: 2.5073574447231137,num_of_obs: 3, privacy reward: 0.8521437889662112, g: 0.006986167964352806, curr_delay = 0.8952827577993183, data_size = 2305
num of fast users chosen: 2, num of slow users chosen: 3
max_delay = 0.90 seconds
after cleansing the weights updates who were almost zeros (meaning with absolute value of less than 10**-7, 0.00% of the weights upadtes) we get:
user No.13 has been picked 4, his deltas theta's mean
 is -1.8986564100487158e-05,
the empirical var of deltas thetas is 0.002991098677739501
the minimum of the deltas theta is -0.4227415919303894 and the maximum is 0.43961039185523987
the added laplace noise var is 0.0034505913525473436
global epoch 20 has been done artifficialy in 0.90 secs, the total time by now is 14.57 
 with avg train loss 1.797, val loss 2.242, avg val acc 12.04%
iteration: 21
user 10, emp_avg: 0.3248002896722823, h: 2.467599010262171, ucb: 2.815881124246158,num_of_obs: 3, privacy reward: 0.8521437889662112, g: 1.8362383797019222e-05, curr_delay = 0.196575793772627, data_size = 1452
user 22, emp_avg: 0.060685904907403124, h: 2.467599010262171, ucb: 2.5282369822513164,num_of_obs: 3, privacy reward: 0.8521437889662112, g: 3.81955858177359e-06, curr_delay = 0.821966851551339, data_size = 1429
user 24, emp_avg: 0.05887859328107965, h: 2.467599010262171, ucb: 2.5268093622134296,num_of_obs: 3, privacy reward: 0.8521437889662112, g: 0.000685081895410189, curr_delay = 0.8638067470511998, data_size = 1668
user 26, emp_avg: 0.05722095952945995, h: 2.467599010262171, ucb: 2.524694471572958,num_of_obs: 3, privacy reward: 0.8521437889662112, g: 0.0011134930169507575, curr_delay = 0.8680939237173024, data_size = 1739
user 28, emp_avg: 0.0558486494042973, h: 2.467599010262171, ucb: 2.5236242591713522,num_of_obs: 3, privacy reward: 0.8521437889662112, g: 0.002156822262194647, curr_delay = 0.9038510235822611, data_size = 1868
num of fast users chosen: 1, num of slow users chosen: 4
max_delay = 0.90 seconds
after cleansing the weights updates who were almost zeros (meaning with absolute value of less than 10**-7, 0.00% of the weights upadtes) we get:
user No.10 has been picked 4, his deltas theta's mean
 is 0.000228847362450324,
the empirical var of deltas thetas is 0.0010861160699278116
the minimum of the deltas theta is -0.24819207191467285 and the maximum is 0.28235387802124023
the added laplace noise var is 0.0034505913525473436
global epoch 21 has been done artifficialy in 0.90 secs, the total time by now is 15.48 
 with avg train loss 1.767, val loss 2.202, avg val acc 15.99%
iteration: 22
user 1, emp_avg: 0.622025076501282, h: 2.48637987980852, ucb: 3.0332673145253115,num_of_obs: 3, privacy reward: 0.8521437889662112, g: -0.0007191852287926371, curr_delay = 0.05900136634251351, data_size = 1081
user 3, emp_avg: 0.7089412964217787, h: 2.48637987980852, ucb: 3.0983016083708916,num_of_obs: 3, privacy reward: 0.8521437889662112, g: -0.003426500259393195, curr_delay = 0.05, data_size = 768
user 5, emp_avg: 0.618702950542014, h: 2.48637987980852, ucb: 3.0329852012766847,num_of_obs: 3, privacy reward: 0.8521437889662112, g: -0.001433639610669973, curr_delay = 0.059880538008332033, data_size = 972
user 7, emp_avg: 0.3740479032317304, h: 2.48637987980852, ucb: 2.8939283999471765,num_of_obs: 3, privacy reward: 0.8521437889662112, g: -0.006468220782734511, curr_delay = 0.18278457883430096, data_size = 552
user 9, emp_avg: 0.35680069136950765, h: 2.48637987980852, ucb: 2.875236296512227,num_of_obs: 3, privacy reward: 0.8521437889662112, g: -0.0036924756665881937, curr_delay = 0.19184025480994582, data_size = 746
num of fast users chosen: 5, num of slow users chosen: 0
max_delay = 0.19 seconds
after cleansing the weights updates who were almost zeros (meaning with absolute value of less than 10**-7, 0.00% of the weights upadtes) we get:
user No.1 has been picked 4, his deltas theta's mean
 is -0.0019580700900405645,
the empirical var of deltas thetas is 0.0022692603524774313
the minimum of the deltas theta is -0.27978622913360596 and the maximum is 0.41127556562423706
the added laplace noise var is 0.0034505913525473436
global epoch 22 has been done artifficialy in 0.19 secs, the total time by now is 15.67 
 with avg train loss 1.726, val loss 1.927, avg val acc 29.70%
iteration: 23
user 15, emp_avg: 0.07403283210433904, h: 2.504194168162345, ucb: 2.574511330609857,num_of_obs: 3, privacy reward: 0.8521437889662112, g: -0.0007218731463672227, curr_delay = 0.5869933468892128, data_size = 1022
user 16, emp_avg: 0.07141474448699307, h: 2.504194168162345, ucb: 2.576220702140122,num_of_obs: 3, privacy reward: 0.8521437889662112, g: 5.157761489051166e-05, curr_delay = 0.7186037424290715, data_size = 1358
user 18, emp_avg: 0.06624229528422668, h: 2.504194168162345, ucb: 2.5688123517498793,num_of_obs: 3, privacy reward: 0.8521437889662112, g: -0.0007273288346339937, curr_delay = 0.7030902043198541, data_size = 1021
user 19, emp_avg: 0.06526930855741359, h: 2.504194168162345, ucb: 2.5687054980303654,num_of_obs: 3, privacy reward: 0.8521437889662112, g: -0.0014451280113980934, curr_delay = 0.7402664807881322, data_size = 912
user 25, emp_avg: 0.060254500849314004, h: 2.504194168162345, ucb: 2.5653413955532436,num_of_obs: 3, privacy reward: 0.8521437889662112, g: -0.0005391471039906257, curr_delay = 0.8684125511421449, data_size = 1058
num of fast users chosen: 0, num of slow users chosen: 5
max_delay = 0.87 seconds
after cleansing the weights updates who were almost zeros (meaning with absolute value of less than 10**-7, 0.00% of the weights upadtes) we get:
user No.15 has been picked 4, his deltas theta's mean
 is 0.0011500070104375482,
the empirical var of deltas thetas is 0.0012082355096936226
the minimum of the deltas theta is -0.24644771218299866 and the maximum is 0.22775870561599731
the added laplace noise var is 0.0034505913525473436
global epoch 23 has been done artifficialy in 0.87 secs, the total time by now is 16.54 
 with avg train loss 1.744, val loss 2.063, avg val acc 22.49%
iteration: 24
user 11, emp_avg: 0.3104268374260359, h: 2.5211322180115605, ucb: 2.836242467822093,num_of_obs: 3, privacy reward: 0.8521437889662112, g: -0.0012187655528862625, curr_delay = 0.16870427676820715, data_size = 889
user 12, emp_avg: 0.27576391563626274, h: 2.5211322180115605, ucb: 2.818924613865007,num_of_obs: 3, privacy reward: 0.8521437889662112, g: -0.0024405682573817107, curr_delay = 0.23846033792283905, data_size = 746
user 20, emp_avg: 0.06564458232482723, h: 2.5211322180115605, ucb: 2.5862969472076505,num_of_obs: 3, privacy reward: 0.8521437889662112, g: -0.002470698444436156, curr_delay = 0.7453326333870632, data_size = 743
user 23, emp_avg: 0.05812796824480623, h: 2.5211322180115605, ucb: 2.5785362987692704,num_of_obs: 3, privacy reward: 0.8521437889662112, g: -0.0012258513841976345, curr_delay = 0.829192474555996, data_size = 888
user 29, emp_avg: 0.05556664119582566, h: 2.5211322180115605, ucb: 2.5753084574172926,num_of_obs: 3, privacy reward: 0.8521437889662112, g: -0.0018505341648799415, curr_delay = 0.8369903314922787, data_size = 809
num of fast users chosen: 2, num of slow users chosen: 3
max_delay = 0.84 seconds
after cleansing the weights updates who were almost zeros (meaning with absolute value of less than 10**-7, 0.00% of the weights upadtes) we get:
user No.11 has been picked 4, his deltas theta's mean
 is 0.00045813710312359035,
the empirical var of deltas thetas is 0.0012772312620654702
the minimum of the deltas theta is -0.21682506799697876 and the maximum is 0.2562845051288605
the added laplace noise var is 0.0034505913525473436
global epoch 24 has been done artifficialy in 0.84 secs, the total time by now is 17.37 
 with avg train loss 1.648, val loss 1.782, avg val acc 35.47%
iteration: 25
user 0, emp_avg: 0.5988668274800902, h: 2.197342426046132, ucb: 2.845233364076239,num_of_obs: 4, privacy reward: 0.8187307530779817, g: 0.05139493004456556, curr_delay = 0.12414020947751106, data_size = 3816
user 2, emp_avg: 0.8145759458831427, h: 2.197342426046132, ucb: 2.9655623584000605,num_of_obs: 4, privacy reward: 0.8187307530779817, g: -0.001960045014129764, curr_delay = 0.05, data_size = 1142
user 4, emp_avg: 0.5321671671028166, h: 2.197342426046132, ucb: 2.739536227964652,num_of_obs: 4, privacy reward: 0.8187307530779817, g: 0.061798695089736594, curr_delay = 0.10161349470183123, data_size = 4032
user 6, emp_avg: 0.477983328510708, h: 2.197342426046132, ucb: 2.711482852459346,num_of_obs: 4, privacy reward: 0.8187307530779817, g: 0.0394957218667029, curr_delay = 0.14999027902471487, data_size = 3540
user 8, emp_avg: 0.4649710778073171, h: 2.197342426046132, ucb: 2.7089586851235343,num_of_obs: 4, privacy reward: 0.8187307530779817, g: 0.021150378905073517, curr_delay = 0.17960392488541493, data_size = 3014
num of fast users chosen: 5, num of slow users chosen: 0
max_delay = 0.18 seconds
after cleansing the weights updates who were almost zeros (meaning with absolute value of less than 10**-7, 0.00% of the weights upadtes) we get:
user No.0 has been picked 5, his deltas theta's mean
 is -0.0011281919432803988,
the empirical var of deltas thetas is 0.0031705473084002733
the minimum of the deltas theta is -0.46834519505500793 and the maximum is 0.40593284368515015
the added laplace noise var is 0.0035914126570663605
global epoch 25 has been done artifficialy in 0.18 secs, the total time by now is 17.55 
 with avg train loss 1.702, val loss 2.190, avg val acc 20.13%
iteration: 26
user 13, emp_avg: 0.24434266246213926, h: 2.2106887630402032, ucb: 2.4588418144666595,num_of_obs: 4, privacy reward: 0.8187307530779817, g: 0.023659045927786736, curr_delay = 0.21824425355672616, data_size = 3036
user 14, emp_avg: 0.2912713578652786, h: 2.2106887630402032, ucb: 2.4966671147369435,num_of_obs: 4, privacy reward: 0.8187307530779817, g: 0.013790921479746924, curr_delay = 0.16002899339271393, data_size = 2677
user 17, emp_avg: 0.06703350457604648, h: 2.2106887630402032, ucb: 2.2764697487111443,num_of_obs: 4, privacy reward: 0.8187307530779817, g: 0.0047324326487802335, curr_delay = 0.6940243650252623, data_size = 2197
user 21, emp_avg: 0.06548843660676262, h: 2.2106887630402032, ucb: 2.27653913187115,num_of_obs: 4, privacy reward: 0.8187307530779817, g: 0.0012000604257040952, curr_delay = 0.7807533955807906, data_size = 1860
user 27, emp_avg: 0.05912326205841404, h: 2.2106887630402032, ucb: 2.2693587929752574,num_of_obs: 4, privacy reward: 0.8187307530779817, g: 0.006358012405652516, curr_delay = 0.8205304523828484, data_size = 2305
num of fast users chosen: 2, num of slow users chosen: 3
max_delay = 0.82 seconds
after cleansing the weights updates who were almost zeros (meaning with absolute value of less than 10**-7, 0.00% of the weights upadtes) we get:
user No.13 has been picked 5, his deltas theta's mean
 is -0.002861371263861656,
the empirical var of deltas thetas is 0.0027586850337684155
the minimum of the deltas theta is -0.33149707317352295 and the maximum is 0.3871718943119049
the added laplace noise var is 0.0035914126570663605
global epoch 26 has been done artifficialy in 0.82 secs, the total time by now is 18.37 
 with avg train loss 1.717, val loss 2.175, avg val acc 20.91%
iteration: 27
user 10, emp_avg: 0.3541605985847553, h: 2.2234557110512667, ucb: 2.548256000723549,num_of_obs: 4, privacy reward: 0.8187307530779817, g: -1.0117746130454852e-06, curr_delay = 0.10602164022780775, data_size = 1452
user 22, emp_avg: 0.060617309104086935, h: 2.2234557110512667, ucb: 2.28414161595867,num_of_obs: 4, privacy reward: 0.8187307530779817, g: -1.1133141066450457e-05, curr_delay = 0.8285975408362608, data_size = 1429
user 24, emp_avg: 0.05965195183712348, h: 2.2234557110512667, ucb: 2.2823343043323465,num_of_obs: 4, privacy reward: 0.8187307530779817, g: 0.0004361023557728018, curr_delay = 0.7968713420800814, data_size = 1668
user 26, emp_avg: 0.057163122479273534, h: 2.2234557110512667, ucb: 2.2806766705807267,num_of_obs: 4, privacy reward: 0.8187307530779817, g: 0.0007883761899884056, curr_delay = 0.8782441902369763, data_size = 1739
user 28, emp_avg: 0.055650212881509085, h: 2.2234557110512667, ucb: 2.279304360455564,num_of_obs: 4, privacy reward: 0.8187307530779817, g: 0.001693371490655951, curr_delay = 0.9114695664065264, data_size = 1868
num of fast users chosen: 1, num of slow users chosen: 4
max_delay = 0.91 seconds
after cleansing the weights updates who were almost zeros (meaning with absolute value of less than 10**-7, 0.00% of the weights upadtes) we get:
user No.10 has been picked 5, his deltas theta's mean
 is 8.637970313429832e-05,
the empirical var of deltas thetas is 0.0012103632325306535
the minimum of the deltas theta is -0.26812034845352173 and the maximum is 0.3719269037246704
the added laplace noise var is 0.0035914126570663605
global epoch 27 has been done artifficialy in 0.91 secs, the total time by now is 19.29 
 with avg train loss 1.718, val loss 2.125, avg val acc 20.14%
iteration: 28
user 1, emp_avg: 0.5483772869613776, h: 2.235689326642413, ucb: 2.857714403143695,num_of_obs: 4, privacy reward: 0.8187307530779817, g: -0.0011096317523520956, curr_delay = 0.19701628389255485, data_size = 1081
user 3, emp_avg: 0.767153037137423, h: 2.235689326642413, ucb: 2.9446306230641914,num_of_obs: 4, privacy reward: 0.8187307530779817, g: -0.004228877778588554, curr_delay = 0.05, data_size = 768
user 5, emp_avg: 0.589717256185258, h: 2.235689326642413, ucb: 2.854392277184427,num_of_obs: 4, privacy reward: 0.8187307530779817, g: -0.0019675381422943295, curr_delay = 0.10553544405990431, data_size = 972
user 7, emp_avg: 0.36394832797822724, h: 2.235689326642413, ucb: 2.6097372298741432,num_of_obs: 4, privacy reward: 0.8187307530779817, g: -0.007554870171122697, curr_delay = 0.15453560758172996, data_size = 552
user 9, emp_avg: 0.32761560813941293, h: 2.235689326642413, ucb: 2.5924900180119206,num_of_obs: 4, privacy reward: 0.8187307530779817, g: -0.004523806802090229, curr_delay = 0.2371069815940512, data_size = 746
num of fast users chosen: 5, num of slow users chosen: 0
max_delay = 0.24 seconds
after cleansing the weights updates who were almost zeros (meaning with absolute value of less than 10**-7, 0.00% of the weights upadtes) we get:
user No.1 has been picked 5, his deltas theta's mean
 is -0.0015821863198652864,
the empirical var of deltas thetas is 0.0016879133181646466
the minimum of the deltas theta is -0.2601670026779175 and the maximum is 0.3201062083244324
the added laplace noise var is 0.0035914126570663605
global epoch 28 has been done artifficialy in 0.24 secs, the total time by now is 19.52 
 with avg train loss 1.635, val loss 1.813, avg val acc 34.51%
iteration: 29
user 15, emp_avg: 0.07304884947771477, h: 2.2474304761170503, ucb: 2.3214633082213894,num_of_obs: 4, privacy reward: 0.8187307530779817, g: -0.001180880987697726, curr_delay = 0.7234537441664514, data_size = 1022
user 16, emp_avg: 0.07013973414147881, h: 2.2474304761170503, ucb: 2.3188452206040435,num_of_obs: 4, privacy reward: 0.8187307530779817, g: -9.890784542577213e-08, curr_delay = 0.7687613191062761, data_size = 1358
user 18, emp_avg: 0.06483629742794686, h: 2.2474304761170503, ucb: 2.313672771401277,num_of_obs: 4, privacy reward: 0.8187307530779817, g: -0.0011878559811679956, curr_delay = 0.8444190637941427, data_size = 1021
user 19, emp_avg: 0.06504741433098553, h: 2.2474304761170503, ucb: 2.312699784674464,num_of_obs: 4, privacy reward: 0.8187307530779817, g: -0.002071259425113462, curr_delay = 0.7793037203099956, data_size = 912
user 25, emp_avg: 0.05932517882814292, h: 2.2474304761170503, ucb: 2.3076849769663643,num_of_obs: 4, privacy reward: 0.8187307530779817, g: -0.0009434599579951729, curr_delay = 0.8991529678884955, data_size = 1058
num of fast users chosen: 0, num of slow users chosen: 5
max_delay = 0.90 seconds
after cleansing the weights updates who were almost zeros (meaning with absolute value of less than 10**-7, 0.00% of the weights upadtes) we get:
user No.15 has been picked 5, his deltas theta's mean
 is 0.0002218317094957456,
the empirical var of deltas thetas is 0.0010503856465220451
the minimum of the deltas theta is -0.29101428389549255 and the maximum is 0.2600950598716736
the added laplace noise var is 0.0035914126570663605
global epoch 29 has been done artifficialy in 0.90 secs, the total time by now is 20.42 
 with avg train loss 1.679, val loss 1.846, avg val acc 36.00%
iteration: 30
user 11, emp_avg: 0.31367311750292, h: 2.2587155802564505, ucb: 2.569142417682486,num_of_obs: 4, privacy reward: 0.8187307530779817, g: -0.001870057045026964, curr_delay = 0.15306517397247618, data_size = 889
user 12, emp_avg: 0.2730886483977413, h: 2.2587155802564505, ucb: 2.5344794958927133,num_of_obs: 4, privacy reward: 0.8187307530779817, g: -0.0033333811655472737, curr_delay = 0.19055780043405948, data_size = 746
user 20, emp_avg: 0.06523832940544508, h: 2.2587155802564505, ucb: 2.3243601625812778,num_of_obs: 4, privacy reward: 0.8187307530779817, g: -0.0033685782354553875, curr_delay = 0.7859989352207252, data_size = 743
user 23, emp_avg: 0.05817511680259842, h: 2.2587155802564505, ucb: 2.316843548501257,num_of_obs: 4, privacy reward: 0.8187307530779817, g: -0.0018788318372895587, curr_delay = 0.8566967232613398, data_size = 888
user 29, emp_avg: 0.05529165003051273, h: 2.2587155802564505, ucb: 2.314282221452276,num_of_obs: 4, privacy reward: 0.8187307530779817, g: -0.0026369425331184675, curr_delay = 0.9226507656903644, data_size = 809
num of fast users chosen: 2, num of slow users chosen: 3
max_delay = 0.92 seconds
after cleansing the weights updates who were almost zeros (meaning with absolute value of less than 10**-7, 0.00% of the weights upadtes) we get:
user No.11 has been picked 5, his deltas theta's mean
 is 0.0007306470652110875,
the empirical var of deltas thetas is 0.0016749404603615403
the minimum of the deltas theta is -0.3066276013851166 and the maximum is 0.33128032088279724
the added laplace noise var is 0.0035914126570663605
global epoch 30 has been done artifficialy in 0.92 secs, the total time by now is 21.34 
 with avg train loss 1.607, val loss 1.700, avg val acc 37.25%
iteration: 31
user 0, emp_avg: 0.6657223562334086, h: 2.0299715873337183, ucb: 2.6288384148138086,num_of_obs: 5, privacy reward: 0.7866278610665532, g: 0.050811551107529045, curr_delay = 0.05, data_size = 3816
user 1, emp_avg: 0.6074168272252461, h: 2.0299715873337183, ucb: 2.578348874295096,num_of_obs: 5, privacy reward: 0.7866278610665532, g: -0.0026774741642445455, curr_delay = 0.0553946323915503, data_size = 1081
user 4, emp_avg: 0.5316674460506879, h: 2.0299715873337183, ucb: 2.562138754436535,num_of_obs: 5, privacy reward: 0.7866278610665532, g: 0.061158828581273375, curr_delay = 0.09448780076572626, data_size = 4032
user 6, emp_avg: 0.46678552619573566, h: 2.0299715873337183, ucb: 2.5079549158444263,num_of_obs: 5, privacy reward: 0.7866278610665532, g: 0.038984521493156066, curr_delay = 0.12171476198172038, data_size = 3540
user 8, emp_avg: 0.4475246065289302, h: 2.0299715873337183, ucb: 2.4949426651410356,num_of_obs: 5, privacy reward: 0.7866278610665532, g: 0.020776736228612074, curr_delay = 0.13877622952197344, data_size = 3014
num of fast users chosen: 5, num of slow users chosen: 0
max_delay = 0.14 seconds
after cleansing the weights updates who were almost zeros (meaning with absolute value of less than 10**-7, 0.00% of the weights upadtes) we get:
user No.0 has been picked 6, his deltas theta's mean
 is -0.0008740779594518244,
the empirical var of deltas thetas is 0.003308697370812297
the minimum of the deltas theta is -0.4064379036426544 and the maximum is 0.41510719060897827
the added laplace noise var is 0.0037379809880455804
global epoch 31 has been done artifficialy in 0.14 secs, the total time by now is 21.48 
 with avg train loss 1.670, val loss 2.134, avg val acc 23.25%
iteration: 32
user 13, emp_avg: 0.2329054337816682, h: 2.039333980337618, ucb: 2.2836766427997572,num_of_obs: 5, privacy reward: 0.7866278610665532, g: 0.022925329341480633, curr_delay = 0.28454474117251727, data_size = 3036
user 14, emp_avg: 0.2783014265605131, h: 2.039333980337618, ucb: 2.330605338202896,num_of_obs: 5, privacy reward: 0.7866278610665532, g: 0.01323210979194726, curr_delay = 0.2342449537495358, data_size = 2677
user 17, emp_avg: 0.06767080023370792, h: 2.039333980337618, ucb: 2.1063674849136644,num_of_obs: 5, privacy reward: 0.7866278610665532, g: 0.004407477092688342, curr_delay = 0.7056438102468925, data_size = 2197
user 21, emp_avg: 0.06592143126719589, h: 2.039333980337618, ucb: 2.1048224169443803,num_of_obs: 5, privacy reward: 0.7866278610665532, g: 0.0010392913620820361, curr_delay = 0.7343609978562327, data_size = 1860
user 27, emp_avg: 0.059287128121397796, h: 2.039333980337618, ucb: 2.098457242396032,num_of_obs: 5, privacy reward: 0.7866278610665532, g: 0.0059804392199263754, curr_delay = 0.8318573627653599, data_size = 2305
num of fast users chosen: 2, num of slow users chosen: 3
max_delay = 0.83 seconds
after cleansing the weights updates who were almost zeros (meaning with absolute value of less than 10**-7, 0.00% of the weights upadtes) we get:
user No.13 has been picked 6, his deltas theta's mean
 is -0.0004332768439780921,
the empirical var of deltas thetas is 0.0026545128785073757
the minimum of the deltas theta is -0.3175997734069824 and the maximum is 0.36597007513046265
the added laplace noise var is 0.0037379809880455804
global epoch 32 has been done artifficialy in 0.83 secs, the total time by now is 22.31 
 with avg train loss 1.697, val loss 2.036, avg val acc 27.86%
iteration: 33
user 10, emp_avg: 0.3434132954024282, h: 2.0483674166906134, ucb: 2.4025280152753687,num_of_obs: 5, privacy reward: 0.7866278610665532, g: -1.9122022162667214e-05, curr_delay = 0.1726061719130279, data_size = 1452
user 16, emp_avg: 0.0706746902976655, h: 2.0483674166906134, ucb: 2.1185071508320923,num_of_obs: 5, privacy reward: 0.7866278610665532, g: -0.00019317144914776484, curr_delay = 0.6816681738089373, data_size = 1358
user 24, emp_avg: 0.05938154413333508, h: 2.0483674166906134, ucb: 2.108019368527737,num_of_obs: 5, privacy reward: 0.7866278610665532, g: 0.00030681237485206893, curr_delay = 0.861630638941692, data_size = 1668
user 26, emp_avg: 0.057703418822503814, h: 2.0483674166906134, ucb: 2.105530539169887,num_of_obs: 5, privacy reward: 0.7866278610665532, g: 0.000610635208042695, curr_delay = 0.8277474104605679, data_size = 1739
user 28, emp_avg: 0.05544377848185855, h: 2.0483674166906134, ucb: 2.1040176295721227,num_of_obs: 5, privacy reward: 0.7866278610665532, g: 0.001427599816707112, curr_delay = 0.9189215910224031, data_size = 1868
num of fast users chosen: 1, num of slow users chosen: 4
max_delay = 0.92 seconds
after cleansing the weights updates who were almost zeros (meaning with absolute value of less than 10**-7, 0.00% of the weights upadtes) we get:
user No.10 has been picked 6, his deltas theta's mean
 is -4.714708120445721e-05,
the empirical var of deltas thetas is 0.0011393629247322679
the minimum of the deltas theta is -0.2758834958076477 and the maximum is 0.37430912256240845
the added laplace noise var is 0.0037379809880455804
global epoch 33 has been done artifficialy in 0.92 secs, the total time by now is 23.23 
 with avg train loss 1.664, val loss 1.988, avg val acc 29.12%
iteration: 34
user 2, emp_avg: 0.7396592241915377, h: 2.0570932476529578, ucb: 2.8716691935361007,num_of_obs: 5, privacy reward: 0.7866278610665532, g: -0.0009816452935271522, curr_delay = 0.13695792828984124, data_size = 1142
user 3, emp_avg: 0.7030821255129248, h: 2.0570932476529578, ucb: 2.8242462847903806,num_of_obs: 5, privacy reward: 0.7866278610665532, g: -0.004793000993386289, curr_delay = 0.13064122958509852, data_size = 768
user 5, emp_avg: 0.5901586186037803, h: 2.0570932476529578, ucb: 2.646810503838216,num_of_obs: 5, privacy reward: 0.7866278610665532, g: -0.0023579396592520044, curr_delay = 0.08440735635301919, data_size = 972
user 9, emp_avg: 0.3124157254970677, h: 2.0570932476529578, ucb: 2.3847088557923706,num_of_obs: 5, privacy reward: 0.7866278610665532, g: -0.005106664709792285, curr_delay = 0.21149132865101405, data_size = 746
user 11, emp_avg: 0.31822439675220887, h: 2.0570932476529578, ucb: 2.3707663651558777,num_of_obs: 5, privacy reward: 0.7866278610665532, g: -0.0032455406099369095, curr_delay = 0.14663582532109792, data_size = 889
num of fast users chosen: 5, num of slow users chosen: 0
max_delay = 0.21 seconds
after cleansing the weights updates who were almost zeros (meaning with absolute value of less than 10**-7, 0.00% of the weights upadtes) we get:
user No.11 has been picked 6, his deltas theta's mean
 is -0.0008643362089060247,
the empirical var of deltas thetas is 0.0009998055174946785
the minimum of the deltas theta is -0.1953544020652771 and the maximum is 0.2193097323179245
the added laplace noise var is 0.0037379809880455804
global epoch 34 has been done artifficialy in 0.21 secs, the total time by now is 23.45 
 with avg train loss 1.598, val loss 1.680, avg val acc 41.01%
iteration: 35
user 15, emp_avg: 0.07288545413086317, h: 2.06553084551824, ucb: 2.138579694995955,num_of_obs: 5, privacy reward: 0.7866278610665532, g: -0.0015437086048501213, curr_delay = 0.6937846032855871, data_size = 1022
user 18, emp_avg: 0.06528745069497642, h: 2.06553084551824, ucb: 2.130367142946187,num_of_obs: 5, privacy reward: 0.7866278610665532, g: -0.00155168199888269, curr_delay = 0.740266783231542, data_size = 1021
user 19, emp_avg: 0.06430002883324828, h: 2.06553084551824, ucb: 2.1305782598492256,num_of_obs: 5, privacy reward: 0.7866278610665532, g: -0.0025439111041187686, curr_delay = 0.8255851977515924, data_size = 912
user 22, emp_avg: 0.060858153509950684, h: 2.06553084551824, ucb: 2.126148154622327,num_of_obs: 5, privacy reward: 0.7866278610665532, g: 3.81955858177359e-06, curr_delay = 0.8056410919746856, data_size = 1429
user 25, emp_avg: 0.05896319851417887, h: 2.06553084551824, ucb: 2.124856024346383,num_of_obs: 5, privacy reward: 0.7866278610665532, g: -0.001270345154904797, curr_delay = 0.8748401697399423, data_size = 1058
num of fast users chosen: 0, num of slow users chosen: 5
max_delay = 0.87 seconds
after cleansing the weights updates who were almost zeros (meaning with absolute value of less than 10**-7, 0.00% of the weights upadtes) we get:
user No.15 has been picked 6, his deltas theta's mean
 is -0.000710460648406297,
the empirical var of deltas thetas is 0.0010730455396696925
the minimum of the deltas theta is -0.21868716180324554 and the maximum is 0.26746228337287903
the added laplace noise var is 0.0037379809880455804
global epoch 35 has been done artifficialy in 0.87 secs, the total time by now is 24.32 
 with avg train loss 1.632, val loss 1.729, avg val acc 38.81%
iteration: 36
user 4, emp_avg: 0.5985720966148753, h: 1.8930184728248456, ucb: 2.4246859188755336,num_of_obs: 6, privacy reward: 0.7557837414557252, g: 0.058528560423250095, curr_delay = 0.05, data_size = 4032
user 12, emp_avg: 0.2581995230401863, h: 2.0736978386802964, ucb: 2.3467864870780377,num_of_obs: 5, privacy reward: 0.7866278610665532, g: -0.004005750264818144, curr_delay = 0.27210307383805377, data_size = 746
user 20, emp_avg: 0.06394158455559937, h: 2.0736978386802964, ucb: 2.1389361680857415,num_of_obs: 5, privacy reward: 0.7866278610665532, g: -0.004044325256628703, curr_delay = 0.8702029580181927, data_size = 743
user 23, emp_avg: 0.059378191023547605, h: 2.0736978386802964, ucb: 2.131872955482895,num_of_obs: 5, privacy reward: 0.7866278610665532, g: -0.002391312633178003, curr_delay = 0.7646012600125158, data_size = 888
user 29, emp_avg: 0.05516819701060479, h: 2.0736978386802964, ucb: 2.1289894887108094,num_of_obs: 5, privacy reward: 0.7866278610665532, g: -0.0032383752724379797, curr_delay = 0.9165746257372005, data_size = 809
num of fast users chosen: 2, num of slow users chosen: 3
max_delay = 0.92 seconds
after cleansing the weights updates who were almost zeros (meaning with absolute value of less than 10**-7, 0.00% of the weights upadtes) we get:
user No.12 has been picked 6, his deltas theta's mean
 is -0.0008797519258223474,
the empirical var of deltas thetas is 0.0012459041317924857
the minimum of the deltas theta is -0.23732617497444153 and the maximum is 0.2819426953792572
the added laplace noise var is 0.0037379809880455804
global epoch 36 has been done artifficialy in 0.92 secs, the total time by now is 25.24 
 with avg train loss 1.552, val loss 1.931, avg val acc 31.97%
iteration: 37
user 0, emp_avg: 0.6675729759296256, h: 1.9002415406058841, ucb: 2.5659638968392926,num_of_obs: 6, privacy reward: 0.7557837414557252, g: 0.05041926120862656, curr_delay = 0.07367278180341097, data_size = 3816
user 2, emp_avg: 0.6972997467167137, h: 1.9002415406058841, ucb: 2.6399007647974218,num_of_obs: 6, privacy reward: 0.7557837414557252, g: -0.0021561681566304967, curr_delay = 0.1128304256840564, data_size = 1142
user 6, emp_avg: 0.47110171646915994, h: 1.9002415406058841, ucb: 2.3670270668016196,num_of_obs: 6, privacy reward: 0.7557837414557252, g: 0.03864100089390877, curr_delay = 0.10060385287437261, data_size = 3540
user 7, emp_avg: 0.469956939981856, h: 2.081610312996424, ucb: 2.4455586409746513,num_of_obs: 5, privacy reward: 0.7866278610665532, g: -0.006272124961985408, curr_delay = 0.05, data_size = 552
user 8, emp_avg: 0.4420511599810898, h: 1.9002415406058841, ucb: 2.3477661471348146,num_of_obs: 6, privacy reward: 0.7557837414557252, g: 0.020526160019287344, curr_delay = 0.12218650879908255, data_size = 3014
num of fast users chosen: 5, num of slow users chosen: 0
max_delay = 0.12 seconds
after cleansing the weights updates who were almost zeros (meaning with absolute value of less than 10**-7, 0.00% of the weights upadtes) we get:
user No.0 has been picked 7, his deltas theta's mean
 is -0.00122381083201617,
the empirical var of deltas thetas is 0.0039729587733745575
the minimum of the deltas theta is -0.3941039443016052 and the maximum is 0.4841578006744385
the added laplace noise var is 0.003890530886084149
global epoch 37 has been done artifficialy in 0.12 secs, the total time by now is 25.36 
 with avg train loss 1.599, val loss 1.964, avg val acc 30.76%
iteration: 38
user 1, emp_avg: 0.5664172046651751, h: 1.9072456998840988, ucb: 2.514662527109345,num_of_obs: 6, privacy reward: 0.7557837414557252, g: -0.0023375996486923283, curr_delay = 0.15604544913731605, data_size = 1081
user 5, emp_avg: 0.5646579846974137, h: 1.9072456998840988, ucb: 2.497404318487879,num_of_obs: 6, privacy reward: 0.7557837414557252, g: -0.0035277106888901163, curr_delay = 0.12146117366536731, data_size = 972
user 10, emp_avg: 0.3520816538026483, h: 1.9072456998840988, ucb: 2.250658995286527,num_of_obs: 6, privacy reward: 0.7557837414557252, g: -0.00011561536963440385, curr_delay = 0.12373425909613854, data_size = 1452
user 13, emp_avg: 0.2722556453511117, h: 1.9072456998840988, ucb: 2.140151133665767,num_of_obs: 6, privacy reward: 0.7557837414557252, g: 0.022429971583409276, curr_delay = 0.09835609302735848, data_size = 3036
user 14, emp_avg: 0.26590527254944113, h: 1.9072456998840988, ucb: 2.185547126444612,num_of_obs: 6, privacy reward: 0.7557837414557252, g: 0.0128564238065382, curr_delay = 0.2610579603281839, data_size = 2677
num of fast users chosen: 5, num of slow users chosen: 0
max_delay = 0.26 seconds
after cleansing the weights updates who were almost zeros (meaning with absolute value of less than 10**-7, 0.00% of the weights upadtes) we get:
user No.1 has been picked 7, his deltas theta's mean
 is -0.0005404012626968324,
the empirical var of deltas thetas is 0.002029797062277794
the minimum of the deltas theta is -0.2903780937194824 and the maximum is 0.32669076323509216
the added laplace noise var is 0.003890530886084149
global epoch 38 has been done artifficialy in 0.26 secs, the total time by now is 25.62 
 with avg train loss 1.626, val loss 1.917, avg val acc 30.74%
iteration: 39
user 17, emp_avg: 0.06849362709003237, h: 1.9140432717495302, ucb: 1.981714071983238,num_of_obs: 6, privacy reward: 0.7557837414557252, g: 0.0047324326487802335, curr_delay = 0.6809151500293796, data_size = 2197
user 21, emp_avg: 0.06632066874070024, h: 1.9140432717495302, ucb: 1.979964703016726,num_of_obs: 6, privacy reward: 0.7557837414557252, g: 0.0012000604257040952, curr_delay = 0.7276315837211169, data_size = 1860
user 24, emp_avg: 0.059761746042142246, h: 1.9140432717495302, ucb: 1.9734248158828653,num_of_obs: 6, privacy reward: 0.7557837414557252, g: 0.00023058599108644685, curr_delay = 0.8058932394388413, data_size = 1668
user 27, emp_avg: 0.059226626614576894, h: 1.9140432717495302, ucb: 1.973330399870928,num_of_obs: 6, privacy reward: 0.7557837414557252, g: 0.006358012405652516, curr_delay = 0.8494211205663479, data_size = 2305
user 28, emp_avg: 0.05609561387988708, h: 1.9140432717495302, ucb: 1.9694870502313888,num_of_obs: 6, privacy reward: 0.7557837414557252, g: 0.0012568861069989549, curr_delay = 0.8332413119951587, data_size = 1868
num of fast users chosen: 0, num of slow users chosen: 5
max_delay = 0.85 seconds
after cleansing the weights updates who were almost zeros (meaning with absolute value of less than 10**-7, 0.00% of the weights upadtes) we get:
user No.17 has been picked 7, his deltas theta's mean
 is -0.0006409240304492414,
the empirical var of deltas thetas is 0.00210917298682034
the minimum of the deltas theta is -0.3315552771091461 and the maximum is 0.3483331799507141
the added laplace noise var is 0.003890530886084149
global epoch 39 has been done artifficialy in 0.85 secs, the total time by now is 26.47 
 with avg train loss 1.624, val loss 1.934, avg val acc 30.57%
iteration: 40
user 15, emp_avg: 0.0724179062415229, h: 1.9206455826398414, ucb: 1.9935310367707046,num_of_obs: 6, privacy reward: 0.7557837414557252, g: -0.0021560155462728194, curr_delay = 0.7182605795637289, data_size = 1022
user 16, emp_avg: 0.0704201833342677, h: 1.9206455826398414, ucb: 1.991320272937507,num_of_obs: 6, privacy reward: 0.7557837414557252, g: -0.00015335012353582094, curr_delay = 0.7257616487251547, data_size = 1358
user 22, emp_avg: 0.06119574271225777, h: 1.9206455826398414, ucb: 1.981503736149792,num_of_obs: 6, privacy reward: 0.7557837414557252, g: -2.6920408163600615e-05, curr_delay = 0.7908729725211384, data_size = 1429
user 25, emp_avg: 0.05832273767720125, h: 1.9206455826398414, ucb: 1.9796087811540204,num_of_obs: 6, privacy reward: 0.7557837414557252, g: -0.001830535586975477, curr_delay = 0.9177684488999687, data_size = 1058
user 26, emp_avg: 0.056733055909683236, h: 1.9206455826398414, ucb: 1.9783490014623453,num_of_obs: 6, privacy reward: 0.7557837414557252, g: 0.0006878128137790955, curr_delay = 0.9821083732828776, data_size = 1739
num of fast users chosen: 0, num of slow users chosen: 5
max_delay = 0.98 seconds
after cleansing the weights updates who were almost zeros (meaning with absolute value of less than 10**-7, 0.00% of the weights upadtes) we get:
user No.15 has been picked 7, his deltas theta's mean
 is -0.0013055915478616953,
the empirical var of deltas thetas is 0.0014751722337678075
the minimum of the deltas theta is -0.28168895840644836 and the maximum is 0.3027869164943695
the added laplace noise var is 0.003890530886084149
global epoch 40 has been done artifficialy in 0.98 secs, the total time by now is 27.45 
 with avg train loss 1.595, val loss 1.788, avg val acc 35.99%
iteration: 41
user 0, emp_avg: 0.6718433059109279, h: 1.784113721560606, ucb: 2.4516866974902314,num_of_obs: 7, privacy reward: 0.7261490370736907, g: 0.04664424691662836, curr_delay = 0.07125190581130812, data_size = 3816
user 3, emp_avg: 0.6455700552124561, h: 1.9270630676509546, ucb: 2.6301451931638793,num_of_obs: 6, privacy reward: 0.7557837414557252, g: -0.00469418776119163, curr_delay = 0.1663906614926285, data_size = 768
user 7, emp_avg: 0.4397693246971973, h: 1.9270630676509546, ucb: 2.3970200076328108,num_of_obs: 6, privacy reward: 0.7557837414557252, g: -0.00817271627865851, curr_delay = 0.193316183437924, data_size = 552
user 9, emp_avg: 0.3040187295263059, h: 1.9270630676509546, ucb: 2.2394787931480225,num_of_obs: 6, privacy reward: 0.7557837414557252, g: -0.0050046528714920106, curr_delay = 0.19713231331921918, data_size = 746
user 11, emp_avg: 0.30511984013400123, h: 1.9270630676509546, ucb: 2.2452874644031633,num_of_obs: 6, privacy reward: 0.7557837414557252, g: -0.0031643197113231368, curr_delay = 0.22075786132535033, data_size = 889
num of fast users chosen: 5, num of slow users chosen: 0
max_delay = 0.22 seconds
after cleansing the weights updates who were almost zeros (meaning with absolute value of less than 10**-7, 0.00% of the weights upadtes) we get:
user No.0 has been picked 8, his deltas theta's mean
 is -0.0007876682793721557,
the empirical var of deltas thetas is 0.0037560153286904097
the minimum of the deltas theta is -0.42286181449890137 and the maximum is 0.5339639186859131
the added laplace noise var is 0.0040493064635646414
