Namespace(data='mnist', full_exp=True, wandb=True, method_choosing_users='random', model='cnn2', num_users=30, num_users_per_round=5, global_epochs=5, max_seconds=600, epsilon_bar=100, epsilon_sum_deascent_coeff=0.04, delta_f=0.003, accel_ucb_coeff=1, alpha=100, beta=2, gamma=2, choosing_users_verbose=True, sa_pause_verbose=False, snr_verbose=False, max_iterations_sa_pause=3000, sa_pause_simulation=False, max_time_sa_pause=600, pre_sa_pause_rounds=1, beta_max_reduction=70, data_truncation=None, tau_min=0.05, production=False, privacy_noise='laplace', privacy_choosing_users=True, privacy=True, save_best_model=False, seed=0, norm_mean=0.5, norm_std=0.5, train_batch_size=20, test_batch_size=1000, local_epochs=1, local_iterations=100, lr=0.01, momentum=0.5, lr_scheduler=False, optimizer='adam', device=device(type='cuda'))
=================================================================
Layer (type:depth-idx)                   Param #
=================================================================
CNN2Layer                                --
├─Conv2d: 1-1                            156
├─Conv2d: 1-2                            906
├─Linear: 1-3                            4,850
├─Linear: 1-4                            510
├─Dropout: 1-5                           --
├─Dropout: 1-6                           --
├─BatchNorm2d: 1-7                       12
├─BatchNorm1d: 1-8                       100
=================================================================
Total params: 6,534
Trainable params: 6,534
Non-trainable params: 0
=================================================================
iteration: 1
user 2, emp_avg: 0.33174348719747787, h: 0, ucb: inf, num_of_obs(calculated after picking at this round): 1, privacy reward: 0.9607894391523232, g: 0.027777777777777776, curr_delay = 0.15071885938859853
user 10, emp_avg: 0.3251028839856118, h: 0, ucb: inf, num_of_obs(calculated after picking at this round): 1, privacy reward: 0.9607894391523232, g: 0.027777777777777776, curr_delay = 0.1537974667804327
user 13, emp_avg: 0.1721716518216936, h: 0, ucb: inf, num_of_obs(calculated after picking at this round): 1, privacy reward: 0.9607894391523232, g: 0.027777777777777776, curr_delay = 0.29040785443460565
user 26, emp_avg: 0.057372720004641956, h: 0, ucb: inf, num_of_obs(calculated after picking at this round): 1, privacy reward: 0.9607894391523232, g: 0.027777777777777776, curr_delay = 0.871494326850018
user 28, emp_avg: 0.054530898559233834, h: 0, ucb: inf, num_of_obs(calculated after picking at this round): 1, privacy reward: 0.9607894391523232, g: 0.027777777777777776, curr_delay = 0.9169113533988044
num of fast users chosen: 3, num of slow users chosen: 2
max_delay = 0.92 seconds
global epoch 1 has been done artifficialy in 0.92 secs, the total time by now is 0.92 
 with avg train loss 0.706, val loss 2.412, avg val acc 8.89%
iteration: 2
user 12, emp_avg: 0.19130847984782318, h: 0, ucb: inf, num_of_obs(calculated after picking at this round): 1, privacy reward: 0.9607894391523232, g: 0.027777777777777776, curr_delay = 0.261357991238928
user 17, emp_avg: 0.06937633681025714, h: 0, ucb: inf, num_of_obs(calculated after picking at this round): 1, privacy reward: 0.9607894391523232, g: 0.027777777777777776, curr_delay = 0.7207068331778453
user 19, emp_avg: 0.06869277858075735, h: 0, ucb: inf, num_of_obs(calculated after picking at this round): 1, privacy reward: 0.9607894391523232, g: 0.027777777777777776, curr_delay = 0.7278785489979628
user 21, emp_avg: 0.05930361655348023, h: 0, ucb: inf, num_of_obs(calculated after picking at this round): 1, privacy reward: 0.9607894391523232, g: 0.027777777777777776, curr_delay = 0.8431189007656862
user 24, emp_avg: 0.06787271095225278, h: 0, ucb: inf, num_of_obs(calculated after picking at this round): 1, privacy reward: 0.9607894391523232, g: 0.027777777777777776, curr_delay = 0.7366730943629775
num of fast users chosen: 1, num of slow users chosen: 4
max_delay = 0.84 seconds
global epoch 2 has been done artifficialy in 0.84 secs, the total time by now is 1.76 
 with avg train loss 0.672, val loss 2.454, avg val acc 8.95%
iteration: 3
user 2, emp_avg: 0.4127373650517321, h: 2.567425506613319, ucb: 2.8991689938107967, num_of_obs(calculated after picking at this round): 2, privacy reward: 0.9231163463866358, g: -0.027777777777777776, curr_delay = 0.10126966992348252
user 18, emp_avg: 0.06649512925621276, h: 0, ucb: inf, num_of_obs(calculated after picking at this round): 1, privacy reward: 0.9607894391523232, g: 0.027777777777777776, curr_delay = 0.7519347741598443
user 19, emp_avg: 0.06409178683361995, h: 2.567425506613319, ucb: 2.636118285194076, num_of_obs(calculated after picking at this round): 2, privacy reward: 0.9231163463866358, g: -0.027777777777777776, curr_delay = 0.8404661582907802
user 23, emp_avg: 0.058662104767095866, h: 0, ucb: inf, num_of_obs(calculated after picking at this round): 1, privacy reward: 0.9607894391523232, g: 0.027777777777777776, curr_delay = 0.8523390048569393
user 26, emp_avg: 0.058385215352866185, h: 2.567425506613319, ucb: 2.624798226617961, num_of_obs(calculated after picking at this round): 2, privacy reward: 0.9231163463866358, g: -0.027777777777777776, curr_delay = 0.8417832844032844
num of fast users chosen: 1, num of slow users chosen: 4
max_delay = 0.85 seconds
global epoch 3 has been done artifficialy in 0.85 secs, the total time by now is 2.61 
 with avg train loss 0.613, val loss 2.491, avg val acc 11.28%
iteration: 4
user 5, emp_avg: 0.6573659851411172, h: 0, ucb: inf, num_of_obs(calculated after picking at this round): 1, privacy reward: 0.9607894391523232, g: 0.027777777777777776, curr_delay = 0.07606113052726096
user 15, emp_avg: 0.06582447576944507, h: 0, ucb: inf, num_of_obs(calculated after picking at this round): 1, privacy reward: 0.9607894391523232, g: 0.027777777777777776, curr_delay = 0.7595958709208498
user 16, emp_avg: 0.07337539263336156, h: 0, ucb: inf, num_of_obs(calculated after picking at this round): 1, privacy reward: 0.9607894391523232, g: 0.027777777777777776, curr_delay = 0.6814273587582348
user 19, emp_avg: 0.06213362436988279, h: 2.039333980337618, ucb: 2.1034257671712377, num_of_obs(calculated after picking at this round): 3, privacy reward: 0.8869204367171574, g: -0.11111111111111113, curr_delay = 0.8588512431680646
user 21, emp_avg: 0.05840037086136286, h: 2.884053773201766, ucb: 2.943357389755246, num_of_obs(calculated after picking at this round): 2, privacy reward: 0.9231163463866358, g: -0.006944444444444446, curr_delay = 0.8696086952664616
num of fast users chosen: 1, num of slow users chosen: 4
max_delay = 0.87 seconds
global epoch 4 has been done artifficialy in 0.87 secs, the total time by now is 3.48 
 with avg train loss 0.623, val loss 2.646, avg val acc 11.39%
iteration: 5
user 1, emp_avg: 0.8628675572220692, h: 0, ucb: inf, num_of_obs(calculated after picking at this round): 1, privacy reward: 0.9607894391523232, g: 0.027777777777777776, curr_delay = 0.05794632047700446
user 10, emp_avg: 0.31623941984023085, h: 3.1075114600922396, ucb: 3.4326143440778516, num_of_obs(calculated after picking at this round): 2, privacy reward: 0.9231163463866358, g: -0.0011111111111111124, curr_delay = 0.16266724535096017
user 17, emp_avg: 0.06627213739654404, h: 3.1075114600922396, ucb: 3.1768877969024967, num_of_obs(calculated after picking at this round): 2, privacy reward: 0.9231163463866358, g: -0.0011111111111111124, curr_delay = 0.7915407973834766
user 22, emp_avg: 0.06731131001608386, h: 0, ucb: inf, num_of_obs(calculated after picking at this round): 1, privacy reward: 0.9607894391523232, g: 0.027777777777777776, curr_delay = 0.742817217315376
user 29, emp_avg: 0.05308498122210529, h: 0, ucb: inf, num_of_obs(calculated after picking at this round): 1, privacy reward: 0.9607894391523232, g: 0.027777777777777776, curr_delay = 0.9418859882572463
num of fast users chosen: 2, num of slow users chosen: 3
max_delay = 0.94 seconds
global epoch 5 has been done artifficialy in 0.94 secs, the total time by now is 4.42 
 with avg train loss 0.579, val loss 2.492, avg val acc 8.92%
