Namespace(full_exp=True, data='cifar10', i_i_d=False, wandb=True, method_choosing_users='fraboni', model='cnn3', num_users=30, num_users_per_round=5, global_epochs=10, max_seconds=600, epsilon_bar=100, epsilon_sum_deascent_coeff=0.04, delta_f=0.012, accel_ucb_coeff=1, alpha=20, beta=2, gamma=40, alternative_privacy_reward=False, choosing_users_verbose=True, sa_pause_verbose=False, snr_verbose=True, dirichlet_coeff=3, label_dominance=0.25, bar_plot_interval=30, max_iterations_sa_pause=500, sa_pause_simulation=False, max_time_sa_pause=600, pre_sa_pause_rounds=1, beta_max_reduction=70, data_truncation=None, tau_min=0.05, production=False, privacy_noise='laplace', privacy=True, save_best_model=False, seed=1, norm_mean=0.5, norm_std=0.5, train_batch_size=20, test_batch_size=1000, local_epochs=1, local_iterations=100, lr=0.01, momentum=0.5, lr_scheduler=False, optimizer='adam', device=device(type='cuda'), exp_path=PosixPath('/sise/home/oripele/PAUSE/checkpoints/pause brute/cnn3/16-02-2025_16-37-28'))
=================================================================
Layer (type:depth-idx)                   Param #
=================================================================
CNN3LayerCifar                           --
├─Conv2d: 1-1                            896
├─BatchNorm2d: 1-2                       64
├─Conv2d: 1-3                            18,496
├─BatchNorm2d: 1-4                       128
├─Conv2d: 1-5                            73,856
├─BatchNorm2d: 1-6                       256
├─MaxPool2d: 1-7                         --
├─Linear: 1-8                            65,664
├─BatchNorm1d: 1-9                       256
├─Linear: 1-10                           8,256
├─BatchNorm1d: 1-11                      128
├─Linear: 1-12                           2,080
├─BatchNorm1d: 1-13                      64
├─Linear: 1-14                           330
├─Dropout: 1-15                          --
├─Dropout: 1-16                          --
├─Dropout: 1-17                          --
=================================================================
Total params: 170,474
Trainable params: 170,474
Non-trainable params: 0
=================================================================
fraboni distributions: [[0.39041558 0.         0.         0.         0.41251458 0.
  0.19706984 0.         0.         0.         0.         0.
  0.         0.         0.         0.         0.         0.
  0.         0.         0.         0.         0.         0.
  0.         0.         0.         0.         0.         0.        ]
 [0.         0.         0.         0.         0.         0.
  0.16510814 0.         0.30836283 0.         0.         0.
  0.         0.31061366 0.21591537 0.         0.         0.
  0.         0.         0.         0.         0.         0.
  0.         0.         0.         0.         0.         0.        ]
 [0.         0.         0.         0.         0.         0.
  0.         0.         0.         0.         0.         0.
  0.         0.         0.05796894 0.         0.         0.22477543
  0.         0.         0.         0.1902969  0.         0.
  0.12385668 0.         0.17791737 0.22518467 0.         0.        ]
 [0.         0.11059729 0.11683821 0.         0.         0.
  0.         0.         0.         0.         0.14855436 0.
  0.         0.         0.         0.02453398 0.1389372  0.
  0.         0.         0.         0.         0.14620122 0.
  0.04679667 0.10824415 0.         0.         0.15929692 0.        ]
 [0.         0.         0.         0.07857421 0.         0.09944548
  0.         0.05647521 0.         0.07632338 0.         0.09095374
  0.07632338 0.         0.         0.08002701 0.         0.
  0.10445868 0.09330687 0.07601645 0.         0.         0.09085143
  0.         0.         0.         0.         0.         0.07724417]]
iteration: 1
user 6, emp_avg: 0.3161885860256562, h: 0, ucb: inf,num_of_obs: 0, privacy reward: 0.9607894391523232, g: 0.13117288829897605, curr_delay = 0.15813347543147208, data_size = 3540
user 13, emp_avg: 0.28296123280191937, h: 0, ucb: inf,num_of_obs: 0, privacy reward: 0.9607894391523232, g: 0.09648084351771512, curr_delay = 0.17670265111900108, data_size = 3036
user 16, emp_avg: 0.06979282627130376, h: 0, ucb: inf,num_of_obs: 0, privacy reward: 0.9607894391523232, g: 0.01930354610560446, curr_delay = 0.7164060071967333, data_size = 1358
user 23, emp_avg: 0.05890252960994797, h: 0, ucb: inf,num_of_obs: 0, privacy reward: 0.9607894391523232, g: 0.00825398145734206, curr_delay = 0.8488599781893844, data_size = 888
user 27, emp_avg: 0.05825183638151931, h: 0, ucb: inf,num_of_obs: 0, privacy reward: 0.9607894391523232, g: 0.050708135533247774, curr_delay = 0.8583420387389324, data_size = 2201
num of fast users chosen: 2, num of slow users chosen: 3
max_delay = 0.86 seconds
after cleansing the weights updates who were almost zeros (meaning with absolute value of less than 10**-7, 0.00% of the weights upadtes) we get:
user No.6.0 has been picked 1, his deltas theta's mean
 is -0.0016684532165527344,
the empirical var of deltas thetas is 0.004201029893010855
the minimum of the deltas theta is -0.29595518112182617 and the maximum is 0.3252948820590973
the added laplace noise var is 0.003060399989333737
global epoch 1 has been done artifficialy in 0.86 secs, the total time by now is 0.86 
 with avg train loss 1.999, val loss 2.345, avg val acc 10.00%
iteration: 2
user 0, emp_avg: 0.3960558534968014, h: 0, ucb: inf,num_of_obs: 0, privacy reward: 0.9607894391523232, g: 0.15242432813956508, curr_delay = 0.12624482016500183, data_size = 3816
user 14, emp_avg: 0.2423523310503693, h: 0, ucb: inf,num_of_obs: 0, privacy reward: 0.9607894391523232, g: 0.07501261398629963, curr_delay = 0.2063111990022834, data_size = 2677
user 18, emp_avg: 0.06344266658675565, h: 0, ucb: inf,num_of_obs: 0, privacy reward: 0.9607894391523232, g: 0.010911615184914368, curr_delay = 0.7881131530249714, data_size = 1021
user 22, emp_avg: 0.07063599963361282, h: 0, ucb: inf,num_of_obs: 0, privacy reward: 0.9607894391523232, g: 0.02137479779077926, curr_delay = 0.7078543555601784, data_size = 1429
user 27, emp_avg: 0.057901068891195305, h: 2.039333980337618, ucb: 2.0975858167191372,num_of_obs: 1, privacy reward: 0.9231163463866358, g: -0.07552346568814534, curr_delay = 0.8688051805623214, data_size = 2201
num of fast users chosen: 2, num of slow users chosen: 3
max_delay = 0.87 seconds
after cleansing the weights updates who were almost zeros (meaning with absolute value of less than 10**-7, 0.00% of the weights upadtes) we get:
user No.0.0 has been picked 1, his deltas theta's mean
 is -0.0013454805593937635,
the empirical var of deltas thetas is 0.004206086043268442
the minimum of the deltas theta is -0.32819801568984985 and the maximum is 0.3129425048828125
the added laplace noise var is 0.003060399989333737
global epoch 2 has been done artifficialy in 0.87 secs, the total time by now is 1.73 
 with avg train loss 1.991, val loss 2.342, avg val acc 10.00%
iteration: 3
user 1, emp_avg: 0.7331373134219519, h: 0, ucb: inf,num_of_obs: 0, privacy reward: 0.9607894391523232, g: 0.012231759833025291, curr_delay = 0.06820004804641946, data_size = 1081
user 4, emp_avg: 0.29905017889605584, h: 0, ucb: inf,num_of_obs: 0, privacy reward: 0.9607894391523232, g: 0.17016827805114848, curr_delay = 0.16719602103090214, data_size = 4032
user 6, emp_avg: 0.3163872441002181, h: 2.567425506613319, ucb: 2.8836140926389753,num_of_obs: 1, privacy reward: 0.9231163463866358, g: 0.0008320135698137805, curr_delay = 0.15793501749928243, data_size = 3540
user 12, emp_avg: 0.17157604228400303, h: 0, ucb: inf,num_of_obs: 0, privacy reward: 0.9607894391523232, g: 0.00582525863453932, curr_delay = 0.29141597704670785, data_size = 746
user 24, emp_avg: 0.057845758096221916, h: 0, ucb: inf,num_of_obs: 0, privacy reward: 0.9607894391523232, g: 0.029122566789135492, curr_delay = 0.8643676156310182, data_size = 1668
num of fast users chosen: 4, num of slow users chosen: 1
max_delay = 0.86 seconds
after cleansing the weights updates who were almost zeros (meaning with absolute value of less than 10**-7, 0.00% of the weights upadtes) we get:
user No.1.0 has been picked 1, his deltas theta's mean
 is -0.0021442535798996687,
the empirical var of deltas thetas is 0.0038326899521052837
the minimum of the deltas theta is -0.2237628698348999 and the maximum is 0.25594455003738403
the added laplace noise var is 0.003060399989333737
global epoch 3 has been done artifficialy in 0.86 secs, the total time by now is 2.59 
 with avg train loss 1.952, val loss 2.332, avg val acc 10.00%
iteration: 4
user 0, emp_avg: 0.3820942957335428, h: 2.884053773201766, ucb: 3.280109626698567,num_of_obs: 1, privacy reward: 0.9231163463866358, g: 0.01971653619751357, curr_delay = 0.13582057459946967, data_size = 3816
user 8, emp_avg: 0.3766877356612227, h: 0, ucb: inf,num_of_obs: 0, privacy reward: 0.9607894391523232, g: 0.09508763663011946, curr_delay = 0.1327359381962144, data_size = 3014
user 18, emp_avg: 0.06301094029075646, h: 2.884053773201766, ucb: 2.9474964397885217,num_of_obs: 1, privacy reward: 0.9231163463866358, g: -0.0211822767224315, curr_delay = 0.7989873443311204, data_size = 1021
user 21, emp_avg: 0.05956912864340528, h: 0, ucb: inf,num_of_obs: 0, privacy reward: 0.9607894391523232, g: 0.036212911707933344, curr_delay = 0.8393609431373704, data_size = 1860
user 22, emp_avg: 0.06205516364304703, h: 2.884053773201766, ucb: 2.954689772835379,num_of_obs: 1, privacy reward: 0.9231163463866358, g: -0.010774185976001575, curr_delay = 0.935028119005812, data_size = 1429
num of fast users chosen: 2, num of slow users chosen: 3
max_delay = 0.94 seconds
after cleansing the weights updates who were almost zeros (meaning with absolute value of less than 10**-7, 0.00% of the weights upadtes) we get:
user No.0.0 has been picked 2, his deltas theta's mean
 is -0.0028199017979204655,
the empirical var of deltas thetas is 0.0039675538428127766
the minimum of the deltas theta is -0.3407704830169678 and the maximum is 0.3661089837551117
the added laplace noise var is 0.0031852972822368235
global epoch 4 has been done artifficialy in 0.94 secs, the total time by now is 3.53 
 with avg train loss 1.943, val loss 2.331, avg val acc 10.00%
iteration: 5
user 1, emp_avg: 0.5319813832043144, h: 3.1075114600922396, ucb: 3.840648773514191,num_of_obs: 1, privacy reward: 0.9231163463866358, g: -0.007992845139239613, curr_delay = 0.1511371012979875, data_size = 1081
user 4, emp_avg: 0.604817752024162, h: 3.1075114600922396, ucb: 3.4065616389882956,num_of_obs: 1, privacy reward: 0.9231163463866358, g: 0.04516244637182947, curr_delay = 0.05490973620911253, data_size = 4032
user 13, emp_avg: 0.34754948334898816, h: 3.1075114600922396, ucb: 3.390472692894159,num_of_obs: 1, privacy reward: 0.9231163463866358, g: 0.012235380973465965, curr_delay = 0.12131866579489235, data_size = 3036
user 18, emp_avg: 0.0633989330557163, h: 2.197342426046132, ucb: 2.2603533663368887,num_of_obs: 2, privacy reward: 0.8869204367171574, g: -0.08734467364494179, curr_delay = 0.7791205832739668, data_size = 1021
user 27, emp_avg: 0.05765418269216904, h: 2.197342426046132, ucb: 2.2552434949373272,num_of_obs: 2, privacy reward: 0.8869204367171574, g: -0.030560399657165855, curr_delay = 0.8747312999106737, data_size = 2201
num of fast users chosen: 3, num of slow users chosen: 2
max_delay = 0.87 seconds
after cleansing the weights updates who were almost zeros (meaning with absolute value of less than 10**-7, 0.00% of the weights upadtes) we get:
user No.1.0 has been picked 2, his deltas theta's mean
 is -0.001054507214576006,
the empirical var of deltas thetas is 0.003222469938918948
the minimum of the deltas theta is -0.25978899002075195 and the maximum is 0.29437166452407837
the added laplace noise var is 0.0031852972822368235
global epoch 5 has been done artifficialy in 0.87 secs, the total time by now is 4.40 
 with avg train loss 1.897, val loss 2.327, avg val acc 10.00%
iteration: 6
user 3, emp_avg: 1.0, h: 0, ucb: inf,num_of_obs: 0, privacy reward: 0.9607894391523232, g: 0.006173905779633506, curr_delay = 0.05, data_size = 768
user 6, emp_avg: 0.5203161495175261, h: 2.3184646660417676, ucb: 2.6348519101419856,num_of_obs: 2, privacy reward: 0.8869204367171574, g: 0.0008320135698137805, curr_delay = 0.0538692121690533, data_size = 3540
user 13, emp_avg: 0.37817126252702976, h: 2.3184646660417676, ucb: 2.666014149390756,num_of_obs: 2, privacy reward: 0.8869204367171574, g: -0.0005161837217443088, curr_delay = 0.11378769587132403, data_size = 3036
user 24, emp_avg: 0.06106778512606217, h: 3.2788041745990766, ucb: 3.3366499326952983,num_of_obs: 1, privacy reward: 0.9231163463866358, g: 1.5893665560728104e-05, curr_delay = 0.7777282017678058, data_size = 1668
user 26, emp_avg: 0.0568949268226228, h: 0, ucb: inf,num_of_obs: 0, privacy reward: 0.9607894391523232, g: 0.03165459208206356, curr_delay = 0.8788129766979292, data_size = 1739
num of fast users chosen: 3, num of slow users chosen: 2
max_delay = 0.88 seconds
after cleansing the weights updates who were almost zeros (meaning with absolute value of less than 10**-7, 0.00% of the weights upadtes) we get:
user No.3.0 has been picked 1, his deltas theta's mean
 is -0.0011465741554275155,
the empirical var of deltas thetas is 0.0036238632164895535
the minimum of the deltas theta is -0.22084328532218933 and the maximum is 0.23449870944023132
the added laplace noise var is 0.003060399989333737
global epoch 6 has been done artifficialy in 0.88 secs, the total time by now is 5.28 
 with avg train loss 1.906, val loss 2.329, avg val acc 10.00%
iteration: 7
user 0, emp_avg: 0.5568252618510158, h: 2.4161395752658703, ucb: 2.7982338709994132,num_of_obs: 2, privacy reward: 0.8869204367171574, g: 0.010962361838444993, curr_delay = 0.05517014951361819, data_size = 3816
user 14, emp_avg: 0.22252786530946844, h: 3.416937355927363, ucb: 3.6592896869777323,num_of_obs: 1, privacy reward: 0.9231163463866358, g: 0.017168117918141865, curr_delay = 0.24666581866125398, data_size = 2677
user 18, emp_avg: 0.06491524577665092, h: 1.9727697022487511, ucb: 2.0361686353044672,num_of_obs: 3, privacy reward: 0.8521437889662112, g: -0.10504907577984168, curr_delay = 0.7197953990732859, data_size = 1021
user 28, emp_avg: 0.053765068168993575, h: 0, ucb: inf,num_of_obs: 0, privacy reward: 0.9607894391523232, g: 0.025375510173154616, curr_delay = 0.9299718516647414, data_size = 1557
num of fast users chosen: 2, num of slow users chosen: 2
max_delay = 0.93 seconds
after cleansing the weights updates who were almost zeros (meaning with absolute value of less than 10**-7, 0.00% of the weights upadtes) we get:
user No.0.0 has been picked 3, his deltas theta's mean
 is -0.003003987018018961,
the empirical var of deltas thetas is 0.0030562004540115595
the minimum of the deltas theta is -0.3536275625228882 and the maximum is 0.31266915798187256
the added laplace noise var is 0.0033152917303578187
global epoch 7 has been done artifficialy in 0.93 secs, the total time by now is 6.21 
 with avg train loss 1.857, val loss 2.321, avg val acc 10.00%
iteration: 8
user 0, emp_avg: 0.6196511269764233, h: 2.039333980337618, ucb: 2.5961592421886337,num_of_obs: 3, privacy reward: 0.8521437889662112, g: 0.00023764022648781687, curr_delay = 0.061871331406757414, data_size = 3816
user 8, emp_avg: 0.32240491843950214, h: 3.5322300675464238, ucb: 3.9089178032076464,num_of_obs: 1, privacy reward: 0.9231163463866358, g: 0.03362192843916777, curr_delay = 0.1864822025968968, data_size = 3014
user 10, emp_avg: 1.0, h: 0, ucb: inf,num_of_obs: 0, privacy reward: 0.9607894391523232, g: 0.022068397099515177, curr_delay = 0.05, data_size = 1452
user 18, emp_avg: 0.0641471339470047, h: 1.7661150337732119, ucb: 1.8310302795498627,num_of_obs: 4, privacy reward: 0.8187307530779817, g: -0.15645293825994863, curr_delay = 0.8186697756502861, data_size = 1021
user 21, emp_avg: 0.06329801050086799, h: 3.5322300675464238, ucb: 3.5917991961898292,num_of_obs: 1, privacy reward: 0.9231163463866358, g: 0.004263685684320159, curr_delay = 0.7459692407145526, data_size = 1860
num of fast users chosen: 3, num of slow users chosen: 2
max_delay = 0.82 seconds
after cleansing the weights updates who were almost zeros (meaning with absolute value of less than 10**-7, 0.00% of the weights upadtes) we get:
user No.0.0 has been picked 4, his deltas theta's mean
 is -0.0010769064538180828,
the empirical var of deltas thetas is 0.0027984220068901777
the minimum of the deltas theta is -0.3171694278717041 and the maximum is 0.3461543321609497
the added laplace noise var is 0.0034505913525473436
global epoch 8 has been done artifficialy in 0.82 secs, the total time by now is 7.03 
 with avg train loss 1.905, val loss 2.322, avg val acc 10.00%
iteration: 9
user 0, emp_avg: 0.6957209015811386, h: 1.815443985917585, ucb: 2.4350951128940084,num_of_obs: 4, privacy reward: 0.8187307530779817, g: -0.002919117773448814, curr_delay = 0.05, data_size = 3816
user 6, emp_avg: 0.6402371121381446, h: 2.09629414793641, ucb: 2.6166102974539363,num_of_obs: 3, privacy reward: 0.8521437889662112, g: 0.0008320135698137805, curr_delay = 0.05, data_size = 3540
user 10, emp_avg: 0.6218237947825939, h: 3.63088797183517, ucb: 4.63088797183517,num_of_obs: 1, privacy reward: 0.9231163463866358, g: 0.001401996691891276, curr_delay = 0.20521442501947068, data_size = 1452
user 17, emp_avg: 0.06612119789594668, h: 0, ucb: inf,num_of_obs: 0, privacy reward: 0.9607894391523232, g: 0.05052399356805933, curr_delay = 0.7561871471034718, data_size = 2197
user 20, emp_avg: 0.06068052426359102, h: 0, ucb: inf,num_of_obs: 0, privacy reward: 0.9607894391523232, g: 0.005778500894743003, curr_delay = 0.8239876073384645, data_size = 743
num of fast users chosen: 3, num of slow users chosen: 2
max_delay = 0.82 seconds
after cleansing the weights updates who were almost zeros (meaning with absolute value of less than 10**-7, 0.00% of the weights upadtes) we get:
user No.0.0 has been picked 5, his deltas theta's mean
 is -0.0022067269310355186,
the empirical var of deltas thetas is 0.0024752821773290634
the minimum of the deltas theta is -0.28026914596557617 and the maximum is 0.35463547706604004
the added laplace noise var is 0.0035914126570663605
global epoch 9 has been done artifficialy in 0.82 secs, the total time by now is 7.85 
 with avg train loss 1.873, val loss 2.315, avg val acc 10.00%
iteration: 10
user 4, emp_avg: 0.6690804382888201, h: 2.628260884878466, ucb: 3.2330786369026283,num_of_obs: 2, privacy reward: 0.8869204367171574, g: 0.04516244637182947, curr_delay = 0.06268760748961066, data_size = 4032
user 10, emp_avg: 0.5659595878204745, h: 2.628260884878466, ucb: 3.25008467966106,num_of_obs: 2, privacy reward: 0.8869204367171574, g: -0.0026466541435699333, curr_delay = 0.1100761085398819, data_size = 1452
user 14, emp_avg: 0.2392139326328926, h: 2.628260884878466, ucb: 2.8507887501879345,num_of_obs: 2, privacy reward: 0.8869204367171574, g: 0.005458890919450182, curr_delay = 0.18342830394441106, data_size = 2677
user 18, emp_avg: 0.06475154635785334, h: 1.66225813626911, ucb: 1.7264052702161148,num_of_obs: 5, privacy reward: 0.7866278610665532, g: -0.15645293825994863, curr_delay = 0.7377503009132361, data_size = 1021
user 27, emp_avg: 0.05843486330935164, h: 2.145966026289347, ucb: 2.2036202089815164,num_of_obs: 3, privacy reward: 0.8521437889662112, g: -0.005597333626186327, curr_delay = 0.8226809158451078, data_size = 2201
num of fast users chosen: 3, num of slow users chosen: 2
max_delay = 0.82 seconds
after cleansing the weights updates who were almost zeros (meaning with absolute value of less than 10**-7, 0.00% of the weights upadtes) we get:
user No.4.0 has been picked 3, his deltas theta's mean
 is -0.0005399453220888972,
the empirical var of deltas thetas is 0.0028333659283816814
the minimum of the deltas theta is -0.3721559941768646 and the maximum is 0.4371943771839142
the added laplace noise var is 0.0033152917303578187
global epoch 10 has been done artifficialy in 0.82 secs, the total time by now is 8.68 
 with avg train loss 1.869, val loss 2.320, avg val acc 10.00%
