Namespace(data='cifar10', full_exp=False, i_i_d=False, wandb=True, method_choosing_users='fraboni', model='cnn3', num_users=30, num_users_per_round=5, global_epochs=300, max_seconds=600, epsilon_bar=70, epsilon_sum_deascent_coeff=0.06, delta_f=0.012, accel_ucb_coeff=1, alpha=20, beta=2, gamma=2, choosing_users_verbose=True, sa_pause_verbose=False, snr_verbose=True, dirichlet_coeff=3, label_dominance=0.25, max_iterations_sa_pause=3000, sa_pause_simulation=False, max_time_sa_pause=600, pre_sa_pause_rounds=1, beta_max_reduction=70, data_truncation=None, tau_min=0.05, production=False, privacy_noise='laplace', privacy=True, save_best_model=False, seed=1, norm_mean=0.5, norm_std=0.5, train_batch_size=20, test_batch_size=1000, local_epochs=1, local_iterations=100, lr=0.01, momentum=0.5, lr_scheduler=False, optimizer='adam', device=device(type='cuda'))
=================================================================
Layer (type:depth-idx)                   Param #
=================================================================
CNN3LayerCifar                           --
├─Conv2d: 1-1                            896
├─BatchNorm2d: 1-2                       64
├─Conv2d: 1-3                            18,496
├─BatchNorm2d: 1-4                       128
├─Conv2d: 1-5                            73,856
├─BatchNorm2d: 1-6                       256
├─MaxPool2d: 1-7                         --
├─Linear: 1-8                            65,664
├─BatchNorm1d: 1-9                       256
├─Linear: 1-10                           8,256
├─BatchNorm1d: 1-11                      128
├─Linear: 1-12                           2,080
├─BatchNorm1d: 1-13                      64
├─Linear: 1-14                           330
├─Dropout: 1-15                          --
├─Dropout: 1-16                          --
├─Dropout: 1-17                          --
=================================================================
Total params: 170,474
Trainable params: 170,474
Non-trainable params: 0
=================================================================
fraboni distributions: [[0.39053694 0.         0.         0.         0.41333641 0.
  0.19612665 0.         0.         0.         0.         0.
  0.         0.         0.         0.         0.         0.
  0.         0.         0.         0.         0.         0.
  0.         0.         0.         0.         0.         0.        ]
 [0.         0.         0.         0.         0.         0.
  0.16661543 0.         0.30907368 0.         0.         0.
  0.         0.31061072 0.21370017 0.         0.         0.
  0.         0.         0.         0.         0.         0.
  0.         0.         0.         0.         0.         0.        ]
 [0.         0.         0.         0.         0.         0.
  0.         0.         0.         0.         0.         0.
  0.         0.         0.06130239 0.         0.         0.22466441
  0.         0.         0.         0.1905933  0.         0.
  0.13930731 0.         0.17816887 0.20596373 0.         0.        ]
 [0.         0.11066708 0.11694333 0.         0.         0.
  0.         0.         0.         0.         0.14781228 0.
  0.         0.         0.         0.0330208  0.13987089 0.
  0.         0.         0.         0.         0.14614715 0.
  0.03130444 0.10913003 0.         0.         0.16510401 0.        ]
 [0.         0.         0.         0.07851727 0.         0.09977969
  0.         0.05558971 0.         0.07685214 0.         0.09081361
  0.07685214 0.         0.         0.07175428 0.         0.
  0.10464699 0.09375961 0.07544318 0.         0.         0.09068552
  0.         0.         0.         0.         0.         0.08530587]]
iteration: 1
user 1, emp_avg: 1.0, h: 0, ucb: inf,num_of_obs(calculated after picking at this round): 1, privacy reward: 0.9417645335842487, g: 0.012247201830956674, curr_delay = 0.05, data_size = 864
user 6, emp_avg: 0.4142738082003978, h: 0, ucb: inf,num_of_obs(calculated after picking at this round): 1, privacy reward: 0.9417645335842487, g: 0.13158181967148203, curr_delay = 0.12069312375117225, data_size = 2832
user 11, emp_avg: 0.20454121842775894, h: 0, ucb: inf,num_of_obs(calculated after picking at this round): 1, privacy reward: 0.9417645335842487, g: 0.008247111389193153, curr_delay = 0.24444950697142392, data_size = 709
user 13, emp_avg: 0.17165583944496257, h: 0, ucb: inf,num_of_obs(calculated after picking at this round): 1, privacy reward: 0.9417645335842487, g: 0.09647901832986323, curr_delay = 0.29128050733183086, data_size = 2425
user 27, emp_avg: 0.0555955030653927, h: 0, ucb: inf,num_of_obs(calculated after picking at this round): 1, privacy reward: 0.9417645335842487, g: 0.04242105634194793, curr_delay = 0.8993533153425891, data_size = 1608
num of fast users chosen: 4, num of slow users chosen: 1
max_delay = 0.90 seconds
after cleansing the weights updates who were almost zeros (meaning with absolute value of less than 10**-7, 0.00% of the weights upadtes) we get:
user No.1.0 has been picked 1, his deltas theta's mean
 is -0.001120501896366477,
the empirical var of deltas thetas is 0.003653708379715681
the minimum of the deltas theta is -0.19930590689182281 and the maximum is 0.20068620145320892
the added laplace noise var is 0.0029437142342901225
global epoch 1 has been done artifficialy in 0.90 secs, the total time by now is 0.90 
 with avg train loss 1.970, val loss 2.362, avg val acc 10.00%
iteration: 2
user 4, emp_avg: 1.0, h: 0, ucb: inf,num_of_obs(calculated after picking at this round): 1, privacy reward: 0.9417645335842487, g: 0.17084698569787435, curr_delay = 0.05, data_size = 3227
user 8, emp_avg: 0.5040044172650782, h: 0, ucb: inf,num_of_obs(calculated after picking at this round): 1, privacy reward: 0.9417645335842487, g: 0.09552653693746727, curr_delay = 0.09920547972837071, data_size = 2413
user 10, emp_avg: 0.26174558822864624, h: 0, ucb: inf,num_of_obs(calculated after picking at this round): 1, privacy reward: 0.9417645335842487, g: 0.0218484688913461, curr_delay = 0.19102518723762713, data_size = 1154
user 18, emp_avg: 0.06852331364384019, h: 0, ucb: inf,num_of_obs(calculated after picking at this round): 1, privacy reward: 0.9417645335842487, g: 0.01095099304342346, curr_delay = 0.7296786646933366, data_size = 817
user 26, emp_avg: 0.05738340389842372, h: 0, ucb: inf,num_of_obs(calculated after picking at this round): 1, privacy reward: 0.9417645335842487, g: 0.031744146151999844, curr_delay = 0.8713320682144732, data_size = 1391
num of fast users chosen: 3, num of slow users chosen: 2
max_delay = 0.87 seconds
after cleansing the weights updates who were almost zeros (meaning with absolute value of less than 10**-7, 0.00% of the weights upadtes) we get:
user No.4.0 has been picked 1, his deltas theta's mean
 is -0.00108921411447227,
the empirical var of deltas thetas is 0.004246592987328768
the minimum of the deltas theta is -0.322822630405426 and the maximum is 0.28263500332832336
the added laplace noise var is 0.0029437142342901225
global epoch 2 has been done artifficialy in 0.87 secs, the total time by now is 1.77 
 with avg train loss 1.949, val loss 2.348, avg val acc 10.00%
iteration: 3
user 0, emp_avg: 0.4496094280554311, h: 0, ucb: inf,num_of_obs(calculated after picking at this round): 1, privacy reward: 0.9417645335842487, g: 0.1525191017078557, curr_delay = 0.11120763240275211, data_size = 3049
user 6, emp_avg: 0.4061236596834821, h: 2.567425506613319, ucb: 2.9816993148137168,num_of_obs(calculated after picking at this round): 2, privacy reward: 0.8869204367171575, g: 0.0008648746292987578, curr_delay = 0.12563650242308008, data_size = 2832
user 10, emp_avg: 0.2799846050706192, h: 2.567425506613319, ucb: 2.829171094841965,num_of_obs(calculated after picking at this round): 2, privacy reward: 0.8869204367171575, g: -0.03441806277050038, curr_delay = 0.16765942174310647, data_size = 1154
user 11, emp_avg: 0.23117876426368095, h: 2.567425506613319, ucb: 2.7719667250410778,num_of_obs(calculated after picking at this round): 2, privacy reward: 0.8869204367171575, g: -0.05881581719921466, curr_delay = 0.1939365278351992, data_size = 709
user 27, emp_avg: 0.05526892889339279, h: 2.567425506613319, ucb: 2.6230210096787117,num_of_obs(calculated after picking at this round): 2, privacy reward: 0.8869204367171575, g: -0.016223016925341022, curr_delay = 0.9100447233021762, data_size = 1608
num of fast users chosen: 4, num of slow users chosen: 1
max_delay = 0.91 seconds
after cleansing the weights updates who were almost zeros (meaning with absolute value of less than 10**-7, 0.00% of the weights upadtes) we get:
user No.0.0 has been picked 1, his deltas theta's mean
 is -0.0023499424569308758,
the empirical var of deltas thetas is 0.004464540630578995
the minimum of the deltas theta is -0.33363568782806396 and the maximum is 0.3328407108783722
the added laplace noise var is 0.0029437142342901225
global epoch 3 has been done artifficialy in 0.91 secs, the total time by now is 2.68 
 with avg train loss 1.938, val loss 2.339, avg val acc 10.00%
iteration: 4
user 0, emp_avg: 0.7248047140277155, h: 2.884053773201766, ucb: 3.333663201257197,num_of_obs(calculated after picking at this round): 2, privacy reward: 0.8869204367171575, g: 0.019750631577719426, curr_delay = 0.05, data_size = 3049
user 1, emp_avg: 1.0, h: 2.884053773201766, ucb: 3.884053773201766,num_of_obs(calculated after picking at this round): 2, privacy reward: 0.8869204367171575, g: -0.019413663558592698, curr_delay = 0.05, data_size = 864
user 12, emp_avg: 0.27038778310097733, h: 0, ucb: inf,num_of_obs(calculated after picking at this round): 1, privacy reward: 0.9417645335842487, g: 0.005906250882984507, curr_delay = 0.184919597426217, data_size = 600
user 13, emp_avg: 0.23895615725972535, h: 2.884053773201766, ucb: 3.0557096126467287,num_of_obs(calculated after picking at this round): 2, privacy reward: 0.8869204367171575, g: 0.0036736591742120455, curr_delay = 0.16326185426067785, data_size = 2425
user 21, emp_avg: 0.06312949491833664, h: 0, ucb: inf,num_of_obs(calculated after picking at this round): 1, privacy reward: 0.9417645335842487, g: 0.036325805430707916, curr_delay = 0.7920228106478477, data_size = 1488
num of fast users chosen: 4, num of slow users chosen: 1
max_delay = 0.79 seconds
after cleansing the weights updates who were almost zeros (meaning with absolute value of less than 10**-7, 0.00% of the weights upadtes) we get:
user No.0.0 has been picked 2, his deltas theta's mean
 is -0.000934918993152678,
the empirical var of deltas thetas is 0.005960528273135424
the minimum of the deltas theta is -0.3229541480541229 and the maximum is 0.3375431001186371
the added laplace noise var is 0.003125743356555042
global epoch 4 has been done artifficialy in 0.79 secs, the total time by now is 3.47 
 with avg train loss 1.958, val loss 2.343, avg val acc 10.00%
iteration: 5
user 4, emp_avg: 0.7502863835865076, h: 3.1075114600922396, ucb: 4.1075114600922396,num_of_obs(calculated after picking at this round): 2, privacy reward: 0.8869204367171575, g: 0.045512422730357195, curr_delay = 0.09988557764014015, data_size = 3227
user 13, emp_avg: 0.22610927975555217, h: 2.197342426046132, ucb: 2.4362985833058572,num_of_obs(calculated after picking at this round): 3, privacy reward: 0.835270211411272, g: -0.007990443680821335, curr_delay = 0.24948167095871204, data_size = 2425
user 19, emp_avg: 0.06520067918216507, h: 0, ucb: inf,num_of_obs(calculated after picking at this round): 1, privacy reward: 0.9417645335842487, g: 0.008790863814234141, curr_delay = 0.7668631773037873, data_size = 732
user 21, emp_avg: 0.059496715774240615, h: 3.1075114600922396, ucb: 3.170640955010576,num_of_obs(calculated after picking at this round): 2, privacy reward: 0.8869204367171575, g: -8.848603322866204e-05, curr_delay = 0.8950318043469144, data_size = 1488
user 22, emp_avg: 0.054201960719177995, h: 0, ucb: inf,num_of_obs(calculated after picking at this round): 1, privacy reward: 0.9417645335842487, g: 0.021358988349418757, curr_delay = 0.9224758539465301, data_size = 1141
num of fast users chosen: 2, num of slow users chosen: 3
max_delay = 0.92 seconds
after cleansing the weights updates who were almost zeros (meaning with absolute value of less than 10**-7, 0.00% of the weights upadtes) we get:
user No.4.0 has been picked 2, his deltas theta's mean
 is -0.0007432078127749264,
the empirical var of deltas thetas is 0.0034153147134929895
the minimum of the deltas theta is -0.3273153007030487 and the maximum is 0.33063632249832153
the added laplace noise var is 0.003125743356555042
global epoch 5 has been done artifficialy in 0.92 secs, the total time by now is 4.40 
 with avg train loss 1.910, val loss 2.330, avg val acc 10.00%
iteration: 6
user 1, emp_avg: 1.0, h: 2.3184646660417676, ucb: 3.3184646660417676,num_of_obs(calculated after picking at this round): 3, privacy reward: 0.835270211411272, g: -0.04958026191224914, curr_delay = 0.05, data_size = 864
user 6, emp_avg: 0.37988410847247933, h: 2.3184646660417676, ucb: 2.7245883257252497,num_of_obs(calculated after picking at this round): 3, privacy reward: 0.835270211411272, g: 0.0008648746292987578, curr_delay = 0.15271605221665985, data_size = 2832
user 14, emp_avg: 0.1845313028719453, h: 0, ucb: inf,num_of_obs(calculated after picking at this round): 1, privacy reward: 0.9417645335842487, g: 0.07562640896239813, curr_delay = 0.27095673862280856, data_size = 2147
user 24, emp_avg: 0.0585792363624225, h: 0, ucb: inf,num_of_obs(calculated after picking at this round): 1, privacy reward: 0.9417645335842487, g: 0.029108366851700842, curr_delay = 0.853544755869745, data_size = 1332
user 29, emp_avg: 0.055391683315189046, h: 0, ucb: inf,num_of_obs(calculated after picking at this round): 1, privacy reward: 0.9417645335842487, g: 0.0072770917129252105, curr_delay = 0.9026625841191834, data_size = 666
num of fast users chosen: 3, num of slow users chosen: 2
max_delay = 0.90 seconds
after cleansing the weights updates who were almost zeros (meaning with absolute value of less than 10**-7, 0.00% of the weights upadtes) we get:
user No.1.0 has been picked 3, his deltas theta's mean
 is -0.0008867682772688568,
the empirical var of deltas thetas is 0.0014085221337154508
the minimum of the deltas theta is -0.22888143360614777 and the maximum is 0.2178504765033722
the added laplace noise var is 0.003319028531111506
global epoch 6 has been done artifficialy in 0.90 secs, the total time by now is 5.30 
 with avg train loss 1.884, val loss 2.322, avg val acc 10.00%
iteration: 7
user 2, emp_avg: 1.0, h: 0, ucb: inf,num_of_obs(calculated after picking at this round): 1, privacy reward: 0.9417645335842487, g: 0.013675743450773646, curr_delay = 0.05, data_size = 913
user 3, emp_avg: 0.4879639666057414, h: 0, ucb: inf,num_of_obs(calculated after picking at this round): 1, privacy reward: 0.9417645335842487, g: 0.00616496107791168, curr_delay = 0.10246658241549696, data_size = 613
user 4, emp_avg: 0.7188879500844642, h: 2.4161395752658703, ucb: 3.1664259588523778,num_of_obs(calculated after picking at this round): 3, privacy reward: 0.835270211411272, g: 0.016287405948360048, curr_delay = 0.07620893087777957, data_size = 3227
user 13, emp_avg: 0.22912937104138376, h: 1.9727697022487511, ucb: 2.1988789820043033,num_of_obs(calculated after picking at this round): 4, privacy reward: 0.7866278610665535, g: -0.013914729165073435, curr_delay = 0.20991676620210376, data_size = 2425
user 27, emp_avg: 0.055665338321905906, h: 2.4161395752658703, ucb: 2.471408504159263,num_of_obs(calculated after picking at this round): 3, privacy reward: 0.835270211411272, g: -0.006360151807985549, curr_delay = 0.8856116192658506, data_size = 1608
num of fast users chosen: 4, num of slow users chosen: 1
max_delay = 0.89 seconds
after cleansing the weights updates who were almost zeros (meaning with absolute value of less than 10**-7, 0.00% of the weights upadtes) we get:
user No.2.0 has been picked 1, his deltas theta's mean
 is -0.00032215198734775186,
the empirical var of deltas thetas is 0.0038424499798566103
the minimum of the deltas theta is -0.2430839240550995 and the maximum is 0.2230374664068222
the added laplace noise var is 0.0029437142342901225
global epoch 7 has been done artifficialy in 0.89 secs, the total time by now is 6.18 
 with avg train loss 1.910, val loss 2.316, avg val acc 10.00%
iteration: 8
user 2, emp_avg: 1.0, h: 3.5322300675464238, ucb: 4.532230067546424,num_of_obs(calculated after picking at this round): 2, privacy reward: 0.8869204367171575, g: -6.490986126652418e-05, curr_delay = 0.05, data_size = 913
user 6, emp_avg: 0.44211710820484806, h: 2.039333980337618, ucb: 2.419218088810097,num_of_obs(calculated after picking at this round): 4, privacy reward: 0.7866278610665535, g: -0.00015025649902584677, curr_delay = 0.07951450258897202, data_size = 2832
user 7, emp_avg: 0.27899855643217736, h: 0, ucb: inf,num_of_obs(calculated after picking at this round): 1, privacy reward: 0.9417645335842487, g: 0.003090216086987305, curr_delay = 0.1792123967930087, data_size = 434
user 21, emp_avg: 0.06120173602773116, h: 2.497663833473093, ucb: 2.5571605492473335,num_of_obs(calculated after picking at this round): 3, privacy reward: 0.835270211411272, g: -0.0035291561838588486, curr_delay = 0.7738527352384102, data_size = 1488
num of fast users chosen: 3, num of slow users chosen: 1
max_delay = 0.77 seconds
after cleansing the weights updates who were almost zeros (meaning with absolute value of less than 10**-7, 0.00% of the weights upadtes) we get:
user No.2.0 has been picked 2, his deltas theta's mean
 is 3.572281639208086e-05,
the empirical var of deltas thetas is 0.003224841319024563
the minimum of the deltas theta is -0.2421165406703949 and the maximum is 0.24813100695610046
the added laplace noise var is 0.003125743356555042
global epoch 8 has been done artifficialy in 0.77 secs, the total time by now is 6.96 
 with avg train loss 1.919, val loss 2.314, avg val acc 10.00%
iteration: 9
user 4, emp_avg: 0.7891659625633481, h: 2.09629414793641, ucb: 2.815182098020874,num_of_obs(calculated after picking at this round): 4, privacy reward: 0.7866278610665535, g: 0.006400491863123536, curr_delay = 0.05, data_size = 3227
user 13, emp_avg: 0.25405711983118323, h: 1.815443985917585, ucb: 2.044573356958969,num_of_obs(calculated after picking at this round): 5, privacy reward: 0.7408182206817179, g: -0.017911466250680866, curr_delay = 0.1413355186104307, data_size = 2425
user 15, emp_avg: 0.06863845239216011, h: 0, ucb: inf,num_of_obs(calculated after picking at this round): 1, privacy reward: 0.9417645335842487, g: 0.010977817266183682, curr_delay = 0.7284546527117066, data_size = 818
user 21, emp_avg: 0.06013147878091964, h: 2.09629414793641, ucb: 2.1574958839641414,num_of_obs(calculated after picking at this round): 4, privacy reward: 0.7866278610665535, g: -0.020374717546020264, curr_delay = 0.878414949491708, data_size = 1488
user 25, emp_avg: 0.06226980592190404, h: 0, ucb: inf,num_of_obs(calculated after picking at this round): 1, privacy reward: 0.9417645335842487, g: 0.01190936428044996, curr_delay = 0.8029573765286458, data_size = 852
num of fast users chosen: 2, num of slow users chosen: 3
max_delay = 0.88 seconds
after cleansing the weights updates who were almost zeros (meaning with absolute value of less than 10**-7, 0.00% of the weights upadtes) we get:
user No.4.0 has been picked 4, his deltas theta's mean
 is -0.0011286769295111299,
the empirical var of deltas thetas is 0.002998980227857828
the minimum of the deltas theta is -0.33687230944633484 and the maximum is 0.34853503108024597
the added laplace noise var is 0.0035242657933609585
global epoch 9 has been done artifficialy in 0.88 secs, the total time by now is 7.84 
 with avg train loss 1.905, val loss 2.321, avg val acc 10.00%
