Namespace(full_exp=True, data='cifar10', i_i_d=False, wandb=True, method_choosing_users='pause brute', model='cnn3', num_users=30, num_users_per_round=5, global_epochs=10, max_seconds=600, epsilon_bar=100, epsilon_sum_deascent_coeff=0.04, delta_f=0.012, accel_ucb_coeff=1, alpha=20, beta=2, gamma=40, alternative_privacy_reward=False, choosing_users_verbose=True, sa_pause_verbose=False, snr_verbose=True, dirichlet_coeff=3, label_dominance=0.25, bar_plot_interval=30, max_iterations_sa_pause=500, sa_pause_simulation=False, max_time_sa_pause=600, pre_sa_pause_rounds=1, beta_max_reduction=70, data_truncation=None, tau_min=0.05, production=False, privacy_noise='laplace', privacy=True, save_best_model=False, seed=1, norm_mean=0.5, norm_std=0.5, train_batch_size=20, test_batch_size=1000, local_epochs=1, local_iterations=100, lr=0.01, momentum=0.5, lr_scheduler=False, optimizer='adam', device=device(type='cuda'), exp_path=PosixPath('/sise/home/oripele/PAUSE/checkpoints/sa_pause/cnn3/16-02-2025_16-48-33'))
=================================================================
Layer (type:depth-idx)                   Param #
=================================================================
CNN3LayerCifar                           --
├─Conv2d: 1-1                            896
├─BatchNorm2d: 1-2                       64
├─Conv2d: 1-3                            18,496
├─BatchNorm2d: 1-4                       128
├─Conv2d: 1-5                            73,856
├─BatchNorm2d: 1-6                       256
├─MaxPool2d: 1-7                         --
├─Linear: 1-8                            65,664
├─BatchNorm1d: 1-9                       256
├─Linear: 1-10                           8,256
├─BatchNorm1d: 1-11                      128
├─Linear: 1-12                           2,080
├─BatchNorm1d: 1-13                      64
├─Linear: 1-14                           330
├─Dropout: 1-15                          --
├─Dropout: 1-16                          --
├─Dropout: 1-17                          --
=================================================================
Total params: 170,474
Trainable params: 170,474
Non-trainable params: 0
=================================================================
iteration: 1
user 3, emp_avg: 1.0, h: 0, ucb: inf,num_of_obs: 0, privacy reward: 0.9607894391523232, g: 0.006199503900104979, curr_delay = 0.05, data_size = 768
user 13, emp_avg: 0.19058656697137166, h: 0, ucb: inf,num_of_obs: 0, privacy reward: 0.9607894391523232, g: 0.09688087039595202, curr_delay = 0.26234797548722616, data_size = 3036
user 20, emp_avg: 0.059808239064087505, h: 0, ucb: inf,num_of_obs: 0, privacy reward: 0.9607894391523232, g: 0.005802459595657439, curr_delay = 0.8360052190538918, data_size = 743
user 21, emp_avg: 0.0594379370318638, h: 0, ucb: inf,num_of_obs: 0, privacy reward: 0.9607894391523232, g: 0.03636305693359914, curr_delay = 0.841213583391963, data_size = 1860
user 22, emp_avg: 0.06673583935429242, h: 0, ucb: inf,num_of_obs: 0, privacy reward: 0.9607894391523232, g: 0.02146342153536355, curr_delay = 0.7492226138725266, data_size = 1429
num of fast users chosen: 2, num of slow users chosen: 3
max_delay = 0.84 seconds
after cleansing the weights updates who were almost zeros (meaning with absolute value of less than 10**-7, 0.00% of the weights upadtes) we get:
user No.3 has been picked 1, his deltas theta's mean
 is -0.0008129979833029211,
the empirical var of deltas thetas is 0.003544119419530034
the minimum of the deltas theta is -0.19820336997509003 and the maximum is 0.23788407444953918
the added laplace noise var is 0.003060399989333737
global epoch 1 has been done artifficialy in 0.84 secs, the total time by now is 0.84 
 with avg train loss 2.000, val loss 2.345, avg val acc 10.00%
iteration: 2
user 5, emp_avg: 0.43886942756474673, h: 0, ucb: inf,num_of_obs: 0, privacy reward: 0.9607894391523232, g: 0.009930406515768738, curr_delay = 0.11392910250651594, data_size = 972
user 9, emp_avg: 0.3034907835009305, h: 0, ucb: inf,num_of_obs: 0, privacy reward: 0.9607894391523232, g: 0.005849411201427581, curr_delay = 0.16474964881378912, data_size = 746
user 18, emp_avg: 0.07043324837447094, h: 0, ucb: inf,num_of_obs: 0, privacy reward: 0.9607894391523232, g: 0.010956856698149504, curr_delay = 0.7098920063173301, data_size = 1021
user 24, emp_avg: 0.05883502102480905, h: 0, ucb: inf,num_of_obs: 0, privacy reward: 0.9607894391523232, g: 0.029243314173322328, curr_delay = 0.849833978625017, data_size = 1668
user 29, emp_avg: 0.05352066001910564, h: 0, ucb: inf,num_of_obs: 0, privacy reward: 0.9607894391523232, g: 0.0066765351577449915, curr_delay = 0.9342186733525176, data_size = 797
num of fast users chosen: 2, num of slow users chosen: 3
max_delay = 0.93 seconds
after cleansing the weights updates who were almost zeros (meaning with absolute value of less than 10**-7, 0.00% of the weights upadtes) we get:
user No.5 has been picked 1, his deltas theta's mean
 is -0.0018644651863723993,
the empirical var of deltas thetas is 0.00380875077098608
the minimum of the deltas theta is -0.24883487820625305 and the maximum is 0.2140914499759674
the added laplace noise var is 0.003060399989333737
global epoch 2 has been done artifficialy in 0.93 secs, the total time by now is 1.78 
 with avg train loss 1.940, val loss 2.334, avg val acc 10.00%
iteration: 3
user 0, emp_avg: 1.0, h: 0, ucb: inf,num_of_obs: 0, privacy reward: 0.9607894391523232, g: 0.1530563067368691, curr_delay = 0.05, data_size = 3816
user 6, emp_avg: 1.0, h: 0, ucb: inf,num_of_obs: 0, privacy reward: 0.9607894391523232, g: 0.13171675461587784, curr_delay = 0.05, data_size = 3540
user 8, emp_avg: 0.310832478344529, h: 0, ucb: inf,num_of_obs: 0, privacy reward: 0.9607894391523232, g: 0.09548188702276958, curr_delay = 0.1608583513096712, data_size = 3014
user 23, emp_avg: 0.05674237103841024, h: 0, ucb: inf,num_of_obs: 0, privacy reward: 0.9607894391523232, g: 0.008288203944573939, curr_delay = 0.8811757260928316, data_size = 888
user 25, emp_avg: 0.059498543482014894, h: 0, ucb: inf,num_of_obs: 0, privacy reward: 0.9607894391523232, g: 0.011765376593080492, curr_delay = 0.8403567057925361, data_size = 1058
num of fast users chosen: 3, num of slow users chosen: 2
max_delay = 0.88 seconds
after cleansing the weights updates who were almost zeros (meaning with absolute value of less than 10**-7, 0.00% of the weights upadtes) we get:
user No.0 has been picked 1, his deltas theta's mean
 is -0.0022360472939908504,
the empirical var of deltas thetas is 0.004438840784132481
the minimum of the deltas theta is -0.29036521911621094 and the maximum is 0.34464383125305176
the added laplace noise var is 0.003060399989333737
global epoch 3 has been done artifficialy in 0.88 secs, the total time by now is 2.66 
 with avg train loss 1.986, val loss 2.332, avg val acc 10.00%
iteration: 4
user 2, emp_avg: 0.5712485526177807, h: 0, ucb: inf,num_of_obs: 0, privacy reward: 0.9607894391523232, g: 0.013707766731052836, curr_delay = 0.08752757406714118, data_size = 1142
user 4, emp_avg: 1.0, h: 0, ucb: inf,num_of_obs: 0, privacy reward: 0.9607894391523232, g: 0.17087382624664343, curr_delay = 0.05, data_size = 4032
user 16, emp_avg: 0.07690601041670418, h: 0, ucb: inf,num_of_obs: 0, privacy reward: 0.9607894391523232, g: 0.01938358206928371, curr_delay = 0.6501442439814805, data_size = 1358
user 17, emp_avg: 0.0648125180373891, h: 0, ucb: inf,num_of_obs: 0, privacy reward: 0.9607894391523232, g: 0.050733475105390426, curr_delay = 0.771455908735963, data_size = 2197
user 19, emp_avg: 0.06316511244612392, h: 0, ucb: inf,num_of_obs: 0, privacy reward: 0.9607894391523232, g: 0.00874226917163241, curr_delay = 0.7915762050237308, data_size = 912
num of fast users chosen: 2, num of slow users chosen: 3
max_delay = 0.79 seconds
after cleansing the weights updates who were almost zeros (meaning with absolute value of less than 10**-7, 0.00% of the weights upadtes) we get:
user No.2 has been picked 1, his deltas theta's mean
 is -0.0012832609936594963,
the empirical var of deltas thetas is 0.004128331784158945
the minimum of the deltas theta is -0.2316044420003891 and the maximum is 0.25891342759132385
the added laplace noise var is 0.003060399989333737
global epoch 4 has been done artifficialy in 0.79 secs, the total time by now is 3.45 
 with avg train loss 1.965, val loss 2.323, avg val acc 10.00%
iteration: 5
user 1, emp_avg: 0.595790030305728, h: 0, ucb: inf,num_of_obs: 0, privacy reward: 0.9607894391523232, g: 0.012282474902700758, curr_delay = 0.08392218307906671, data_size = 1081
user 12, emp_avg: 0.7480572287055829, h: 0, ucb: inf,num_of_obs: 0, privacy reward: 0.9607894391523232, g: 0.005849411201427581, curr_delay = 0.06683980594174405, data_size = 746
user 14, emp_avg: 0.28502196104517585, h: 0, ucb: inf,num_of_obs: 0, privacy reward: 0.9607894391523232, g: 0.07532362973520136, curr_delay = 0.1754250788839216, data_size = 2677
user 26, emp_avg: 0.06057864862629298, h: 0, ucb: inf,num_of_obs: 0, privacy reward: 0.9607894391523232, g: 0.03178583769715943, curr_delay = 0.8253733144238294, data_size = 1739
user 27, emp_avg: 0.0596366628317574, h: 0, ucb: inf,num_of_obs: 0, privacy reward: 0.9607894391523232, g: 0.0483152309159223, curr_delay = 0.8384104278446357, data_size = 2144
num of fast users chosen: 3, num of slow users chosen: 2
max_delay = 0.84 seconds
after cleansing the weights updates who were almost zeros (meaning with absolute value of less than 10**-7, 0.00% of the weights upadtes) we get:
user No.1 has been picked 1, his deltas theta's mean
 is -0.001372612896375358,
the empirical var of deltas thetas is 0.003907991107553244
the minimum of the deltas theta is -0.2687990665435791 and the maximum is 0.22190992534160614
the added laplace noise var is 0.003060399989333737
global epoch 5 has been done artifficialy in 0.84 secs, the total time by now is 4.29 
 with avg train loss 1.902, val loss 2.317, avg val acc 10.00%
iteration: 6
user 7, emp_avg: 0.36035120297164985, h: 0, ucb: inf,num_of_obs: 0, privacy reward: 0.9607894391523232, g: 0.003202673401519075, curr_delay = 0.13875352597042304, data_size = 552
user 10, emp_avg: 0.3092831565980844, h: 0, ucb: inf,num_of_obs: 0, privacy reward: 0.9607894391523232, g: 0.022159896631210197, curr_delay = 0.16166415445951796, data_size = 1452
user 11, emp_avg: 0.25088658863078417, h: 0, ucb: inf,num_of_obs: 0, privacy reward: 0.9607894391523232, g: 0.008306881581344377, curr_delay = 0.19929323553273792, data_size = 889
user 15, emp_avg: 0.0749021242694642, h: 0, ucb: inf,num_of_obs: 0, privacy reward: 0.9607894391523232, g: 0.010978330199512477, curr_delay = 0.6675378100108678, data_size = 1022
user 28, emp_avg: 0.057877058355637515, h: 0, ucb: inf,num_of_obs: 0, privacy reward: 0.9607894391523232, g: 0.02274363321720895, curr_delay = 0.8639001604532957, data_size = 1471
num of fast users chosen: 3, num of slow users chosen: 2
max_delay = 0.86 seconds
after cleansing the weights updates who were almost zeros (meaning with absolute value of less than 10**-7, 0.00% of the weights upadtes) we get:
user No.7 has been picked 1, his deltas theta's mean
 is -0.0019195382483303547,
the empirical var of deltas thetas is 0.003184499219059944
the minimum of the deltas theta is -0.1883419156074524 and the maximum is 0.18420416116714478
the added laplace noise var is 0.003060399989333737
global epoch 6 has been done artifficialy in 0.86 secs, the total time by now is 5.15 
 with avg train loss 1.922, val loss 2.317, avg val acc 10.00%
iteration: 7
user 0, emp_avg: 0.7301003105364232, h: 3.416937355927363, ucb: 4.416937355927363,num_of_obs: 1, privacy reward: 0.9231163463866358, g: 0.06168615194950817, curr_delay = 0.10864826710454473, data_size = 3816
user 3, emp_avg: 0.7793106001714832, h: 3.416937355927363, ucb: 4.416937355927363,num_of_obs: 1, privacy reward: 0.9231163463866358, g: -0.004111401896949808, curr_delay = 0.08950609101355697, data_size = 768
user 4, emp_avg: 0.6431502839786228, h: 3.416937355927363, ucb: 4.416937355927363,num_of_obs: 1, privacy reward: 0.9231163463866358, g: 0.07317659685252778, curr_delay = 0.17464163748172057, data_size = 4032
user 6, emp_avg: 0.6703292691056799, h: 3.416937355927363, ucb: 4.416937355927363,num_of_obs: 1, privacy reward: 0.9231163463866358, g: 0.048431195159370215, curr_delay = 0.14677453928654433, data_size = 3540
user 12, emp_avg: 0.5236032943080957, h: 3.416937355927363, ucb: 4.164994584632946,num_of_obs: 1, privacy reward: 0.9231163463866358, g: -0.004405733463775209, curr_delay = 0.16714058828319384, data_size = 746
num of fast users chosen: 5, num of slow users chosen: 0
max_delay = 0.17 seconds
after cleansing the weights updates who were almost zeros (meaning with absolute value of less than 10**-7, 0.00% of the weights upadtes) we get:
user No.0 has been picked 2, his deltas theta's mean
 is -0.0016589330043643713,
the empirical var of deltas thetas is 0.0036095166578888893
the minimum of the deltas theta is -0.36830273270606995 and the maximum is 0.3814607858657837
the added laplace noise var is 0.0031852972822368235
global epoch 7 has been done artifficialy in 0.17 secs, the total time by now is 5.33 
 with avg train loss 1.917, val loss 2.326, avg val acc 10.00%
iteration: 8
user 2, emp_avg: 0.5303395566501252, h: 3.5322300675464238, ucb: 4.103478620164204,num_of_obs: 1, privacy reward: 0.9231163463866358, g: -6.272367179509518e-05, curr_delay = 0.10215953807681977, data_size = 1142
user 8, emp_avg: 0.27870232215330826, h: 3.5322300675464238, ucb: 3.8430625458909526,num_of_obs: 1, privacy reward: 0.9231163463866358, g: 0.03385652819562173, curr_delay = 0.20278039009353516, data_size = 3014
user 10, emp_avg: 0.3446207517091099, h: 3.5322300675464238, ucb: 3.8415132241445082,num_of_obs: 1, privacy reward: 0.9231163463866358, g: 0.000569395298423649, curr_delay = 0.13159337179574843, data_size = 1452
user 13, emp_avg: 0.2273966719739586, h: 3.5322300675464238, ucb: 3.7228166345177955,num_of_obs: 1, privacy reward: 0.9231163463866358, g: 0.034691640336489235, curr_delay = 0.18924571342255408, data_size = 3036
user 14, emp_avg: 0.2848830530905593, h: 3.5322300675464238, ucb: 3.8172520285915996,num_of_obs: 1, privacy reward: 0.9231163463866358, g: 0.02233575296669613, curr_delay = 0.1755962356175189, data_size = 2677
num of fast users chosen: 5, num of slow users chosen: 0
max_delay = 0.20 seconds
after cleansing the weights updates who were almost zeros (meaning with absolute value of less than 10**-7, 0.00% of the weights upadtes) we get:
user No.2 has been picked 2, his deltas theta's mean
 is -0.00027286942349746823,
the empirical var of deltas thetas is 0.0025068672839552164
the minimum of the deltas theta is -0.25706666707992554 and the maximum is 0.26563358306884766
the added laplace noise var is 0.0031852972822368235
global epoch 8 has been done artifficialy in 0.20 secs, the total time by now is 5.53 
 with avg train loss 1.854, val loss 2.322, avg val acc 10.00%
iteration: 9
user 1, emp_avg: 0.49187107069829195, h: 3.63088797183517, ucb: 4.226678002140898,num_of_obs: 1, privacy reward: 0.9231163463866358, g: -8.110161377215981e-08, curr_delay = 0.12888188663133815, data_size = 1081
user 5, emp_avg: 0.3621095390679779, h: 3.63088797183517, ucb: 4.069757399399917,num_of_obs: 1, privacy reward: 0.9231163463866358, g: -0.0001313244044728354, curr_delay = 0.17522362441976252, data_size = 972
user 7, emp_avg: 0.3949083792201519, h: 3.63088797183517, ucb: 3.99123917480682,num_of_obs: 1, privacy reward: 0.9231163463866358, g: -0.0029723152325374347, curr_delay = 0.11642377220552075, data_size = 552
user 9, emp_avg: 0.25784084505382265, h: 3.63088797183517, ucb: 3.9343787553361005,num_of_obs: 1, privacy reward: 0.9231163463866358, g: -0.001199213878138876, curr_delay = 0.23563686493254155, data_size = 746
user 11, emp_avg: 0.26732016262752534, h: 3.63088797183517, ucb: 3.881774560465954,num_of_obs: 1, privacy reward: 0.9231163463866358, g: -0.00039876158245819645, curr_delay = 0.17620913329577634, data_size = 889
num of fast users chosen: 5, num of slow users chosen: 0
max_delay = 0.24 seconds
after cleansing the weights updates who were almost zeros (meaning with absolute value of less than 10**-7, 0.00% of the weights upadtes) we get:
user No.1 has been picked 2, his deltas theta's mean
 is -0.0006567295058630407,
the empirical var of deltas thetas is 0.0027718537021428347
the minimum of the deltas theta is -0.29131945967674255 and the maximum is 0.25940820574760437
the added laplace noise var is 0.0031852972822368235
global epoch 9 has been done artifficialy in 0.24 secs, the total time by now is 5.76 
 with avg train loss 1.929, val loss 2.298, avg val acc 10.00%
iteration: 10
user 17, emp_avg: 0.06698168340598626, h: 3.7169221888498387, ucb: 3.781734706887228,num_of_obs: 1, privacy reward: 0.9231163463866358, g: 0.01568528974553806, curr_delay = 0.7230569238996478, data_size = 2197
user 21, emp_avg: 0.061580286577610506, h: 3.7169221888498387, ucb: 3.7763601258817023,num_of_obs: 1, privacy reward: 0.9231163463866358, g: 0.008224857220660858, curr_delay = 0.7846505267485748, data_size = 1860
user 24, emp_avg: 0.0558405774915979, h: 3.7169221888498387, ucb: 3.775757209874648,num_of_obs: 1, privacy reward: 0.9231163463866358, g: 0.005041960882364772, curr_delay = 0.9461430052645308, data_size = 1668
user 26, emp_avg: 0.058792291265711595, h: 3.7169221888498387, ucb: 3.777500837476132,num_of_obs: 1, privacy reward: 0.9231163463866358, g: 0.006128671406406919, curr_delay = 0.8771016730154874, data_size = 1739
user 27, emp_avg: 0.05794149640578243, h: 3.7169221888498387, ucb: 3.776558851681596,num_of_obs: 1, privacy reward: 0.9231163463866358, g: 0.01435377920380419, curr_delay = 0.8889468880538535, data_size = 2144
num of fast users chosen: 0, num of slow users chosen: 5
max_delay = 0.95 seconds
after cleansing the weights updates who were almost zeros (meaning with absolute value of less than 10**-7, 0.00% of the weights upadtes) we get:
user No.17 has been picked 2, his deltas theta's mean
 is 0.0005099111585877836,
the empirical var of deltas thetas is 0.0036882287822663784
the minimum of the deltas theta is -0.3856269419193268 and the maximum is 0.37919121980667114
the added laplace noise var is 0.0031852972822368235
global epoch 10 has been done artifficialy in 0.95 secs, the total time by now is 6.71 
 with avg train loss 1.819, val loss 2.315, avg val acc 10.00%
