Namespace(full_exp=False, data='mnist', i_i_d=False, wandb=True, method_choosing_users='all users', model='mlp', num_users=300, num_users_per_round=15, global_epochs=400, max_seconds=600, epsilon_bar=100, epsilon_sum_deascent_coeff=0.04, delta_f=0.012, alpha=20, beta=2, gamma=20, alternative_privacy_reward=False, choosing_users_verbose=False, sa_pause_verbose=False, snr_verbose=False, dirichlet_coeff=3, label_dominance=0.25, bar_plot_interval=30, max_iterations_sa_pause=3000, sa_pause_simulation=False, max_time_sa_pause=600, pre_sa_pause_rounds=1, beta_max_reduction=70, accel_ucb_coeff=3, data_truncation=None, tau_min=0.05, production=False, privacy_noise='laplace', privacy=True, save_best_model=False, seed=1, norm_mean=0.5, norm_std=0.5, train_batch_size=20, test_batch_size=1000, local_epochs=1, local_iterations=100, lr=0.01, momentum=0.5, lr_scheduler=False, optimizer='adam', device=device(type='cuda'))
=================================================================
Layer (type:depth-idx)                   Param #
=================================================================
FC3Layer                                 --
├─Linear: 1-1                            25,120
├─Linear: 1-2                            528
├─Linear: 1-3                            170
=================================================================
Total params: 25,818
Trainable params: 25,818
Non-trainable params: 0
=================================================================
global epoch 1 has been done artifficialy in 0.94 secs, the total time by now is 0.94 
 with avg train loss 2.290, val loss 2.292, avg val acc 9.83%
global epoch 2 has been done artifficialy in 1.01 secs, the total time by now is 1.95 
 with avg train loss 2.180, val loss 2.270, avg val acc 13.87%
global epoch 3 has been done artifficialy in 0.99 secs, the total time by now is 2.94 
 with avg train loss 2.155, val loss 2.245, avg val acc 22.10%
global epoch 4 has been done artifficialy in 0.98 secs, the total time by now is 3.91 
 with avg train loss 2.109, val loss 2.214, avg val acc 20.53%
global epoch 5 has been done artifficialy in 0.96 secs, the total time by now is 4.88 
 with avg train loss 2.064, val loss 2.180, avg val acc 26.56%
global epoch 6 has been done artifficialy in 0.95 secs, the total time by now is 5.83 
 with avg train loss 2.011, val loss 2.142, avg val acc 30.56%
global epoch 7 has been done artifficialy in 0.99 secs, the total time by now is 6.82 
 with avg train loss 1.960, val loss 2.099, avg val acc 32.37%
global epoch 8 has been done artifficialy in 0.99 secs, the total time by now is 7.81 
 with avg train loss 1.902, val loss 2.049, avg val acc 34.18%
global epoch 9 has been done artifficialy in 1.01 secs, the total time by now is 8.82 
 with avg train loss 1.841, val loss 1.990, avg val acc 36.34%
global epoch 10 has been done artifficialy in 0.96 secs, the total time by now is 9.78 
 with avg train loss 1.776, val loss 1.925, avg val acc 38.76%
global epoch 11 has been done artifficialy in 0.98 secs, the total time by now is 10.76 
 with avg train loss 1.710, val loss 1.857, avg val acc 41.48%
global epoch 12 has been done artifficialy in 1.00 secs, the total time by now is 11.76 
 with avg train loss 1.643, val loss 1.787, avg val acc 43.57%
global epoch 13 has been done artifficialy in 0.98 secs, the total time by now is 12.74 
 with avg train loss 1.573, val loss 1.712, avg val acc 46.03%
global epoch 14 has been done artifficialy in 1.02 secs, the total time by now is 13.76 
 with avg train loss 1.505, val loss 1.632, avg val acc 48.23%
global epoch 15 has been done artifficialy in 1.01 secs, the total time by now is 14.77 
 with avg train loss 1.439, val loss 1.551, avg val acc 50.36%
global epoch 16 has been done artifficialy in 1.01 secs, the total time by now is 15.78 
 with avg train loss 1.378, val loss 1.469, avg val acc 52.68%
global epoch 17 has been done artifficialy in 0.97 secs, the total time by now is 16.75 
 with avg train loss 1.313, val loss 1.393, avg val acc 54.09%
global epoch 18 has been done artifficialy in 0.98 secs, the total time by now is 17.72 
 with avg train loss 1.257, val loss 1.319, avg val acc 56.77%
global epoch 19 has been done artifficialy in 0.95 secs, the total time by now is 18.67 
 with avg train loss 1.203, val loss 1.249, avg val acc 59.80%
global epoch 20 has been done artifficialy in 1.00 secs, the total time by now is 19.67 
 with avg train loss 1.155, val loss 1.184, avg val acc 62.39%
global epoch 21 has been done artifficialy in 0.97 secs, the total time by now is 20.64 
 with avg train loss 1.109, val loss 1.124, avg val acc 64.87%
global epoch 22 has been done artifficialy in 1.00 secs, the total time by now is 21.64 
 with avg train loss 1.067, val loss 1.071, avg val acc 67.59%
global epoch 23 has been done artifficialy in 1.01 secs, the total time by now is 22.65 
 with avg train loss 1.025, val loss 1.022, avg val acc 70.19%
global epoch 24 has been done artifficialy in 1.01 secs, the total time by now is 23.66 
 with avg train loss 0.986, val loss 0.976, avg val acc 71.72%
global epoch 25 has been done artifficialy in 0.98 secs, the total time by now is 24.64 
 with avg train loss 0.953, val loss 0.936, avg val acc 73.29%
global epoch 26 has been done artifficialy in 1.01 secs, the total time by now is 25.65 
 with avg train loss 0.925, val loss 0.900, avg val acc 74.55%
global epoch 27 has been done artifficialy in 0.96 secs, the total time by now is 26.61 
 with avg train loss 0.896, val loss 0.867, avg val acc 74.93%
global epoch 28 has been done artifficialy in 0.98 secs, the total time by now is 27.60 
 with avg train loss 0.866, val loss 0.836, avg val acc 76.15%
global epoch 29 has been done artifficialy in 0.99 secs, the total time by now is 28.58 
 with avg train loss 0.838, val loss 0.806, avg val acc 77.31%
global epoch 30 has been done artifficialy in 0.96 secs, the total time by now is 29.55 
 with avg train loss 0.813, val loss 0.779, avg val acc 77.91%
global epoch 31 has been done artifficialy in 0.96 secs, the total time by now is 30.50 
 with avg train loss 0.787, val loss 0.753, avg val acc 78.15%
global epoch 32 has been done artifficialy in 1.00 secs, the total time by now is 31.51 
 with avg train loss 0.763, val loss 0.729, avg val acc 78.96%
global epoch 33 has been done artifficialy in 0.97 secs, the total time by now is 32.48 
 with avg train loss 0.743, val loss 0.708, avg val acc 79.47%
global epoch 34 has been done artifficialy in 0.99 secs, the total time by now is 33.46 
 with avg train loss 0.725, val loss 0.689, avg val acc 79.76%
global epoch 35 has been done artifficialy in 1.00 secs, the total time by now is 34.47 
 with avg train loss 0.709, val loss 0.668, avg val acc 79.99%
global epoch 36 has been done artifficialy in 0.98 secs, the total time by now is 35.45 
 with avg train loss 0.693, val loss 0.652, avg val acc 80.49%
global epoch 37 has been done artifficialy in 1.00 secs, the total time by now is 36.44 
 with avg train loss 0.682, val loss 0.637, avg val acc 80.72%
global epoch 38 has been done artifficialy in 0.97 secs, the total time by now is 37.41 
 with avg train loss 0.665, val loss 0.623, avg val acc 81.18%
global epoch 39 has been done artifficialy in 1.00 secs, the total time by now is 38.41 
 with avg train loss 0.647, val loss 0.607, avg val acc 81.61%
global epoch 40 has been done artifficialy in 1.00 secs, the total time by now is 39.41 
 with avg train loss 0.637, val loss 0.593, avg val acc 81.82%
global epoch 41 has been done artifficialy in 0.99 secs, the total time by now is 40.40 
 with avg train loss 0.626, val loss 0.582, avg val acc 82.10%
global epoch 42 has been done artifficialy in 0.99 secs, the total time by now is 41.39 
 with avg train loss 0.623, val loss 0.573, avg val acc 82.26%
global epoch 43 has been done artifficialy in 1.00 secs, the total time by now is 42.39 
 with avg train loss 0.607, val loss 0.563, avg val acc 82.58%
global epoch 44 has been done artifficialy in 0.99 secs, the total time by now is 43.39 
 with avg train loss 0.599, val loss 0.554, avg val acc 82.76%
global epoch 45 has been done artifficialy in 1.00 secs, the total time by now is 44.39 
 with avg train loss 0.589, val loss 0.546, avg val acc 83.00%
global epoch 46 has been done artifficialy in 0.97 secs, the total time by now is 45.35 
 with avg train loss 0.579, val loss 0.539, avg val acc 83.24%
global epoch 47 has been done artifficialy in 0.97 secs, the total time by now is 46.32 
 with avg train loss 0.575, val loss 0.532, avg val acc 83.45%
global epoch 48 has been done artifficialy in 1.00 secs, the total time by now is 47.32 
 with avg train loss 0.573, val loss 0.526, avg val acc 83.38%
global epoch 49 has been done artifficialy in 0.96 secs, the total time by now is 48.27 
 with avg train loss 0.564, val loss 0.520, avg val acc 83.51%
global epoch 50 has been done artifficialy in 0.95 secs, the total time by now is 49.22 
 with avg train loss 0.563, val loss 0.514, avg val acc 83.66%
global epoch 51 has been done artifficialy in 0.98 secs, the total time by now is 50.20 
 with avg train loss 0.555, val loss 0.509, avg val acc 83.93%
global epoch 52 has been done artifficialy in 0.99 secs, the total time by now is 51.19 
 with avg train loss 0.548, val loss 0.505, avg val acc 83.94%
global epoch 53 has been done artifficialy in 0.99 secs, the total time by now is 52.19 
 with avg train loss 0.544, val loss 0.501, avg val acc 84.04%
global epoch 54 has been done artifficialy in 1.03 secs, the total time by now is 53.21 
 with avg train loss 0.534, val loss 0.496, avg val acc 84.27%
global epoch 55 has been done artifficialy in 1.00 secs, the total time by now is 54.21 
 with avg train loss 0.536, val loss 0.492, avg val acc 84.53%
global epoch 56 has been done artifficialy in 0.99 secs, the total time by now is 55.21 
 with avg train loss 0.534, val loss 0.488, avg val acc 84.46%
global epoch 57 has been done artifficialy in 0.98 secs, the total time by now is 56.19 
 with avg train loss 0.527, val loss 0.484, avg val acc 84.72%
global epoch 58 has been done artifficialy in 0.96 secs, the total time by now is 57.15 
 with avg train loss 0.517, val loss 0.481, avg val acc 84.79%
global epoch 59 has been done artifficialy in 1.02 secs, the total time by now is 58.17 
 with avg train loss 0.518, val loss 0.478, avg val acc 84.89%
global epoch 60 has been done artifficialy in 0.96 secs, the total time by now is 59.12 
 with avg train loss 0.518, val loss 0.476, avg val acc 84.94%
global epoch 61 has been done artifficialy in 0.96 secs, the total time by now is 60.08 
 with avg train loss 0.511, val loss 0.472, avg val acc 84.97%
global epoch 62 has been done artifficialy in 0.97 secs, the total time by now is 61.05 
 with avg train loss 0.509, val loss 0.469, avg val acc 85.25%
global epoch 63 has been done artifficialy in 1.02 secs, the total time by now is 62.07 
 with avg train loss 0.509, val loss 0.467, avg val acc 85.24%
