Namespace(full_exp=False, data='cifar10', i_i_d=False, wandb=True, method_choosing_users='sa_pause', model='cnn3', num_users=300, num_users_per_round=15, global_epochs=400, max_seconds=600, epsilon_bar=50, epsilon_sum_deascent_coeff=0.04, delta_f=0.008, alpha=20, beta=2, gamma=40.0, alternative_privacy_reward=False, choosing_users_verbose=False, sa_pause_verbose=False, snr_verbose=False, dirichlet_coeff=3, label_dominance=0.25, bar_plot_interval=30, max_iterations_sa_pause=3000, sa_pause_simulation=False, max_time_sa_pause=600, pre_sa_pause_rounds=1, beta_max_reduction=70, accel_ucb_coeff=3, data_truncation=None, tau_min=0.05, production=False, privacy_noise='laplace', privacy=True, save_best_model=False, seed=1, norm_mean=0.5, norm_std=0.5, train_batch_size=20, test_batch_size=1000, local_epochs=1, local_iterations=100, lr=0.01, momentum=0.5, lr_scheduler=False, optimizer='adam', device=device(type='cuda'))
=================================================================
Layer (type:depth-idx)                   Param #
=================================================================
CNN3LayerCifar                           --
├─Conv2d: 1-1                            896
├─BatchNorm2d: 1-2                       64
├─Conv2d: 1-3                            18,496
├─BatchNorm2d: 1-4                       128
├─Conv2d: 1-5                            73,856
├─BatchNorm2d: 1-6                       256
├─MaxPool2d: 1-7                         --
├─Linear: 1-8                            65,664
├─BatchNorm1d: 1-9                       256
├─Linear: 1-10                           8,256
├─BatchNorm1d: 1-11                      128
├─Linear: 1-12                           2,080
├─BatchNorm1d: 1-13                      64
├─Linear: 1-14                           330
├─Dropout: 1-15                          --
├─Dropout: 1-16                          --
├─Dropout: 1-17                          --
=================================================================
Total params: 170,474
Trainable params: 170,474
Non-trainable params: 0
=================================================================
global epoch 1 has been done artifficialy in 0.89 secs, the total time by now is 0.89 
 with avg train loss 2.342, val loss 2.308, avg val acc 10.00%
global epoch 2 has been done artifficialy in 0.90 secs, the total time by now is 1.79 
 with avg train loss 2.308, val loss 2.313, avg val acc 10.00%
global epoch 3 has been done artifficialy in 0.91 secs, the total time by now is 2.71 
 with avg train loss 2.263, val loss 2.316, avg val acc 10.00%
global epoch 4 has been done artifficialy in 0.91 secs, the total time by now is 3.61 
 with avg train loss 2.245, val loss 2.317, avg val acc 10.00%
global epoch 5 has been done artifficialy in 0.91 secs, the total time by now is 4.53 
 with avg train loss 2.187, val loss 2.317, avg val acc 10.00%
global epoch 6 has been done artifficialy in 0.89 secs, the total time by now is 5.42 
 with avg train loss 2.204, val loss 2.315, avg val acc 10.04%
global epoch 7 has been done artifficialy in 0.86 secs, the total time by now is 6.28 
 with avg train loss 2.238, val loss 2.316, avg val acc 10.34%
global epoch 8 has been done artifficialy in 0.88 secs, the total time by now is 7.16 
 with avg train loss 2.187, val loss 2.314, avg val acc 10.00%
global epoch 9 has been done artifficialy in 0.99 secs, the total time by now is 8.14 
 with avg train loss 2.196, val loss 2.311, avg val acc 10.00%
global epoch 10 has been done artifficialy in 0.90 secs, the total time by now is 9.05 
 with avg train loss 2.160, val loss 2.311, avg val acc 10.00%
global epoch 11 has been done artifficialy in 0.86 secs, the total time by now is 9.91 
 with avg train loss 2.183, val loss 2.304, avg val acc 10.00%
global epoch 12 has been done artifficialy in 0.92 secs, the total time by now is 10.83 
 with avg train loss 2.147, val loss 2.312, avg val acc 10.00%
global epoch 13 has been done artifficialy in 0.86 secs, the total time by now is 11.69 
 with avg train loss 2.123, val loss 2.306, avg val acc 10.00%
global epoch 14 has been done artifficialy in 0.94 secs, the total time by now is 12.62 
 with avg train loss 2.143, val loss 2.306, avg val acc 10.00%
global epoch 15 has been done artifficialy in 0.90 secs, the total time by now is 13.53 
 with avg train loss 2.116, val loss 2.301, avg val acc 10.00%
global epoch 16 has been done artifficialy in 0.89 secs, the total time by now is 14.42 
 with avg train loss 2.157, val loss 2.290, avg val acc 11.49%
global epoch 17 has been done artifficialy in 0.93 secs, the total time by now is 15.35 
 with avg train loss 2.135, val loss 2.295, avg val acc 10.02%
global epoch 18 has been done artifficialy in 0.88 secs, the total time by now is 16.23 
 with avg train loss 2.109, val loss 2.304, avg val acc 10.00%
global epoch 19 has been done artifficialy in 0.91 secs, the total time by now is 17.14 
 with avg train loss 2.117, val loss 2.302, avg val acc 10.00%
global epoch 20 has been done artifficialy in 0.92 secs, the total time by now is 18.06 
 with avg train loss 2.132, val loss 2.305, avg val acc 10.00%
global epoch 21 has been done artifficialy in 0.20 secs, the total time by now is 18.26 
 with avg train loss 1.896, val loss 2.245, avg val acc 13.96%
global epoch 22 has been done artifficialy in 0.24 secs, the total time by now is 18.50 
 with avg train loss 1.904, val loss 2.199, avg val acc 17.31%
global epoch 23 has been done artifficialy in 0.83 secs, the total time by now is 19.33 
 with avg train loss 1.869, val loss 2.139, avg val acc 20.36%
global epoch 24 has been done artifficialy in 0.95 secs, the total time by now is 20.28 
 with avg train loss 1.871, val loss 2.137, avg val acc 21.76%
global epoch 25 has been done artifficialy in 0.82 secs, the total time by now is 21.10 
 with avg train loss 1.852, val loss 2.090, avg val acc 22.98%
global epoch 26 has been done artifficialy in 0.86 secs, the total time by now is 21.95 
 with avg train loss 1.840, val loss 2.055, avg val acc 24.61%
global epoch 27 has been done artifficialy in 0.89 secs, the total time by now is 22.85 
 with avg train loss 1.856, val loss 2.060, avg val acc 23.35%
global epoch 28 has been done artifficialy in 0.81 secs, the total time by now is 23.66 
 with avg train loss 1.790, val loss 1.980, avg val acc 28.37%
global epoch 29 has been done artifficialy in 0.85 secs, the total time by now is 24.51 
 with avg train loss 1.814, val loss 1.930, avg val acc 31.37%
global epoch 30 has been done artifficialy in 0.95 secs, the total time by now is 25.46 
 with avg train loss 1.832, val loss 1.942, avg val acc 30.33%
global epoch 31 has been done artifficialy in 0.92 secs, the total time by now is 26.38 
 with avg train loss 1.798, val loss 1.900, avg val acc 34.73%
global epoch 32 has been done artifficialy in 0.90 secs, the total time by now is 27.27 
 with avg train loss 1.757, val loss 1.871, avg val acc 35.18%
global epoch 33 has been done artifficialy in 0.84 secs, the total time by now is 28.12 
 with avg train loss 1.764, val loss 1.864, avg val acc 33.67%
global epoch 34 has been done artifficialy in 0.95 secs, the total time by now is 29.06 
 with avg train loss 1.777, val loss 1.850, avg val acc 34.21%
global epoch 35 has been done artifficialy in 0.83 secs, the total time by now is 29.89 
 with avg train loss 1.756, val loss 1.809, avg val acc 37.58%
global epoch 36 has been done artifficialy in 0.93 secs, the total time by now is 30.82 
 with avg train loss 1.747, val loss 1.786, avg val acc 37.64%
global epoch 37 has been done artifficialy in 0.93 secs, the total time by now is 31.74 
 with avg train loss 1.724, val loss 1.780, avg val acc 38.30%
global epoch 38 has been done artifficialy in 0.92 secs, the total time by now is 32.66 
 with avg train loss 1.728, val loss 1.758, avg val acc 39.29%
global epoch 39 has been done artifficialy in 0.87 secs, the total time by now is 33.53 
 with avg train loss 1.737, val loss 1.744, avg val acc 40.08%
global epoch 40 has been done artifficialy in 0.91 secs, the total time by now is 34.44 
 with avg train loss 1.753, val loss 1.716, avg val acc 41.18%
global epoch 41 has been done artifficialy in 0.90 secs, the total time by now is 35.34 
 with avg train loss 1.643, val loss 1.693, avg val acc 41.13%
global epoch 42 has been done artifficialy in 0.90 secs, the total time by now is 36.24 
 with avg train loss 1.678, val loss 1.791, avg val acc 37.16%
global epoch 43 has been done artifficialy in 0.25 secs, the total time by now is 36.49 
 with avg train loss 1.642, val loss 1.770, avg val acc 37.54%
global epoch 44 has been done artifficialy in 0.24 secs, the total time by now is 36.73 
 with avg train loss 1.671, val loss 1.878, avg val acc 33.17%
global epoch 45 has been done artifficialy in 0.84 secs, the total time by now is 37.57 
 with avg train loss 1.668, val loss 1.828, avg val acc 34.13%
global epoch 46 has been done artifficialy in 0.93 secs, the total time by now is 38.51 
 with avg train loss 1.664, val loss 1.779, avg val acc 37.51%
global epoch 47 has been done artifficialy in 0.90 secs, the total time by now is 39.41 
 with avg train loss 1.617, val loss 1.742, avg val acc 39.33%
global epoch 48 has been done artifficialy in 0.92 secs, the total time by now is 40.33 
 with avg train loss 1.642, val loss 1.692, avg val acc 41.45%
global epoch 49 has been done artifficialy in 0.82 secs, the total time by now is 41.15 
 with avg train loss 1.581, val loss 1.628, avg val acc 43.85%
global epoch 50 has been done artifficialy in 0.82 secs, the total time by now is 41.97 
 with avg train loss 1.573, val loss 1.646, avg val acc 42.10%
global epoch 51 has been done artifficialy in 0.83 secs, the total time by now is 42.80 
 with avg train loss 1.577, val loss 1.630, avg val acc 43.06%
global epoch 52 has been done artifficialy in 0.88 secs, the total time by now is 43.69 
 with avg train loss 1.575, val loss 1.596, avg val acc 44.70%
global epoch 53 has been done artifficialy in 0.80 secs, the total time by now is 44.49 
 with avg train loss 1.513, val loss 1.557, avg val acc 45.86%
global epoch 54 has been done artifficialy in 0.88 secs, the total time by now is 45.37 
 with avg train loss 1.553, val loss 1.553, avg val acc 46.07%
global epoch 55 has been done artifficialy in 0.96 secs, the total time by now is 46.33 
 with avg train loss 1.555, val loss 1.559, avg val acc 46.15%
global epoch 56 has been done artifficialy in 0.91 secs, the total time by now is 47.24 
 with avg train loss 1.499, val loss 1.526, avg val acc 47.00%
global epoch 57 has been done artifficialy in 0.85 secs, the total time by now is 48.09 
 with avg train loss 1.497, val loss 1.494, avg val acc 47.44%
