Namespace(full_exp=True, data='cifar10', i_i_d=False, wandb=True, method_choosing_users='fraboni', model='cnn3', num_users=30, num_users_per_round=5, global_epochs=10, max_seconds=600, epsilon_bar=100, epsilon_sum_deascent_coeff=0.04, delta_f=0.012, accel_ucb_coeff=1, alpha=20, beta=2, gamma=40, alternative_privacy_reward=False, choosing_users_verbose=True, sa_pause_verbose=False, snr_verbose=True, dirichlet_coeff=3, label_dominance=0.25, bar_plot_interval=30, max_iterations_sa_pause=500, sa_pause_simulation=False, max_time_sa_pause=600, pre_sa_pause_rounds=1, beta_max_reduction=70, data_truncation=None, tau_min=0.05, production=False, privacy_noise='laplace', privacy=True, save_best_model=False, seed=1, norm_mean=0.5, norm_std=0.5, train_batch_size=20, test_batch_size=1000, local_epochs=1, local_iterations=100, lr=0.01, momentum=0.5, lr_scheduler=False, optimizer='adam', device=device(type='cuda'), exp_path=PosixPath('/sise/home/oripele/PAUSE/checkpoints/pause brute/cnn3/16-02-2025_16-50-00'))
=================================================================
Layer (type:depth-idx)                   Param #
=================================================================
CNN3LayerCifar                           --
├─Conv2d: 1-1                            896
├─BatchNorm2d: 1-2                       64
├─Conv2d: 1-3                            18,496
├─BatchNorm2d: 1-4                       128
├─Conv2d: 1-5                            73,856
├─BatchNorm2d: 1-6                       256
├─MaxPool2d: 1-7                         --
├─Linear: 1-8                            65,664
├─BatchNorm1d: 1-9                       256
├─Linear: 1-10                           8,256
├─BatchNorm1d: 1-11                      128
├─Linear: 1-12                           2,080
├─BatchNorm1d: 1-13                      64
├─Linear: 1-14                           330
├─Dropout: 1-15                          --
├─Dropout: 1-16                          --
├─Dropout: 1-17                          --
=================================================================
Total params: 170,474
Trainable params: 170,474
Non-trainable params: 0
=================================================================
fraboni distributions: [[0.38853931 0.         0.         0.         0.4105321  0.
  0.20092858 0.         0.         0.         0.         0.
  0.         0.         0.         0.         0.         0.
  0.         0.         0.         0.         0.         0.
  0.         0.         0.         0.         0.         0.        ]
 [0.         0.         0.         0.         0.         0.
  0.15950883 0.         0.30688089 0.         0.         0.
  0.         0.3091209  0.22448938 0.         0.         0.
  0.         0.         0.         0.         0.         0.
  0.         0.         0.         0.         0.         0.        ]
 [0.         0.         0.         0.         0.         0.
  0.         0.         0.         0.         0.         0.
  0.         0.         0.04807869 0.         0.         0.2236952
  0.         0.         0.         0.18938237 0.         0.
  0.14857352 0.         0.         0.21514244 0.17512778 0.        ]
 [0.         0.11006577 0.1162767  0.         0.         0.
  0.         0.         0.         0.         0.14784043 0.
  0.         0.         0.         0.         0.13826949 0.
  0.         0.         0.         0.         0.14549861 0.
  0.0212597  0.10772395 0.16392775 0.         0.         0.0491376 ]
 [0.         0.         0.         0.07819659 0.         0.09896756
  0.         0.0562038  0.         0.07595658 0.         0.09051663
  0.07595658 0.         0.         0.10405848 0.         0.
  0.10395667 0.09285845 0.07565113 0.         0.         0.09041481
  0.         0.         0.         0.         0.         0.05726271]]
iteration: 1
user 4, emp_avg: 0.7976058108181365, h: 0, ucb: inf,num_of_obs: 0, privacy reward: 0.9607894391523232, g: 0.16853660789420974, curr_delay = 0.06268760748961066, data_size = 4032
user 10, emp_avg: 0.45423117389623563, h: 0, ucb: inf,num_of_obs: 0, privacy reward: 0.9607894391523232, g: 0.021856792766609307, curr_delay = 0.1100761085398819, data_size = 1452
user 14, emp_avg: 0.27258606727974094, h: 0, ucb: inf,num_of_obs: 0, privacy reward: 0.9607894391523232, g: 0.07429335041357533, curr_delay = 0.18342830394441106, data_size = 2677
user 18, emp_avg: 0.06777360841209647, h: 0, ucb: inf,num_of_obs: 0, privacy reward: 0.9607894391523232, g: 0.010806988417427929, curr_delay = 0.7377503009132361, data_size = 1021
user 28, emp_avg: 0.05980759305135703, h: 0, ucb: inf,num_of_obs: 0, privacy reward: 0.9607894391523232, g: 0.030669740094757196, curr_delay = 0.8360142491784411, data_size = 1720
num of fast users chosen: 3, num of slow users chosen: 2
max_delay = 0.84 seconds
after cleansing the weights updates who were almost zeros (meaning with absolute value of less than 10**-7, 0.00% of the weights upadtes) we get:
user No.4.0 has been picked 1, his deltas theta's mean
 is -0.0011592097580432892,
the empirical var of deltas thetas is 0.0039979685097932816
the minimum of the deltas theta is -0.2664126455783844 and the maximum is 0.40312835574150085
the added laplace noise var is 0.003060399989333737
global epoch 1 has been done artifficialy in 0.84 secs, the total time by now is 0.84 
 with avg train loss 1.976, val loss 2.331, avg val acc 10.00%
iteration: 2
user 4, emp_avg: 0.6530023690499158, h: 2.039333980337618, ucb: 2.8369397911557543,num_of_obs: 1, privacy reward: 0.9231163463866358, g: -0.008004504528090834, curr_delay = 0.09834796518422997, data_size = 4032
user 8, emp_avg: 0.40495560695903277, h: 0, ucb: inf,num_of_obs: 0, privacy reward: 0.9607894391523232, g: 0.09417588233160931, curr_delay = 0.12347032400778252, data_size = 3014
user 10, emp_avg: 0.3649378750723391, h: 2.039333980337618, ucb: 2.4935651542338535,num_of_obs: 1, privacy reward: 0.9231163463866358, g: -0.12401636268535816, curr_delay = 0.18139301226422197, data_size = 1452
user 19, emp_avg: 0.05803251833843173, h: 0, ucb: inf,num_of_obs: 0, privacy reward: 0.9607894391523232, g: 0.008622692098895934, curr_delay = 0.8615859078941223, data_size = 912
user 27, emp_avg: 0.06700954246275065, h: 0, ucb: inf,num_of_obs: 0, privacy reward: 0.9607894391523232, g: 0.04628627123212852, curr_delay = 0.7461623846751986, data_size = 2113
num of fast users chosen: 3, num of slow users chosen: 2
max_delay = 0.86 seconds
after cleansing the weights updates who were almost zeros (meaning with absolute value of less than 10**-7, 0.00% of the weights upadtes) we get:
user No.4.0 has been picked 2, his deltas theta's mean
 is 0.00020542048150673509,
the empirical var of deltas thetas is 0.005271571222692728
the minimum of the deltas theta is -0.2871346175670624 and the maximum is 0.305256187915802
the added laplace noise var is 0.0031852972822368235
global epoch 2 has been done artifficialy in 0.86 secs, the total time by now is 1.70 
 with avg train loss 1.931, val loss 2.333, avg val acc 10.00%
iteration: 3
user 0, emp_avg: 0.9223764830762906, h: 0, ucb: inf,num_of_obs: 0, privacy reward: 0.9607894391523232, g: 0.15096279705830198, curr_delay = 0.0542078000874882, data_size = 3816
user 2, emp_avg: 1.0, h: 0, ucb: inf,num_of_obs: 0, privacy reward: 0.9607894391523232, g: 0.013520271403778707, curr_delay = 0.05, data_size = 1142
user 8, emp_avg: 0.4424636279448949, h: 2.567425506613319, ucb: 2.972381113572352,num_of_obs: 1, privacy reward: 0.9231163463866358, g: -0.000699731613110239, curr_delay = 0.10417281960587893, data_size = 3014
user 15, emp_avg: 0.07074385596473036, h: 0, ucb: inf,num_of_obs: 0, privacy reward: 0.9607894391523232, g: 0.010828168203465513, curr_delay = 0.7067751583250947, data_size = 1022
user 17, emp_avg: 0.07695651448545421, h: 0, ucb: inf,num_of_obs: 0, privacy reward: 0.9607894391523232, g: 0.050039540804838724, curr_delay = 0.6497175753645997, data_size = 2197
num of fast users chosen: 3, num of slow users chosen: 2
max_delay = 0.71 seconds
after cleansing the weights updates who were almost zeros (meaning with absolute value of less than 10**-7, 0.00% of the weights upadtes) we get:
user No.0.0 has been picked 1, his deltas theta's mean
 is -0.000784143281634897,
the empirical var of deltas thetas is 0.0042396108619868755
the minimum of the deltas theta is -0.3405168354511261 and the maximum is 0.28736191987991333
the added laplace noise var is 0.003060399989333737
global epoch 3 has been done artifficialy in 0.71 secs, the total time by now is 2.40 
 with avg train loss 1.955, val loss 2.328, avg val acc 10.00%
iteration: 4
user 6, emp_avg: 0.2616492605675155, h: 0, ucb: inf,num_of_obs: 0, privacy reward: 0.9607894391523232, g: 0.12991512810014175, curr_delay = 0.1910955142451018, data_size = 3540
user 7, emp_avg: 0.38741684974892904, h: 0, ucb: inf,num_of_obs: 0, privacy reward: 0.9607894391523232, g: 0.003158867119332375, curr_delay = 0.1290599519158839, data_size = 552
user 14, emp_avg: 0.32801175389818604, h: 2.884053773201766, ucb: 3.156639840481507,num_of_obs: 1, privacy reward: 0.9231163463866358, g: 0.0005093175872980169, curr_delay = 0.13039936823235526, data_size = 2677
user 16, emp_avg: 0.06528573912695214, h: 0, ucb: inf,num_of_obs: 0, privacy reward: 0.9607894391523232, g: 0.01911845273529875, curr_delay = 0.7658640411923947, data_size = 1358
user 21, emp_avg: 0.05740682271937132, h: 0, ucb: inf,num_of_obs: 0, privacy reward: 0.9607894391523232, g: 0.03586568173060506, curr_delay = 0.870976612735058, data_size = 1860
num of fast users chosen: 3, num of slow users chosen: 2
max_delay = 0.87 seconds
after cleansing the weights updates who were almost zeros (meaning with absolute value of less than 10**-7, 0.00% of the weights upadtes) we get:
user No.6.0 has been picked 1, his deltas theta's mean
 is -0.00010735084651969373,
the empirical var of deltas thetas is 0.004506548400968313
the minimum of the deltas theta is -0.2682974338531494 and the maximum is 0.34336328506469727
the added laplace noise var is 0.003060399989333737
global epoch 4 has been done artifficialy in 0.87 secs, the total time by now is 3.28 
 with avg train loss 1.952, val loss 2.319, avg val acc 10.00%
iteration: 5
user 3, emp_avg: 0.4941858585537187, h: 0, ucb: inf,num_of_obs: 0, privacy reward: 0.9607894391523232, g: 0.006114706862374956, curr_delay = 0.10117650906954256, data_size = 768
user 6, emp_avg: 0.2855852490838086, h: 3.1075114600922396, ucb: 3.369160720659755,num_of_obs: 1, privacy reward: 0.9231163463866358, g: 0.025740163227516648, curr_delay = 0.16153980381985772, data_size = 3540
user 14, emp_avg: 0.2984698714404032, h: 2.197342426046132, ucb: 2.525354179944318,num_of_obs: 2, privacy reward: 0.8869204367171574, g: -0.01623889789153163, curr_delay = 0.20886759355356418, data_size = 2677
user 22, emp_avg: 0.06515152302250954, h: 0, ucb: inf,num_of_obs: 0, privacy reward: 0.9607894391523232, g: 0.02116984408221947, curr_delay = 0.767441767750007, data_size = 1429
num of fast users chosen: 3, num of slow users chosen: 1
max_delay = 0.77 seconds
after cleansing the weights updates who were almost zeros (meaning with absolute value of less than 10**-7, 0.00% of the weights upadtes) we get:
user No.3.0 has been picked 1, his deltas theta's mean
 is -0.0005025040591135621,
the empirical var of deltas thetas is 0.00361768901348114
the minimum of the deltas theta is -0.1985493004322052 and the maximum is 0.20640236139297485
the added laplace noise var is 0.003060399989333737
global epoch 5 has been done artifficialy in 0.77 secs, the total time by now is 4.04 
 with avg train loss 1.938, val loss 2.321, avg val acc 10.00%
iteration: 6
user 2, emp_avg: 0.7055388970256121, h: 3.2788041745990766, ucb: 4.278804174599077,num_of_obs: 1, privacy reward: 0.9231163463866358, g: -0.0025391485496031297, curr_delay = 0.12163147881875011, data_size = 1142
user 3, emp_avg: 0.7470929292768593, h: 3.2788041745990766, ucb: 3.7729900331527952,num_of_obs: 1, privacy reward: 0.9231163463866358, g: -0.007826954267700739, curr_delay = 0.05, data_size = 768
user 6, emp_avg: 0.5237234993892058, h: 2.3184646660417676, ucb: 2.604049915125576,num_of_obs: 2, privacy reward: 0.8869204367171574, g: 0.0007346310902110367, curr_delay = 0.05, data_size = 3540
user 13, emp_avg: 0.4578215899089704, h: 0, ucb: inf,num_of_obs: 0, privacy reward: 0.9607894391523232, g: 0.09555573035980432, curr_delay = 0.10921284863376933, data_size = 3036
user 17, emp_avg: 0.07534878305397108, h: 3.2788041745990766, ucb: 3.355760689084531,num_of_obs: 1, privacy reward: 0.9231163463866358, g: 0.0032522531812141267, curr_delay = 0.6780483719702213, data_size = 2197
num of fast users chosen: 4, num of slow users chosen: 1
max_delay = 0.68 seconds
after cleansing the weights updates who were almost zeros (meaning with absolute value of less than 10**-7, 0.00% of the weights upadtes) we get:
user No.2.0 has been picked 2, his deltas theta's mean
 is -0.0006478595896624029,
the empirical var of deltas thetas is 0.002310745883733034
the minimum of the deltas theta is -0.26037952303886414 and the maximum is 0.2713615298271179
the added laplace noise var is 0.0031852972822368235
