Namespace(full_exp=True, data='cifar10', i_i_d=False, wandb=True, method_choosing_users='all users', model='cnn3', num_users=30, num_users_per_round=5, global_epochs=10, max_seconds=600, epsilon_bar=100, epsilon_sum_deascent_coeff=0.04, delta_f=0.012, accel_ucb_coeff=1, alpha=20, beta=2, gamma=40, alternative_privacy_reward=False, choosing_users_verbose=True, sa_pause_verbose=False, snr_verbose=True, dirichlet_coeff=3, label_dominance=0.25, bar_plot_interval=30, max_iterations_sa_pause=500, sa_pause_simulation=False, max_time_sa_pause=600, pre_sa_pause_rounds=1, beta_max_reduction=70, data_truncation=None, tau_min=0.05, production=False, privacy_noise='laplace', privacy=True, save_best_model=False, seed=1, norm_mean=0.5, norm_std=0.5, train_batch_size=20, test_batch_size=1000, local_epochs=1, local_iterations=100, lr=0.01, momentum=0.5, lr_scheduler=False, optimizer='adam', device=device(type='cuda'), exp_path=PosixPath('/sise/home/oripele/PAUSE/checkpoints/fraboni/cnn3/16-02-2025_16-38-56'), fraboni_distributions=array([[0.39041558, 0.        , 0.        , 0.        , 0.41251458,
        0.        , 0.19706984, 0.        , 0.        , 0.        ,
        0.        , 0.        , 0.        , 0.        , 0.        ,
        0.        , 0.        , 0.        , 0.        , 0.        ,
        0.        , 0.        , 0.        , 0.        , 0.        ,
        0.        , 0.        , 0.        , 0.        , 0.        ],
       [0.        , 0.        , 0.        , 0.        , 0.        ,
        0.        , 0.16510814, 0.        , 0.30836283, 0.        ,
        0.        , 0.        , 0.        , 0.31061366, 0.21591537,
        0.        , 0.        , 0.        , 0.        , 0.        ,
        0.        , 0.        , 0.        , 0.        , 0.        ,
        0.        , 0.        , 0.        , 0.        , 0.        ],
       [0.        , 0.        , 0.        , 0.        , 0.        ,
        0.        , 0.        , 0.        , 0.        , 0.        ,
        0.        , 0.        , 0.        , 0.        , 0.05796894,
        0.        , 0.        , 0.22477543, 0.        , 0.        ,
        0.        , 0.1902969 , 0.        , 0.        , 0.12385668,
        0.        , 0.17791737, 0.22518467, 0.        , 0.        ],
       [0.        , 0.11059729, 0.11683821, 0.        , 0.        ,
        0.        , 0.        , 0.        , 0.        , 0.        ,
        0.14855436, 0.        , 0.        , 0.        , 0.        ,
        0.02453398, 0.1389372 , 0.        , 0.        , 0.        ,
        0.        , 0.        , 0.14620122, 0.        , 0.04679667,
        0.10824415, 0.        , 0.        , 0.15929692, 0.        ],
       [0.        , 0.        , 0.        , 0.07857421, 0.        ,
        0.09944548, 0.        , 0.05647521, 0.        , 0.07632338,
        0.        , 0.09095374, 0.07632338, 0.        , 0.        ,
        0.08002701, 0.        , 0.        , 0.10445868, 0.09330687,
        0.07601645, 0.        , 0.        , 0.09085143, 0.        ,
        0.        , 0.        , 0.        , 0.        , 0.07724417]]))
=================================================================
Layer (type:depth-idx)                   Param #
=================================================================
CNN3LayerCifar                           --
├─Conv2d: 1-1                            896
├─BatchNorm2d: 1-2                       64
├─Conv2d: 1-3                            18,496
├─BatchNorm2d: 1-4                       128
├─Conv2d: 1-5                            73,856
├─BatchNorm2d: 1-6                       256
├─MaxPool2d: 1-7                         --
├─Linear: 1-8                            65,664
├─BatchNorm1d: 1-9                       256
├─Linear: 1-10                           8,256
├─BatchNorm1d: 1-11                      128
├─Linear: 1-12                           2,080
├─BatchNorm1d: 1-13                      64
├─Linear: 1-14                           330
├─Dropout: 1-15                          --
├─Dropout: 1-16                          --
├─Dropout: 1-17                          --
=================================================================
Total params: 170,474
Trainable params: 170,474
Non-trainable params: 0
=================================================================
iteration: 1
user 0, emp_avg: 1.0, h: 0, ucb: inf,num_of_obs: 0, privacy reward: 0.9607894391523232, g: 0.15116589634953134, curr_delay = 0.05, data_size = 3816
user 1, emp_avg: 0.3623347785325111, h: 0, ucb: inf,num_of_obs: 0, privacy reward: 0.9607894391523232, g: 0.01213077309678826, curr_delay = 0.13799392981955683, data_size = 1081
user 2, emp_avg: 0.3352342181842788, h: 0, ucb: inf,num_of_obs: 0, privacy reward: 0.9607894391523232, g: 0.013538461034554262, curr_delay = 0.1491494521973736, data_size = 1142
user 3, emp_avg: 0.7400513324504698, h: 0, ucb: inf,num_of_obs: 0, privacy reward: 0.9607894391523232, g: 0.006122933343693688, curr_delay = 0.06756288085373646, data_size = 768
user 4, emp_avg: 0.5080278312912239, h: 0, ucb: inf,num_of_obs: 0, privacy reward: 0.9607894391523232, g: 0.16876335028555725, curr_delay = 0.09841980482234211, data_size = 4032
user 5, emp_avg: 0.3301975265571544, h: 0, ucb: inf,num_of_obs: 0, privacy reward: 0.9607894391523232, g: 0.009807755290032784, curr_delay = 0.15142451405172905, data_size = 972
user 6, emp_avg: 0.3368526960664159, h: 0, ucb: inf,num_of_obs: 0, privacy reward: 0.9607894391523232, g: 0.13008991070189044, curr_delay = 0.14843283305692084, data_size = 3540
user 7, emp_avg: 0.3666741428304758, h: 0, ucb: inf,num_of_obs: 0, privacy reward: 0.9607894391523232, g: 0.0031631169324355083, curr_delay = 0.13636085602882686, data_size = 552
user 8, emp_avg: 0.3486866034577182, h: 0, ucb: inf,num_of_obs: 0, privacy reward: 0.9607894391523232, g: 0.09430258278579512, curr_delay = 0.1433952423298735, data_size = 3014
user 9, emp_avg: 0.2843637366920296, h: 0, ucb: inf,num_of_obs: 0, privacy reward: 0.9607894391523232, g: 0.00577716466725504, curr_delay = 0.17583114000977837, data_size = 746
user 10, emp_avg: 0.26659367682729085, h: 0, ucb: inf,num_of_obs: 0, privacy reward: 0.9607894391523232, g: 0.02188619801880353, curr_delay = 0.18755133503182012, data_size = 1452
user 11, emp_avg: 0.19065340331274452, h: 0, ucb: inf,num_of_obs: 0, privacy reward: 0.9607894391523232, g: 0.008204282638755526, curr_delay = 0.26225600556409095, data_size = 889
user 12, emp_avg: 0.2704494599565706, h: 0, ucb: inf,num_of_obs: 0, privacy reward: 0.9607894391523232, g: 0.00577716466725504, curr_delay = 0.1848774259265636, data_size = 746
user 13, emp_avg: 0.21799615400078373, h: 0, ucb: inf,num_of_obs: 0, privacy reward: 0.9607894391523232, g: 0.09568428720617413, curr_delay = 0.2293618446122689, data_size = 3036
user 14, emp_avg: 0.32969157321190323, h: 0, ucb: inf,num_of_obs: 0, privacy reward: 0.9607894391523232, g: 0.07439330170691433, curr_delay = 0.15165689408707883, data_size = 2677
user 15, emp_avg: 0.07105763042420245, h: 0, ucb: inf,num_of_obs: 0, privacy reward: 0.9607894391523232, g: 0.010842735986590165, curr_delay = 0.70365419873289, data_size = 1022
user 16, emp_avg: 0.06529421543740091, h: 0, ucb: inf,num_of_obs: 0, privacy reward: 0.9607894391523232, g: 0.01914417393466445, curr_delay = 0.7657646188878121, data_size = 1358
user 17, emp_avg: 0.06452780344472336, h: 0, ucb: inf,num_of_obs: 0, privacy reward: 0.9607894391523232, g: 0.050106861995681394, curr_delay = 0.7748597864923706, data_size = 2197
user 18, emp_avg: 0.06695202187903139, h: 0, ucb: inf,num_of_obs: 0, privacy reward: 0.9607894391523232, g: 0.010821527706118082, curr_delay = 0.7468034362030138, data_size = 1021
user 19, emp_avg: 0.06617188324273918, h: 0, ucb: inf,num_of_obs: 0, privacy reward: 0.9607894391523232, g: 0.008634292722943053, curr_delay = 0.755607934212547, data_size = 912
user 20, emp_avg: 0.06343559003477742, h: 0, ucb: inf,num_of_obs: 0, privacy reward: 0.9607894391523232, g: 0.00573079296443135, curr_delay = 0.7882010709223072, data_size = 743
user 21, emp_avg: 0.06593680322655966, h: 0, ucb: inf,num_of_obs: 0, privacy reward: 0.9607894391523232, g: 0.03591393398003927, curr_delay = 0.758301851974828, data_size = 1860
user 22, emp_avg: 0.05519190610950383, h: 0, ucb: inf,num_of_obs: 0, privacy reward: 0.9607894391523232, g: 0.02119832514121094, curr_delay = 0.9059299365526026, data_size = 1429
user 23, emp_avg: 0.06336659899860962, h: 0, ucb: inf,num_of_obs: 0, privacy reward: 0.9607894391523232, g: 0.008185835690934236, curr_delay = 0.7890592329422176, data_size = 888
user 24, emp_avg: 0.06130842311186064, h: 0, ucb: inf,num_of_obs: 0, privacy reward: 0.9607894391523232, g: 0.028882127718141047, curr_delay = 0.8155486222304594, data_size = 1668
user 25, emp_avg: 0.05665658284418224, h: 0, ucb: inf,num_of_obs: 0, privacy reward: 0.9607894391523232, g: 0.011620061508738776, curr_delay = 0.882509983659105, data_size = 1058
user 26, emp_avg: 0.06217414289783785, h: 0, ucb: inf,num_of_obs: 0, privacy reward: 0.9607894391523232, g: 0.03139324833554467, curr_delay = 0.8041928311284978, data_size = 1739
user 27, emp_avg: 0.05353928089145202, h: 0, ucb: inf,num_of_obs: 0, privacy reward: 0.9607894391523232, g: 0.05534583670072659, curr_delay = 0.9338937536604626, data_size = 2309
user 28, emp_avg: 0.059746977102577876, h: 0, ucb: inf,num_of_obs: 0, privacy reward: 0.9607894391523232, g: 0.027109393680129903, curr_delay = 0.8368624225817556, data_size = 1616
user 29, emp_avg: 0.05502174999773617, h: 0, ucb: inf,num_of_obs: 0, privacy reward: 0.9607894391523232, g: 0.006495163061210819, curr_delay = 0.9087315471074114, data_size = 791
num of fast users chosen: 15, num of slow users chosen: 15
max_delay = 0.93 seconds
