Namespace(full_exp=False, data='mnist', i_i_d=False, wandb=True, method_choosing_users='all users', model='mlp', num_users=300, num_users_per_round=15, global_epochs=400, max_seconds=600, epsilon_bar=50, epsilon_sum_deascent_coeff=0.04, delta_f=0.003, alpha=20, beta=2, gamma=20, alternative_privacy_reward=False, choosing_users_verbose=False, sa_pause_verbose=False, snr_verbose=False, dirichlet_coeff=3, label_dominance=0.25, bar_plot_interval=30, max_iterations_sa_pause=3000, sa_pause_simulation=False, max_time_sa_pause=600, pre_sa_pause_rounds=1, beta_max_reduction=70, accel_ucb_coeff=3, data_truncation=None, tau_min=0.05, production=False, privacy_noise='laplace', privacy=True, save_best_model=False, seed=1, norm_mean=0.5, norm_std=0.5, train_batch_size=20, test_batch_size=1000, local_epochs=1, local_iterations=100, lr=0.01, momentum=0.5, lr_scheduler=False, optimizer='adam', device=device(type='cuda'))
=================================================================
Layer (type:depth-idx)                   Param #
=================================================================
FC3Layer                                 --
├─Linear: 1-1                            25,120
├─Linear: 1-2                            528
├─Linear: 1-3                            170
=================================================================
Total params: 25,818
Trainable params: 25,818
Non-trainable params: 0
=================================================================
global epoch 1 has been done artifficialy in 1.04 secs, the total time by now is 1.04 
 with avg train loss 2.273, val loss 2.301, avg val acc 9.74%
global epoch 2 has been done artifficialy in 0.97 secs, the total time by now is 2.01 
 with avg train loss 2.145, val loss 2.289, avg val acc 9.74%
global epoch 3 has been done artifficialy in 0.97 secs, the total time by now is 2.97 
 with avg train loss 2.110, val loss 2.276, avg val acc 10.33%
global epoch 4 has been done artifficialy in 1.00 secs, the total time by now is 3.97 
 with avg train loss 2.081, val loss 2.258, avg val acc 15.20%
global epoch 5 has been done artifficialy in 0.99 secs, the total time by now is 4.96 
 with avg train loss 2.058, val loss 2.239, avg val acc 20.82%
global epoch 6 has been done artifficialy in 0.99 secs, the total time by now is 5.96 
 with avg train loss 2.029, val loss 2.219, avg val acc 29.27%
global epoch 7 has been done artifficialy in 1.00 secs, the total time by now is 6.96 
 with avg train loss 2.012, val loss 2.201, avg val acc 30.22%
global epoch 8 has been done artifficialy in 0.98 secs, the total time by now is 7.94 
 with avg train loss 1.982, val loss 2.186, avg val acc 29.79%
global epoch 9 has been done artifficialy in 0.97 secs, the total time by now is 8.91 
 with avg train loss 1.956, val loss 2.171, avg val acc 29.42%
global epoch 10 has been done artifficialy in 1.01 secs, the total time by now is 9.92 
 with avg train loss 1.932, val loss 2.155, avg val acc 28.74%
global epoch 11 has been done artifficialy in 0.98 secs, the total time by now is 10.90 
 with avg train loss 1.902, val loss 2.135, avg val acc 28.39%
global epoch 12 has been done artifficialy in 1.00 secs, the total time by now is 11.90 
 with avg train loss 1.874, val loss 2.117, avg val acc 27.24%
global epoch 13 has been done artifficialy in 0.99 secs, the total time by now is 12.89 
 with avg train loss 1.854, val loss 2.098, avg val acc 26.61%
global epoch 14 has been done artifficialy in 0.97 secs, the total time by now is 13.86 
 with avg train loss 1.825, val loss 2.076, avg val acc 26.30%
global epoch 15 has been done artifficialy in 0.97 secs, the total time by now is 14.83 
 with avg train loss 1.801, val loss 2.052, avg val acc 27.20%
global epoch 16 has been done artifficialy in 1.00 secs, the total time by now is 15.82 
 with avg train loss 1.771, val loss 2.024, avg val acc 28.61%
global epoch 17 has been done artifficialy in 0.96 secs, the total time by now is 16.78 
 with avg train loss 1.746, val loss 1.997, avg val acc 30.92%
global epoch 18 has been done artifficialy in 0.96 secs, the total time by now is 17.74 
 with avg train loss 1.714, val loss 1.968, avg val acc 34.62%
global epoch 19 has been done artifficialy in 1.01 secs, the total time by now is 18.75 
 with avg train loss 1.697, val loss 1.941, avg val acc 37.55%
global epoch 20 has been done artifficialy in 0.98 secs, the total time by now is 19.73 
 with avg train loss 1.661, val loss 1.912, avg val acc 40.12%
global epoch 21 has been done artifficialy in 0.95 secs, the total time by now is 20.68 
 with avg train loss 1.634, val loss 1.883, avg val acc 43.11%
global epoch 22 has been done artifficialy in 1.01 secs, the total time by now is 21.68 
 with avg train loss 1.608, val loss 1.850, avg val acc 45.92%
global epoch 23 has been done artifficialy in 1.01 secs, the total time by now is 22.69 
 with avg train loss 1.587, val loss 1.820, avg val acc 48.26%
global epoch 24 has been done artifficialy in 0.96 secs, the total time by now is 23.65 
 with avg train loss 1.553, val loss 1.788, avg val acc 50.33%
global epoch 25 has been done artifficialy in 0.97 secs, the total time by now is 24.63 
 with avg train loss 1.529, val loss 1.754, avg val acc 51.79%
global epoch 26 has been done artifficialy in 0.98 secs, the total time by now is 25.60 
 with avg train loss 1.504, val loss 1.721, avg val acc 53.49%
global epoch 27 has been done artifficialy in 0.96 secs, the total time by now is 26.56 
 with avg train loss 1.480, val loss 1.689, avg val acc 54.32%
global epoch 28 has been done artifficialy in 0.97 secs, the total time by now is 27.53 
 with avg train loss 1.453, val loss 1.655, avg val acc 55.51%
global epoch 29 has been done artifficialy in 1.01 secs, the total time by now is 28.54 
 with avg train loss 1.428, val loss 1.622, avg val acc 56.16%
global epoch 30 has been done artifficialy in 0.97 secs, the total time by now is 29.51 
 with avg train loss 1.398, val loss 1.587, avg val acc 56.91%
global epoch 31 has been done artifficialy in 1.03 secs, the total time by now is 30.54 
 with avg train loss 1.373, val loss 1.555, avg val acc 57.52%
global epoch 32 has been done artifficialy in 0.95 secs, the total time by now is 31.49 
 with avg train loss 1.354, val loss 1.523, avg val acc 58.46%
global epoch 33 has been done artifficialy in 1.04 secs, the total time by now is 32.53 
 with avg train loss 1.325, val loss 1.491, avg val acc 59.45%
global epoch 34 has been done artifficialy in 0.96 secs, the total time by now is 33.49 
 with avg train loss 1.299, val loss 1.460, avg val acc 60.14%
global epoch 35 has been done artifficialy in 1.10 secs, the total time by now is 34.59 
 with avg train loss 1.279, val loss 1.429, avg val acc 61.52%
global epoch 36 has been done artifficialy in 1.00 secs, the total time by now is 35.59 
 with avg train loss 1.260, val loss 1.398, avg val acc 62.92%
global epoch 37 has been done artifficialy in 0.97 secs, the total time by now is 36.56 
 with avg train loss 1.238, val loss 1.370, avg val acc 63.80%
global epoch 38 has been done artifficialy in 1.00 secs, the total time by now is 37.56 
 with avg train loss 1.218, val loss 1.341, avg val acc 64.92%
global epoch 39 has been done artifficialy in 0.98 secs, the total time by now is 38.54 
 with avg train loss 1.194, val loss 1.315, avg val acc 65.59%
global epoch 40 has been done artifficialy in 0.98 secs, the total time by now is 39.52 
 with avg train loss 1.177, val loss 1.288, avg val acc 66.53%
global epoch 41 has been done artifficialy in 0.96 secs, the total time by now is 40.49 
 with avg train loss 1.153, val loss 1.261, avg val acc 67.24%
global epoch 42 has been done artifficialy in 1.02 secs, the total time by now is 41.51 
 with avg train loss 1.138, val loss 1.236, avg val acc 68.09%
global epoch 43 has been done artifficialy in 0.98 secs, the total time by now is 42.48 
 with avg train loss 1.121, val loss 1.208, avg val acc 68.71%
global epoch 44 has been done artifficialy in 1.00 secs, the total time by now is 43.48 
 with avg train loss 1.099, val loss 1.184, avg val acc 69.39%
global epoch 45 has been done artifficialy in 0.99 secs, the total time by now is 44.48 
 with avg train loss 1.083, val loss 1.159, avg val acc 69.62%
global epoch 46 has been done artifficialy in 0.99 secs, the total time by now is 45.46 
 with avg train loss 1.067, val loss 1.137, avg val acc 70.09%
global epoch 47 has been done artifficialy in 0.99 secs, the total time by now is 46.46 
 with avg train loss 1.056, val loss 1.114, avg val acc 70.60%
global epoch 48 has been done artifficialy in 0.97 secs, the total time by now is 47.43 
 with avg train loss 1.044, val loss 1.093, avg val acc 70.87%
global epoch 49 has been done artifficialy in 1.01 secs, the total time by now is 48.44 
 with avg train loss 1.018, val loss 1.071, avg val acc 71.39%
global epoch 50 has been done artifficialy in 0.96 secs, the total time by now is 49.40 
 with avg train loss 0.997, val loss 1.050, avg val acc 71.91%
global epoch 51 has been done artifficialy in 1.01 secs, the total time by now is 50.41 
 with avg train loss 0.985, val loss 1.030, avg val acc 72.05%
global epoch 52 has been done artifficialy in 0.98 secs, the total time by now is 51.39 
 with avg train loss 0.977, val loss 1.011, avg val acc 72.48%
global epoch 53 has been done artifficialy in 0.98 secs, the total time by now is 52.37 
 with avg train loss 0.956, val loss 0.993, avg val acc 73.13%
global epoch 54 has been done artifficialy in 0.97 secs, the total time by now is 53.34 
 with avg train loss 0.940, val loss 0.976, avg val acc 73.89%
global epoch 55 has been done artifficialy in 0.97 secs, the total time by now is 54.31 
 with avg train loss 0.931, val loss 0.958, avg val acc 73.74%
global epoch 56 has been done artifficialy in 0.98 secs, the total time by now is 55.29 
 with avg train loss 0.913, val loss 0.942, avg val acc 74.27%
global epoch 57 has been done artifficialy in 0.97 secs, the total time by now is 56.26 
 with avg train loss 0.906, val loss 0.925, avg val acc 74.80%
global epoch 58 has been done artifficialy in 0.95 secs, the total time by now is 57.22 
 with avg train loss 0.894, val loss 0.910, avg val acc 74.85%
global epoch 59 has been done artifficialy in 0.98 secs, the total time by now is 58.19 
 with avg train loss 0.887, val loss 0.894, avg val acc 75.58%
global epoch 60 has been done artifficialy in 0.98 secs, the total time by now is 59.17 
 with avg train loss 0.876, val loss 0.878, avg val acc 76.56%
global epoch 61 has been done artifficialy in 1.01 secs, the total time by now is 60.18 
 with avg train loss 0.859, val loss 0.862, avg val acc 76.40%
global epoch 62 has been done artifficialy in 1.05 secs, the total time by now is 61.23 
 with avg train loss 0.847, val loss 0.848, avg val acc 76.16%
global epoch 63 has been done artifficialy in 0.97 secs, the total time by now is 62.20 
 with avg train loss 0.845, val loss 0.836, avg val acc 76.20%
global epoch 64 has been done artifficialy in 0.96 secs, the total time by now is 63.16 
 with avg train loss 0.832, val loss 0.823, avg val acc 76.66%
global epoch 65 has been done artifficialy in 0.96 secs, the total time by now is 64.12 
 with avg train loss 0.818, val loss 0.811, avg val acc 76.99%
global epoch 66 has been done artifficialy in 1.00 secs, the total time by now is 65.13 
 with avg train loss 0.803, val loss 0.797, avg val acc 77.71%
global epoch 67 has been done artifficialy in 1.00 secs, the total time by now is 66.13 
 with avg train loss 0.803, val loss 0.785, avg val acc 78.46%
global epoch 68 has been done artifficialy in 1.01 secs, the total time by now is 67.14 
 with avg train loss 0.785, val loss 0.772, avg val acc 78.69%
global epoch 69 has been done artifficialy in 0.98 secs, the total time by now is 68.12 
 with avg train loss 0.777, val loss 0.766, avg val acc 78.75%
global epoch 70 has been done artifficialy in 0.99 secs, the total time by now is 69.11 
 with avg train loss 0.771, val loss 0.753, avg val acc 79.45%
global epoch 71 has been done artifficialy in 0.98 secs, the total time by now is 70.09 
 with avg train loss 0.759, val loss 0.739, avg val acc 79.73%
global epoch 72 has been done artifficialy in 0.97 secs, the total time by now is 71.06 
 with avg train loss 0.752, val loss 0.732, avg val acc 79.84%
global epoch 73 has been done artifficialy in 0.96 secs, the total time by now is 72.02 
 with avg train loss 0.753, val loss 0.722, avg val acc 80.12%
global epoch 74 has been done artifficialy in 0.98 secs, the total time by now is 73.00 
 with avg train loss 0.734, val loss 0.714, avg val acc 80.35%
global epoch 75 has been done artifficialy in 1.00 secs, the total time by now is 74.00 
 with avg train loss 0.726, val loss 0.705, avg val acc 80.68%
global epoch 76 has been done artifficialy in 1.03 secs, the total time by now is 75.03 
 with avg train loss 0.725, val loss 0.699, avg val acc 80.70%
global epoch 77 has been done artifficialy in 0.97 secs, the total time by now is 76.00 
 with avg train loss 0.719, val loss 0.685, avg val acc 81.52%
global epoch 78 has been done artifficialy in 0.94 secs, the total time by now is 76.95 
 with avg train loss 0.706, val loss 0.675, avg val acc 81.97%
global epoch 79 has been done artifficialy in 0.98 secs, the total time by now is 77.93 
 with avg train loss 0.704, val loss 0.670, avg val acc 82.18%
global epoch 80 has been done artifficialy in 1.00 secs, the total time by now is 78.93 
 with avg train loss 0.699, val loss 0.660, avg val acc 82.44%
global epoch 81 has been done artifficialy in 0.99 secs, the total time by now is 79.92 
 with avg train loss 0.687, val loss 0.655, avg val acc 82.05%
global epoch 82 has been done artifficialy in 0.94 secs, the total time by now is 80.86 
 with avg train loss 0.685, val loss 0.647, avg val acc 82.52%
global epoch 83 has been done artifficialy in 0.97 secs, the total time by now is 81.83 
 with avg train loss 0.673, val loss 0.636, avg val acc 83.05%
global epoch 84 has been done artifficialy in 1.06 secs, the total time by now is 82.89 
 with avg train loss 0.668, val loss 0.633, avg val acc 82.23%
global epoch 85 has been done artifficialy in 0.99 secs, the total time by now is 83.88 
 with avg train loss 0.661, val loss 0.633, avg val acc 82.36%
global epoch 86 has been done artifficialy in 0.98 secs, the total time by now is 84.86 
 with avg train loss 0.666, val loss 0.628, avg val acc 81.95%
global epoch 87 has been done artifficialy in 1.08 secs, the total time by now is 85.94 
 with avg train loss 0.660, val loss 0.625, avg val acc 81.74%
global epoch 88 has been done artifficialy in 0.96 secs, the total time by now is 86.90 
 with avg train loss 0.656, val loss 0.618, avg val acc 82.29%
global epoch 89 has been done artifficialy in 1.01 secs, the total time by now is 87.91 
 with avg train loss 0.647, val loss 0.610, avg val acc 82.20%
global epoch 90 has been done artifficialy in 0.99 secs, the total time by now is 88.89 
 with avg train loss 0.643, val loss 0.603, avg val acc 82.74%
global epoch 91 has been done artifficialy in 0.96 secs, the total time by now is 89.85 
 with avg train loss 0.639, val loss 0.597, avg val acc 83.16%
global epoch 92 has been done artifficialy in 0.95 secs, the total time by now is 90.80 
 with avg train loss 0.632, val loss 0.587, avg val acc 83.44%
global epoch 93 has been done artifficialy in 0.97 secs, the total time by now is 91.77 
 with avg train loss 0.635, val loss 0.582, avg val acc 83.72%
global epoch 94 has been done artifficialy in 1.02 secs, the total time by now is 92.79 
 with avg train loss 0.622, val loss 0.574, avg val acc 83.94%
global epoch 95 has been done artifficialy in 0.97 secs, the total time by now is 93.76 
 with avg train loss 0.620, val loss 0.578, avg val acc 83.75%
global epoch 96 has been done artifficialy in 0.99 secs, the total time by now is 94.75 
 with avg train loss 0.620, val loss 0.577, avg val acc 83.76%
global epoch 97 has been done artifficialy in 1.00 secs, the total time by now is 95.76 
 with avg train loss 0.617, val loss 0.575, avg val acc 83.99%
global epoch 98 has been done artifficialy in 0.96 secs, the total time by now is 96.72 
 with avg train loss 0.612, val loss 0.576, avg val acc 82.91%
global epoch 99 has been done artifficialy in 0.98 secs, the total time by now is 97.70 
 with avg train loss 0.610, val loss 0.564, avg val acc 83.85%
global epoch 100 has been done artifficialy in 0.96 secs, the total time by now is 98.66 
 with avg train loss 0.606, val loss 0.557, avg val acc 83.50%
global epoch 101 has been done artifficialy in 0.95 secs, the total time by now is 99.62 
 with avg train loss 0.594, val loss 0.560, avg val acc 83.53%
global epoch 102 has been done artifficialy in 1.01 secs, the total time by now is 100.63 
 with avg train loss 0.597, val loss 0.562, avg val acc 83.49%
global epoch 103 has been done artifficialy in 1.00 secs, the total time by now is 101.63 
 with avg train loss 0.603, val loss 0.548, avg val acc 84.50%
global epoch 104 has been done artifficialy in 0.97 secs, the total time by now is 102.59 
 with avg train loss 0.594, val loss 0.543, avg val acc 84.06%
global epoch 105 has been done artifficialy in 1.01 secs, the total time by now is 103.60 
 with avg train loss 0.593, val loss 0.540, avg val acc 84.49%
global epoch 106 has been done artifficialy in 1.06 secs, the total time by now is 104.67 
 with avg train loss 0.588, val loss 0.533, avg val acc 84.41%
global epoch 107 has been done artifficialy in 0.97 secs, the total time by now is 105.64 
 with avg train loss 0.586, val loss 0.529, avg val acc 84.81%
global epoch 108 has been done artifficialy in 0.96 secs, the total time by now is 106.60 
 with avg train loss 0.580, val loss 0.521, avg val acc 85.11%
global epoch 109 has been done artifficialy in 1.04 secs, the total time by now is 107.64 
 with avg train loss 0.583, val loss 0.530, avg val acc 83.96%
global epoch 110 has been done artifficialy in 0.99 secs, the total time by now is 108.63 
 with avg train loss 0.589, val loss 0.550, avg val acc 82.25%
global epoch 111 has been done artifficialy in 0.98 secs, the total time by now is 109.60 
 with avg train loss 0.596, val loss 0.522, avg val acc 84.40%
global epoch 112 has been done artifficialy in 0.99 secs, the total time by now is 110.59 
 with avg train loss 0.587, val loss 0.529, avg val acc 84.16%
global epoch 113 has been done artifficialy in 0.99 secs, the total time by now is 111.58 
 with avg train loss 0.586, val loss 0.542, avg val acc 83.63%
global epoch 114 has been done artifficialy in 0.95 secs, the total time by now is 112.53 
 with avg train loss 0.586, val loss 0.553, avg val acc 83.57%
global epoch 115 has been done artifficialy in 1.01 secs, the total time by now is 113.55 
 with avg train loss 0.597, val loss 0.559, avg val acc 82.08%
global epoch 116 has been done artifficialy in 0.96 secs, the total time by now is 114.51 
 with avg train loss 0.603, val loss 0.548, avg val acc 83.50%
global epoch 117 has been done artifficialy in 0.98 secs, the total time by now is 115.48 
 with avg train loss 0.598, val loss 0.543, avg val acc 83.34%
global epoch 118 has been done artifficialy in 0.97 secs, the total time by now is 116.46 
 with avg train loss 0.595, val loss 0.591, avg val acc 81.12%
