Namespace(data='mnist', full_exp=False, i_i_d=False, wandb=False, method_choosing_users='fraboni', model='cnn2', num_users=30, num_users_per_round=5, global_epochs=40, max_seconds=600, epsilon_bar=100, epsilon_sum_deascent_coeff=0.04, delta_f=0.003, accel_ucb_coeff=1, alpha=100, beta=2, gamma=2, choosing_users_verbose=True, sa_pause_verbose=False, snr_verbose=False, dirichlet_coeff=5, label_dominance=0.4, max_iterations_sa_pause=3000, sa_pause_simulation=False, max_time_sa_pause=600, pre_sa_pause_rounds=1, beta_max_reduction=70, data_truncation=None, tau_min=0.05, production=False, privacy_noise='laplace', privacy_choosing_users=True, privacy=True, save_best_model=False, seed=0, norm_mean=0.5, norm_std=0.5, train_batch_size=20, test_batch_size=1000, local_epochs=1, local_iterations=100, lr=0.01, momentum=0.5, lr_scheduler=False, optimizer='adam', device=device(type='cuda'))
=================================================================
Layer (type:depth-idx)                   Param #
=================================================================
CNN2Layer                                --
├─Conv2d: 1-1                            156
├─Conv2d: 1-2                            906
├─Linear: 1-3                            4,850
├─Linear: 1-4                            510
├─Dropout: 1-5                           --
├─Dropout: 1-6                           --
├─BatchNorm2d: 1-7                       12
├─BatchNorm1d: 1-8                       100
=================================================================
Total params: 6,534
Trainable params: 6,534
Non-trainable params: 0
=================================================================
fraboni distributions: [[0.29639365 0.         0.32677952 0.         0.         0.
  0.         0.         0.         0.         0.         0.
  0.         0.         0.37682683 0.         0.         0.
  0.         0.         0.         0.         0.         0.
  0.         0.         0.         0.         0.         0.        ]
 [0.01892545 0.         0.         0.         0.         0.
  0.         0.         0.         0.         0.28440753 0.
  0.         0.         0.         0.         0.28892861 0.28240984
  0.         0.         0.12532857 0.         0.         0.
  0.         0.         0.         0.         0.         0.        ]
 [0.         0.         0.         0.         0.         0.06539796
  0.21312165 0.         0.18631059 0.         0.         0.
  0.         0.20376406 0.         0.         0.         0.
  0.         0.         0.11092419 0.22048155 0.         0.
  0.         0.         0.         0.         0.         0.        ]
 [0.         0.1830512  0.         0.         0.14530544 0.11796867
  0.         0.16118179 0.         0.17705814 0.         0.13878667
  0.         0.         0.         0.         0.         0.
  0.         0.         0.         0.         0.         0.
  0.         0.         0.         0.         0.         0.07664809]
 [0.         0.         0.         0.09326044 0.         0.
  0.         0.         0.         0.         0.         0.
  0.05719693 0.         0.         0.0710756  0.         0.
  0.0979918  0.05540953 0.         0.         0.07790979 0.06297971
  0.10303859 0.10703396 0.05604037 0.10808537 0.06539796 0.04457996]]
iteration: 1
user 2, emp_avg: 0.9006677811943284, h: 0, ucb: inf, num_of_obs(calculated after picking at this round): 1, privacy reward: 0.9607894391523232, g: 0.10678485367992906, curr_delay = 0.05551436505666675
user 7, emp_avg: 0.43020965420311125, h: 0, ucb: inf, num_of_obs(calculated after picking at this round): 1, privacy reward: 0.9607894391523232, g: 0.025979569268642356, curr_delay = 0.11622240345260575
user 10, emp_avg: 0.5364681471346953, h: 0, ucb: inf, num_of_obs(calculated after picking at this round): 1, privacy reward: 0.9607894391523232, g: 0.08088764205435955, curr_delay = 0.09320217848357382
user 13, emp_avg: 0.29689663577362535, h: 0, ucb: inf, num_of_obs(calculated after picking at this round): 1, privacy reward: 0.9607894391523232, g: 0.04151979323345403, curr_delay = 0.1684087792699796
user 28, emp_avg: 0.051429484820301234, h: 0, ucb: inf, num_of_obs(calculated after picking at this round): 1, privacy reward: 0.9607894391523232, g: 0.004276893205716646, curr_delay = 0.9722049554784388
num of fast users chosen: 4, num of slow users chosen: 1
max_delay = 0.97 seconds
global epoch 1 has been done artifficialy in 0.97 secs, the total time by now is 0.97 
 with avg train loss 0.667, val loss 2.424, avg val acc 8.92%
iteration: 2
user 7, emp_avg: 0.5866631993530225, h: 2.039333980337618, ucb: 2.469543634540729, num_of_obs(calculated after picking at this round): 2, privacy reward: 0.9231163463866358, g: -0.11479777976175558, curr_delay = 0.06728417892594346
user 14, emp_avg: 0.28746384266689656, h: 0, ucb: inf, num_of_obs(calculated after picking at this round): 1, privacy reward: 0.9607894391523232, g: 0.14199846138235192, curr_delay = 0.17393491834010694
user 16, emp_avg: 0.06817834948974451, h: 0, ucb: inf, num_of_obs(calculated after picking at this round): 1, privacy reward: 0.9607894391523232, g: 0.08347974108658429, curr_delay = 0.7333706429417315
user 21, emp_avg: 0.07405039220091934, h: 0, ucb: inf, num_of_obs(calculated after picking at this round): 1, privacy reward: 0.9607894391523232, g: 0.04861211286808768, curr_delay = 0.6752158700839298
user 24, emp_avg: 0.06160400145797651, h: 0, ucb: inf, num_of_obs(calculated after picking at this round): 1, privacy reward: 0.9607894391523232, g: 0.010616950390221015, curr_delay = 0.8116355888684887
num of fast users chosen: 2, num of slow users chosen: 3
max_delay = 0.81 seconds
global epoch 2 has been done artifficialy in 0.81 secs, the total time by now is 1.78 
 with avg train loss 0.599, val loss 2.444, avg val acc 11.44%
iteration: 3
user 2, emp_avg: 0.9503338905971642, h: 2.567425506613319, ucb: 3.4680932878076476, num_of_obs(calculated after picking at this round): 2, privacy reward: 0.9231163463866358, g: -4.2952489494613325e-05, curr_delay = 0.05
user 6, emp_avg: 1.0, h: 0, ucb: inf, num_of_obs(calculated after picking at this round): 1, privacy reward: 0.9607894391523232, g: 0.045420837109394416, curr_delay = 0.05
user 9, emp_avg: 0.2574729682850813, h: 0, ucb: inf, num_of_obs(calculated after picking at this round): 1, privacy reward: 0.9607894391523232, g: 0.03134958607435507, curr_delay = 0.19419514340875815
user 17, emp_avg: 0.06633495125416411, h: 0, ucb: inf, num_of_obs(calculated after picking at this round): 1, privacy reward: 0.9607894391523232, g: 0.07975531842720428, curr_delay = 0.7537504596698004
user 27, emp_avg: 0.058006184261067024, h: 0, ucb: inf, num_of_obs(calculated after picking at this round): 1, privacy reward: 0.9607894391523232, g: 0.011682448251956813, curr_delay = 0.861977057049059
num of fast users chosen: 3, num of slow users chosen: 2
max_delay = 0.86 seconds
global epoch 3 has been done artifficialy in 0.86 secs, the total time by now is 2.65 
 with avg train loss 0.603, val loss 2.425, avg val acc 12.60%
iteration: 4
user 14, emp_avg: 0.30871903088505714, h: 2.884053773201766, ucb: 3.1715176158686624, num_of_obs(calculated after picking at this round): 2, privacy reward: 0.9231163463866358, g: 0.01608504533777196, curr_delay = 0.15152698939901035
user 17, emp_avg: 0.06549352090486599, h: 2.884053773201766, ucb: 2.95038872445593, num_of_obs(calculated after picking at this round): 2, privacy reward: 0.9231163463866358, g: 0.0010503978089727419, curr_delay = 0.773370196854276
user 20, emp_avg: 0.064535928449172, h: 0, ucb: inf, num_of_obs(calculated after picking at this round): 1, privacy reward: 0.9607894391523232, g: 0.05581536658973284, curr_delay = 0.7747622324730266
user 26, emp_avg: 0.05336846407514024, h: 0, ucb: inf, num_of_obs(calculated after picking at this round): 1, privacy reward: 0.9607894391523232, g: 0.0031405235520694484, curr_delay = 0.9368828739309867
user 29, emp_avg: 0.05722924164860046, h: 0, ucb: inf, num_of_obs(calculated after picking at this round): 1, privacy reward: 0.9607894391523232, g: 0.014696240526148822, curr_delay = 0.8736792338960296
num of fast users chosen: 1, num of slow users chosen: 4
max_delay = 0.94 seconds
global epoch 4 has been done artifficialy in 0.94 secs, the total time by now is 3.58 
 with avg train loss 0.545, val loss 2.772, avg val acc 11.35%
iteration: 5
user 1, emp_avg: 0.315798357287567, h: 0, ucb: inf, num_of_obs(calculated after picking at this round): 1, privacy reward: 0.9607894391523232, g: 0.03350774323796492, curr_delay = 0.15832887931861483
user 13, emp_avg: 0.3204718254567968, h: 3.1075114600922396, ucb: 3.4044080958658647, num_of_obs(calculated after picking at this round): 2, privacy reward: 0.9231163463866358, g: 1.4168167740652596e-05, curr_delay = 0.1453289748194983
user 14, emp_avg: 0.29209511888303785, h: 2.197342426046132, ucb: 2.506061456931189, num_of_obs(calculated after picking at this round): 3, privacy reward: 0.8869204367171574, g: -0.0005369957110239903, curr_delay = 0.1931640816388404
user 17, emp_avg: 0.0650408423055049, h: 2.197342426046132, ucb: 2.262835946950998, num_of_obs(calculated after picking at this round): 3, privacy reward: 0.8869204367171574, g: -0.013827445438033827, curr_delay = 0.7795996228414307
user 29, emp_avg: 0.05657180072508107, h: 3.1075114600922396, ucb: 3.16474070174084, num_of_obs(calculated after picking at this round): 2, privacy reward: 0.9231163463866358, g: -0.006205019834318312, curr_delay = 0.8942246710406495
num of fast users chosen: 3, num of slow users chosen: 2
max_delay = 0.89 seconds
global epoch 5 has been done artifficialy in 0.89 secs, the total time by now is 4.48 
 with avg train loss 0.515, val loss 2.561, avg val acc 11.35%
iteration: 6
user 0, emp_avg: 0.6805223779050541, h: 0, ucb: inf, num_of_obs(calculated after picking at this round): 1, privacy reward: 0.9607894391523232, g: 0.09942613747042711, curr_delay = 0.07347296962360282
user 1, emp_avg: 0.48227111975916526, h: 3.2788041745990766, ucb: 3.5946025318866437, num_of_obs(calculated after picking at this round): 2, privacy reward: 0.9231163463866358, g: 0.00026845305934133327, curr_delay = 0.07707201773999095
user 10, emp_avg: 0.4451903525807049, h: 3.2788041745990766, ucb: 3.815272321733772, num_of_obs(calculated after picking at this round): 2, privacy reward: 0.9231163463866358, g: 0.013862910457027812, curr_delay = 0.1412778350640664
user 13, emp_avg: 0.28123417584459737, h: 2.3184646660417676, ucb: 2.6389364914985642, num_of_obs(calculated after picking at this round): 3, privacy reward: 0.8869204367171574, g: -0.016788195901709504, curr_delay = 0.24659832818889807
user 18, emp_avg: 0.0653640969448258, h: 0, ucb: inf, num_of_obs(calculated after picking at this round): 1, privacy reward: 0.9607894391523232, g: 0.009602392665301268, curr_delay = 0.7649459311310502
num of fast users chosen: 4, num of slow users chosen: 1
max_delay = 0.76 seconds
global epoch 6 has been done artifficialy in 0.76 secs, the total time by now is 5.24 
 with avg train loss 0.562, val loss 2.494, avg val acc 11.56%
iteration: 7
user 1, emp_avg: 0.6071289571357584, h: 2.4161395752658703, ucb: 2.8984106950250355, num_of_obs(calculated after picking at this round): 3, privacy reward: 0.8869204367171574, g: -0.010539708373929924, curr_delay = 0.058353636282663296
user 2, emp_avg: 0.9668892603981094, h: 2.4161395752658703, ucb: 3.3664734658630344, num_of_obs(calculated after picking at this round): 3, privacy reward: 0.8869204367171574, g: 0.001686353339828788, curr_delay = 0.05
user 8, emp_avg: 0.4010862305436951, h: 0, ucb: inf, num_of_obs(calculated after picking at this round): 1, privacy reward: 0.9607894391523232, g: 0.03471163510421464, curr_delay = 0.12466147225304187
user 10, emp_avg: 0.4211837510972815, h: 2.4161395752658703, ucb: 2.861329927846575, num_of_obs(calculated after picking at this round): 3, privacy reward: 0.8869204367171574, g: -1.7076153962971105e-06, curr_delay = 0.13398699401787587
user 12, emp_avg: 0.20590379448875581, h: 0, ucb: inf, num_of_obs(calculated after picking at this round): 1, privacy reward: 0.9607894391523232, g: 0.0032714887866310354, curr_delay = 0.24283185321643236
num of fast users chosen: 5, num of slow users chosen: 0
max_delay = 0.24 seconds
global epoch 7 has been done artifficialy in 0.24 secs, the total time by now is 5.48 
 with avg train loss 0.604, val loss 2.529, avg val acc 11.39%
iteration: 8
user 0, emp_avg: 0.7151746440162479, h: 3.5322300675464238, ucb: 4.2127524454514775, num_of_obs(calculated after picking at this round): 2, privacy reward: 0.9231163463866358, g: 0.0362213614216415, curr_delay = 0.06668205598476311
user 5, emp_avg: 0.4318257891306668, h: 0, ucb: inf, num_of_obs(calculated after picking at this round): 1, privacy reward: 0.9607894391523232, g: 0.03362332030619665, curr_delay = 0.11578743386460975
user 7, emp_avg: 0.5422123522594658, h: 2.497663833473093, ucb: 3.084327032826115, num_of_obs(calculated after picking at this round): 3, privacy reward: 0.8869204367171574, g: -0.007888674515198969, curr_delay = 0.1102996347198603
user 10, emp_avg: 0.3870509336217609, h: 2.039333980337618, ucb: 2.460517731434899, num_of_obs(calculated after picking at this round): 4, privacy reward: 0.8521437889662112, g: -0.008206995960363138, curr_delay = 0.1756527812090727
user 27, emp_avg: 0.05634809914823211, h: 3.5322300675464238, ucb: 3.590236251807491, num_of_obs(calculated after picking at this round): 2, privacy reward: 0.9231163463866358, g: -0.00028610454467051493, curr_delay = 0.9142436856505163
num of fast users chosen: 4, num of slow users chosen: 1
max_delay = 0.91 seconds
global epoch 8 has been done artifficialy in 0.91 secs, the total time by now is 6.40 
 with avg train loss 0.507, val loss 2.698, avg val acc 11.35%
iteration: 9
user 2, emp_avg: 0.975166945298582, h: 2.09629414793641, ucb: 3.0631834083345195, num_of_obs(calculated after picking at this round): 4, privacy reward: 0.8521437889662112, g: -4.2952489494613325e-05, curr_delay = 0.05
user 8, emp_avg: 0.3795998569471262, h: 3.63088797183517, ucb: 4.031974202378866, num_of_obs(calculated after picking at this round): 2, privacy reward: 0.9231163463866358, g: 0.005654961285335659, curr_delay = 0.13962054578954514
user 10, emp_avg: 0.36148268536536327, h: 1.815443985917585, ucb: 2.2024949195393457, num_of_obs(calculated after picking at this round): 5, privacy reward: 0.8187307530779817, g: -0.025611814584931697, curr_delay = 0.19289402162655206
user 11, emp_avg: 0.20778738972091312, h: 0, ucb: inf, num_of_obs(calculated after picking at this round): 1, privacy reward: 0.9607894391523232, g: 0.019261739233570486, curr_delay = 0.24063057949357197
user 15, emp_avg: 0.06616628679903346, h: 0, ucb: inf, num_of_obs(calculated after picking at this round): 1, privacy reward: 0.9607894391523232, g: 0.005051740443067097, curr_delay = 0.7556718446641076
num of fast users chosen: 4, num of slow users chosen: 1
max_delay = 0.76 seconds
global epoch 9 has been done artifficialy in 0.76 secs, the total time by now is 7.15 
 with avg train loss 0.600, val loss 2.544, avg val acc 11.63%
iteration: 10
user 4, emp_avg: 0.38306461143889453, h: 0, ucb: inf, num_of_obs(calculated after picking at this round): 1, privacy reward: 0.9607894391523232, g: 0.021113669676272883, curr_delay = 0.13052628331337224
user 10, emp_avg: 0.3480649698389948, h: 1.66225813626911, ucb: 2.0237408216344734, num_of_obs(calculated after picking at this round): 6, privacy reward: 0.7866278610665532, g: -0.046480113929031, curr_delay = 0.17795089333746228
user 13, emp_avg: 0.27346332139692464, h: 2.145966026289347, ucb: 2.4272002021339447, num_of_obs(calculated after picking at this round): 4, privacy reward: 0.8521437889662112, g: -0.009261355634883959, curr_delay = 0.19987946624261377
user 14, emp_avg: 0.2746245952420096, h: 2.145966026289347, ucb: 2.438061145172385, num_of_obs(calculated after picking at this round): 4, privacy reward: 0.8521437889662112, g: 0.0059023621288559714, curr_delay = 0.22500931326256976
user 23, emp_avg: 0.05931469961717939, h: 0, ucb: inf, num_of_obs(calculated after picking at this round): 1, privacy reward: 0.9607894391523232, g: 0.003966443582842242, curr_delay = 0.842961362405997
num of fast users chosen: 4, num of slow users chosen: 1
max_delay = 0.84 seconds
global epoch 10 has been done artifficialy in 0.84 secs, the total time by now is 8.00 
 with avg train loss 0.550, val loss 2.579, avg val acc 11.35%
iteration: 11
user 4, emp_avg: 0.6755804386686489, h: 3.793068894284709, ucb: 4.1761335057236035, num_of_obs(calculated after picking at this round): 2, privacy reward: 0.9231163463866358, g: 0.002958962338705511, curr_delay = 0.05164775628340998
user 6, emp_avg: 0.7883967033208739, h: 3.793068894284709, ucb: 4.793068894284708, num_of_obs(calculated after picking at this round): 2, privacy reward: 0.9231163463866358, g: 0.01493590926160443, curr_delay = 0.08668615040368435
user 10, emp_avg: 0.32963068688142005, h: 1.5485138917033876, ucb: 1.8965788615423824, num_of_obs(calculated after picking at this round): 7, privacy reward: 0.7557837414557252, g: -0.06814554525648045, curr_delay = 0.22828445373856315
user 14, emp_avg: 0.2666490228710348, h: 1.8965344471423544, ucb: 2.171159042384364, num_of_obs(calculated after picking at this round): 5, privacy reward: 0.8187307530779817, g: 0.00017398845800421325, curr_delay = 0.21299550915386692
user 26, emp_avg: 0.054330742456827834, h: 3.793068894284709, ucb: 3.8464373583598492, num_of_obs(calculated after picking at this round): 2, privacy reward: 0.9231163463866358, g: -0.0012158273977253263, curr_delay = 0.904273256222086
num of fast users chosen: 4, num of slow users chosen: 1
max_delay = 0.90 seconds
global epoch 11 has been done artifficialy in 0.90 secs, the total time by now is 8.90 
 with avg train loss 0.512, val loss 2.478, avg val acc 11.39%
iteration: 12
user 0, emp_avg: 0.7979116867293364, h: 2.730333303712937, ucb: 3.445507947729185, num_of_obs(calculated after picking at this round): 3, privacy reward: 0.8869204367171574, g: 0.022097547183157405, curr_delay = 0.051900289006893086
user 1, emp_avg: 0.5720238252712624, h: 2.2293078072747154, ucb: 2.836436764410474, num_of_obs(calculated after picking at this round): 4, privacy reward: 0.8521437889662112, g: -0.004482141303362873, curr_delay = 0.10713326955444347
user 3, emp_avg: 1.0, h: 0, ucb: inf, num_of_obs(calculated after picking at this round): 1, privacy reward: 0.9607894391523232, g: 0.008697508789633275, curr_delay = 0.05
user 8, emp_avg: 0.34416614679298685, h: 2.730333303712937, ucb: 3.1099331606600633, num_of_obs(calculated after picking at this round): 3, privacy reward: 0.8869204367171574, g: 0.00038588363515542533, curr_delay = 0.18294999264402959
num of fast users chosen: 4, num of slow users chosen: 0
max_delay = 0.18 seconds
global epoch 12 has been done artifficialy in 0.18 secs, the total time by now is 9.08 
 with avg train loss 0.516, val loss 2.829, avg val acc 11.43%
iteration: 13
user 8, emp_avg: 0.3942759495108367, h: 2.2649279712439143, ucb: 2.609094118036901, num_of_obs(calculated after picking at this round): 4, privacy reward: 0.8521437889662112, g: -0.0019765709399551354, curr_delay = 0.09180959991732685
user 9, emp_avg: 0.3254081368151186, h: 3.9229703216783607, ucb: 4.180443289963442, num_of_obs(calculated after picking at this round): 2, privacy reward: 0.9231163463866358, g: 0.010027031498805983, curr_delay = 0.12711542136486945
user 10, emp_avg: 0.37634650161705263, h: 1.4827434102640003, ucb: 1.8123740971454203, num_of_obs(calculated after picking at this round): 8, privacy reward: 0.7261490370736907, g: -0.06454344016791104, curr_delay = 0.071087634648742
user 12, emp_avg: 0.2519278383021521, h: 3.9229703216783607, ucb: 4.1288741161671165, num_of_obs(calculated after picking at this round): 2, privacy reward: 0.9231163463866358, g: -0.00038912087753294346, curr_delay = 0.167812331457633
user 14, emp_avg: 0.2859520704718373, h: 1.7544056625974063, ucb: 2.021054685468441, num_of_obs(calculated after picking at this round): 6, privacy reward: 0.7866278610665532, g: -6.0661550453761695e-05, curr_delay = 0.13073012749573903
num of fast users chosen: 5, num of slow users chosen: 0
max_delay = 0.17 seconds
global epoch 13 has been done artifficialy in 0.17 secs, the total time by now is 9.25 
 with avg train loss 0.522, val loss 2.709, avg val acc 11.35%
iteration: 14
user 9, emp_avg: 0.4526236805679415, h: 2.8137469660304877, ucb: 3.1391551028456064, num_of_obs(calculated after picking at this round): 3, privacy reward: 0.8869204367171574, g: 0.0011697084246304742, curr_delay = 0.07071587981257517
user 14, emp_avg: 0.3112656675992759, h: 1.624517568269195, ucb: 1.9104696387410323, num_of_obs(calculated after picking at this round): 7, privacy reward: 0.7557837414557252, g: -0.002677503265112809, curr_delay = 0.10795702654115655
user 17, emp_avg: 0.06636366601065283, h: 2.2974147773596556, ucb: 2.3624556196651607, num_of_obs(calculated after picking at this round): 4, privacy reward: 0.8521437889662112, g: 0.004640896672801738, curr_delay = 0.7109125649112066
user 21, emp_avg: 0.06830007714002842, h: 3.979239120446464, ucb: 4.053289512647384, num_of_obs(calculated after picking at this round): 2, privacy reward: 0.9231163463866358, g: 0.02221678972989538, curr_delay = 0.7993635521225545
user 27, emp_avg: 0.05562513694403423, h: 2.8137469660304877, ucb: 2.87009506517872, num_of_obs(calculated after picking at this round): 3, privacy reward: 0.8869204367171574, g: -0.00120907585179288, curr_delay = 0.9228631731609346
num of fast users chosen: 2, num of slow users chosen: 3
max_delay = 0.92 seconds
global epoch 14 has been done artifficialy in 0.92 secs, the total time by now is 10.18 
 with avg train loss 0.420, val loss 2.716, avg val acc 11.35%
iteration: 15
user 0, emp_avg: 0.6762034150067887, h: 2.3272516843273356, ucb: 3.125163371056672, num_of_obs(calculated after picking at this round): 4, privacy reward: 0.8521437889662112, g: 0.013298495792370125, curr_delay = 0.16073108219547816
user 7, emp_avg: 0.4766086905139042, h: 2.3272516843273356, ucb: 2.8694640365868014, num_of_obs(calculated after picking at this round): 4, privacy reward: 0.8521437889662112, g: -0.0015068534658876467, curr_delay = 0.17870053634092822
user 12, emp_avg: 0.25832972046200364, h: 2.8502895648173414, ucb: 3.1022174031194933, num_of_obs(calculated after picking at this round): 3, privacy reward: 0.8869204367171574, g: -0.005796751932228529, curr_delay = 0.1844110108356984
user 16, emp_avg: 0.06519812060513068, h: 4.030918159255191, ucb: 4.099096508744935, num_of_obs(calculated after picking at this round): 2, privacy reward: 0.9231163463866358, g: 0.04940037100048516, curr_delay = 0.8036273589050608
user 21, emp_avg: 0.06653804314932864, h: 2.8502895648173414, ucb: 2.91858964195737, num_of_obs(calculated after picking at this round): 3, privacy reward: 0.8869204367171574, g: 0.007594811264096976, curr_delay = 0.7934747786781032
num of fast users chosen: 3, num of slow users chosen: 2
max_delay = 0.80 seconds
global epoch 15 has been done artifficialy in 0.80 secs, the total time by now is 10.98 
 with avg train loss 0.464, val loss 2.794, avg val acc 11.40%
iteration: 16
user 3, emp_avg: 0.9472435608614683, h: 4.078667960675236, ucb: 5.078667960675236, num_of_obs(calculated after picking at this round): 2, privacy reward: 0.9231163463866358, g: 0.0009462043789509072, curr_delay = 0.05589795401826621
user 4, emp_avg: 0.6631847958728714, h: 2.884053773201766, ucb: 3.559634211870415, num_of_obs(calculated after picking at this round): 3, privacy reward: 0.8869204367171574, g: 0.00041231072348138286, curr_delay = 0.0783215981910074
user 13, emp_avg: 0.25475886482906823, h: 2.039333980337618, ucb: 2.3127973017345425, num_of_obs(calculated after picking at this round): 5, privacy reward: 0.8187307530779817, g: -0.002137761901312307, curr_delay = 0.2778687974726951
user 14, emp_avg: 0.32929234655255857, h: 1.5415915863362348, ucb: 1.8528572539355106, num_of_obs(calculated after picking at this round): 8, privacy reward: 0.7261490370736907, g: -0.0036812333043369965, curr_delay = 0.1097745211251543
user 16, emp_avg: 0.06828262736406071, h: 2.884053773201766, ucb: 2.949251893806897, num_of_obs(calculated after picking at this round): 3, privacy reward: 0.8869204367171574, g: 0.026872588841815075, curr_delay = 0.6715768706736669
num of fast users chosen: 4, num of slow users chosen: 1
max_delay = 0.67 seconds
global epoch 16 has been done artifficialy in 0.67 secs, the total time by now is 11.65 
 with avg train loss 0.434, val loss 2.576, avg val acc 11.35%
iteration: 17
user 0, emp_avg: 0.638127560485972, h: 2.061509159835174, ucb: 2.7377125748419626, num_of_obs(calculated after picking at this round): 5, privacy reward: 0.8187307530779817, g: 0.00640399847202097, curr_delay = 0.10291789895973191
user 1, emp_avg: 0.5268694476307213, h: 2.061509159835174, ucb: 2.633532985106436, num_of_obs(calculated after picking at this round): 5, privacy reward: 0.8187307530779817, g: -0.0027293220400003634, curr_delay = 0.14440352427573608
user 16, emp_avg: 0.06871016019105242, h: 2.380425736735434, ucb: 2.4487083640994944, num_of_obs(calculated after picking at this round): 4, privacy reward: 0.8521437889662112, g: 0.012646806429609065, curr_delay = 0.7143596130321177
user 21, emp_avg: 0.06554530420443624, h: 2.380425736735434, ucb: 2.4469637798847623, num_of_obs(calculated after picking at this round): 4, privacy reward: 0.8521437889662112, g: 0.0019369645513871796, curr_delay = 0.7991422024252133
user 23, emp_avg: 0.05901099681919237, h: 4.123018319670348, ucb: 4.182333019287528, num_of_obs(calculated after picking at this round): 2, privacy reward: 0.9231163463866358, g: 1.727381802066885e-05, curr_delay = 0.851682926859817
num of fast users chosen: 2, num of slow users chosen: 3
max_delay = 0.85 seconds
global epoch 17 has been done artifficialy in 0.85 secs, the total time by now is 12.50 
 with avg train loss 0.413, val loss 2.714, avg val acc 11.35%
iteration: 18
user 2, emp_avg: 0.9149605056195306, h: 2.0822001913467028, ucb: 3.0573671366452846, num_of_obs(calculated after picking at this round): 5, privacy reward: 0.8187307530779817, g: 0.010932228194948074, curr_delay = 0.07416914827440327
user 9, emp_avg: 0.4721712058082227, h: 2.4043176819614183, ucb: 2.85694136252936, num_of_obs(calculated after picking at this round): 4, privacy reward: 0.8521437889662112, g: 0.00010798278459700942, curr_delay = 0.0941949921796861
user 10, emp_avg: 0.42654840901532887, h: 1.4723378750891805, ucb: 1.848684376706233, num_of_obs(calculated after picking at this round): 9, privacy reward: 0.6976763260710308, g: -0.025611814584931697, curr_delay = 0.060374539381305214
user 13, emp_avg: 0.26024633514995027, h: 1.862376468245719, ucb: 2.117135333074787, num_of_obs(calculated after picking at this round): 6, privacy reward: 0.7866278610665532, g: -0.005478030024901499, curr_delay = 0.17380199956451703
user 22, emp_avg: 0.06378491216081704, h: 0, ucb: inf, num_of_obs(calculated after picking at this round): 1, privacy reward: 0.9607894391523232, g: 0.006069935169942676, curr_delay = 0.7838844376541279
num of fast users chosen: 4, num of slow users chosen: 1
max_delay = 0.78 seconds
global epoch 18 has been done artifficialy in 0.78 secs, the total time by now is 13.29 
 with avg train loss 0.433, val loss 2.582, avg val acc 11.89%
iteration: 19
user 0, emp_avg: 0.66488966197632, h: 1.8797145461478262, ucb: 2.517842106633798, num_of_obs(calculated after picking at this round): 6, privacy reward: 0.7866278610665532, g: 0.0027207917721526853, curr_delay = 0.06260171452799916
user 1, emp_avg: 0.582460698300695, h: 1.8797145461478262, ucb: 2.4065839937785474, num_of_obs(calculated after picking at this round): 6, privacy reward: 0.7866278610665532, g: -0.0064170819217633165, curr_delay = 0.05811136089785715
user 8, emp_avg: 0.47523552578224654, h: 2.1015847517408526, ucb: 2.495860701251689, num_of_obs(calculated after picking at this round): 5, privacy reward: 0.8187307530779817, g: -0.0005864014849413182, curr_delay = 0.06257244082902112
user 17, emp_avg: 0.06779691333954163, h: 2.1015847517408526, ucb: 2.1679484177515054, num_of_obs(calculated after picking at this round): 5, privacy reward: 0.8187307530779817, g: 0.005167241230687972, curr_delay = 0.6799954602759719
user 18, emp_avg: 0.06396293837503429, h: 4.203169503481705, ucb: 4.268533600426531, num_of_obs(calculated after picking at this round): 2, privacy reward: 0.9231163463866358, g: 0.002057549560466541, curr_delay = 0.7992099993902334
num of fast users chosen: 3, num of slow users chosen: 2
max_delay = 0.80 seconds
global epoch 19 has been done artifficialy in 0.80 secs, the total time by now is 14.09 
 with avg train loss 0.433, val loss 2.589, avg val acc 11.35%
iteration: 20
user 1, emp_avg: 0.6421091699720244, h: 1.7308183826022854, ucb: 2.3132790809029804, num_of_obs(calculated after picking at this round): 7, privacy reward: 0.7557837414557252, g: -0.013677020916442462, curr_delay = 0.05
user 2, emp_avg: 0.8500312595702408, h: 1.8960165421917576, ucb: 2.810977047811288, num_of_obs(calculated after picking at this round): 6, privacy reward: 0.7866278610665532, g: 0.005895094453769892, curr_delay = 0.09516829983593843
user 3, emp_avg: 0.7503542170463652, h: 2.997865377341346, ucb: 3.9451089382028144, num_of_obs(calculated after picking at this round): 3, privacy reward: 0.8869204367171574, g: -4.5421732541487035e-05, curr_delay = 0.14022274630529982
user 8, emp_avg: 0.4405465995889193, h: 1.8960165421917576, ucb: 2.3712520679740043, num_of_obs(calculated after picking at this round): 6, privacy reward: 0.7866278610665532, g: -0.0040563412339591496, curr_delay = 0.18719442712422119
user 16, emp_avg: 0.06720226656365694, h: 2.119810937402434, ucb: 2.1885210975934863, num_of_obs(calculated after picking at this round): 5, privacy reward: 0.8187307530779817, g: 0.007908297494953545, curr_delay = 0.8173848998765603
num of fast users chosen: 4, num of slow users chosen: 1
max_delay = 0.82 seconds
global epoch 20 has been done artifficialy in 0.82 secs, the total time by now is 14.90 
 with avg train loss 0.437, val loss 2.497, avg val acc 11.36%
iteration: 21
user 0, emp_avg: 0.630867507969535, h: 1.7448559934055943, ucb: 2.409745655381914, num_of_obs(calculated after picking at this round): 7, privacy reward: 0.7557837414557252, g: 0.0008764452772844789, curr_delay = 0.11716884893571139
user 7, emp_avg: 0.44836947628406437, h: 2.137003429240378, ucb: 2.613612119754282, num_of_obs(calculated after picking at this round): 5, privacy reward: 0.8187307530779817, g: -0.0008581619281503411, curr_delay = 0.1490701217345473
user 8, emp_avg: 0.43746247331439647, h: 1.7448559934055943, ucb: 2.185402592994514, num_of_obs(calculated after picking at this round): 7, privacy reward: 0.7557837414557252, g: -0.009881095170861423, curr_delay = 0.11934378609155522
user 17, emp_avg: 0.06906982326888857, h: 1.9113939743726587, ucb: 1.9791908877122002, num_of_obs(calculated after picking at this round): 6, privacy reward: 0.7866278610665532, g: 0.0019637840515642673, curr_delay = 0.6628278073700868
user 27, emp_avg: 0.05599289846963354, h: 2.467599010262171, ucb: 2.5232241472062054, num_of_obs(calculated after picking at this round): 4, privacy reward: 0.8521437889662112, g: -0.00120907585179288, curr_delay = 0.8757152813409481
num of fast users chosen: 3, num of slow users chosen: 2
max_delay = 0.88 seconds
global epoch 21 has been done artifficialy in 0.88 secs, the total time by now is 15.78 
 with avg train loss 0.418, val loss 2.539, avg val acc 11.35%
iteration: 22
user 2, emp_avg: 0.8714553653459207, h: 1.7581360736183977, ucb: 2.6081673331886384, num_of_obs(calculated after picking at this round): 7, privacy reward: 0.7557837414557252, g: 0.002921645267920714, curr_delay = 0.05
user 4, emp_avg: 0.6113319155988626, h: 2.48637987980852, ucb: 3.1495646756813915, num_of_obs(calculated after picking at this round): 4, privacy reward: 0.8521437889662112, g: 7.99557773598416e-05, curr_delay = 0.1097036679574551
user 13, emp_avg: 0.26013693403972926, h: 1.7581360736183977, ucb: 2.018382408768348, num_of_obs(calculated after picking at this round): 7, privacy reward: 0.7557837414557252, g: -0.004755924342191982, curr_delay = 0.1926926868276496
user 20, emp_avg: 0.06486568427683798, h: 4.306536278745356, ucb: 4.371072207194528, num_of_obs(calculated after picking at this round): 2, privacy reward: 0.9231163463866358, g: 0.03640395865928953, curr_delay = 0.7669248021004742
user 25, emp_avg: 0.060653904821206146, h: 0, ucb: inf, num_of_obs(calculated after picking at this round): 1, privacy reward: 0.9607894391523232, g: 0.011456268738229282, curr_delay = 0.8243492343549617
num of fast users chosen: 3, num of slow users chosen: 2
max_delay = 0.82 seconds
global epoch 22 has been done artifficialy in 0.82 secs, the total time by now is 16.60 
 with avg train loss 0.399, val loss 2.684, avg val acc 11.35%
iteration: 23
user 1, emp_avg: 0.6868455237255213, h: 1.6393799043529886, ucb: 2.281489074325013, num_of_obs(calculated after picking at this round): 8, privacy reward: 0.7261490370736907, g: -0.014712870561436157, curr_delay = 0.05
user 2, emp_avg: 0.8055127449886897, h: 1.6393799043529886, ucb: 2.5108352696989096, num_of_obs(calculated after picking at this round): 8, privacy reward: 0.7261490370736907, g: 0.0005031808223742309, curr_delay = 0.14538501335876436
user 20, emp_avg: 0.06390835191431783, h: 3.0669989644255584, ucb: 3.1318646487023964, num_of_obs(calculated after picking at this round): 3, privacy reward: 0.8869204367171574, g: 0.022289366747544337, curr_delay = 0.8065337337871401
user 21, emp_avg: 0.06454321822507117, h: 2.1686957656374313, ucb: 2.2342410698418673, num_of_obs(calculated after picking at this round): 5, privacy reward: 0.8187307530779817, g: 0.002168625583739377, curr_delay = 0.8259701630158284
user 29, emp_avg: 0.05668849738470538, h: 3.0669989644255584, ucb: 3.1235707651506397, num_of_obs(calculated after picking at this round): 3, privacy reward: 0.8869204367171574, g: 0.001174537767886029, curr_delay = 0.8783966832733264
num of fast users chosen: 2, num of slow users chosen: 3
max_delay = 0.88 seconds
global epoch 23 has been done artifficialy in 0.88 secs, the total time by now is 17.48 
 with avg train loss 0.367, val loss 3.039, avg val acc 11.35%
iteration: 24
user 2, emp_avg: 0.7631375339695351, h: 1.5438718770548803, ucb: 2.34938462204357, num_of_obs(calculated after picking at this round): 9, privacy reward: 0.6976763260710308, g: -4.2952489494613325e-05, curr_delay = 0.11788675843648475
user 8, emp_avg: 0.42456095860391063, h: 1.6504684608614122, ucb: 2.0879309341758088, num_of_obs(calculated after picking at this round): 8, privacy reward: 0.7261490370736907, g: -0.01109990336669435, curr_delay = 0.14958847210703186
user 9, emp_avg: 0.5461647072697745, h: 2.1833645470974195, ucb: 2.6555357529056423, num_of_obs(calculated after picking at this round): 5, privacy reward: 0.8187307530779817, g: 0.00010798278459700942, curr_delay = 0.05937264161030663
user 20, emp_avg: 0.06237752083812393, h: 2.5211322180115605, ucb: 2.5850405699258783, num_of_obs(calculated after picking at this round): 4, privacy reward: 0.8521437889662112, g: 0.012377176599195563, curr_delay = 0.8652760424007024
user 24, emp_avg: 0.061061996955594916, h: 4.366729094194839, ucb: 4.428333095652816, num_of_obs(calculated after picking at this round): 2, privacy reward: 0.9231163463866358, g: 0.0037665125930504877, curr_delay = 0.8261732689185958
num of fast users chosen: 3, num of slow users chosen: 2
max_delay = 0.87 seconds
global epoch 24 has been done artifficialy in 0.87 secs, the total time by now is 18.35 
 with avg train loss 0.384, val loss 2.989, avg val acc 11.35%
iteration: 25
user 2, emp_avg: 0.7868237805725815, h: 1.4648949506974211, ucb: 2.228032484666956, num_of_obs(calculated after picking at this round): 10, privacy reward: 0.670320046035639, g: -0.0011036003942598567, curr_delay = 0.05
user 7, emp_avg: 0.450500739015324, h: 1.965362813793382, ucb: 2.4137322900774465, num_of_obs(calculated after picking at this round): 6, privacy reward: 0.7866278610665532, g: -0.0015068534658876467, curr_delay = 0.10842293251363039
user 18, emp_avg: 0.062185315801595246, h: 3.1075114600922396, ucb: 3.1714743984672737, num_of_obs(calculated after picking at this round): 3, privacy reward: 0.8869204367171574, g: 0.000323704830163008, curr_delay = 0.8528047031438669
user 20, emp_avg: 0.06330409981897364, h: 2.197342426046132, ucb: 2.259719946884256, num_of_obs(calculated after picking at this round): 5, privacy reward: 0.8187307530779817, g: 0.005814483401845126, curr_delay = 0.7461526606882949
user 21, emp_avg: 0.0652492424918871, h: 1.965362813793382, ucb: 2.029906032018453, num_of_obs(calculated after picking at this round): 6, privacy reward: 0.7866278610665532, g: 0.0004194937954349568, curr_delay = 0.7269622342904418
num of fast users chosen: 2, num of slow users chosen: 3
max_delay = 0.85 seconds
global epoch 25 has been done artifficialy in 0.85 secs, the total time by now is 19.20 
 with avg train loss 0.376, val loss 2.630, avg val acc 11.35%
iteration: 26
user 2, emp_avg: 0.7643112924733839, h: 1.3981623377894605, ucb: 2.1849861183620423, num_of_obs(calculated after picking at this round): 11, privacy reward: 0.6440364210831411, g: -0.003344987414832117, curr_delay = 0.0927323072972584
user 7, emp_avg: 0.44210062237320674, h: 1.8050198165176699, ucb: 2.255520555532994, num_of_obs(calculated after picking at this round): 7, privacy reward: 0.7557837414557252, g: -0.004842411981440177, curr_delay = 0.12764873599734453
user 12, emp_avg: 0.2591296162117381, h: 2.552683504871484, ucb: 2.811013225333488, num_of_obs(calculated after picking at this round): 4, privacy reward: 0.8521437889662112, g: -0.003385806745469105, curr_delay = 0.19118316509211883
user 13, emp_avg: 0.26371231030055337, h: 1.6711236266198215, ucb: 1.9312605606595508, num_of_obs(calculated after picking at this round): 8, privacy reward: 0.7261490370736907, g: -0.00428588966866235, curr_delay = 0.17316620376613118
user 17, emp_avg: 0.06799890868794094, h: 1.8050198165176699, ucb: 1.8740896397865585, num_of_obs(calculated after picking at this round): 7, privacy reward: 0.7557837414557252, g: 0.0026667526494284204, curr_delay = 0.8120386852593589
num of fast users chosen: 4, num of slow users chosen: 1
max_delay = 0.81 seconds
global epoch 26 has been done artifficialy in 0.81 secs, the total time by now is 20.01 
 with avg train loss 0.418, val loss 2.236, avg val acc 26.98%
iteration: 27
user 4, emp_avg: 0.5718883293457635, h: 2.2234557110512667, ucb: 2.8347876266501295, num_of_obs(calculated after picking at this round): 5, privacy reward: 0.8187307530779817, g: -8.081013430830425e-06, curr_delay = 0.12073970426400606
user 14, emp_avg: 0.31733094194000383, h: 1.5722206109523074, ucb: 1.901512957504866, num_of_obs(calculated after picking at this round): 9, privacy reward: 0.6976763260710308, g: 0.006485167195085689, curr_delay = 0.2255913487661168
user 15, emp_avg: 0.06264760458841444, h: 4.446911422102533, ucb: 4.513077708901567, num_of_obs(calculated after picking at this round): 2, privacy reward: 0.9231163463866358, g: 0.0011586235423994842, curr_delay = 0.8456098638248887
user 20, emp_avg: 0.06335788118037862, h: 1.988719245948305, ucb: 2.0520233457672785, num_of_obs(calculated after picking at this round): 6, privacy reward: 0.7866278610665532, g: 0.002607897193600801, curr_delay = 0.7858325334590008
user 21, emp_avg: 0.0650091951016757, h: 1.815443985917585, ucb: 1.8806932284094722, num_of_obs(calculated after picking at this round): 7, privacy reward: 0.7557837414557252, g: -3.0299478562596117e-06, curr_delay = 0.7865480059655444
num of fast users chosen: 2, num of slow users chosen: 3
max_delay = 0.85 seconds
global epoch 27 has been done artifficialy in 0.85 secs, the total time by now is 20.86 
 with avg train loss 0.366, val loss 2.566, avg val acc 11.36%
iteration: 28
user 10, emp_avg: 0.414482164587019, h: 1.4904595510949419, ucb: 1.9170079601102707, num_of_obs(calculated after picking at this round): 10, privacy reward: 0.670320046035639, g: -0.0013705576472605864, curr_delay = 0.16345960836669807
user 11, emp_avg: 0.20577607235751216, h: 4.471378653284826, ucb: 4.679166043005739, num_of_obs(calculated after picking at this round): 2, privacy reward: 0.9231163463866358, g: 0.010623916004184105, curr_delay = 0.24538100321346057
user 14, emp_avg: 0.30849629252861366, h: 1.4904595510949419, ucb: 1.8077904930349458, num_of_obs(calculated after picking at this round): 10, privacy reward: 0.670320046035639, g: 0.0030689672842185017, curr_delay = 0.21835544061914428
user 21, emp_avg: 0.06562202353716504, h: 1.6900222763135073, ucb: 1.7550314714151831, num_of_obs(calculated after picking at this round): 8, privacy reward: 0.7261490370736907, g: -0.0008713390272717766, curr_delay = 0.7151866186693518
user 25, emp_avg: 0.06905450909150339, h: 4.471378653284826, ucb: 4.532032558106032, num_of_obs(calculated after picking at this round): 2, privacy reward: 0.9231163463866358, g: 0.005086496036803007, curr_delay = 0.645535172951655
num of fast users chosen: 3, num of slow users chosen: 2
max_delay = 0.72 seconds
global epoch 28 has been done artifficialy in 0.72 secs, the total time by now is 21.57 
 with avg train loss 0.345, val loss 2.529, avg val acc 11.93%
iteration: 29
user 2, emp_avg: 0.7333182010287497, h: 1.3552515693981906, ucb: 2.1195628618715743, num_of_obs(calculated after picking at this round): 12, privacy reward: 0.6187833918061405, g: -0.0027594877196685363, curr_delay = 0.12742288397626433
user 16, emp_avg: 0.06723340961142052, h: 2.0101629277209767, ucb: 2.0773651942846336, num_of_obs(calculated after picking at this round): 6, privacy reward: 0.7866278610665532, g: 0.013575702318531627, curr_delay = 0.7419594795320015
user 21, emp_avg: 0.06522784003008, h: 1.5891733299076773, ucb: 1.6547953534448423, num_of_obs(calculated after picking at this round): 9, privacy reward: 0.6976763260710308, g: -0.003067002137674887, curr_delay = 0.8054853945429554
user 23, emp_avg: 0.058678834853370165, h: 3.1783466598153547, ucb: 3.237357656634547, num_of_obs(calculated after picking at this round): 3, privacy reward: 0.8869204367171574, g: -3.582991578347369e-05, curr_delay = 0.8618533398904444
user 29, emp_avg: 0.0566806733212212, h: 2.5951091807422957, ucb: 2.651797678127001, num_of_obs(calculated after picking at this round): 4, privacy reward: 0.8521437889662112, g: 0.00031612042989879547, curr_delay = 0.8825003530371472
num of fast users chosen: 1, num of slow users chosen: 4
max_delay = 0.88 seconds
global epoch 29 has been done artifficialy in 0.88 secs, the total time by now is 22.45 
 with avg train loss 0.357, val loss 2.690, avg val acc 11.35%
iteration: 30
user 2, emp_avg: 0.7044271602956326, h: 1.3040700482838634, ucb: 2.037388249312613, num_of_obs(calculated after picking at this round): 13, privacy reward: 0.5945205479701939, g: -0.005361238918074393, curr_delay = 0.13976839256478812
user 7, emp_avg: 0.4310537594648264, h: 1.7074284879387203, ucb: 2.149529110311927, num_of_obs(calculated after picking at this round): 8, privacy reward: 0.7261490370736907, g: -0.005205845276539639, curr_delay = 0.14135245841423683
user 17, emp_avg: 0.06934149025511205, h: 1.7074284879387203, ucb: 1.7754273966266612, num_of_obs(calculated after picking at this round): 8, privacy reward: 0.7261490370736907, g: 0.0024085036279659546, curr_delay = 0.6350048085349012
user 20, emp_avg: 0.0645986701406029, h: 1.8442335485675765, ucb: 1.907591429747955, num_of_obs(calculated after picking at this round): 7, privacy reward: 0.7557837414557252, g: 0.0013142626048731991, curr_delay = 0.6940260633444013
user 28, emp_avg: 0.054434266283032565, h: 4.517431160512901, ucb: 4.568860645333202, num_of_obs(calculated after picking at this round): 2, privacy reward: 0.9231163463866358, g: 0.001028140299724754, curr_delay = 0.8704879687648981
num of fast users chosen: 2, num of slow users chosen: 3
max_delay = 0.87 seconds
global epoch 30 has been done artifficialy in 0.87 secs, the total time by now is 23.33 
 with avg train loss 0.374, val loss 2.488, avg val acc 11.35%
iteration: 31
user 8, emp_avg: 0.4227766237969556, h: 1.6048334503504904, ucb: 2.029394408954401, num_of_obs(calculated after picking at this round): 9, privacy reward: 0.6976763260710308, g: -0.005148626239185038, curr_delay = 0.12239843792720145
user 11, emp_avg: 0.2380679585251253, h: 3.209666900700981, ucb: 3.415442973058493, num_of_obs(calculated after picking at this round): 3, privacy reward: 0.8869204367171574, g: 0.00551611296874169, curr_delay = 0.1652063903876063
user 14, emp_avg: 0.30627930934801584, h: 1.435406675019692, ucb: 1.7439029675483058, num_of_obs(calculated after picking at this round): 11, privacy reward: 0.6440364210831411, g: 0.0029426487962133695, curr_delay = 0.17598849722498935
user 16, emp_avg: 0.06764262308586758, h: 1.853102049128743, ucb: 1.9203354587401635, num_of_obs(calculated after picking at this round): 7, privacy reward: 0.7557837414557252, g: 0.009097386726317288, curr_delay = 0.7132880898708659
user 18, emp_avg: 0.06326175678677662, h: 2.620682050339242, ucb: 2.682867366140837, num_of_obs(calculated after picking at this round): 4, privacy reward: 0.8521437889662112, g: 1.4825629618014677e-06, curr_delay = 0.7519805693300488
num of fast users chosen: 3, num of slow users chosen: 2
max_delay = 0.75 seconds
global epoch 31 has been done artifficialy in 0.75 secs, the total time by now is 24.08 
 with avg train loss 0.384, val loss 2.511, avg val acc 18.48%
iteration: 32
user 5, emp_avg: 0.39695475797142477, h: 4.560089408860133, ucb: 4.991915197990799, num_of_obs(calculated after picking at this round): 2, privacy reward: 0.9231163463866358, g: 0.023139468549020745, curr_delay = 0.13808960827984304
user 8, emp_avg: 0.4177425137588945, h: 1.5200298029533776, ucb: 1.9428064267503333, num_of_obs(calculated after picking at this round): 10, privacy reward: 0.670320046035639, g: -0.009013492000177212, curr_delay = 0.13425142570008056
user 14, emp_avg: 0.29836105170536237, h: 1.374918689060238, ucb: 1.681197998408254, num_of_obs(calculated after picking at this round): 12, privacy reward: 0.6187833918061405, g: 0.0010940768210544781, curr_delay = 0.23667494315521584
user 17, emp_avg: 0.06817518453193877, h: 1.6122350719109775, ucb: 1.6815765621660894, num_of_obs(calculated after picking at this round): 9, privacy reward: 0.6976763260710308, g: 0.0010503978089727419, curr_delay = 0.8496936355746736
user 24, emp_avg: 0.06206154168966377, h: 3.224470143821955, ucb: 3.28553214077755, num_of_obs(calculated after picking at this round): 3, privacy reward: 0.8869204367171574, g: 0.001643377027798557, curr_delay = 0.7805105740659075
num of fast users chosen: 3, num of slow users chosen: 2
max_delay = 0.85 seconds
global epoch 32 has been done artifficialy in 0.85 secs, the total time by now is 24.93 
 with avg train loss 0.384, val loss 2.509, avg val acc 11.35%
iteration: 33
user 9, emp_avg: 0.4966607381433685, h: 2.0483674166906134, ucb: 2.594532123960388, num_of_obs(calculated after picking at this round): 6, privacy reward: 0.7866278610665532, g: 0.0006524444243454461, curr_delay = 0.20068965594527796
user 14, emp_avg: 0.2926634984701686, h: 1.3222154819594423, ucb: 1.6205765336648046, num_of_obs(calculated after picking at this round): 13, privacy reward: 0.5945205479701939, g: 0.00017398845800421325, curr_delay = 0.2229228343626442
user 17, emp_avg: 0.06821555450554478, h: 1.5267629288719495, ucb: 1.5949381134038882, num_of_obs(calculated after picking at this round): 10, privacy reward: 0.670320046035639, g: 9.375213293516481e-05, curr_delay = 0.7290873937902712
user 21, emp_avg: 0.06552819631310494, h: 1.5267629288719495, ucb: 1.5919907689020296, num_of_obs(calculated after picking at this round): 10, privacy reward: 0.670320046035639, g: -0.002729615785544709, curr_delay = 0.7328004101330099
user 24, emp_avg: 0.06015123101614869, h: 2.6444309639188845, ucb: 2.7064925056085483, num_of_obs(calculated after picking at this round): 4, privacy reward: 0.8521437889662112, g: 0.00014712467297843106, curr_delay = 0.9187748123919608
num of fast users chosen: 2, num of slow users chosen: 3
max_delay = 0.92 seconds
global epoch 33 has been done artifficialy in 0.92 secs, the total time by now is 25.85 
 with avg train loss 0.334, val loss 2.373, avg val acc 11.53%
iteration: 34
user 2, emp_avg: 0.7255395059888017, h: 1.2757550749894375, ucb: 1.9801822352850702, num_of_obs(calculated after picking at this round): 14, privacy reward: 0.5712090638488144, g: -0.0030884053132773184, curr_delay = 0.05
user 10, emp_avg: 0.44977633605749, h: 1.4545845849484644, ucb: 1.8690667495354834, num_of_obs(calculated after picking at this round): 11, privacy reward: 0.6440364210831411, g: -9.428640970261795e-05, curr_delay = 0.06228837130611897
user 11, emp_avg: 0.2699601405593613, h: 2.6556959632518784, ucb: 2.893763921777004, num_of_obs(calculated after picking at this round): 4, privacy reward: 0.8521437889662112, g: 0.0025554414083242497, curr_delay = 0.13674776581216339
user 21, emp_avg: 0.06509750731498912, h: 1.4545845849484644, ucb: 1.5201127812615693, num_of_obs(calculated after picking at this round): 11, privacy reward: 0.6440364210831411, g: -0.0054222751314876565, curr_delay = 0.8224953486724043
user 25, emp_avg: 0.06594862879638928, h: 3.252550010968084, ucb: 3.3216045200595876, num_of_obs(calculated after picking at this round): 3, privacy reward: 0.8869204367171574, g: 0.0023242456827906517, curr_delay = 0.8370040395730551
num of fast users chosen: 3, num of slow users chosen: 2
max_delay = 0.84 seconds
global epoch 34 has been done artifficialy in 0.84 secs, the total time by now is 26.68 
 with avg train loss 0.317, val loss 2.669, avg val acc 11.35%
iteration: 35
user 0, emp_avg: 0.6273862409453637, h: 1.745692182362731, ucb: 2.376559690332266, num_of_obs(calculated after picking at this round): 8, privacy reward: 0.7261490370736907, g: 0.013298495792370125, curr_delay = 0.08291635090499448
user 5, emp_avg: 0.39919978502818393, h: 3.2658910245855175, ucb: 3.6628457825569423, num_of_obs(calculated after picking at this round): 3, privacy reward: 0.8869204367171574, g: 0.015932440358381126, curr_delay = 0.12385746469692317
user 6, emp_avg: 0.6485493732120543, h: 3.2658910245855175, ucb: 4.054287727906392, num_of_obs(calculated after picking at this round): 3, privacy reward: 0.8869204367171574, g: 0.02432938338985593, curr_delay = 0.1355547272097809
user 12, emp_avg: 0.25891190737951997, h: 2.309333690100701, ucb: 2.5684633063124394, num_of_obs(calculated after picking at this round): 5, privacy reward: 0.8187307530779817, g: -0.003259129305986711, curr_delay = 0.19376760297363105
user 16, emp_avg: 0.06792140804225615, h: 1.745692182362731, ucb: 1.8133348054485985, num_of_obs(calculated after picking at this round): 8, privacy reward: 0.7261490370736907, g: 0.007908297494953545, curr_delay = 0.7155849841850133
num of fast users chosen: 4, num of slow users chosen: 1
max_delay = 0.72 seconds
global epoch 35 has been done artifficialy in 0.72 secs, the total time by now is 27.40 
 with avg train loss 0.384, val loss 2.283, avg val acc 16.07%
iteration: 36
user 1, emp_avg: 0.7216404655337967, h: 1.6394020872995383, ucb: 2.3262476110250594, num_of_obs(calculated after picking at this round): 9, privacy reward: 0.6976763260710308, g: -0.001534368678812482, curr_delay = 0.05
user 2, emp_avg: 0.71681744704892, h: 1.239271491952794, ucb: 1.9648109979415957, num_of_obs(calculated after picking at this round): 15, privacy reward: 0.5488116360940261, g: -0.0038575738960271444, curr_delay = 0.08407478580191112
user 17, emp_avg: 0.06793453372991944, h: 1.4663258038627247, ucb: 1.5345413583682694, num_of_obs(calculated after picking at this round): 11, privacy reward: 0.6440364210831411, g: 2.14560118852874e-05, curr_delay = 0.7677622647521639
user 21, emp_avg: 0.06477666486039844, h: 1.3980867976285782, ucb: 1.4631843049435673, num_of_obs(calculated after picking at this round): 12, privacy reward: 0.6187833918061405, g: -0.007237586815732444, curr_delay = 0.816361212836689
user 22, emp_avg: 0.06336795366606751, h: 4.636929332083535, ucb: 4.700714244244352, num_of_obs(calculated after picking at this round): 2, privacy reward: 0.9231163463866358, g: 0.0025132185156723115, curr_delay = 0.7942686190095566
num of fast users chosen: 2, num of slow users chosen: 3
max_delay = 0.82 seconds
global epoch 36 has been done artifficialy in 0.82 secs, the total time by now is 28.21 
 with avg train loss 0.320, val loss 2.193, avg val acc 12.21%
iteration: 37
user 0, emp_avg: 0.6687877697292122, h: 1.6456574474911747, ucb: 2.2730436884365384, num_of_obs(calculated after picking at this round): 9, privacy reward: 0.6976763260710308, g: 0.009821382405763605, curr_delay = 0.05
user 7, emp_avg: 0.41689217888631813, h: 1.6456574474911747, ucb: 2.076711206956001, num_of_obs(calculated after picking at this round): 9, privacy reward: 0.6976763260710308, g: -0.0030287881232245553, curr_delay = 0.16469063472761564
user 10, emp_avg: 0.4317142932524751, h: 1.4034213867242553, ucb: 1.8531977227817453, num_of_obs(calculated after picking at this round): 12, privacy reward: 0.6187833918061405, g: -0.0001661461493066364, curr_delay = 0.21456297035154104
user 13, emp_avg: 0.2588256057530375, h: 1.6456574474911747, ucb: 1.9093697577917281, num_of_obs(calculated after picking at this round): 9, privacy reward: 0.6976763260710308, g: -0.0001550561280809119, curr_delay = 0.2275499561702114
user 15, emp_avg: 0.06287192720603386, h: 3.2913148949823494, ucb: 3.353962499570764, num_of_obs(calculated after picking at this round): 3, privacy reward: 0.8869204367171574, g: 0.0002897329132828521, curr_delay = 0.7896327855591163
num of fast users chosen: 4, num of slow users chosen: 1
max_delay = 0.79 seconds
global epoch 37 has been done artifficialy in 0.79 secs, the total time by now is 29.00 
 with avg train loss 0.394, val loss 2.107, avg val acc 12.60%
iteration: 38
user 1, emp_avg: 0.7494764189804171, h: 1.5572595929444746, ucb: 2.2789000584782713, num_of_obs(calculated after picking at this round): 10, privacy reward: 0.670320046035639, g: -0.0028934610727740597, curr_delay = 0.05
user 2, emp_avg: 0.6992518061260179, h: 1.2062480938391382, ucb: 1.9230655408880581, num_of_obs(calculated after picking at this round): 16, privacy reward: 0.5272924240430481, g: -0.0046181978380710935, curr_delay = 0.11474016604624868
user 10, emp_avg: 0.42372479294355525, h: 1.348626367776929, ucb: 1.7803406610294041, num_of_obs(calculated after picking at this round): 13, privacy reward: 0.5945205479701939, g: -0.0009848265070606314, curr_delay = 0.1525084021192616
user 20, emp_avg: 0.06542157354627912, h: 1.765766404157466, ucb: 1.830365074298069, num_of_obs(calculated after picking at this round): 8, privacy reward: 0.7261490370736907, g: 0.002708394082902286, curr_delay = 0.7024257829045331
user 29, emp_avg: 0.0562533143000552, h: 2.3358893894167116, ucb: 2.3925700627379327, num_of_obs(calculated after picking at this round): 5, privacy reward: 0.8187307530779817, g: 0.0002548778351576944, curr_delay = 0.9166931585347188
num of fast users chosen: 3, num of slow users chosen: 2
max_delay = 0.92 seconds
global epoch 38 has been done artifficialy in 0.92 secs, the total time by now is 29.92 
 with avg train loss 0.379, val loss 3.323, avg val acc 11.35%
iteration: 39
user 10, emp_avg: 0.4148187456015703, h: 1.300336343376586, ucb: 1.7240611363201412, num_of_obs(calculated after picking at this round): 14, privacy reward: 0.5712090638488144, g: -0.0023937344152516267, curr_delay = 0.16720163937179858
user 11, emp_avg: 0.30796129469149464, h: 2.344214680696815, ucb: 2.614174821256176, num_of_obs(calculated after picking at this round): 5, privacy reward: 0.8187307530779817, g: 0.0013120742517241444, curr_delay = 0.10870370777560111
user 13, emp_avg: 0.26780811851895314, h: 1.5628097871312099, ucb: 1.8216353928842475, num_of_obs(calculated after picking at this round): 10, privacy reward: 0.670320046035639, g: -0.0007292791043764643, curr_delay = 0.143409995185317
user 14, emp_avg: 0.28580435585469394, h: 1.300336343376586, ucb: 1.5929998418467546, num_of_obs(calculated after picking at this round): 14, privacy reward: 0.5712090638488144, g: 0.001891684434023089, curr_delay = 0.2542775822712101
user 19, emp_avg: 0.07418125165382146, h: 0, ucb: inf, num_of_obs(calculated after picking at this round): 1, privacy reward: 0.9607894391523232, g: 0.00307021555073479, curr_delay = 0.6740247553833806
num of fast users chosen: 4, num of slow users chosen: 1
max_delay = 0.67 seconds
global epoch 39 has been done artifficialy in 0.67 secs, the total time by now is 30.59 
 with avg train loss 0.382, val loss 1.872, avg val acc 26.09%
iteration: 40
user 0, emp_avg: 0.6453992551652343, h: 1.5682005513993709, ucb: 2.236988321128583, num_of_obs(calculated after picking at this round): 10, privacy reward: 0.670320046035639, g: 0.008157540582613003, curr_delay = 0.11496826468841446
user 6, emp_avg: 0.6086646221429661, h: 2.716203031481239, ucb: 3.3647524046932933, num_of_obs(calculated after picking at this round): 4, privacy reward: 0.8521437889662112, g: 0.019077589816785864, curr_delay = 0.10224732066279427
user 9, emp_avg: 0.5131645175520622, h: 1.9206455826398414, ucb: 2.4173063207832097, num_of_obs(calculated after picking at this round): 7, privacy reward: 0.7557837414557252, g: 0.0007321431135728156, curr_delay = 0.08167436445861843
user 12, emp_avg: 0.26218137436101846, h: 2.103961821168988, ucb: 2.3628737285485077, num_of_obs(calculated after picking at this round): 6, privacy reward: 0.7866278610665532, g: -0.004597256318962019, curr_delay = 0.17951470830893182
user 17, emp_avg: 0.06768523893570576, h: 1.418490770460044, ucb: 1.4864253041899635, num_of_obs(calculated after picking at this round): 12, privacy reward: 0.6187833918061405, g: 5.4905747149588174e-05, curr_delay = 0.7699059625539161
num of fast users chosen: 4, num of slow users chosen: 1
max_delay = 0.77 seconds
global epoch 40 has been done artifficialy in 0.77 secs, the total time by now is 31.36 
 with avg train loss 0.392, val loss 2.192, avg val acc 26.23%
