Namespace(full_exp=True, data='cifar10', i_i_d=False, wandb=True, method_choosing_users='sa_pause', model='cnn3', num_users=30, num_users_per_round=5, global_epochs=400, max_seconds=600, epsilon_bar=100, epsilon_sum_deascent_coeff=0.04, delta_f=0.012, accel_ucb_coeff=1, alpha=20, beta=2, gamma=40, alternative_privacy_reward=False, choosing_users_verbose=False, sa_pause_verbose=False, snr_verbose=False, dirichlet_coeff=3, label_dominance=0.25, bar_plot_interval=30, max_iterations_sa_pause=500, sa_pause_simulation=False, max_time_sa_pause=600, pre_sa_pause_rounds=1, beta_max_reduction=70, data_truncation=None, tau_min=0.05, production=False, privacy_noise='laplace', privacy=True, save_best_model=False, seed=2.0, norm_mean=0.5, norm_std=0.5, train_batch_size=20, test_batch_size=1000, local_epochs=1, local_iterations=100, lr=0.01, momentum=0.5, lr_scheduler=False, optimizer='adam', device=device(type='cuda'))
=================================================================
Layer (type:depth-idx)                   Param #
=================================================================
CNN3LayerCifar                           --
├─Conv2d: 1-1                            896
├─BatchNorm2d: 1-2                       64
├─Conv2d: 1-3                            18,496
├─BatchNorm2d: 1-4                       128
├─Conv2d: 1-5                            73,856
├─BatchNorm2d: 1-6                       256
├─MaxPool2d: 1-7                         --
├─Linear: 1-8                            65,664
├─BatchNorm1d: 1-9                       256
├─Linear: 1-10                           8,256
├─BatchNorm1d: 1-11                      128
├─Linear: 1-12                           2,080
├─BatchNorm1d: 1-13                      64
├─Linear: 1-14                           330
├─Dropout: 1-15                          --
├─Dropout: 1-16                          --
├─Dropout: 1-17                          --
=================================================================
Total params: 170,474
Trainable params: 170,474
Non-trainable params: 0
=================================================================
global epoch 1 has been done artifficialy in 0.88 secs, the total time by now is 0.88 
 with avg train loss 1.959, val loss 2.342, avg val acc 10.00%
global epoch 2 has been done artifficialy in 0.83 secs, the total time by now is 1.71 
 with avg train loss 1.988, val loss 2.344, avg val acc 10.00%
global epoch 3 has been done artifficialy in 0.86 secs, the total time by now is 2.57 
 with avg train loss 1.973, val loss 2.341, avg val acc 10.00%
global epoch 4 has been done artifficialy in 0.89 secs, the total time by now is 3.46 
 with avg train loss 1.967, val loss 2.346, avg val acc 10.00%
global epoch 5 has been done artifficialy in 0.80 secs, the total time by now is 4.26 
 with avg train loss 1.976, val loss 2.348, avg val acc 10.00%
global epoch 6 has been done artifficialy in 0.85 secs, the total time by now is 5.10 
 with avg train loss 1.915, val loss 2.339, avg val acc 10.00%
global epoch 7 has been done artifficialy in 0.87 secs, the total time by now is 5.98 
 with avg train loss 1.858, val loss 2.328, avg val acc 10.00%
global epoch 8 has been done artifficialy in 0.24 secs, the total time by now is 6.22 
 with avg train loss 1.900, val loss 2.331, avg val acc 10.14%
global epoch 9 has been done artifficialy in 0.88 secs, the total time by now is 7.09 
 with avg train loss 1.834, val loss 2.332, avg val acc 10.00%
global epoch 10 has been done artifficialy in 0.18 secs, the total time by now is 7.27 
 with avg train loss 1.900, val loss 2.331, avg val acc 10.00%
global epoch 11 has been done artifficialy in 0.85 secs, the total time by now is 8.12 
 with avg train loss 1.877, val loss 2.326, avg val acc 10.00%
global epoch 12 has been done artifficialy in 0.87 secs, the total time by now is 8.99 
 with avg train loss 1.815, val loss 2.275, avg val acc 10.00%
global epoch 13 has been done artifficialy in 0.91 secs, the total time by now is 9.90 
 with avg train loss 1.831, val loss 2.344, avg val acc 10.00%
global epoch 14 has been done artifficialy in 0.87 secs, the total time by now is 10.78 
 with avg train loss 1.793, val loss 2.286, avg val acc 10.00%
