Namespace(data='mnist', full_exp=True, wandb=True, method_choosing_users='pause brute', model='cnn2', num_users=30, num_users_per_round=5, global_epochs=5, max_seconds=600, epsilon_bar=100, epsilon_sum_deascent_coeff=0.04, delta_f=0.003, accel_ucb_coeff=1, alpha=100, beta=2, gamma=2, choosing_users_verbose=True, sa_pause_verbose=False, snr_verbose=False, max_iterations_sa_pause=3000, sa_pause_simulation=False, max_time_sa_pause=600, pre_sa_pause_rounds=1, beta_max_reduction=70, data_truncation=None, tau_min=0.05, production=False, privacy_noise='laplace', privacy_choosing_users=True, privacy=True, save_best_model=False, seed=0, norm_mean=0.5, norm_std=0.5, train_batch_size=20, test_batch_size=1000, local_epochs=1, local_iterations=100, lr=0.01, momentum=0.5, lr_scheduler=False, optimizer='adam', device=device(type='cuda'))
=================================================================
Layer (type:depth-idx)                   Param #
=================================================================
CNN2Layer                                --
├─Conv2d: 1-1                            156
├─Conv2d: 1-2                            906
├─Linear: 1-3                            4,850
├─Linear: 1-4                            510
├─Dropout: 1-5                           --
├─Dropout: 1-6                           --
├─BatchNorm2d: 1-7                       12
├─BatchNorm1d: 1-8                       100
=================================================================
Total params: 6,534
Trainable params: 6,534
Non-trainable params: 0
=================================================================
iteration: 1
user 4, emp_avg: 1.0, h: 0, ucb: inf, num_of_obs(calculated after picking at this round): 1, privacy reward: 0.9607894391523232, g: 0.027777777777777776, curr_delay = 0.05
user 7, emp_avg: 0.20654926561891576, h: 0, ucb: inf, num_of_obs(calculated after picking at this round): 1, privacy reward: 0.9607894391523232, g: 0.027777777777777776, curr_delay = 0.24207299817879868
user 10, emp_avg: 0.3927951024618571, h: 0, ucb: inf, num_of_obs(calculated after picking at this round): 1, privacy reward: 0.9607894391523232, g: 0.027777777777777776, curr_delay = 0.1272928294844392
user 13, emp_avg: 0.415279371854455, h: 0, ucb: inf, num_of_obs(calculated after picking at this round): 1, privacy reward: 0.9607894391523232, g: 0.027777777777777776, curr_delay = 0.12040087562433452
user 18, emp_avg: 0.06930718420664206, h: 0, ucb: inf, num_of_obs(calculated after picking at this round): 1, privacy reward: 0.9607894391523232, g: 0.027777777777777776, curr_delay = 0.7214259325688815
num of fast users chosen: 4, num of slow users chosen: 1
max_delay = 0.72 seconds
global epoch 1 has been done artifficialy in 0.72 secs, the total time by now is 0.72 
 with avg train loss 0.679, val loss 2.415, avg val acc 11.61%
iteration: 2
user 0, emp_avg: 0.550908292448375, h: 0, ucb: inf, num_of_obs(calculated after picking at this round): 1, privacy reward: 0.9607894391523232, g: 0.027777777777777776, curr_delay = 0.09075920744955104
user 3, emp_avg: 0.6756568805138383, h: 0, ucb: inf, num_of_obs(calculated after picking at this round): 1, privacy reward: 0.9607894391523232, g: 0.027777777777777776, curr_delay = 0.0740020585033855
user 15, emp_avg: 0.08007048657419356, h: 0, ucb: inf, num_of_obs(calculated after picking at this round): 1, privacy reward: 0.9607894391523232, g: 0.027777777777777776, curr_delay = 0.624449808403123
user 16, emp_avg: 0.06905761205493985, h: 0, ucb: inf, num_of_obs(calculated after picking at this round): 1, privacy reward: 0.9607894391523232, g: 0.027777777777777776, curr_delay = 0.7240331443870623
user 22, emp_avg: 0.05983404204008661, h: 0, ucb: inf, num_of_obs(calculated after picking at this round): 1, privacy reward: 0.9607894391523232, g: 0.027777777777777776, curr_delay = 0.835644698155305
num of fast users chosen: 2, num of slow users chosen: 3
max_delay = 0.84 seconds
global epoch 2 has been done artifficialy in 0.84 secs, the total time by now is 1.56 
 with avg train loss 0.687, val loss 2.481, avg val acc 11.35%
iteration: 3
user 6, emp_avg: 0.3678945987421402, h: 0, ucb: inf, num_of_obs(calculated after picking at this round): 1, privacy reward: 0.9607894391523232, g: 0.027777777777777776, curr_delay = 0.13590849164666682
user 20, emp_avg: 0.0668709056925191, h: 0, ucb: inf, num_of_obs(calculated after picking at this round): 1, privacy reward: 0.9607894391523232, g: 0.027777777777777776, curr_delay = 0.7477093286265082
user 21, emp_avg: 0.06695644617750292, h: 0, ucb: inf, num_of_obs(calculated after picking at this round): 1, privacy reward: 0.9607894391523232, g: 0.027777777777777776, curr_delay = 0.746754089478539
user 23, emp_avg: 0.07000774617441435, h: 0, ucb: inf, num_of_obs(calculated after picking at this round): 1, privacy reward: 0.9607894391523232, g: 0.027777777777777776, curr_delay = 0.7142066804355065
user 29, emp_avg: 0.05693236314900306, h: 0, ucb: inf, num_of_obs(calculated after picking at this round): 1, privacy reward: 0.9607894391523232, g: 0.027777777777777776, curr_delay = 0.8782351062635549
num of fast users chosen: 1, num of slow users chosen: 4
max_delay = 0.88 seconds
global epoch 3 has been done artifficialy in 0.88 secs, the total time by now is 2.44 
 with avg train loss 0.629, val loss 2.457, avg val acc 8.92%
iteration: 4
user 5, emp_avg: 0.510699569752176, h: 0, ucb: inf, num_of_obs(calculated after picking at this round): 1, privacy reward: 0.9607894391523232, g: 0.027777777777777776, curr_delay = 0.09790491898057245
user 19, emp_avg: 0.067217509014808, h: 0, ucb: inf, num_of_obs(calculated after picking at this round): 1, privacy reward: 0.9607894391523232, g: 0.027777777777777776, curr_delay = 0.7438538073314354
user 24, emp_avg: 0.05743302395411481, h: 0, ucb: inf, num_of_obs(calculated after picking at this round): 1, privacy reward: 0.9607894391523232, g: 0.027777777777777776, curr_delay = 0.8705792688183491
user 25, emp_avg: 0.06429348713541974, h: 0, ucb: inf, num_of_obs(calculated after picking at this round): 1, privacy reward: 0.9607894391523232, g: 0.027777777777777776, curr_delay = 0.7776837472617759
user 28, emp_avg: 0.06046632839807506, h: 0, ucb: inf, num_of_obs(calculated after picking at this round): 1, privacy reward: 0.9607894391523232, g: 0.027777777777777776, curr_delay = 0.826906500272832
num of fast users chosen: 1, num of slow users chosen: 4
max_delay = 0.87 seconds
global epoch 4 has been done artifficialy in 0.87 secs, the total time by now is 3.31 
 with avg train loss 0.596, val loss 2.546, avg val acc 11.35%
iteration: 5
user 1, emp_avg: 0.5948059579512771, h: 0, ucb: inf, num_of_obs(calculated after picking at this round): 1, privacy reward: 0.9607894391523232, g: 0.027777777777777776, curr_delay = 0.0840610275193237
user 8, emp_avg: 0.3620396810842642, h: 0, ucb: inf, num_of_obs(calculated after picking at this round): 1, privacy reward: 0.9607894391523232, g: 0.027777777777777776, curr_delay = 0.13810640825407913
user 11, emp_avg: 0.3363442455776596, h: 0, ucb: inf, num_of_obs(calculated after picking at this round): 1, privacy reward: 0.9607894391523232, g: 0.027777777777777776, curr_delay = 0.14865721848199526
user 12, emp_avg: 0.21938539701297025, h: 0, ucb: inf, num_of_obs(calculated after picking at this round): 1, privacy reward: 0.9607894391523232, g: 0.027777777777777776, curr_delay = 0.22790942642843254
user 27, emp_avg: 0.06059447733247574, h: 0, ucb: inf, num_of_obs(calculated after picking at this round): 1, privacy reward: 0.9607894391523232, g: 0.027777777777777776, curr_delay = 0.8251577074533556
num of fast users chosen: 4, num of slow users chosen: 1
max_delay = 0.83 seconds
global epoch 5 has been done artifficialy in 0.83 secs, the total time by now is 4.13 
 with avg train loss 0.576, val loss 2.526, avg val acc 11.49%
