Namespace(full_exp=True, data='cifar10', i_i_d=False, wandb=True, method_choosing_users='pause brute', model='cnn3', num_users=30, num_users_per_round=5, global_epochs=10, max_seconds=600, epsilon_bar=100, epsilon_sum_deascent_coeff=0.04, delta_f=0.012, accel_ucb_coeff=1, alpha=20, beta=2, gamma=40, alternative_privacy_reward=False, choosing_users_verbose=True, sa_pause_verbose=False, snr_verbose=True, dirichlet_coeff=3, label_dominance=0.25, bar_plot_interval=30, max_iterations_sa_pause=500, sa_pause_simulation=False, max_time_sa_pause=600, pre_sa_pause_rounds=1, beta_max_reduction=70, data_truncation=None, tau_min=0.05, production=False, privacy_noise='laplace', privacy=True, save_best_model=False, seed=1, norm_mean=0.5, norm_std=0.5, train_batch_size=20, test_batch_size=1000, local_epochs=1, local_iterations=100, lr=0.01, momentum=0.5, lr_scheduler=False, optimizer='adam', device=device(type='cuda'), exp_path=PosixPath('/sise/home/oripele/PAUSE/checkpoints/sa_pause/cnn3/16-02-2025_16-54-02'))
=================================================================
Layer (type:depth-idx)                   Param #
=================================================================
CNN3LayerCifar                           --
├─Conv2d: 1-1                            896
├─BatchNorm2d: 1-2                       64
├─Conv2d: 1-3                            18,496
├─BatchNorm2d: 1-4                       128
├─Conv2d: 1-5                            73,856
├─BatchNorm2d: 1-6                       256
├─MaxPool2d: 1-7                         --
├─Linear: 1-8                            65,664
├─BatchNorm1d: 1-9                       256
├─Linear: 1-10                           8,256
├─BatchNorm1d: 1-11                      128
├─Linear: 1-12                           2,080
├─BatchNorm1d: 1-13                      64
├─Linear: 1-14                           330
├─Dropout: 1-15                          --
├─Dropout: 1-16                          --
├─Dropout: 1-17                          --
=================================================================
Total params: 170,474
Trainable params: 170,474
Non-trainable params: 0
=================================================================
iteration: 1
user 7, emp_avg: 0.3537429845832111, h: 0, ucb: inf,num_of_obs: 0, privacy reward: 0.9607894391523232, g: 0.0031915388022811736, curr_delay = 0.14134555928765985, data_size = 552
user 13, emp_avg: 0.26720891037614813, h: 0, ucb: inf,num_of_obs: 0, privacy reward: 0.9607894391523232, g: 0.0965440487690055, curr_delay = 0.18711950858830023, data_size = 3036
user 15, emp_avg: 0.07554562535231667, h: 0, ucb: inf,num_of_obs: 0, privacy reward: 0.9607894391523232, g: 0.010940162302962379, curr_delay = 0.6618516924946828, data_size = 1022
user 21, emp_avg: 0.06704196207425069, h: 0, ucb: inf,num_of_obs: 0, privacy reward: 0.9607894391523232, g: 0.036236635030626275, curr_delay = 0.7458015614850849, data_size = 1860
user 22, emp_avg: 0.061304672713551264, h: 0, ucb: inf,num_of_obs: 0, privacy reward: 0.9607894391523232, g: 0.021388800564971413, curr_delay = 0.8155985145476131, data_size = 1429
num of fast users chosen: 2, num of slow users chosen: 3
max_delay = 0.82 seconds
after cleansing the weights updates who were almost zeros (meaning with absolute value of less than 10**-7, 0.00% of the weights upadtes) we get:
user No.7 has been picked 1, his deltas theta's mean
 is -0.00014123684377409518,
the empirical var of deltas thetas is 0.003200650680810213
the minimum of the deltas theta is -0.17675752937793732 and the maximum is 0.18527619540691376
the added laplace noise var is 0.003060399989333737
global epoch 1 has been done artifficialy in 0.82 secs, the total time by now is 0.82 
 with avg train loss 2.028, val loss 2.332, avg val acc 10.00%
iteration: 2
user 0, emp_avg: 1.0, h: 0, ucb: inf,num_of_obs: 0, privacy reward: 0.9607894391523232, g: 0.1525241823449345, curr_delay = 0.05, data_size = 3816
user 2, emp_avg: 0.4010992626468518, h: 0, ucb: inf,num_of_obs: 0, privacy reward: 0.9607894391523232, g: 0.013660109517886949, curr_delay = 0.12465742188118294, data_size = 1142
user 6, emp_avg: 0.31153738718779367, h: 0, ucb: inf,num_of_obs: 0, privacy reward: 0.9607894391523232, g: 0.13125882054277843, curr_delay = 0.16049438063066304, data_size = 3540
user 24, emp_avg: 0.057645138462889246, h: 0, ucb: inf,num_of_obs: 0, privacy reward: 0.9607894391523232, g: 0.02914164517905225, curr_delay = 0.8673758331275234, data_size = 1668
user 26, emp_avg: 0.05651187561499943, h: 0, ucb: inf,num_of_obs: 0, privacy reward: 0.9607894391523232, g: 0.03167532921882662, curr_delay = 0.884769784330587, data_size = 1739
num of fast users chosen: 3, num of slow users chosen: 2
max_delay = 0.88 seconds
after cleansing the weights updates who were almost zeros (meaning with absolute value of less than 10**-7, 0.00% of the weights upadtes) we get:
user No.0 has been picked 1, his deltas theta's mean
 is -0.0009875143878161907,
the empirical var of deltas thetas is 0.004561066161841154
the minimum of the deltas theta is -0.29971927404403687 and the maximum is 0.332889586687088
the added laplace noise var is 0.003060399989333737
global epoch 2 has been done artifficialy in 0.88 secs, the total time by now is 1.70 
 with avg train loss 1.964, val loss 2.337, avg val acc 10.00%
iteration: 3
user 3, emp_avg: 0.3390603616194773, h: 0, ucb: inf,num_of_obs: 0, privacy reward: 0.9607894391523232, g: 0.006177950346948812, curr_delay = 0.1474663678207077, data_size = 768
user 4, emp_avg: 0.4265172595921011, h: 0, ucb: inf,num_of_obs: 0, privacy reward: 0.9607894391523232, g: 0.17027975643777665, curr_delay = 0.11722855025331777, data_size = 4032
user 5, emp_avg: 0.3129708242265203, h: 0, ucb: inf,num_of_obs: 0, privacy reward: 0.9607894391523232, g: 0.009895881891194131, curr_delay = 0.15975930064270555, data_size = 972
user 10, emp_avg: 0.33231848344733284, h: 0, ucb: inf,num_of_obs: 0, privacy reward: 0.9607894391523232, g: 0.022082854255292373, curr_delay = 0.1504580770871392, data_size = 1452
user 28, emp_avg: 0.05478048318237876, h: 0, ucb: inf,num_of_obs: 0, privacy reward: 0.9607894391523232, g: 0.022818899120846822, curr_delay = 0.9127338259054185, data_size = 1476
num of fast users chosen: 4, num of slow users chosen: 1
max_delay = 0.91 seconds
after cleansing the weights updates who were almost zeros (meaning with absolute value of less than 10**-7, 0.00% of the weights upadtes) we get:
user No.3 has been picked 1, his deltas theta's mean
 is 1.3688092622032855e-05,
the empirical var of deltas thetas is 0.003585986327379942
the minimum of the deltas theta is -0.19139689207077026 and the maximum is 0.20479044318199158
the added laplace noise var is 0.003060399989333737
global epoch 3 has been done artifficialy in 0.91 secs, the total time by now is 2.61 
 with avg train loss 1.942, val loss 2.325, avg val acc 10.00%
iteration: 4
user 1, emp_avg: 1.0, h: 0, ucb: inf,num_of_obs: 0, privacy reward: 0.9607894391523232, g: 0.012239772941387346, curr_delay = 0.05, data_size = 1081
user 18, emp_avg: 0.06943060881935752, h: 0, ucb: inf,num_of_obs: 0, privacy reward: 0.9607894391523232, g: 0.01091876345761391, curr_delay = 0.7201434763461243, data_size = 1021
user 20, emp_avg: 0.07035255428544059, h: 0, ucb: inf,num_of_obs: 0, privacy reward: 0.9607894391523232, g: 0.005782286429651464, curr_delay = 0.7107062495149159, data_size = 743
user 23, emp_avg: 0.058750360817373115, h: 0, ucb: inf,num_of_obs: 0, privacy reward: 0.9607894391523232, g: 0.008259388696262622, curr_delay = 0.8510586029492855, data_size = 888
user 27, emp_avg: 0.05825624982731708, h: 0, ucb: inf,num_of_obs: 0, privacy reward: 0.9607894391523232, g: 0.05536048879278157, curr_delay = 0.8582770114487249, data_size = 2299
num of fast users chosen: 1, num of slow users chosen: 4
max_delay = 0.86 seconds
after cleansing the weights updates who were almost zeros (meaning with absolute value of less than 10**-7, 0.00% of the weights upadtes) we get:
user No.1 has been picked 1, his deltas theta's mean
 is -0.0023616510443389416,
the empirical var of deltas thetas is 0.004201228264719248
the minimum of the deltas theta is -0.2673197388648987 and the maximum is 0.27586063742637634
the added laplace noise var is 0.003060399989333737
global epoch 4 has been done artifficialy in 0.86 secs, the total time by now is 3.47 
 with avg train loss 1.976, val loss 2.332, avg val acc 10.00%
iteration: 5
user 9, emp_avg: 0.35431191575929, h: 0, ucb: inf,num_of_obs: 0, privacy reward: 0.9607894391523232, g: 0.005829074800758473, curr_delay = 0.1411185957233475, data_size = 746
user 14, emp_avg: 0.24293568474600521, h: 0, ucb: inf,num_of_obs: 0, privacy reward: 0.9607894391523232, g: 0.07506175525563444, curr_delay = 0.20581579051375734, data_size = 2677
user 17, emp_avg: 0.07129972692599079, h: 0, ucb: inf,num_of_obs: 0, privacy reward: 0.9607894391523232, g: 0.05055709217699798, curr_delay = 0.7012649578854638, data_size = 2197
user 25, emp_avg: 0.057066700565266415, h: 0, ucb: inf,num_of_obs: 0, privacy reward: 0.9607894391523232, g: 0.011724472405602367, curr_delay = 0.8761677038400999, data_size = 1058
user 29, emp_avg: 0.05146702177342527, h: 0, ucb: inf,num_of_obs: 0, privacy reward: 0.9607894391523232, g: 0.005460046842208633, curr_delay = 0.9714958876018982, data_size = 722
num of fast users chosen: 2, num of slow users chosen: 3
max_delay = 0.97 seconds
after cleansing the weights updates who were almost zeros (meaning with absolute value of less than 10**-7, 0.00% of the weights upadtes) we get:
user No.9 has been picked 1, his deltas theta's mean
 is -0.0014441214734688401,
the empirical var of deltas thetas is 0.003675879444926977
the minimum of the deltas theta is -0.2606828212738037 and the maximum is 0.21164344251155853
the added laplace noise var is 0.003060399989333737
global epoch 5 has been done artifficialy in 0.97 secs, the total time by now is 4.44 
 with avg train loss 1.914, val loss 2.324, avg val acc 10.00%
iteration: 6
user 8, emp_avg: 0.4457165295155507, h: 0, ucb: inf,num_of_obs: 0, privacy reward: 0.9607894391523232, g: 0.09514992918218149, curr_delay = 0.1121789224517767, data_size = 3014
user 11, emp_avg: 0.48618490627779165, h: 0, ucb: inf,num_of_obs: 0, privacy reward: 0.9607894391523232, g: 0.008278001397282804, curr_delay = 0.10284153077230967, data_size = 889
user 12, emp_avg: 0.4464687242379308, h: 0, ucb: inf,num_of_obs: 0, privacy reward: 0.9607894391523232, g: 0.005829074800758473, curr_delay = 0.11198992736914344, data_size = 746
user 16, emp_avg: 0.06787307374515901, h: 0, ucb: inf,num_of_obs: 0, privacy reward: 0.9607894391523232, g: 0.01931619198884838, curr_delay = 0.7366691567223477, data_size = 1358
user 19, emp_avg: 0.06724608432937108, h: 0, ucb: inf,num_of_obs: 0, privacy reward: 0.9607894391523232, g: 0.008711875293939535, curr_delay = 0.7435377167107631, data_size = 912
num of fast users chosen: 3, num of slow users chosen: 2
max_delay = 0.74 seconds
after cleansing the weights updates who were almost zeros (meaning with absolute value of less than 10**-7, 0.00% of the weights upadtes) we get:
user No.8 has been picked 1, his deltas theta's mean
 is -0.004138830583542585,
the empirical var of deltas thetas is 0.005163096822798252
the minimum of the deltas theta is -0.3430560827255249 and the maximum is 0.4299408495426178
the added laplace noise var is 0.003060399989333737
global epoch 6 has been done artifficialy in 0.74 secs, the total time by now is 5.19 
 with avg train loss 1.926, val loss 2.320, avg val acc 10.00%
iteration: 7
user 0, emp_avg: 1.0, h: 3.416937355927363, ucb: 4.416937355927363,num_of_obs: 1, privacy reward: 0.9231163463866358, g: 0.06134850421368814, curr_delay = 0.05, data_size = 3816
user 4, emp_avg: 0.559197148410454, h: 3.416937355927363, ucb: 3.843454615519464,num_of_obs: 1, privacy reward: 0.9231163463866358, g: 0.07278801181238581, curr_delay = 0.07226717654955901, data_size = 4032
user 6, emp_avg: 0.29026993559306014, h: 3.416937355927363, ucb: 3.728474743115157,num_of_obs: 1, privacy reward: 0.9231163463866358, g: 0.048153671820716684, curr_delay = 0.18587188957077083, data_size = 3540
user 8, emp_avg: 0.37195063827561237, h: 3.416937355927363, ucb: 3.8626538854429135,num_of_obs: 1, privacy reward: 0.9231163463866358, g: 0.027425572015304916, curr_delay = 0.16768127980073422, data_size = 3014
user 13, emp_avg: 0.2996310460478985, h: 3.416937355927363, ucb: 3.684146266303511,num_of_obs: 1, privacy reward: 0.9231163463866358, g: 0.028176388533280878, curr_delay = 0.15057828911940618, data_size = 3036
num of fast users chosen: 5, num of slow users chosen: 0
max_delay = 0.19 seconds
after cleansing the weights updates who were almost zeros (meaning with absolute value of less than 10**-7, 0.00% of the weights upadtes) we get:
user No.0 has been picked 2, his deltas theta's mean
 is -0.0011925273574888706,
the empirical var of deltas thetas is 0.0027956273406744003
the minimum of the deltas theta is -0.31306323409080505 and the maximum is 0.32768353819847107
the added laplace noise var is 0.0031852972822368235
global epoch 7 has been done artifficialy in 0.19 secs, the total time by now is 5.37 
 with avg train loss 1.877, val loss 2.317, avg val acc 10.00%
iteration: 8
user 1, emp_avg: 0.7937535027577574, h: 3.5322300675464238, ucb: 4.532230067546424,num_of_obs: 1, privacy reward: 0.9231163463866358, g: -0.00020639611199424563, curr_delay = 0.08510536815833698, data_size = 1081
user 2, emp_avg: 0.7005496313234258, h: 3.5322300675464238, ucb: 3.9333293301932755,num_of_obs: 1, privacy reward: 0.9231163463866358, g: -6.599172032272632e-05, curr_delay = 0.05, data_size = 1142
user 5, emp_avg: 0.41439685382459945, h: 3.5322300675464238, ucb: 3.845200891772944,num_of_obs: 1, privacy reward: 0.9231163463866358, g: -0.0006513700705002396, curr_delay = 0.09693249680632858, data_size = 972
user 10, emp_avg: 0.3092068984299688, h: 3.5322300675464238, ucb: 3.8645485509937565,num_of_obs: 1, privacy reward: 0.9231163463866358, g: 0.0005571020293175495, curr_delay = 0.17476693135441312, data_size = 1452
user 14, emp_avg: 0.28523035703636007, h: 3.5322300675464238, ucb: 3.775165752292429,num_of_obs: 1, privacy reward: 0.9231163463866358, g: 0.02219325407868224, curr_delay = 0.15266008861302527, data_size = 2677
num of fast users chosen: 5, num of slow users chosen: 0
max_delay = 0.17 seconds
after cleansing the weights updates who were almost zeros (meaning with absolute value of less than 10**-7, 0.00% of the weights upadtes) we get:
user No.1 has been picked 2, his deltas theta's mean
 is -0.00029490137239918113,
the empirical var of deltas thetas is 0.0027132141403853893
the minimum of the deltas theta is -0.2490359991788864 and the maximum is 0.2802378237247467
the added laplace noise var is 0.0031852972822368235
global epoch 8 has been done artifficialy in 0.17 secs, the total time by now is 5.55 
 with avg train loss 1.887, val loss 2.314, avg val acc 10.00%
iteration: 9
user 3, emp_avg: 0.6695301808097387, h: 3.63088797183517, ucb: 3.9699483334546475,num_of_obs: 1, privacy reward: 0.9231163463866358, g: -0.0010569763384504964, curr_delay = 0.05, data_size = 768
user 7, emp_avg: 0.3195397827993347, h: 3.63088797183517, ucb: 3.984630956418381,num_of_obs: 1, privacy reward: 0.9231163463866358, g: -0.0029830609558952306, curr_delay = 0.1752316503620376, data_size = 552
user 9, emp_avg: 0.29351967278439306, h: 3.63088797183517, ucb: 3.98519988759446,num_of_obs: 1, privacy reward: 0.9231163463866358, g: -0.001208447623586417, curr_delay = 0.21484360498858496, data_size = 746
user 11, emp_avg: 0.38555397946996245, h: 3.63088797183517, ucb: 4.117072878112962,num_of_obs: 1, privacy reward: 0.9231163463866358, g: -0.00040511981649005635, curr_delay = 0.17548597606558314, data_size = 889
user 12, emp_avg: 0.43438683957700874, h: 3.63088797183517, ucb: 4.077356696073101,num_of_obs: 1, privacy reward: 0.9231163463866358, g: -0.001208447623586417, curr_delay = 0.11839785306316183, data_size = 746
num of fast users chosen: 5, num of slow users chosen: 0
max_delay = 0.21 seconds
after cleansing the weights updates who were almost zeros (meaning with absolute value of less than 10**-7, 0.00% of the weights upadtes) we get:
user No.3 has been picked 2, his deltas theta's mean
 is -0.0011681020259857178,
the empirical var of deltas thetas is 0.0012064988259226084
the minimum of the deltas theta is -0.19825512170791626 and the maximum is 0.20378509163856506
the added laplace noise var is 0.0031852972822368235
global epoch 9 has been done artifficialy in 0.21 secs, the total time by now is 5.76 
 with avg train loss 1.898, val loss 2.277, avg val acc 11.86%
iteration: 10
user 17, emp_avg: 0.07418120306806994, h: 3.7169221888498387, ucb: 3.7882219157758295,num_of_obs: 1, privacy reward: 0.9231163463866358, g: 0.015587283559660952, curr_delay = 0.6488224976405318, data_size = 2197
user 21, emp_avg: 0.06587420898935861, h: 3.7169221888498387, ucb: 3.7839641509240893,num_of_obs: 1, privacy reward: 0.9231163463866358, g: 0.008164789774255379, curr_delay = 0.7727204233503477, data_size = 1860
user 24, emp_avg: 0.05943553526620077, h: 3.7169221888498387, ucb: 3.774567327312728,num_of_obs: 1, privacy reward: 0.9231163463866358, g: 0.004999796852371252, curr_delay = 0.8166474287926393, data_size = 1668
user 26, emp_avg: 0.05564782590318325, h: 3.7169221888498387, ucb: 3.7734340644648383,num_of_obs: 1, privacy reward: 0.9231163463866358, g: 0.006080200777520709, curr_delay = 0.9126789622048563, data_size = 1739
user 27, emp_avg: 0.05728027518277834, h: 3.7169221888498387, ucb: 3.775178438677156,num_of_obs: 1, privacy reward: 0.9231163463866358, g: 0.018302869306546794, curr_delay = 0.888031633854363, data_size = 2299
num of fast users chosen: 0, num of slow users chosen: 5
max_delay = 0.91 seconds
after cleansing the weights updates who were almost zeros (meaning with absolute value of less than 10**-7, 0.00% of the weights upadtes) we get:
user No.17 has been picked 2, his deltas theta's mean
 is -0.0016832287656143308,
the empirical var of deltas thetas is 0.004865826107561588
the minimum of the deltas theta is -0.3946085274219513 and the maximum is 0.38884437084198
the added laplace noise var is 0.0031852972822368235
global epoch 10 has been done artifficialy in 0.91 secs, the total time by now is 6.67 
 with avg train loss 1.886, val loss 2.305, avg val acc 10.00%
