Namespace(full_exp=False, data='cifar10', i_i_d=False, wandb=True, method_choosing_users='fraboni', model='cnn3', num_users=300, num_users_per_round=15, global_epochs=400, max_seconds=600, epsilon_bar=20.0, epsilon_sum_deascent_coeff=0.04, delta_f=0.006, alpha=200.0, beta=1.0, gamma=5.0, alternative_privacy_reward=False, choosing_users_verbose=True, sa_pause_verbose=False, snr_verbose=False, dirichlet_coeff=2.0, label_dominance=0.25, bar_plot_interval=30, max_iterations_sa_pause=3000, sa_pause_simulation=False, max_time_sa_pause=4000.0, pre_sa_pause_rounds=1, beta_max_reduction=70, accel_ucb_coeff=3.0, data_truncation=None, tau_min=0.05, production=False, privacy_noise='laplace', privacy=True, save_best_model=False, seed=3.0, norm_mean=0.5, norm_std=0.5, train_batch_size=20, test_batch_size=1000, local_epochs=1, local_iterations=100, lr=0.01, momentum=0.5, lr_scheduler=False, optimizer='adam', device=device(type='cuda'))
=================================================================
Layer (type:depth-idx)                   Param #
=================================================================
CNN3LayerCifar                           --
├─Conv2d: 1-1                            896
├─BatchNorm2d: 1-2                       64
├─Conv2d: 1-3                            18,496
├─BatchNorm2d: 1-4                       128
├─Conv2d: 1-5                            73,856
├─BatchNorm2d: 1-6                       256
├─MaxPool2d: 1-7                         --
├─Linear: 1-8                            65,664
├─BatchNorm1d: 1-9                       256
├─Linear: 1-10                           8,256
├─BatchNorm1d: 1-11                      128
├─Linear: 1-12                           2,080
├─BatchNorm1d: 1-13                      64
├─Linear: 1-14                           330
├─Dropout: 1-15                          --
├─Dropout: 1-16                          --
├─Dropout: 1-17                          --
=================================================================
Total params: 170,474
Trainable params: 170,474
Non-trainable params: 0
=================================================================
fraboni distributions: [[0.         0.         0.         ... 0.         0.         0.        ]
 [0.         0.         0.         ... 0.         0.         0.        ]
 [0.12619043 0.         0.         ... 0.         0.         0.        ]
 ...
 [0.         0.         0.03023634 ... 0.         0.         0.        ]
 [0.         0.         0.         ... 0.         0.         0.        ]
 [0.         0.         0.         ... 0.01388403 0.         0.01666084]]
iteration: 1
user 31, emp_avg: 1.0, h: 0, ucb: inf,num_of_obs: 0, privacy reward: 0.9607894391523232, g: 0.09687969228870559, curr_delay = 0.05, data_size = 314
user 57, emp_avg: 0.5434370149452162, h: 0, ucb: inf,num_of_obs: 0, privacy reward: 0.9607894391523232, g: 0.05152518666310139, curr_delay = 0.09200698264000381, data_size = 167
user 64, emp_avg: 0.9151862909453126, h: 0, ucb: inf,num_of_obs: 0, privacy reward: 0.9607894391523232, g: 0.04813131209247794, curr_delay = 0.0546336855071923, data_size = 156
user 78, emp_avg: 0.31028867259312054, h: 0, ucb: inf,num_of_obs: 0, privacy reward: 0.9607894391523232, g: 0.018512043112491515, curr_delay = 0.1611402684543521, data_size = 60
user 95, emp_avg: 0.3326600619022619, h: 0, ucb: inf,num_of_obs: 0, privacy reward: 0.9607894391523232, g: 0.06664335520496946, curr_delay = 0.15030358532997085, data_size = 216
user 98, emp_avg: 0.29817518177517127, h: 0, ucb: inf,num_of_obs: 0, privacy reward: 0.9607894391523232, g: 0.06324948063434602, curr_delay = 0.16768665890409612, data_size = 205
user 108, emp_avg: 0.49214725273399257, h: 0, ucb: inf,num_of_obs: 0, privacy reward: 0.9607894391523232, g: 0.08885780693995927, curr_delay = 0.10159560928611988, data_size = 288
user 117, emp_avg: 0.37359338531959685, h: 0, ucb: inf,num_of_obs: 0, privacy reward: 0.9607894391523232, g: 0.11539173540119711, curr_delay = 0.1338353460332994, data_size = 374
user 129, emp_avg: 0.27876061480353564, h: 0, ucb: inf,num_of_obs: 0, privacy reward: 0.9607894391523232, g: 0.13328671040993892, curr_delay = 0.17936536707396383, data_size = 432
user 139, emp_avg: 0.46344018684553884, h: 0, ucb: inf,num_of_obs: 0, privacy reward: 0.9607894391523232, g: 0.11508320134932225, curr_delay = 0.1078887878505552, data_size = 373
user 189, emp_avg: 0.06978264613578603, h: 0, ucb: inf,num_of_obs: 0, privacy reward: 0.9607894391523232, g: 0.03733262027685789, curr_delay = 0.7165105190007826, data_size = 121
user 190, emp_avg: 0.07179118567204695, h: 0, ucb: inf,num_of_obs: 0, privacy reward: 0.9607894391523232, g: 0.04442890346997964, curr_delay = 0.696464329596221, data_size = 144
user 194, emp_avg: 0.06628645691350293, h: 0, ucb: inf,num_of_obs: 0, privacy reward: 0.9607894391523232, g: 0.02622539440936298, curr_delay = 0.7543018940542395, data_size = 85
user 273, emp_avg: 0.05717804899262941, h: 0, ucb: inf,num_of_obs: 0, privacy reward: 0.9607894391523232, g: 0.07435670650184092, curr_delay = 0.874461456466367, data_size = 241
user 284, emp_avg: 0.0540464081213514, h: 0, ucb: inf,num_of_obs: 0, privacy reward: 0.9607894391523232, g: 0.1558096961968036, curr_delay = 0.9251308595334232, data_size = 505
num of fast users chosen: 10, num of slow users chosen: 5
max_delay = 0.93 seconds
global epoch 1 has been done artifficialy in 0.93 secs, the total time by now is 0.93 
 with avg train loss 2.292, val loss 2.310, avg val acc 10.00%
iteration: 2
user 0, emp_avg: 1.0, h: 0, ucb: inf,num_of_obs: 0, privacy reward: 0.9607894391523232, g: 0.12619042721681717, curr_delay = 0.05, data_size = 409
user 26, emp_avg: 1.0, h: 0, ucb: inf,num_of_obs: 0, privacy reward: 0.9607894391523232, g: 0.08546393236933583, curr_delay = 0.05, data_size = 277
user 41, emp_avg: 0.6218578721915584, h: 0, ucb: inf,num_of_obs: 0, privacy reward: 0.9607894391523232, g: 0.04813131209247794, curr_delay = 0.0804042245598491, data_size = 156
user 51, emp_avg: 0.23657869683793908, h: 0, ucb: inf,num_of_obs: 0, privacy reward: 0.9607894391523232, g: 0.018512043112491515, curr_delay = 0.21134616374292972, data_size = 60
user 67, emp_avg: 0.2897402246676517, h: 0, ucb: inf,num_of_obs: 0, privacy reward: 0.9607894391523232, g: 0.019129111216241234, curr_delay = 0.1725683758868925, data_size = 62
user 86, emp_avg: 0.24854360909067033, h: 0, ucb: inf,num_of_obs: 0, privacy reward: 0.9607894391523232, g: 0.1965361910442849, curr_delay = 0.20117193993815258, data_size = 637
user 95, emp_avg: 0.27757768902263774, h: 3.3302184446307908, ucb: 4.328198630337576,num_of_obs: 1, privacy reward: 0.9231163463866358, g: -0.43335664479503055, curr_delay = 0.22472383179455985, data_size = 216
user 113, emp_avg: 0.35047025700005446, h: 0, ucb: inf,num_of_obs: 0, privacy reward: 0.9607894391523232, g: 0.048439846144352795, curr_delay = 0.14266545876956466, data_size = 157
user 121, emp_avg: 0.32438230827170783, h: 0, ucb: inf,num_of_obs: 0, privacy reward: 0.9607894391523232, g: 0.06324948063434602, curr_delay = 0.15413910908519463, data_size = 205
user 129, emp_avg: 0.2801437884619865, h: 3.3302184446307908, ucb: 4.166500289041398,num_of_obs: 1, privacy reward: 0.9231163463866358, g: -0.3667132895900611, curr_delay = 0.17760288259214757, data_size = 432
user 149, emp_avg: 0.3106381369814834, h: 0, ucb: inf,num_of_obs: 0, privacy reward: 0.9607894391523232, g: 0.03733262027685789, curr_delay = 0.16095898747609477, data_size = 121
user 186, emp_avg: 0.06632061504345081, h: 0, ucb: inf,num_of_obs: 0, privacy reward: 0.9607894391523232, g: 0.09626262418495588, curr_delay = 0.7539133943079667, data_size = 312
user 202, emp_avg: 0.07140575985590339, h: 0, ucb: inf,num_of_obs: 0, privacy reward: 0.9607894391523232, g: 0.10767838410432565, curr_delay = 0.7002236248294235, data_size = 349
user 237, emp_avg: 0.060790887614997895, h: 0, ucb: inf,num_of_obs: 0, privacy reward: 0.9607894391523232, g: 0.029927803031861284, curr_delay = 0.8224916917920501, data_size = 97
user 253, emp_avg: 0.05907643809587409, h: 0, ucb: inf,num_of_obs: 0, privacy reward: 0.9607894391523232, g: 0.07435670650184092, curr_delay = 0.8463611147113491, data_size = 241
num of fast users chosen: 11, num of slow users chosen: 4
max_delay = 0.85 seconds
global epoch 2 has been done artifficialy in 0.85 secs, the total time by now is 1.77 
 with avg train loss 2.260, val loss 2.317, avg val acc 10.00%
iteration: 3
user 35, emp_avg: 0.4291723699690075, h: 0, ucb: inf,num_of_obs: 0, privacy reward: 0.9607894391523232, g: 0.01511816854186807, curr_delay = 0.11650330612758397, data_size = 49
user 36, emp_avg: 1.0, h: 0, ucb: inf,num_of_obs: 0, privacy reward: 0.9607894391523232, g: 0.055536129337474545, curr_delay = 0.05, data_size = 180
user 39, emp_avg: 0.5282192231108769, h: 0, ucb: inf,num_of_obs: 0, privacy reward: 0.9607894391523232, g: 0.1258818931649423, curr_delay = 0.09465766827933988, data_size = 408
user 54, emp_avg: 0.28992199169975374, h: 0, ucb: inf,num_of_obs: 0, privacy reward: 0.9607894391523232, g: 0.09256021556245758, curr_delay = 0.1724601838820855, data_size = 300
user 56, emp_avg: 0.534477429838999, h: 0, ucb: inf,num_of_obs: 0, privacy reward: 0.9607894391523232, g: 0.06324948063434602, curr_delay = 0.09354931978149486, data_size = 205
user 58, emp_avg: 0.9461014584224821, h: 0, ucb: inf,num_of_obs: 0, privacy reward: 0.9607894391523232, g: 0.026533928461237838, curr_delay = 0.052848454629136066, data_size = 86
user 65, emp_avg: 0.4328095007986769, h: 0, ucb: inf,num_of_obs: 0, privacy reward: 0.9607894391523232, g: 0.04874838019622766, curr_delay = 0.11552426623660857, data_size = 158
user 77, emp_avg: 1.0, h: 0, ucb: inf,num_of_obs: 0, privacy reward: 0.9607894391523232, g: 0.033938745706234445, curr_delay = 0.05, data_size = 110
user 79, emp_avg: 0.9920375923377367, h: 0, ucb: inf,num_of_obs: 0, privacy reward: 0.9607894391523232, g: 0.08484686426558612, curr_delay = 0.0504013158232996, data_size = 275
user 86, emp_avg: 0.3511948314941711, h: 4.19258829587282, ucb: 4.938219123144831,num_of_obs: 1, privacy reward: 0.9231163463866358, g: -0.1367971422890484, curr_delay = 0.110169515787557, data_size = 637
user 133, emp_avg: 0.3453329496476761, h: 0, ucb: inf,num_of_obs: 0, privacy reward: 0.9607894391523232, g: 0.048439846144352795, curr_delay = 0.14478780565541807, data_size = 157
user 140, emp_avg: 0.2210970628363345, h: 0, ucb: inf,num_of_obs: 0, privacy reward: 0.9607894391523232, g: 0.04442890346997964, curr_delay = 0.2261450213701488, data_size = 144
user 179, emp_avg: 0.062138239192139295, h: 0, ucb: inf,num_of_obs: 0, privacy reward: 0.9607894391523232, g: 0.13760618713618694, curr_delay = 0.8046574967371328, data_size = 446
user 191, emp_avg: 0.06598587916830567, h: 0, ucb: inf,num_of_obs: 0, privacy reward: 0.9607894391523232, g: 0.07775058107246437, curr_delay = 0.757737877106531, data_size = 252
user 202, emp_avg: 0.07177798699939197, h: 4.19258829587282, ucb: 4.40680557544053,num_of_obs: 1, privacy reward: 0.9231163463866358, g: -0.22565494922900767, curr_delay = 0.692998636164599, data_size = 349
num of fast users chosen: 12, num of slow users chosen: 3
max_delay = 0.80 seconds
global epoch 3 has been done artifficialy in 0.80 secs, the total time by now is 2.58 
 with avg train loss 2.248, val loss 2.322, avg val acc 10.00%
iteration: 4
user 21, emp_avg: 0.6571868213954885, h: 0, ucb: inf,num_of_obs: 0, privacy reward: 0.9607894391523232, g: 0.06324948063434602, curr_delay = 0.07608186648330628, data_size = 205
user 37, emp_avg: 1.0, h: 0, ucb: inf,num_of_obs: 0, privacy reward: 0.9607894391523232, g: 0.1369891190324372, curr_delay = 0.05, data_size = 444
user 53, emp_avg: 0.4372287645545021, h: 0, ucb: inf,num_of_obs: 0, privacy reward: 0.9607894391523232, g: 0.01511816854186807, curr_delay = 0.11435661158054328, data_size = 49
user 65, emp_avg: 0.452985376231128, h: 4.709640090061899, ucb: 6.00806859245793,num_of_obs: 1, privacy reward: 0.9231163463866358, g: -0.20125161980377235, curr_delay = 0.10567222025093119, data_size = 158
user 68, emp_avg: 0.2709534280371875, h: 0, ucb: inf,num_of_obs: 0, privacy reward: 0.9607894391523232, g: 0.033938745706234445, curr_delay = 0.18453355752759715, data_size = 110
user 80, emp_avg: 0.4161793960289924, h: 0, ucb: inf,num_of_obs: 0, privacy reward: 0.9607894391523232, g: 0.04072649484748134, curr_delay = 0.12014049824926182, data_size = 132
user 103, emp_avg: 0.21757234991673838, h: 0, ucb: inf,num_of_obs: 0, privacy reward: 0.9607894391523232, g: 0.08947487504370899, curr_delay = 0.22980861317687767, data_size = 290
user 110, emp_avg: 0.4841165519737286, h: 0, ucb: inf,num_of_obs: 0, privacy reward: 0.9607894391523232, g: 0.022831519838739534, curr_delay = 0.10328091406119355, data_size = 74
user 139, emp_avg: 0.32575811554596984, h: 4.709640090061899, ucb: 6.099960650598515,num_of_obs: 1, privacy reward: 0.9231163463866358, g: -0.13491679865067774, curr_delay = 0.26584991299845906, data_size = 373
user 172, emp_avg: 0.06351022420805029, h: 0, ucb: inf,num_of_obs: 0, privacy reward: 0.9607894391523232, g: 0.14408540222555896, curr_delay = 0.7872748147795424, data_size = 467
user 193, emp_avg: 0.07279087570580667, h: 0, ucb: inf,num_of_obs: 0, privacy reward: 0.9607894391523232, g: 0.04813131209247794, curr_delay = 0.6868992784491451, data_size = 156
user 219, emp_avg: 0.06107493176965961, h: 0, ucb: inf,num_of_obs: 0, privacy reward: 0.9607894391523232, g: 0.13020136989119033, curr_delay = 0.8186664896912527, data_size = 422
user 232, emp_avg: 0.06016638020889895, h: 0, ucb: inf,num_of_obs: 0, privacy reward: 0.9607894391523232, g: 0.08916634099183413, curr_delay = 0.8310288873354013, data_size = 289
user 260, emp_avg: 0.05751751307887879, h: 0, ucb: inf,num_of_obs: 0, privacy reward: 0.9607894391523232, g: 0.05954707201184771, curr_delay = 0.8693004499591391, data_size = 193
user 277, emp_avg: 0.06851586075073218, h: 0, ucb: inf,num_of_obs: 0, privacy reward: 0.9607894391523232, g: 0.07775058107246437, curr_delay = 0.7297580363458498, data_size = 252
num of fast users chosen: 9, num of slow users chosen: 6
max_delay = 0.87 seconds
global epoch 4 has been done artifficialy in 0.87 secs, the total time by now is 3.45 
 with avg train loss 2.209, val loss 2.322, avg val acc 10.00%
iteration: 5
user 50, emp_avg: 0.8153939472417218, h: 0, ucb: inf,num_of_obs: 0, privacy reward: 0.9607894391523232, g: 0.0663348211530946, curr_delay = 0.06132005292550646, data_size = 215
user 69, emp_avg: 0.4119091697378869, h: 0, ucb: inf,num_of_obs: 0, privacy reward: 0.9607894391523232, g: 0.13390377851368862, curr_delay = 0.12138598427370981, data_size = 434
user 86, emp_avg: 0.3563584278381671, h: 3.588245155988203, ucb: 4.641829650470716,num_of_obs: 2, privacy reward: 0.8869204367171575, g: -0.20346380895571511, curr_delay = 0.13635658777198492, data_size = 637
user 94, emp_avg: 0.3488752576667152, h: 0, ucb: inf,num_of_obs: 0, privacy reward: 0.9607894391523232, g: 0.12248801859431886, curr_delay = 0.14331770138817243, data_size = 397
user 105, emp_avg: 0.3089717340781389, h: 0, ucb: inf,num_of_obs: 0, privacy reward: 0.9607894391523232, g: 0.044737437521854495, curr_delay = 0.16182710094559982, data_size = 145
user 108, emp_avg: 0.41138143516134396, h: 5.074544964718078, ucb: 6.550986722920056,num_of_obs: 1, privacy reward: 0.9231163463866358, g: -0.11114219306004074, curr_delay = 0.15123302512043713, data_size = 288
user 169, emp_avg: 0.07903998007679035, h: 0, ucb: inf,num_of_obs: 0, privacy reward: 0.9607894391523232, g: 0.03733262027685789, curr_delay = 0.6325912525714594, data_size = 121
user 187, emp_avg: 0.07447575264428516, h: 0, ucb: inf,num_of_obs: 0, privacy reward: 0.9607894391523232, g: 0.01511816854186807, curr_delay = 0.6713594455206451, data_size = 49
user 195, emp_avg: 0.06203701887669741, h: 0, ucb: inf,num_of_obs: 0, privacy reward: 0.9607894391523232, g: 0.04874838019622766, curr_delay = 0.8059703851885314, data_size = 158
user 205, emp_avg: 0.060751847610784046, h: 0, ucb: inf,num_of_obs: 0, privacy reward: 0.9607894391523232, g: 0.08947487504370899, curr_delay = 0.8230202366902915, data_size = 290
user 212, emp_avg: 0.06881587047494975, h: 0, ucb: inf,num_of_obs: 0, privacy reward: 0.9607894391523232, g: 0.026533928461237838, curr_delay = 0.7265765826242208, data_size = 86
user 252, emp_avg: 0.05795799663920675, h: 0, ucb: inf,num_of_obs: 0, privacy reward: 0.9607894391523232, g: 0.10798691815620051, curr_delay = 0.8626937247547405, data_size = 350
user 260, emp_avg: 0.06032272634203831, h: 5.074544964718078, ucb: 5.2470975039547145,num_of_obs: 1, privacy reward: 0.9231163463866358, g: -0.1404529279881523, curr_delay = 0.7920423240913618, data_size = 193
user 262, emp_avg: 0.05942434055292989, h: 0, ucb: inf,num_of_obs: 0, privacy reward: 0.9607894391523232, g: 0.07805911512433922, curr_delay = 0.8414060557468782, data_size = 253
user 283, emp_avg: 0.05649279521967701, h: 0, ucb: inf,num_of_obs: 0, privacy reward: 0.9607894391523232, g: 0.04442890346997964, curr_delay = 0.8850686146006898, data_size = 144
num of fast users chosen: 6, num of slow users chosen: 9
max_delay = 0.89 seconds
global epoch 5 has been done artifficialy in 0.89 secs, the total time by now is 4.33 
 with avg train loss 2.190, val loss 2.322, avg val acc 10.00%
iteration: 6
user 6, emp_avg: 0.8117238560609358, h: 0, ucb: inf,num_of_obs: 0, privacy reward: 0.9607894391523232, g: 0.07435670650184092, curr_delay = 0.06159730261302869, data_size = 241
user 50, emp_avg: 0.6275550347641627, h: 5.354264796183402, ucb: 7.800446637908567,num_of_obs: 1, privacy reward: 0.9231163463866358, g: -0.10033184551357206, curr_delay = 0.11370972649351796, data_size = 215
user 69, emp_avg: 0.7059545848689435, h: 5.354264796183402, ucb: 6.589992305397062,num_of_obs: 1, privacy reward: 0.9231163463866358, g: -0.03276288815297804, curr_delay = 0.05, data_size = 434
user 76, emp_avg: 0.3291805287839137, h: 0, ucb: inf,num_of_obs: 0, privacy reward: 0.9607894391523232, g: 0.055536129337474545, curr_delay = 0.1518923375714663, data_size = 180
user 103, emp_avg: 0.29811777412649904, h: 5.354264796183402, ucb: 6.006981845933617,num_of_obs: 1, privacy reward: 0.9231163463866358, g: -0.07719179162295767, curr_delay = 0.132043462949888, data_size = 290
user 117, emp_avg: 0.3458457947246273, h: 5.354264796183402, ucb: 6.475044952142192,num_of_obs: 1, privacy reward: 0.9231163463866358, g: -0.051274931265469545, curr_delay = 0.1571841631008387, data_size = 374
user 122, emp_avg: 0.2168023130188144, h: 0, ucb: inf,num_of_obs: 0, privacy reward: 0.9607894391523232, g: 0.20795195096365468, curr_delay = 0.23062484575826891, data_size = 674
user 123, emp_avg: 0.19007684609282277, h: 0, ucb: inf,num_of_obs: 0, privacy reward: 0.9607894391523232, g: 0.04813131209247794, curr_delay = 0.2630515027358084, data_size = 156
user 130, emp_avg: 0.23022478614924347, h: 0, ucb: inf,num_of_obs: 0, privacy reward: 0.9607894391523232, g: 0.08484686426558612, curr_delay = 0.21717904851299308, data_size = 275
user 170, emp_avg: 0.06901672250093867, h: 0, ucb: inf,num_of_obs: 0, privacy reward: 0.9607894391523232, g: 0.04874838019622766, curr_delay = 0.7244621040838324, data_size = 158
user 181, emp_avg: 0.07001482049994855, h: 0, ucb: inf,num_of_obs: 0, privacy reward: 0.9607894391523232, g: 0.02622539440936298, curr_delay = 0.71413451670617, data_size = 85
user 189, emp_avg: 0.06566989449728437, h: 5.354264796183402, ucb: 5.56361273459076,num_of_obs: 1, privacy reward: 0.9231163463866358, g: -0.12933404638980878, curr_delay = 0.812253423046359, data_size = 121
user 192, emp_avg: 0.06317024517033641, h: 0, ucb: inf,num_of_obs: 0, privacy reward: 0.9607894391523232, g: 0.04442890346997964, curr_delay = 0.7915118876802949, data_size = 144
user 200, emp_avg: 0.06049033625857478, h: 0, ucb: inf,num_of_obs: 0, privacy reward: 0.9607894391523232, g: 0.10366744142995249, curr_delay = 0.8265783113895697, data_size = 336
user 209, emp_avg: 0.06843952345879122, h: 0, ucb: inf,num_of_obs: 0, privacy reward: 0.9607894391523232, g: 0.01511816854186807, curr_delay = 0.7305720068332444, data_size = 49
num of fast users chosen: 9, num of slow users chosen: 6
max_delay = 0.83 seconds
global epoch 6 has been done artifficialy in 0.83 secs, the total time by now is 5.16 
 with avg train loss 2.167, val loss 2.320, avg val acc 10.00%
iteration: 7
user 7, emp_avg: 0.8849657606026284, h: 0, ucb: inf,num_of_obs: 0, privacy reward: 0.9607894391523232, g: 0.122179484542444, curr_delay = 0.0564993610215517, data_size = 396
user 26, emp_avg: 1.0, h: 5.579835336717833, ucb: 8.579835336717833,num_of_obs: 1, privacy reward: 0.9231163463866358, g: -0.05739321048780702, curr_delay = 0.05, data_size = 277
user 34, emp_avg: 0.7203392010880099, h: 0, ucb: inf,num_of_obs: 0, privacy reward: 0.9607894391523232, g: 0.044737437521854495, curr_delay = 0.06941174369585792, data_size = 145
user 37, emp_avg: 0.6378234848401588, h: 5.579835336717833, ucb: 8.579835336717833,num_of_obs: 1, privacy reward: 0.9231163463866358, g: -0.005868023824705637, curr_delay = 0.18139143723577894, data_size = 444
user 83, emp_avg: 0.5271144814612949, h: 0, ucb: inf,num_of_obs: 0, privacy reward: 0.9607894391523232, g: 0.037641154328732745, curr_delay = 0.0948560545356055, data_size = 122
user 88, emp_avg: 0.3016926238688623, h: 0, ucb: inf,num_of_obs: 0, privacy reward: 0.9607894391523232, g: 0.01511816854186807, curr_delay = 0.1657315958169851, data_size = 49
user 103, emp_avg: 0.282272032940498, h: 3.9455394044975023, ucb: 4.839892726876999,num_of_obs: 2, privacy reward: 0.8869204367171575, g: -0.1962394106705767, curr_delay = 0.19953663557113355, data_size = 290
user 139, emp_avg: 0.2998043499022129, h: 3.9455394044975023, ucb: 4.922813751135411,num_of_obs: 2, privacy reward: 0.8869204367171575, g: -0.17063108436496344, curr_delay = 0.20169681998910197, data_size = 373
user 150, emp_avg: 0.08506827220208063, h: 0, ucb: inf,num_of_obs: 0, privacy reward: 0.9607894391523232, g: 0.06294094658247115, curr_delay = 0.5877632013169898, data_size = 204
user 169, emp_avg: 0.07106804910009296, h: 5.579835336717833, ucb: 5.816955276948204,num_of_obs: 1, privacy reward: 0.9231163463866358, g: -0.10552452258028497, curr_delay = 0.7924417775150003, data_size = 121
user 223, emp_avg: 0.06318172779766931, h: 0, ucb: inf,num_of_obs: 0, privacy reward: 0.9607894391523232, g: 0.06695188925684431, curr_delay = 0.7913680385588384, data_size = 217
user 246, emp_avg: 0.05848292623279289, h: 0, ucb: inf,num_of_obs: 0, privacy reward: 0.9607894391523232, g: 0.026533928461237838, curr_delay = 0.8549503798933322, data_size = 86
user 278, emp_avg: 0.06832112416253883, h: 0, ucb: inf,num_of_obs: 0, privacy reward: 0.9607894391523232, g: 0.055536129337474545, curr_delay = 0.7318380751617596, data_size = 180
user 284, emp_avg: 0.05595719990528845, h: 5.579835336717833, ucb: 5.7419745610818875,num_of_obs: 1, privacy reward: 0.9231163463866358, g: 0.01295255333966075, curr_delay = 0.8640355149789923, data_size = 505
user 287, emp_avg: 0.057336941588914773, h: 0, ucb: inf,num_of_obs: 0, privacy reward: 0.9607894391523232, g: 0.07775058107246437, curr_delay = 0.8720381418053652, data_size = 252
num of fast users chosen: 8, num of slow users chosen: 7
max_delay = 0.87 seconds
global epoch 7 has been done artifficialy in 0.87 secs, the total time by now is 6.03 
 with avg train loss 2.148, val loss 2.315, avg val acc 14.78%
iteration: 8
user 30, emp_avg: 1.0, h: 0, ucb: inf,num_of_obs: 0, privacy reward: 0.9607894391523232, g: 0.08176152374683752, curr_delay = 0.05, data_size = 265
user 62, emp_avg: 0.43704203590158247, h: 0, ucb: inf,num_of_obs: 0, privacy reward: 0.9607894391523232, g: 0.02221445173498982, curr_delay = 0.11440547108209863, data_size = 72
user 105, emp_avg: 0.3250349518868426, h: 5.768107546403532, ucb: 6.695022748637949,num_of_obs: 1, privacy reward: 0.9231163463866358, g: -0.0802625624781455, curr_delay = 0.1465853658629375, data_size = 145
user 113, emp_avg: 0.30432974165883153, h: 5.768107546403532, ucb: 6.819518317403695,num_of_obs: 1, privacy reward: 0.9231163463866358, g: -0.07656015385564721, curr_delay = 0.1936564151537952, data_size = 157
user 118, emp_avg: 0.25259572759270454, h: 0, ucb: inf,num_of_obs: 0, privacy reward: 0.9607894391523232, g: 0.01511816854186807, curr_delay = 0.19794475732630762, data_size = 49
user 122, emp_avg: 0.354105680995079, h: 5.768107546403532, ucb: 6.418514485459975,num_of_obs: 1, privacy reward: 0.9231163463866358, g: 0.08295195096365468, curr_delay = 0.1017482280895396, data_size = 674
user 144, emp_avg: 0.42191267462894844, h: 0, ucb: inf,num_of_obs: 0, privacy reward: 0.9607894391523232, g: 0.11508320134932225, curr_delay = 0.11850793542519801, data_size = 373
user 152, emp_avg: 0.06745706881333494, h: 0, ucb: inf,num_of_obs: 0, privacy reward: 0.9607894391523232, g: 0.03363021165435959, curr_delay = 0.7412121647081704, data_size = 109
user 156, emp_avg: 0.061816076412440794, h: 0, ucb: inf,num_of_obs: 0, privacy reward: 0.9607894391523232, g: 0.13359524446181376, curr_delay = 0.8088510772892932, data_size = 433
user 176, emp_avg: 0.061995971963972905, h: 0, ucb: inf,num_of_obs: 0, privacy reward: 0.9607894391523232, g: 0.04134356295123105, curr_delay = 0.8065040101162702, data_size = 134
user 177, emp_avg: 0.06916952073353914, h: 0, ucb: inf,num_of_obs: 0, privacy reward: 0.9607894391523232, g: 0.07034576382746775, curr_delay = 0.7228617383748307, data_size = 228
user 186, emp_avg: 0.06702140530368511, h: 5.768107546403532, ucb: 5.967069391533884,num_of_obs: 1, privacy reward: 0.9231163463866358, g: -0.028737375815044125, curr_delay = 0.7383103808677857, data_size = 312
user 231, emp_avg: 0.06806194122665611, h: 0, ucb: inf,num_of_obs: 0, privacy reward: 0.9607894391523232, g: 0.08145298969496267, curr_delay = 0.7346249474944121, data_size = 264
user 238, emp_avg: 0.05519773543596448, h: 0, ucb: inf,num_of_obs: 0, privacy reward: 0.9607894391523232, g: 0.13297817635806405, curr_delay = 0.9058342630379388, data_size = 431
user 285, emp_avg: 0.054819604422689794, h: 0, ucb: inf,num_of_obs: 0, privacy reward: 0.9607894391523232, g: 0.05985560606372257, curr_delay = 0.9120824662372982, data_size = 194
num of fast users chosen: 7, num of slow users chosen: 8
max_delay = 0.91 seconds
global epoch 8 has been done artifficialy in 0.91 secs, the total time by now is 6.94 
 with avg train loss 2.143, val loss 2.316, avg val acc 10.16%
iteration: 9
user 35, emp_avg: 0.6701400903853898, h: 5.929215229470045, ucb: 7.216732339377067,num_of_obs: 1, privacy reward: 0.9231163463866358, g: -0.09599294256924304, curr_delay = 0.05487824756545567, data_size = 49
user 39, emp_avg: 0.543436498275026, h: 5.929215229470045, ucb: 7.513872898802676,num_of_obs: 1, privacy reward: 0.9231163463866358, g: 0.0147707820538312, curr_delay = 0.08950087223467734, data_size = 408
user 103, emp_avg: 0.28120365111840484, h: 3.423234008817759, ucb: 4.270050107639253,num_of_obs: 3, privacy reward: 0.8521437889662112, g: -0.24385845828962432, curr_delay = 0.17985708190305075, data_size = 290
user 127, emp_avg: 0.2755911206898645, h: 0, ucb: inf,num_of_obs: 0, privacy reward: 0.9607894391523232, g: 0.17771561387991855, curr_delay = 0.18142819650661868, data_size = 576
user 128, emp_avg: 0.5947888306534297, h: 0, ucb: inf,num_of_obs: 0, privacy reward: 0.9607894391523232, g: 0.08546393236933583, curr_delay = 0.08406344810656657, data_size = 277
user 146, emp_avg: 0.26636881194453255, h: 0, ucb: inf,num_of_obs: 0, privacy reward: 0.9607894391523232, g: 0.07466524055371578, curr_delay = 0.18770966328599978, data_size = 242
user 148, emp_avg: 0.20752814422655397, h: 0, ucb: inf,num_of_obs: 0, privacy reward: 0.9607894391523232, g: 0.048439846144352795, curr_delay = 0.24093117676326392, data_size = 157
user 178, emp_avg: 0.07554816518662498, h: 0, ucb: inf,num_of_obs: 0, privacy reward: 0.9607894391523232, g: 0.04874838019622766, curr_delay = 0.6618294418730898, data_size = 158
user 179, emp_avg: 0.0671216115147062, h: 5.929215229470045, ucb: 6.115629947046463,num_of_obs: 1, privacy reward: 0.9231163463866358, g: 0.026495076025075837, curr_delay = 0.6934333431492093, data_size = 446
user 190, emp_avg: 0.0699989253559512, h: 5.929215229470045, ucb: 6.144588786486186,num_of_obs: 1, privacy reward: 0.9231163463866358, g: -0.06668220764113147, curr_delay = 0.733066188924254, data_size = 144
user 222, emp_avg: 0.06268085885059761, h: 0, ucb: inf,num_of_obs: 0, privacy reward: 0.9607894391523232, g: 0.02221445173498982, curr_delay = 0.7976916863755337, data_size = 72
user 228, emp_avg: 0.05768101993783569, h: 0, ucb: inf,num_of_obs: 0, privacy reward: 0.9607894391523232, g: 0.03332167760248473, curr_delay = 0.8668362670057894, data_size = 108
user 241, emp_avg: 0.06430835484814554, h: 0, ucb: inf,num_of_obs: 0, privacy reward: 0.9607894391523232, g: 0.05923853795997285, curr_delay = 0.7775039513616457, data_size = 192
user 252, emp_avg: 0.058204580988739874, h: 5.929215229470045, ucb: 6.103089219387665,num_of_obs: 1, privacy reward: 0.9231163463866358, g: -0.003124192954910593, curr_delay = 0.855414938447099, data_size = 350
user 261, emp_avg: 0.06008252060474714, h: 0, ucb: inf,num_of_obs: 0, privacy reward: 0.9607894391523232, g: 0.06726042330871917, curr_delay = 0.8321887879658878, data_size = 218
num of fast users chosen: 7, num of slow users chosen: 8
max_delay = 0.87 seconds
global epoch 9 has been done artifficialy in 0.87 secs, the total time by now is 7.81 
 with avg train loss 2.117, val loss 2.315, avg val acc 10.00%
iteration: 10
user 7, emp_avg: 0.6169628599051482, h: 6.069708517540586, ucb: 8.72460579934847,num_of_obs: 1, privacy reward: 0.9231163463866358, g: 0.022179484542443992, curr_delay = 0.14328291450264852, data_size = 396
user 8, emp_avg: 0.6527669296884695, h: 0, ucb: inf,num_of_obs: 0, privacy reward: 0.9607894391523232, g: 0.025608326305613265, curr_delay = 0.07659701759686617, data_size = 83
user 31, emp_avg: 0.8663163693600318, h: 6.069708517540586, ucb: 9.069708517540587,num_of_obs: 1, privacy reward: 0.9231163463866358, g: -0.003120307711294415, curr_delay = 0.06824701840017666, data_size = 314
user 33, emp_avg: 0.7009915385662547, h: 0, ucb: inf,num_of_obs: 0, privacy reward: 0.9607894391523232, g: 0.044737437521854495, curr_delay = 0.0713275371372749, data_size = 145
user 75, emp_avg: 0.3191760365313965, h: 0, ucb: inf,num_of_obs: 0, privacy reward: 0.9607894391523232, g: 0.09286874961433243, curr_delay = 0.15665336453002054, data_size = 301
user 108, emp_avg: 0.36894739613547206, h: 4.291932052578694, ucb: 5.526076358062726,num_of_obs: 2, privacy reward: 0.8869204367171575, g: -0.11114219306004074, curr_delay = 0.1760071811537622, data_size = 288
user 111, emp_avg: 0.23888873764644894, h: 0, ucb: inf,num_of_obs: 0, privacy reward: 0.9607894391523232, g: 0.13390377851368862, curr_delay = 0.2093024580924326, data_size = 434
user 119, emp_avg: 0.3620105979335672, h: 0, ucb: inf,num_of_obs: 0, privacy reward: 0.9607894391523232, g: 0.04072649484748134, curr_delay = 0.13811750342506696, data_size = 132
user 150, emp_avg: 0.0778160782143309, h: 6.069708517540586, ucb: 6.324913334146828,num_of_obs: 1, privacy reward: 0.9231163463866358, g: -0.03705905341752885, curr_delay = 0.7085777738573693, data_size = 204
user 189, emp_avg: 0.06633940172348375, h: 4.291932052578694, ucb: 4.488941736070547,num_of_obs: 2, privacy reward: 0.8869204367171575, g: -0.16266737972314213, curr_delay = 0.7387879744416613, data_size = 121
user 195, emp_avg: 0.06418936622492118, h: 6.069708517540586, ucb: 6.255819574170678,num_of_obs: 1, privacy reward: 0.9231163463866358, g: -0.051251619803772346, curr_delay = 0.7536736286570679, data_size = 158
user 213, emp_avg: 0.0680318167735414, h: 0, ucb: inf,num_of_obs: 0, privacy reward: 0.9607894391523232, g: 0.1447024703293087, curr_delay = 0.7349502390394159, data_size = 469
user 230, emp_avg: 0.06541450415431625, h: 0, ucb: inf,num_of_obs: 0, privacy reward: 0.9607894391523232, g: 0.07805911512433922, curr_delay = 0.764356477915775, data_size = 253
user 266, emp_avg: 0.06109937646643522, h: 0, ucb: inf,num_of_obs: 0, privacy reward: 0.9607894391523232, g: 0.01511816854186807, curr_delay = 0.8183389568217176, data_size = 49
user 286, emp_avg: 0.054500181764952686, h: 0, ucb: inf,num_of_obs: 0, privacy reward: 0.9607894391523232, g: 0.0663348211530946, curr_delay = 0.9174281329122721, data_size = 215
num of fast users chosen: 8, num of slow users chosen: 7
max_delay = 0.92 seconds
