Namespace(data='mnist', full_exp=False, i_i_d=False, wandb=False, method_choosing_users='fraboni', model='cnn2', num_users=30, num_users_per_round=5, global_epochs=40, max_seconds=600, epsilon_bar=100, epsilon_sum_deascent_coeff=0.04, delta_f=0.003, accel_ucb_coeff=1, alpha=100, beta=2, gamma=2, choosing_users_verbose=True, sa_pause_verbose=False, snr_verbose=False, dirichlet_coeff=1, label_dominance=0.4, max_iterations_sa_pause=3000, sa_pause_simulation=False, max_time_sa_pause=600, pre_sa_pause_rounds=1, beta_max_reduction=70, data_truncation=None, tau_min=0.05, production=False, privacy_noise='laplace', privacy_choosing_users=True, privacy=True, save_best_model=False, seed=0, norm_mean=0.5, norm_std=0.5, train_batch_size=20, test_batch_size=1000, local_epochs=1, local_iterations=100, lr=0.01, momentum=0.5, lr_scheduler=False, optimizer='adam', device=device(type='cuda'))
=================================================================
Layer (type:depth-idx)                   Param #
=================================================================
CNN2Layer                                --
├─Conv2d: 1-1                            156
├─Conv2d: 1-2                            906
├─Linear: 1-3                            4,850
├─Linear: 1-4                            510
├─Dropout: 1-5                           --
├─Dropout: 1-6                           --
├─BatchNorm2d: 1-7                       12
├─BatchNorm1d: 1-8                       100
=================================================================
Total params: 6,534
Trainable params: 6,534
Non-trainable params: 0
=================================================================
iteration: 1
user 1, emp_avg: 0.5789690955721787, h: 0, ucb: inf, num_of_obs(calculated after picking at this round): 1, privacy reward: 0.9607894391523232, g: 0.029558559504093626, curr_delay = 0.08636039536892107
user 7, emp_avg: 0.3371445530928996, h: 0, ucb: inf, num_of_obs(calculated after picking at this round): 1, privacy reward: 0.9607894391523232, g: 0.09344083925878562, curr_delay = 0.14830433872150559
user 8, emp_avg: 0.6243083370789541, h: 0, ucb: inf, num_of_obs(calculated after picking at this round): 1, privacy reward: 0.9607894391523232, g: 0.20753233829574336, curr_delay = 0.08008863093826774
user 10, emp_avg: 0.31591411685689735, h: 0, ucb: inf, num_of_obs(calculated after picking at this round): 1, privacy reward: 0.9607894391523232, g: 0.04639783927442678, curr_delay = 0.15827086328861012
user 22, emp_avg: 0.06555714935528759, h: 0, ucb: inf, num_of_obs(calculated after picking at this round): 1, privacy reward: 0.9607894391523232, g: 0.006215498551977413, curr_delay = 0.7626933216547371
num of fast users chosen: 4, num of slow users chosen: 1
max_delay = 0.76 seconds
global epoch 1 has been done artifficialy in 0.76 secs, the total time by now is 0.76 
 with avg train loss 0.688, val loss 2.532, avg val acc 11.35%
iteration: 2
user 4, emp_avg: 0.4087260826467483, h: 0, ucb: inf, num_of_obs(calculated after picking at this round): 1, privacy reward: 0.9607894391523232, g: 0.0056547596831277285, curr_delay = 0.12233131704299319
user 13, emp_avg: 0.6083062429455517, h: 0, ucb: inf, num_of_obs(calculated after picking at this round): 1, privacy reward: 0.9607894391523232, g: 0.12756694057128912, curr_delay = 0.08219544116116428
user 18, emp_avg: 0.0693911608439833, h: 0, ucb: inf, num_of_obs(calculated after picking at this round): 1, privacy reward: 0.9607894391523232, g: 0.04258149391227505, curr_delay = 0.7205528685767095
user 20, emp_avg: 0.05730279059941013, h: 0, ucb: inf, num_of_obs(calculated after picking at this round): 1, privacy reward: 0.9607894391523232, g: 0.27905768301174516, curr_delay = 0.8725578541111172
user 25, emp_avg: 0.06161273873466194, h: 0, ucb: inf, num_of_obs(calculated after picking at this round): 1, privacy reward: 0.9607894391523232, g: 0.017147034377835907, curr_delay = 0.8115204911654272
num of fast users chosen: 2, num of slow users chosen: 3
max_delay = 0.87 seconds
global epoch 2 has been done artifficialy in 0.87 secs, the total time by now is 1.64 
 with avg train loss 0.695, val loss 2.417, avg val acc 9.80%
iteration: 3
user 20, emp_avg: 0.061662986333508474, h: 2.567425506613319, ucb: 2.6247282972127293, num_of_obs(calculated after picking at this round): 2, privacy reward: 0.9231163463866358, g: 0.037996056827493, curr_delay = 0.757309757484889
user 21, emp_avg: 0.06517181952611693, h: 0, ucb: inf, num_of_obs(calculated after picking at this round): 1, privacy reward: 0.9607894391523232, g: 0.042238787104806004, curr_delay = 0.7672027628438856
user 23, emp_avg: 0.05601855636261087, h: 0, ucb: inf, num_of_obs(calculated after picking at this round): 1, privacy reward: 0.9607894391523232, g: 0.03762662201417359, curr_delay = 0.8925613804887713
user 26, emp_avg: 0.05695543825098705, h: 0, ucb: inf, num_of_obs(calculated after picking at this round): 1, privacy reward: 0.9607894391523232, g: 0.0026185915607066586, curr_delay = 0.8778792953828863
user 27, emp_avg: 0.05913769505552645, h: 0, ucb: inf, num_of_obs(calculated after picking at this round): 1, privacy reward: 0.9607894391523232, g: 0.10228873284010384, curr_delay = 0.8454844233116163
num of fast users chosen: 0, num of slow users chosen: 5
max_delay = 0.89 seconds
global epoch 3 has been done artifficialy in 0.89 secs, the total time by now is 2.53 
 with avg train loss 0.642, val loss 2.481, avg val acc 11.35%
iteration: 4
user 6, emp_avg: 0.27985281069751544, h: 0, ucb: inf, num_of_obs(calculated after picking at this round): 1, privacy reward: 0.9607894391523232, g: 0.00615007270691514, curr_delay = 0.17866534867160405
user 7, emp_avg: 0.3092603599033381, h: 2.884053773201766, ucb: 3.2211983262946653, num_of_obs(calculated after picking at this round): 2, privacy reward: 0.9231163463866358, g: 0.0031003674762881493, curr_delay = 0.17769806371291333
user 10, emp_avg: 0.2981936001554354, h: 2.884053773201766, ucb: 3.1999678900586632, num_of_obs(calculated after picking at this round): 2, privacy reward: 0.9231163463866358, g: -0.0011970508900946291, curr_delay = 0.17827022609178525
user 20, emp_avg: 0.06355001980195336, h: 2.039333980337618, ucb: 2.100996966671126, num_of_obs(calculated after picking at this round): 3, privacy reward: 0.8869204367171574, g: 0.0007985770687002371, curr_delay = 0.7426762459319353
user 23, emp_avg: 0.05825067877953983, h: 2.884053773201766, ucb: 2.940072329564377, num_of_obs(calculated after picking at this round): 2, privacy reward: 0.9231163463866358, g: -0.0031387078003737466, curr_delay = 0.8266812880835815
num of fast users chosen: 3, num of slow users chosen: 2
max_delay = 0.83 seconds
global epoch 4 has been done artifficialy in 0.83 secs, the total time by now is 3.35 
 with avg train loss 0.630, val loss 2.448, avg val acc 11.37%
iteration: 5
user 1, emp_avg: 0.5651634103851548, h: 3.1075114600922396, ucb: 3.686480555664418, num_of_obs(calculated after picking at this round): 2, privacy reward: 0.9231163463866358, g: -0.0007881478385017144, curr_delay = 0.09068522615155603
user 10, emp_avg: 0.28706326084721495, h: 2.197342426046132, ucb: 2.4955360262015676, num_of_obs(calculated after picking at this round): 3, privacy reward: 0.8869204367171574, g: -0.03407657785949535, curr_delay = 0.18881991096455875
user 13, emp_avg: 0.3779078071413874, h: 3.1075114600922396, ucb: 3.715817703037791, num_of_obs(calculated after picking at this round): 2, privacy reward: 0.9231163463866358, g: 0.024700882700966893, curr_delay = 0.33896151510058536
user 20, emp_avg: 0.06316350801366252, h: 1.7941225779941015, ucb: 1.8576725977960549, num_of_obs(calculated after picking at this round): 4, privacy reward: 0.8521437889662112, g: -0.005146755880091248, curr_delay = 0.8063999428426266
user 29, emp_avg: 0.05471715898579544, h: 0, ucb: inf, num_of_obs(calculated after picking at this round): 1, privacy reward: 0.9607894391523232, g: 0.0016453821154053586, curr_delay = 0.9137901332373632
num of fast users chosen: 3, num of slow users chosen: 2
max_delay = 0.91 seconds
global epoch 5 has been done artifficialy in 0.91 secs, the total time by now is 4.27 
 with avg train loss 0.587, val loss 2.455, avg val acc 11.35%
iteration: 6
user 8, emp_avg: 0.6000797288884867, h: 3.2788041745990766, ucb: 3.9031125116780307, num_of_obs(calculated after picking at this round): 2, privacy reward: 0.9231163463866358, g: 0.08345772491840286, curr_delay = 0.0868279980759478
user 17, emp_avg: 0.06588702757760592, h: 0, ucb: inf, num_of_obs(calculated after picking at this round): 1, privacy reward: 0.9607894391523232, g: 0.060097543903001864, curr_delay = 0.758874726001364
user 25, emp_avg: 0.06282245498123837, h: 3.2788041745990766, ucb: 3.3404169133337387, num_of_obs(calculated after picking at this round): 2, privacy reward: 0.9231163463866358, g: -0.0012759170724415626, curr_delay = 0.780857482125807
user 26, emp_avg: 0.05976137476712256, h: 3.2788041745990766, ucb: 3.3357596128500635, num_of_obs(calculated after picking at this round): 2, privacy reward: 0.9231163463866358, g: -0.013338977455306768, curr_delay = 0.7991393424856845
user 27, emp_avg: 0.05672619760571592, h: 3.2788041745990766, ucb: 3.337941869654603, num_of_obs(calculated after picking at this round): 2, privacy reward: 0.9231163463866358, g: 0.0234578113480212, curr_delay = 0.9205610977595303
num of fast users chosen: 1, num of slow users chosen: 4
max_delay = 0.92 seconds
global epoch 6 has been done artifficialy in 0.92 secs, the total time by now is 5.19 
 with avg train loss 0.591, val loss 2.575, avg val acc 11.35%
iteration: 7
user 4, emp_avg: 0.7043630413233741, h: 3.416937355927363, ucb: 3.8256634385741113, num_of_obs(calculated after picking at this round): 2, privacy reward: 0.9231163463866358, g: -0.00457774118617348, curr_delay = 0.05
user 5, emp_avg: 0.40674842625930474, h: 0, ucb: inf, num_of_obs(calculated after picking at this round): 1, privacy reward: 0.9607894391523232, g: 0.02021503918379174, curr_delay = 0.12292610560249514
user 10, emp_avg: 0.285509498713442, h: 1.9727697022487511, ucb: 2.259832963095966, num_of_obs(calculated after picking at this round): 4, privacy reward: 0.8521437889662112, g: -0.04544138571761247, curr_delay = 0.178032110613658
user 20, emp_avg: 0.06558971498729482, h: 1.7084686779636815, ucb: 1.771632185977344, num_of_obs(calculated after picking at this round): 5, privacy reward: 0.8187307530779817, g: -0.0018636027503060612, curr_delay = 0.6640587496291174
user 27, emp_avg: 0.058391315044592294, h: 2.4161395752658703, ucb: 2.4728657728715864, num_of_obs(calculated after picking at this round): 3, privacy reward: 0.8869204367171574, g: 0.001163615724424753, curr_delay = 0.8100898318805587
num of fast users chosen: 3, num of slow users chosen: 2
max_delay = 0.81 seconds
global epoch 7 has been done artifficialy in 0.81 secs, the total time by now is 6.00 
 with avg train loss 0.566, val loss 2.493, avg val acc 18.71%
iteration: 8
user 2, emp_avg: 0.8726209732538619, h: 0, ucb: inf, num_of_obs(calculated after picking at this round): 1, privacy reward: 0.9607894391523232, g: 0.016022073319681834, curr_delay = 0.05729864572651529
user 3, emp_avg: 1.0, h: 0, ucb: inf, num_of_obs(calculated after picking at this round): 1, privacy reward: 0.9607894391523232, g: 0.011610664319106572, curr_delay = 0.05
user 18, emp_avg: 0.06794718007297892, h: 3.5322300675464238, ucb: 3.601621228390407, num_of_obs(calculated after picking at this round): 2, privacy reward: 0.9231163463866358, g: 0.006618284314371862, curr_delay = 0.7518435282032431
user 20, emp_avg: 0.0642138320159437, h: 1.5796613086404954, ucb: 1.6452510236277902, num_of_obs(calculated after picking at this round): 6, privacy reward: 0.7866278610665532, g: -0.009358800582939005, curr_delay = 0.8720765375738597
user 27, emp_avg: 0.05726259151291388, h: 2.039333980337618, ucb: 2.0977252953822103, num_of_obs(calculated after picking at this round): 4, privacy reward: 0.8521437889662112, g: -0.003044159482917893, curr_delay = 0.9280497692341648
num of fast users chosen: 2, num of slow users chosen: 3
max_delay = 0.93 seconds
global epoch 8 has been done artifficialy in 0.93 secs, the total time by now is 6.93 
 with avg train loss 0.555, val loss 2.570, avg val acc 11.35%
iteration: 9
user 5, emp_avg: 0.35550493655596926, h: 3.63088797183517, ucb: 4.037636398094475, num_of_obs(calculated after picking at this round): 2, privacy reward: 0.9231163463866358, g: 0.0009652511171348868, curr_delay = 0.16433235468119314
user 20, emp_avg: 0.06403019480585288, h: 1.4823038073675112, ucb: 1.546517639383455, num_of_obs(calculated after picking at this round): 7, privacy reward: 0.7557837414557252, g: -0.01915665286546303, curr_delay = 0.7945541696403241
user 21, emp_avg: 0.0673465798856179, h: 3.63088797183517, ucb: 3.696059791361287, num_of_obs(calculated after picking at this round): 2, privacy reward: 0.9231163463866358, g: 0.008913183784957824, curr_delay = 0.719203626162983
user 26, emp_avg: 0.05947398110335848, h: 2.567425506613319, ucb: 2.6271868813804415, num_of_obs(calculated after picking at this round): 3, privacy reward: 0.8869204367171574, g: -0.02925811843251915, curr_delay = 0.8489080545024003
user 27, emp_avg: 0.05640968389290896, h: 1.815443985917585, ucb: 1.872706577430499, num_of_obs(calculated after picking at this round): 5, privacy reward: 0.8187307530779817, g: -0.015529732318006908, curr_delay = 0.94343087679971
num of fast users chosen: 1, num of slow users chosen: 4
max_delay = 0.94 seconds
global epoch 9 has been done artifficialy in 0.94 secs, the total time by now is 7.87 
 with avg train loss 0.532, val loss 2.516, avg val acc 19.26%
iteration: 10
user 0, emp_avg: 0.47405509786949873, h: 0, ucb: inf, num_of_obs(calculated after picking at this round): 1, privacy reward: 0.9607894391523232, g: 0.011926586339476714, curr_delay = 0.10547297186489567
user 2, emp_avg: 0.7683305494784455, h: 3.7169221888498387, ucb: 4.5895431621037, num_of_obs(calculated after picking at this round): 2, privacy reward: 0.9231163463866358, g: 0.0007064075613559556, curr_delay = 0.07529665462168308
user 7, emp_avg: 0.3239411387285998, h: 2.628260884878466, ucb: 2.937521244781804, num_of_obs(calculated after picking at this round): 3, privacy reward: 0.8869204367171574, g: 0.011168461832787639, curr_delay = 0.1415217050773534
user 8, emp_avg: 0.577266320855361, h: 2.628260884878466, ucb: 3.228340613766953, num_of_obs(calculated after picking at this round): 3, privacy reward: 0.8869204367171574, g: 0.06530946890960143, curr_delay = 0.09404869192298637
user 18, emp_avg: 0.06687598344061084, h: 2.628260884878466, ucb: 2.696208064951445, num_of_obs(calculated after picking at this round): 3, privacy reward: 0.8869204367171574, g: 4.035855562994877e-05, curr_delay = 0.7723965234147376
num of fast users chosen: 4, num of slow users chosen: 1
max_delay = 0.77 seconds
global epoch 10 has been done artifficialy in 0.77 secs, the total time by now is 8.64 
 with avg train loss 0.519, val loss 2.597, avg val acc 11.35%
iteration: 11
user 1, emp_avg: 0.5353037888998556, h: 2.6821047366564774, ucb: 3.2472681470416322, num_of_obs(calculated after picking at this round): 3, privacy reward: 0.8869204367171574, g: -9.785468413403648e-05, curr_delay = 0.10513377784869707
user 8, emp_avg: 0.49319168986715367, h: 2.189929347170073, ucb: 2.767195668025434, num_of_obs(calculated after picking at this round): 4, privacy reward: 0.8521437889662112, g: 0.03342677260389695, curr_delay = 0.20749660594782438
user 11, emp_avg: 0.39396391541442155, h: 0, ucb: inf, num_of_obs(calculated after picking at this round): 1, privacy reward: 0.9607894391523232, g: 0.010623921849305785, curr_delay = 0.12691517685675252
user 18, emp_avg: 0.06613950978079706, h: 2.189929347170073, ucb: 2.2568053306106837, num_of_obs(calculated after picking at this round): 4, privacy reward: 0.8521437889662112, g: -0.004405565533378835, curr_delay = 0.7821043414371053
user 27, emp_avg: 0.05600160502238318, h: 1.6963119781921145, ucb: 1.7527216620850234, num_of_obs(calculated after picking at this round): 6, privacy reward: 0.7866278610665532, g: -0.01814930507932748, curr_delay = 0.926591516005875
num of fast users chosen: 3, num of slow users chosen: 2
max_delay = 0.93 seconds
global epoch 11 has been done artifficialy in 0.93 secs, the total time by now is 9.57 
 with avg train loss 0.506, val loss 2.548, avg val acc 11.35%
iteration: 12
user 4, emp_avg: 0.5747556734280554, h: 2.730333303712937, ucb: 3.4346963450363113, num_of_obs(calculated after picking at this round): 3, privacy reward: 0.8869204367171574, g: -0.00836649207160174, curr_delay = 0.15845804469736993
user 10, emp_avg: 0.30240465397534333, h: 1.9306371939548872, ucb: 2.216146692668329, num_of_obs(calculated after picking at this round): 5, privacy reward: 0.8187307530779817, g: -0.013907899206428351, curr_delay = 0.1351405133539401
user 20, emp_avg: 0.06446858891356853, h: 1.4594245391703442, ucb: 1.523454733976197, num_of_obs(calculated after picking at this round): 8, privacy reward: 0.7261490370736907, g: -0.003033170522637198, curr_delay = 0.7403311164380081
user 21, emp_avg: 0.06908011457118418, h: 2.730333303712937, ucb: 2.797679883598555, num_of_obs(calculated after picking at this round): 3, privacy reward: 0.8869204367171574, g: 0.001509641384292991, curr_delay = 0.6892066277824884
user 27, emp_avg: 0.05695253695163994, h: 1.5763586678760644, ucb: 1.6323602728984477, num_of_obs(calculated after picking at this round): 7, privacy reward: 0.7557837414557252, g: -0.032462635030522574, curr_delay = 0.7979810628769493
num of fast users chosen: 2, num of slow users chosen: 3
max_delay = 0.80 seconds
global epoch 12 has been done artifficialy in 0.80 secs, the total time by now is 10.37 
 with avg train loss 0.502, val loss 2.467, avg val acc 11.35%
iteration: 13
user 0, emp_avg: 0.7370275489347493, h: 3.9229703216783607, ucb: 4.39702541954786, num_of_obs(calculated after picking at this round): 2, privacy reward: 0.9231163463866358, g: 0.0010423751109173846, curr_delay = 0.05
user 2, emp_avg: 0.6393846958259074, h: 2.7739589168523406, ucb: 3.5422894663307862, num_of_obs(calculated after picking at this round): 3, privacy reward: 0.8869204367171574, g: -0.0007435342832041521, curr_delay = 0.13106400773934476
user 8, emp_avg: 0.43839214800964565, h: 1.9614851608391803, ucb: 2.454676850706334, num_of_obs(calculated after picking at this round): 5, privacy reward: 0.8187307530779817, g: 0.02186401853008123, curr_delay = 0.22810845383520667
user 17, emp_avg: 0.06652280031148936, h: 3.9229703216783607, ucb: 3.9888573492559667, num_of_obs(calculated after picking at this round): 2, privacy reward: 0.9231163463866358, g: 0.028299626115987367, curr_delay = 0.7445065869136268
user 27, emp_avg: 0.05694178286253308, h: 1.4827434102640003, ucb: 1.5396959472156402, num_of_obs(calculated after picking at this round): 8, privacy reward: 0.7261490370736907, g: -0.04780145590907549, curr_delay = 0.8792522183190247
num of fast users chosen: 3, num of slow users chosen: 2
max_delay = 0.88 seconds
global epoch 13 has been done artifficialy in 0.88 secs, the total time by now is 11.25 
 with avg train loss 0.479, val loss 2.456, avg val acc 11.35%
iteration: 14
user 1, emp_avg: 0.4976863615840479, h: 2.2974147773596556, ucb: 2.832718566259511, num_of_obs(calculated after picking at this round): 4, privacy reward: 0.8521437889662112, g: -0.0017943429236124944, curr_delay = 0.12992612308975332
user 3, emp_avg: 0.7661395406868534, h: 3.979239120446464, ucb: 4.979239120446464, num_of_obs(calculated after picking at this round): 2, privacy reward: 0.9231163463866358, g: 0.0013194490457361845, curr_delay = 0.09393568477453579
user 8, emp_avg: 0.5319934566747048, h: 1.7795698344089534, ucb: 2.217961982418599, num_of_obs(calculated after picking at this round): 6, privacy reward: 0.7866278610665532, g: 0.009685377657224626, curr_delay = 0.05
user 17, emp_avg: 0.06604491507819972, h: 2.8137469660304877, ucb: 2.880269766341977, num_of_obs(calculated after picking at this round): 3, privacy reward: 0.8869204367171574, g: 0.010463420289127221, curr_delay = 0.7681772482699587
user 27, emp_avg: 0.056886927669280704, h: 1.4068734830152438, ucb: 1.463815265877777, num_of_obs(calculated after picking at this round): 9, privacy reward: 0.6976763260710308, g: -0.06330380473119462, curr_delay = 0.8857696236293735
num of fast users chosen: 3, num of slow users chosen: 2
max_delay = 0.89 seconds
global epoch 14 has been done artifficialy in 0.89 secs, the total time by now is 12.13 
 with avg train loss 0.419, val loss 2.673, avg val acc 11.35%
iteration: 15
user 0, emp_avg: 0.8246850326231662, h: 2.8502895648173414, ucb: 3.587317113752091, num_of_obs(calculated after picking at this round): 3, privacy reward: 0.8869204367171574, g: -0.0005819877313413987, curr_delay = 0.05
user 7, emp_avg: 0.41929207527817414, h: 2.3272516843273356, ucb: 2.6511928230559354, num_of_obs(calculated after picking at this round): 4, privacy reward: 0.8521437889662112, g: 0.011168461832787639, curr_delay = 0.07088730785250123
user 8, emp_avg: 0.49494297515407926, h: 1.6456154475156735, ucb: 2.1776089041903783, num_of_obs(calculated after picking at this round): 7, privacy reward: 0.7557837414557252, g: 0.0030865995234595203, curr_delay = 0.18339196091083418
user 10, emp_avg: 0.3214691792571357, h: 1.802681403166586, ucb: 2.1050860571419294, num_of_obs(calculated after picking at this round): 6, privacy reward: 0.7866278610665532, g: -0.013907899206428351, curr_delay = 0.11996397078894652
user 25, emp_avg: 0.0619951153541316, h: 2.8502895648173414, ucb: 2.9131120197985796, num_of_obs(calculated after picking at this round): 3, privacy reward: 0.8869204367171574, g: -5.696089075987226e-06, curr_delay = 0.8286317307552225
num of fast users chosen: 4, num of slow users chosen: 1
max_delay = 0.83 seconds
global epoch 15 has been done artifficialy in 0.83 secs, the total time by now is 12.96 
 with avg train loss 0.462, val loss 2.451, avg val acc 11.35%
iteration: 16
user 7, emp_avg: 0.3861396786128494, h: 2.039333980337618, ucb: 2.4586260556157917, num_of_obs(calculated after picking at this round): 5, privacy reward: 0.8187307530779817, g: 0.0031003674762881493, curr_delay = 0.19721524815900343
user 8, emp_avg: 0.4679116545341209, h: 1.5415915863362348, ucb: 2.0365345614903143, num_of_obs(calculated after picking at this round): 8, privacy reward: 0.7261490370736907, g: 0.0003260615135579132, curr_delay = 0.17940926329899193
user 11, emp_avg: 0.3619818338320667, h: 4.078667960675236, ucb: 4.4726318760896575, num_of_obs(calculated after picking at this round): 2, privacy reward: 0.9231163463866358, g: 0.0016461205107165563, curr_delay = 0.15151526526651707
user 19, emp_avg: 0.06850285411380598, h: 0, ucb: inf, num_of_obs(calculated after picking at this round): 1, privacy reward: 0.9607894391523232, g: 0.07822024335888199, curr_delay = 0.7298965955043771
user 25, emp_avg: 0.061077590054893806, h: 2.3548200450309493, ucb: 2.416815160385081, num_of_obs(calculated after picking at this round): 4, privacy reward: 0.8521437889662112, g: -0.0031982774092672705, curr_delay = 0.8572651155343866
num of fast users chosen: 3, num of slow users chosen: 2
max_delay = 0.86 seconds
global epoch 16 has been done artifficialy in 0.86 secs, the total time by now is 13.82 
 with avg train loss 0.460, val loss 2.738, avg val acc 11.35%
iteration: 17
user 2, emp_avg: 0.5911810158780444, h: 2.380425736735434, ucb: 3.019810432561341, num_of_obs(calculated after picking at this round): 4, privacy reward: 0.8521437889662112, g: -0.002489237552393953, curr_delay = 0.1119645356456795
user 3, emp_avg: 0.633121061686964, h: 2.9154142127952674, ucb: 3.6815537534821208, num_of_obs(calculated after picking at this round): 3, privacy reward: 0.8869204367171574, g: -9.789650355040172e-05, curr_delay = 0.1362085677308654
user 7, emp_avg: 0.3662201505150926, h: 1.8438698470519712, ucb: 2.2300095256648205, num_of_obs(calculated after picking at this round): 6, privacy reward: 0.7866278610665532, g: 0.0001337098260896353, curr_delay = 0.18753105277970092
user 8, emp_avg: 0.4815555121218867, h: 1.4577071063976337, ucb: 1.9256187609317545, num_of_obs(calculated after picking at this round): 9, privacy reward: 0.6976763260710308, g: -0.00022593281970009155, curr_delay = 0.08464442284745138
user 17, emp_avg: 0.06625229183802696, h: 2.380425736735434, ucb: 2.4464706518136334, num_of_obs(calculated after picking at this round): 4, privacy reward: 0.8521437889662112, g: 0.004716587446712818, curr_delay = 0.7476700121930369
num of fast users chosen: 4, num of slow users chosen: 1
max_delay = 0.75 seconds
global epoch 17 has been done artifficialy in 0.75 secs, the total time by now is 14.57 
 with avg train loss 0.428, val loss 2.517, avg val acc 11.35%
iteration: 18
user 5, emp_avg: 0.4094019681440875, h: 2.944675750178361, ucb: 3.30018068673433, num_of_obs(calculated after picking at this round): 3, privacy reward: 0.8869204367171574, g: 0.0009652511171348868, curr_delay = 0.09667514244523007
user 7, emp_avg: 0.3621724305418306, h: 1.7001093370416398, ucb: 2.0663294875567324, num_of_obs(calculated after picking at this round): 7, privacy reward: 0.7557837414557252, g: -0.0007646546599001058, curr_delay = 0.14797885564482233
user 16, emp_avg: 0.07380256485311983, h: 0, ucb: inf, num_of_obs(calculated after picking at this round): 1, privacy reward: 0.9607894391523232, g: 0.003004407163244016, curr_delay = 0.6774832297428803
user 20, emp_avg: 0.06471919048029158, h: 1.4723378750891805, ucb: 1.536806464002749, num_of_obs(calculated after picking at this round): 9, privacy reward: 0.6976763260710308, g: 0.007024897482124986, curr_delay = 0.7493555203732623
user 21, emp_avg: 0.06802208611534677, h: 2.4043176819614183, ucb: 2.4733977965326024, num_of_obs(calculated after picking at this round): 4, privacy reward: 0.8521437889662112, g: 0.001509641384292991, curr_delay = 0.7710337932302355
num of fast users chosen: 2, num of slow users chosen: 3
max_delay = 0.77 seconds
global epoch 18 has been done artifficialy in 0.77 secs, the total time by now is 15.34 
 with avg train loss 0.482, val loss 2.457, avg val acc 11.35%
iteration: 19
user 6, emp_avg: 0.24120806050190186, h: 4.203169503481705, ucb: 4.4830223141792205, num_of_obs(calculated after picking at this round): 2, privacy reward: 0.9231163463866358, g: 0.0006651664127997677, curr_delay = 0.2468364084512487
user 8, emp_avg: 0.46608971346746514, h: 1.4010565011605682, ucb: 1.8826120132824549, num_of_obs(calculated after picking at this round): 10, privacy reward: 0.670320046035639, g: -0.00032858947260945256, curr_delay = 0.15295313083708234
user 13, emp_avg: 0.33436614607415166, h: 2.9720896583884073, ucb: 3.349997465529795, num_of_obs(calculated after picking at this round): 3, privacy reward: 0.8869204367171574, g: 0.06345461094424973, curr_delay = 0.2021976261974285
user 17, emp_avg: 0.06607246357074807, h: 2.1015847517408526, ucb: 2.1678370435788796, num_of_obs(calculated after picking at this round): 5, privacy reward: 0.8187307530779817, g: 0.0011986612998878257, curr_delay = 0.7650740571221731
user 21, emp_avg: 0.06766945768423208, h: 2.1015847517408526, ucb: 2.1696068378561995, num_of_obs(calculated after picking at this round): 5, privacy reward: 0.8187307530779817, g: -2.5055483696305096e-05, curr_delay = 0.7546151057034006
num of fast users chosen: 3, num of slow users chosen: 2
max_delay = 0.77 seconds
global epoch 19 has been done artifficialy in 0.77 secs, the total time by now is 16.10 
 with avg train loss 0.429, val loss 2.543, avg val acc 11.35%
iteration: 20
user 5, emp_avg: 0.5570514761080656, h: 2.4477468306808166, ucb: 2.857148798824904, num_of_obs(calculated after picking at this round): 4, privacy reward: 0.8521437889662112, g: -6.115862713832064e-05, curr_delay = 0.05
user 6, emp_avg: 0.3449627224516651, h: 2.997865377341346, ucb: 3.239073437843248, num_of_obs(calculated after picking at this round): 3, privacy reward: 0.8869204367171574, g: -0.0004655928533590907, curr_delay = 0.09050231650673664
user 8, emp_avg: 0.47589862148773376, h: 1.3406861542256616, ucb: 1.8067758676931267, num_of_obs(calculated after picking at this round): 11, privacy reward: 0.6440364210831411, g: -0.001975164830388564, curr_delay = 0.08710988032103772
user 10, emp_avg: 0.31159446656021605, h: 1.7308183826022854, ucb: 2.052287561859421, num_of_obs(calculated after picking at this round): 7, privacy reward: 0.7557837414557252, g: -0.0071568932132281965, curr_delay = 0.19814049867352684
user 27, emp_avg: 0.056253174341333104, h: 1.4132072916016227, ucb: 1.4700942192709034, num_of_obs(calculated after picking at this round): 10, privacy reward: 0.670320046035639, g: -0.016945244811480707, curr_delay = 0.9891315336922116
num of fast users chosen: 4, num of slow users chosen: 1
max_delay = 0.99 seconds
global epoch 20 has been done artifficialy in 0.99 secs, the total time by now is 17.09 
 with avg train loss 0.432, val loss 2.759, avg val acc 11.35%
iteration: 21
user 6, emp_avg: 0.35632660073979794, h: 2.467599010262171, ucb: 2.812561732713836, num_of_obs(calculated after picking at this round): 4, privacy reward: 0.8521437889662112, g: -0.004151836181426905, curr_delay = 0.12806778843877997
user 19, emp_avg: 0.06947295573489345, h: 4.274006858480756, ucb: 4.342509712594562, num_of_obs(calculated after picking at this round): 2, privacy reward: 0.9231163463866358, g: 0.05385173878913585, curr_delay = 0.7097931560143276
user 20, emp_avg: 0.06515318287001011, h: 1.4246689528269185, ucb: 1.48938814330721, num_of_obs(calculated after picking at this round): 10, privacy reward: 0.670320046035639, g: 0.009937633019747476, curr_delay = 0.7240173936592964
user 21, emp_avg: 0.06731290091541928, h: 1.9113939743726587, ucb: 1.9790634320568907, num_of_obs(calculated after picking at this round): 6, privacy reward: 0.7866278610665532, g: -0.0010610959394472745, curr_delay = 0.7630079455764642
user 25, emp_avg: 0.06116033965616663, h: 2.137003429240378, ucb: 2.1980810192952718, num_of_obs(calculated after picking at this round): 5, privacy reward: 0.8187307530779817, g: -0.0035437619925326198, curr_delay = 0.8131226539612748
num of fast users chosen: 1, num of slow users chosen: 4
max_delay = 0.81 seconds
global epoch 21 has been done artifficialy in 0.81 secs, the total time by now is 17.90 
 with avg train loss 0.431, val loss 2.473, avg val acc 11.35%
iteration: 22
user 0, emp_avg: 0.8120505436952715, h: 2.48637987980852, ucb: 3.311064912431686, num_of_obs(calculated after picking at this round): 4, privacy reward: 0.8521437889662112, g: -0.0007373790852887362, curr_delay = 0.06458721022298754
user 7, emp_avg: 0.37841048958813833, h: 1.6277177150911069, ucb: 1.9898901456329374, num_of_obs(calculated after picking at this round): 8, privacy reward: 0.7261490370736907, g: -0.00015627186618553596, curr_delay = 0.10161013391216202
user 8, emp_avg: 0.4805212494946208, h: 1.298469543877431, ucb: 1.7743681653651646, num_of_obs(calculated after picking at this round): 12, privacy reward: 0.6187833918061405, g: -0.001975164830388564, curr_delay = 0.09409636444135022
user 18, emp_avg: 0.06491673980168065, h: 2.153268139372678, ucb: 2.219407649153475, num_of_obs(calculated after picking at this round): 5, privacy reward: 0.8187307530779817, g: 0.0006019493731761976, curr_delay = 0.8329770983878104
user 25, emp_avg: 0.06059012538429093, h: 1.9259415733687197, ucb: 1.9871019130248864, num_of_obs(calculated after picking at this round): 6, privacy reward: 0.7866278610665532, g: -0.009278706371857393, curr_delay = 0.8659650014083491
num of fast users chosen: 3, num of slow users chosen: 2
max_delay = 0.87 seconds
global epoch 22 has been done artifficialy in 0.87 secs, the total time by now is 18.77 
 with avg train loss 0.439, val loss 2.900, avg val acc 11.35%
iteration: 23
user 19, emp_avg: 0.06805945557826894, h: 3.0669989644255584, ucb: 3.136471920160452, num_of_obs(calculated after picking at this round): 3, privacy reward: 0.8869204367171574, g: 0.03714188493761364, curr_delay = 0.7664896223339285
user 20, emp_avg: 0.06487689265393431, h: 1.3716036342754017, ucb: 1.4367568171454117, num_of_obs(calculated after picking at this round): 11, privacy reward: 0.6440364210831411, g: 0.008737855537641828, curr_delay = 0.8049716272132412
user 21, emp_avg: 0.06647884801829233, h: 1.7707326777153998, ucb: 1.838045578630819, num_of_obs(calculated after picking at this round): 7, privacy reward: 0.7557837414557252, g: -0.0030634890772355374, curr_delay = 0.8133449655181473
user 24, emp_avg: 0.06263490072973081, h: 0, ucb: inf, num_of_obs(calculated after picking at this round): 1, privacy reward: 0.9607894391523232, g: 0.003050187946362987, curr_delay = 0.7982769896251561
user 27, emp_avg: 0.05624058734350734, h: 1.3716036342754017, ucb: 1.4278568086167347, num_of_obs(calculated after picking at this round): 11, privacy reward: 0.6440364210831411, g: -0.013214999395099337, curr_delay = 0.8910318424051009
num of fast users chosen: 0, num of slow users chosen: 5
max_delay = 0.89 seconds
global epoch 23 has been done artifficialy in 0.89 secs, the total time by now is 19.66 
 with avg train loss 0.411, val loss 2.534, avg val acc 11.35%
iteration: 24
user 5, emp_avg: 0.5259809983591285, h: 2.1833645470974195, ucb: 2.7404160232054853, num_of_obs(calculated after picking at this round): 5, privacy reward: 0.8187307530779817, g: -0.0005996163430657181, curr_delay = 0.1244712810481684
user 6, emp_avg: 0.3730558790659577, h: 2.1833645470974195, ucb: 2.5396911478372175, num_of_obs(calculated after picking at this round): 5, privacy reward: 0.8187307530779817, g: -0.007787050728766167, curr_delay = 0.11364333917542861
user 13, emp_avg: 0.3197945714639709, h: 2.5211322180115605, ucb: 2.855498364085712, num_of_obs(calculated after picking at this round): 4, privacy reward: 0.8521437889662112, g: 0.05390065440233773, curr_delay = 0.18110702548050042
user 18, emp_avg: 0.06579688288489656, h: 1.9528606187891482, ucb: 2.0177773585908287, num_of_obs(calculated after picking at this round): 6, privacy reward: 0.7866278610665532, g: -3.922360214180842e-06, curr_delay = 0.712275080774448
user 20, emp_avg: 0.0652097844611143, h: 1.3166183605975257, ucb: 1.38149525325146, num_of_obs(calculated after picking at this round): 12, privacy reward: 0.6187833918061405, g: 0.004889613675065095, curr_delay = 0.7259887110075525
num of fast users chosen: 3, num of slow users chosen: 2
max_delay = 0.73 seconds
global epoch 24 has been done artifficialy in 0.73 secs, the total time by now is 20.39 
 with avg train loss 0.426, val loss 2.713, avg val acc 11.35%
iteration: 25
user 1, emp_avg: 0.5109047619625631, h: 2.197342426046132, ucb: 2.69502878763018, num_of_obs(calculated after picking at this round): 5, privacy reward: 0.8187307530779817, g: 0.00014223017162009623, curr_delay = 0.08868733395809568
user 3, emp_avg: 0.724840796265223, h: 2.537272482359039, ucb: 3.170393544046003, num_of_obs(calculated after picking at this round): 4, privacy reward: 0.8521437889662112, g: -0.00014999408841574882, curr_delay = 0.05
user 13, emp_avg: 0.31070065463413754, h: 2.197342426046132, ucb: 2.517136997510103, num_of_obs(calculated after picking at this round): 5, privacy reward: 0.8187307530779817, g: 0.03887409427503134, curr_delay = 0.18226556935049468
user 18, emp_avg: 0.06547084689399163, h: 1.7941225779941015, ucb: 1.859919460878998, num_of_obs(calculated after picking at this round): 7, privacy reward: 0.7557837414557252, g: -0.0011321314843009281, curr_delay = 0.7872201924701884
user 20, emp_avg: 0.06521744582441794, h: 1.2686362411795196, ucb: 1.333846025640634, num_of_obs(calculated after picking at this round): 13, privacy reward: 0.5945205479701939, g: 0.002328941306422036, curr_delay = 0.7655867859702742
num of fast users chosen: 3, num of slow users chosen: 2
max_delay = 0.79 seconds
global epoch 25 has been done artifficialy in 0.79 secs, the total time by now is 21.17 
 with avg train loss 0.392, val loss 2.882, avg val acc 11.35%
iteration: 26
user 1, emp_avg: 0.5108385604107961, h: 1.9773001405011275, ucb: 2.4882049024636905, num_of_obs(calculated after picking at this round): 6, privacy reward: 0.7866278610665532, g: -0.00041541219250376996, curr_delay = 0.0979417439375036
user 8, emp_avg: 0.46624698411513515, h: 1.276341752435742, ucb: 1.7568630019303628, num_of_obs(calculated after picking at this round): 13, privacy reward: 0.5945205479701939, g: -3.577580701348932e-05, curr_delay = 0.16951692448280653
user 13, emp_avg: 0.2959427747321488, h: 1.9773001405011275, ucb: 2.288000795135265, num_of_obs(calculated after picking at this round): 6, privacy reward: 0.7866278610665532, g: 0.02717797960130473, curr_delay = 0.22506972919042229
user 18, emp_avg: 0.06553235801089288, h: 1.6711236266198215, ucb: 1.7365944735138132, num_of_obs(calculated after picking at this round): 8, privacy reward: 0.7261490370736907, g: -0.003953634186613744, curr_delay = 0.7580014347673268
user 22, emp_avg: 0.06407651093700745, h: 4.4213775260804065, ucb: 4.486934675435694, num_of_obs(calculated after picking at this round): 2, privacy reward: 0.9231163463866358, g: 0.0016302936300250125, curr_delay = 0.798774711304505
num of fast users chosen: 3, num of slow users chosen: 2
max_delay = 0.80 seconds
global epoch 26 has been done artifficialy in 0.80 secs, the total time by now is 21.97 
 with avg train loss 0.417, val loss 2.464, avg val acc 11.35%
iteration: 27
user 6, emp_avg: 0.37574933252280546, h: 1.988719245948305, ucb: 2.3617751250142627, num_of_obs(calculated after picking at this round): 6, privacy reward: 0.7866278610665532, g: -0.011398292456845637, curr_delay = 0.1284631745531606
user 8, emp_avg: 0.46159369377649245, h: 1.233351319218244, ucb: 1.699598303333379, num_of_obs(calculated after picking at this round): 14, privacy reward: 0.5712090638488144, g: -0.0006720697461150092, curr_delay = 0.1246569069899369
user 13, emp_avg: 0.28671318117781663, h: 1.815443985917585, ucb: 2.111386760649734, num_of_obs(calculated after picking at this round): 7, privacy reward: 0.7557837414557252, g: 0.01820959232031381, curr_delay = 0.21613619222161404
user 19, emp_avg: 0.06821771155277052, h: 2.567425506613319, ucb: 2.6354849621915877, num_of_obs(calculated after picking at this round): 4, privacy reward: 0.8521437889662112, g: 0.028415073084148063, curr_delay = 0.7278817183658192
user 25, emp_avg: 0.059824101991611554, h: 1.815443985917585, ucb: 1.876034111301876, num_of_obs(calculated after picking at this round): 7, privacy reward: 0.7557837414557252, g: -0.008331223649655793, curr_delay = 0.905338500992738
num of fast users chosen: 3, num of slow users chosen: 2
max_delay = 0.91 seconds
global epoch 27 has been done artifficialy in 0.91 secs, the total time by now is 22.88 
 with avg train loss 0.393, val loss 2.360, avg val acc 11.35%
iteration: 28
user 6, emp_avg: 0.3857331734993389, h: 1.8254326912201402, ucb: 2.2011820237429456, num_of_obs(calculated after picking at this round): 7, privacy reward: 0.7557837414557252, g: -0.018458840367662377, curr_delay = 0.1121991387324202
user 10, emp_avg: 0.30522885166091507, h: 1.6900222763135073, ucb: 2.0016167428737233, num_of_obs(calculated after picking at this round): 8, privacy reward: 0.7261490370736907, g: -0.0011970508900946291, curr_delay = 0.19181373699104542
user 20, emp_avg: 0.06508466039552835, h: 1.240137308187197, ucb: 1.3053547540116148, num_of_obs(calculated after picking at this round): 14, privacy reward: 0.5712090638488144, g: 0.004092594840142219, curr_delay = 0.7891607219254508
user 21, emp_avg: 0.06541864814487937, h: 1.6900222763135073, ucb: 1.7565011243317996, num_of_obs(calculated after picking at this round): 8, privacy reward: 0.7261490370736907, g: -0.001978401857369815, curr_delay = 0.8621098558189271
user 27, emp_avg: 0.05628556216952083, h: 1.3481713898682177, ucb: 1.404411977211725, num_of_obs(calculated after picking at this round): 12, privacy reward: 0.6187833918061405, g: -0.005333533540738969, curr_delay = 0.8805873336997317
num of fast users chosen: 2, num of slow users chosen: 3
max_delay = 0.88 seconds
global epoch 28 has been done artifficialy in 0.88 secs, the total time by now is 23.76 
 with avg train loss 0.412, val loss 2.520, avg val acc 11.35%
iteration: 29
user 8, emp_avg: 0.4454032916530236, h: 1.201302120317748, ucb: 1.6628958140942405, num_of_obs(calculated after picking at this round): 15, privacy reward: 0.5488116360940261, g: -0.0007399187310964, curr_delay = 0.22858432132856618
user 12, emp_avg: 0.19630820872527172, h: 0, ucb: inf, num_of_obs(calculated after picking at this round): 1, privacy reward: 0.9607894391523232, g: 0.013089496118609363, curr_delay = 0.2547015243258305
user 13, emp_avg: 0.2828521485221106, h: 1.698897751060915, ucb: 1.9856109322387314, num_of_obs(calculated after picking at this round): 8, privacy reward: 0.7261490370736907, g: 0.013406359431720676, curr_delay = 0.19544616690687325
user 17, emp_avg: 0.06572632170517033, h: 2.0101629277209767, ucb: 2.076235391291725, num_of_obs(calculated after picking at this round): 6, privacy reward: 0.7866278610665532, g: 0.005290265445964433, curr_delay = 0.78130356351977
user 22, emp_avg: 0.06322859679822494, h: 3.1783466598153547, ucb: 3.242423170752362, num_of_obs(calculated after picking at this round): 3, privacy reward: 0.8869204367171574, g: 9.747446984489107e-05, curr_delay = 0.8125751725799929
num of fast users chosen: 3, num of slow users chosen: 2
max_delay = 0.81 seconds
global epoch 29 has been done artifficialy in 0.81 secs, the total time by now is 24.57 
 with avg train loss 0.394, val loss 2.544, avg val acc 11.43%
iteration: 30
user 0, emp_avg: 0.7921549574202889, h: 2.2587155802564505, ucb: 3.070766123951722, num_of_obs(calculated after picking at this round): 5, privacy reward: 0.8187307530779817, g: -0.0005819877313413987, curr_delay = 0.07016828760396002
user 13, emp_avg: 0.2747990653270526, h: 1.5971531035710436, ucb: 1.880005252093154, num_of_obs(calculated after picking at this round): 9, privacy reward: 0.6976763260710308, g: 0.008189974521970598, curr_delay = 0.23767150402080878
user 19, emp_avg: 0.06698102079811621, h: 2.2587155802564505, ucb: 2.326933291809221, num_of_obs(calculated after picking at this round): 5, privacy reward: 0.8187307530779817, g: 0.021417001992164238, curr_delay = 0.8060062583117417
user 25, emp_avg: 0.060071127706851836, h: 1.7074284879387203, ucb: 1.7672525899303317, num_of_obs(calculated after picking at this round): 8, privacy reward: 0.7261490370736907, g: -0.010483025705839383, curr_delay = 0.8090574602276679
user 27, emp_avg: 0.056124555606720666, h: 1.3040700482838634, ucb: 1.3603556104533843, num_of_obs(calculated after picking at this round): 13, privacy reward: 0.5945205479701939, g: -0.0064278545924388334, curr_delay = 0.9226372903293975
num of fast users chosen: 2, num of slow users chosen: 3
max_delay = 0.92 seconds
global epoch 30 has been done artifficialy in 0.92 secs, the total time by now is 25.49 
 with avg train loss 0.386, val loss 2.763, avg val acc 11.35%
iteration: 31
user 0, emp_avg: 0.7221267398435088, h: 2.0299715873337183, ucb: 2.822126544754007, num_of_obs(calculated after picking at this round): 6, privacy reward: 0.7866278610665532, g: -0.0027124733856536435, curr_delay = 0.13441378649042407
user 10, emp_avg: 0.3087455690740391, h: 1.6048334503504904, ucb: 1.9100623020114056, num_of_obs(calculated after picking at this round): 9, privacy reward: 0.6976763260710308, g: -0.0018201263948664321, curr_delay = 0.1484211073710224
user 20, emp_avg: 0.06507321136805125, h: 1.2131400586586059, ucb: 1.2782247190541343, num_of_obs(calculated after picking at this round): 15, privacy reward: 0.5488116360940261, g: 0.0058746403909720165, curr_delay = 0.7702626250905811
user 25, emp_avg: 0.059299475190716225, h: 1.6048334503504904, ucb: 1.6649045780573422, num_of_obs(calculated after picking at this round): 9, privacy reward: 0.6976763260710308, g: -0.016158942927513204, curr_delay = 0.9411542361116059
user 27, emp_avg: 0.05599581369368651, h: 1.2589349352928598, ucb: 1.3150594908995805, num_of_obs(calculated after picking at this round): 14, privacy reward: 0.5712090638488144, g: -0.009905970265158475, curr_delay = 0.9204345312826752
num of fast users chosen: 2, num of slow users chosen: 3
max_delay = 0.94 seconds
global epoch 31 has been done artifficialy in 0.94 secs, the total time by now is 26.44 
 with avg train loss 0.350, val loss 2.152, avg val acc 18.45%
iteration: 32
user 1, emp_avg: 0.5048455938119972, h: 1.861648705529517, ucb: 2.372487265940313, num_of_obs(calculated after picking at this round): 7, privacy reward: 0.7557837414557252, g: -0.00024254856760120829, curr_delay = 0.10663532004124876
user 8, emp_avg: 0.443723989986059, h: 1.1774100225154747, ucb: 1.6228133141684982, num_of_obs(calculated after picking at this round): 16, privacy reward: 0.5272924240430481, g: -0.0001740506719732387, curr_delay = 0.11946447469313995
user 11, emp_avg: 0.29297743773811785, h: 3.224470143821955, ucb: 3.5864519776540216, num_of_obs(calculated after picking at this round): 3, privacy reward: 0.8869204367171574, g: 0.0016461205107165563, curr_delay = 0.32264591216161
user 13, emp_avg: 0.2809044580443863, h: 1.5200298029533776, ucb: 1.7948288682804303, num_of_obs(calculated after picking at this round): 10, privacy reward: 0.670320046035639, g: 0.005763109191148491, curr_delay = 0.14887465979610703
user 17, emp_avg: 0.0651568500802464, h: 1.861648705529517, ucb: 1.9273750272346872, num_of_obs(calculated after picking at this round): 7, privacy reward: 0.7557837414557252, g: 0.0033232923740771077, curr_delay = 0.8098474819441446
num of fast users chosen: 4, num of slow users chosen: 1
max_delay = 0.81 seconds
global epoch 32 has been done artifficialy in 0.81 secs, the total time by now is 27.25 
 with avg train loss 0.364, val loss 3.239, avg val acc 11.35%
iteration: 33
user 1, emp_avg: 0.5667398945854976, h: 1.731186437463332, ucb: 2.2360320312753292, num_of_obs(calculated after picking at this round): 8, privacy reward: 0.7261490370736907, g: -0.0016156527329653815, curr_delay = 0.05
user 3, emp_avg: 0.6768353945298278, h: 2.290144393307924, ucb: 3.014985189573147, num_of_obs(calculated after picking at this round): 5, privacy reward: 0.8187307530779817, g: -0.0001811535259386149, curr_delay = 0.10313238047277876
user 7, emp_avg: 0.3697045339419567, h: 1.619376630404385, ucb: 1.9977871199925235, num_of_obs(calculated after picking at this round): 9, privacy reward: 0.6976763260710308, g: 0.004001410239210477, curr_delay = 0.16663506778512563
user 8, emp_avg: 0.47644610822217315, h: 1.145072196653962, ucb: 1.588796186640021, num_of_obs(calculated after picking at this round): 17, privacy reward: 0.5066169923655891, g: -0.0008579809225434852, curr_delay = 0.05
user 19, emp_avg: 0.06587337417576754, h: 2.0483674166906134, ucb: 2.1153484374887297, num_of_obs(calculated after picking at this round): 6, privacy reward: 0.7866278610665532, g: 0.01642592637879639, curr_delay = 0.8287044518043456
num of fast users chosen: 4, num of slow users chosen: 1
max_delay = 0.83 seconds
global epoch 33 has been done artifficialy in 0.83 secs, the total time by now is 28.07 
 with avg train loss 0.345, val loss 2.184, avg val acc 18.87%
iteration: 34
user 8, emp_avg: 0.47233276502411226, h: 1.1156154499725561, ucb: 1.5920615581947293, num_of_obs(calculated after picking at this round): 18, privacy reward: 0.48675225595997107, g: -0.001975164830388564, curr_delay = 0.12425264189908033
user 12, emp_avg: 0.20057763731146727, h: 4.599800337807824, ucb: 4.7961085465330955, num_of_obs(calculated after picking at this round): 2, privacy reward: 0.9231163463866358, g: 0.007224587092205817, curr_delay = 0.2440845309689665
user 18, emp_avg: 0.06516091419433483, h: 1.626275005484042, ucb: 1.6918073634949349, num_of_obs(calculated after picking at this round): 9, privacy reward: 0.6976763260710308, g: -0.0008375976449417129, curr_delay = 0.803996006002809
user 27, emp_avg: 0.05612401846218225, h: 1.229348350831708, ucb: 1.2853441645253945, num_of_obs(calculated after picking at this round): 15, privacy reward: 0.5488116360940261, g: -0.008452707654358713, curr_delay = 0.8632762838771875
user 29, emp_avg: 0.05451915407353468, h: 4.599800337807824, ucb: 4.654517496793619, num_of_obs(calculated after picking at this round): 2, privacy reward: 0.9231163463866358, g: 0.00012435696169053173, curr_delay = 0.9204518087707447
num of fast users chosen: 2, num of slow users chosen: 3
max_delay = 0.92 seconds
global epoch 34 has been done artifficialy in 0.92 secs, the total time by now is 28.99 
 with avg train loss 0.354, val loss 2.085, avg val acc 30.74%
iteration: 35
user 6, emp_avg: 0.3856098696009875, h: 1.745692182362731, ucb: 2.1314253558620697, num_of_obs(calculated after picking at this round): 8, privacy reward: 0.7261490370736907, g: -0.014781112999803043, curr_delay = 0.12995561625674606
user 19, emp_avg: 0.0660526672126906, h: 1.8855630621884312, ucb: 1.9514364363641987, num_of_obs(calculated after picking at this round): 7, privacy reward: 0.7557837414557252, g: 0.01171811670371427, curr_delay = 0.744840947431263
user 20, emp_avg: 0.06475272504276824, h: 1.1925347896794312, ucb: 1.2576080010474824, num_of_obs(calculated after picking at this round): 16, privacy reward: 0.5272924240430481, g: 0.009937633019747476, curr_delay = 0.8340919376774285
user 23, emp_avg: 0.05717949408633929, h: 3.2658910245855175, ucb: 3.3241417033650573, num_of_obs(calculated after picking at this round): 3, privacy reward: 0.8869204367171574, g: 0.01872326203061118, curr_delay = 0.9084776916054291
user 27, emp_avg: 0.055932729264361346, h: 1.1925347896794312, ucb: 1.2486588081416135, num_of_obs(calculated after picking at this round): 16, privacy reward: 0.5272924240430481, g: -0.01182554696250357, curr_delay = 0.9422692138182598
num of fast users chosen: 1, num of slow users chosen: 4
max_delay = 0.94 seconds
global epoch 35 has been done artifficialy in 0.94 secs, the total time by now is 29.94 
 with avg train loss 0.373, val loss 2.360, avg val acc 11.38%
iteration: 36
user 6, emp_avg: 0.389615339343762, h: 1.6394020872995383, ucb: 2.0250119569005256, num_of_obs(calculated after picking at this round): 9, privacy reward: 0.6976763260710308, g: -0.020678389081728855, curr_delay = 0.1185792037260168
user 10, emp_avg: 0.3056168314338309, h: 1.5456431106945119, ucb: 1.854388679768551, num_of_obs(calculated after picking at this round): 10, privacy reward: 0.670320046035639, g: -0.0011970508900946291, curr_delay = 0.1802073296826946
user 12, emp_avg: 0.24413676246463326, h: 3.2788041745990766, ucb: 3.4793818119105437, num_of_obs(calculated after picking at this round): 3, privacy reward: 0.8869204367171574, g: 0.003463767449273402, curr_delay = 0.1509411120506447
user 13, emp_avg: 0.27677687943559354, h: 1.4663258038627247, ucb: 1.747230261907111, num_of_obs(calculated after picking at this round): 11, privacy reward: 0.6440364210831411, g: 0.006302354023002076, curr_delay = 0.21231323935378063
user 20, emp_avg: 0.06468745343447427, h: 1.1592323330208838, ucb: 1.223985058063652, num_of_obs(calculated after picking at this round): 17, privacy reward: 0.5066169923655891, g: 0.007024897482124986, curr_delay = 0.7856310259753218
num of fast users chosen: 4, num of slow users chosen: 1
max_delay = 0.79 seconds
global epoch 36 has been done artifficialy in 0.79 secs, the total time by now is 30.72 
 with avg train loss 0.378, val loss 2.197, avg val acc 11.41%
iteration: 37
user 8, emp_avg: 0.48044775261815825, h: 1.0971049649941165, ucb: 1.5694377300182287, num_of_obs(calculated after picking at this round): 19, privacy reward: 0.4676664270099087, g: -0.0009566224039591482, curr_delay = 0.07980622673875958
user 13, emp_avg: 0.2739031758812508, h: 1.4034213867242553, ucb: 1.680198266159849, num_of_obs(calculated after picking at this round): 12, privacy reward: 0.6187833918061405, g: 0.003584159149736358, curr_delay = 0.2063621987700816
user 18, emp_avg: 0.06435218366138773, h: 1.5515407208415393, ucb: 1.616701635035874, num_of_obs(calculated after picking at this round): 10, privacy reward: 0.670320046035639, g: -0.0013609019701172034, curr_delay = 0.8760616508128574
user 21, emp_avg: 0.06545293750090313, h: 1.6456574474911747, ucb: 1.711076095636054, num_of_obs(calculated after picking at this round): 9, privacy reward: 0.6976763260710308, g: -0.00011439255917821233, curr_delay = 0.7607194613040885
user 29, emp_avg: 0.05528164909047434, h: 3.2913148949823494, ucb: 3.345834049055884, num_of_obs(calculated after picking at this round): 3, privacy reward: 0.8869204367171574, g: -0.00018200017604684996, curr_delay = 0.8801788095674263
num of fast users chosen: 2, num of slow users chosen: 3
max_delay = 0.88 seconds
global epoch 37 has been done artifficialy in 0.88 secs, the total time by now is 31.60 
 with avg train loss 0.350, val loss 2.202, avg val acc 23.38%
iteration: 38
user 7, emp_avg: 0.38227168061036465, h: 1.5572595929444746, ucb: 1.9269641268864313, num_of_obs(calculated after picking at this round): 10, privacy reward: 0.670320046035639, g: 0.004738785658746467, curr_delay = 0.10093343225511943
user 10, emp_avg: 0.2933991593463435, h: 1.4773461665553647, ucb: 1.7829629979891957, num_of_obs(calculated after picking at this round): 11, privacy reward: 0.6440364210831411, g: -0.0022806659058777, curr_delay = 0.2920178012085218
user 12, emp_avg: 0.23013845706934075, h: 2.697252735553858, ucb: 2.9413894980184914, num_of_obs(calculated after picking at this round): 4, privacy reward: 0.8521437889662112, g: 0.0012575511305132922, curr_delay = 0.265754539141847
user 20, emp_avg: 0.06448953254423352, h: 1.1330727861558407, ucb: 1.197760239590315, num_of_obs(calculated after picking at this round): 18, privacy reward: 0.48675225595997107, g: 0.006543302902040146, curr_delay = 0.8179975505636745
user 28, emp_avg: 0.05682941879040077, h: 0, ucb: inf, num_of_obs(calculated after picking at this round): 1, privacy reward: 0.9607894391523232, g: 0.005135420402415169, curr_delay = 0.8798259961871306
num of fast users chosen: 3, num of slow users chosen: 2
max_delay = 0.88 seconds
global epoch 38 has been done artifficialy in 0.88 secs, the total time by now is 32.48 
 with avg train loss 0.361, val loss 2.164, avg val acc 15.28%
iteration: 39
user 19, emp_avg: 0.06502775206444564, h: 1.7720597328201309, ucb: 1.8381124000328215, num_of_obs(calculated after picking at this round): 8, privacy reward: 0.7261490370736907, g: 0.010038365187708688, curr_delay = 0.8642542468831049
user 20, emp_avg: 0.06446437440417425, h: 1.1050733981851832, ucb: 1.1695629307294169, num_of_obs(calculated after picking at this round): 19, privacy reward: 0.4676664270099087, g: 0.004451644389762861, curr_delay = 0.7811093041132497
user 21, emp_avg: 0.06652548347582585, h: 1.5628097871312099, ucb: 1.628262724632113, num_of_obs(calculated after picking at this round): 10, privacy reward: 0.670320046035639, g: -0.0006374847462258541, curr_delay = 0.6563540558070009
user 23, emp_avg: 0.05877078298273686, h: 2.7068659538771573, ucb: 2.764045447963497, num_of_obs(calculated after picking at this round): 4, privacy reward: 0.8521437889662112, g: 0.013701346634779557, curr_delay = 0.7868483067912352
user 28, emp_avg: 0.057588615820745315, h: 4.68842936139363, ucb: 4.745258780184031, num_of_obs(calculated after picking at this round): 2, privacy reward: 0.9231163463866358, g: 0.0021179160544022514, curr_delay = 0.8569301496802563
num of fast users chosen: 0, num of slow users chosen: 5
max_delay = 0.86 seconds
global epoch 39 has been done artifficialy in 0.86 secs, the total time by now is 33.35 
 with avg train loss 0.338, val loss 2.117, avg val acc 20.18%
iteration: 40
user 13, emp_avg: 0.26968507656759666, h: 1.3581015157406195, ucb: 1.6320046916218702, num_of_obs(calculated after picking at this round): 13, privacy reward: 0.5945205479701939, g: 0.0032678537658057828, curr_delay = 0.22823975337504526
user 17, emp_avg: 0.06606944736166845, h: 1.7781722849473283, ucb: 1.8433291350275747, num_of_obs(calculated after picking at this round): 8, privacy reward: 0.7261490370736907, g: 0.0049207424760054266, curr_delay = 0.6900584679802224
user 20, emp_avg: 0.0644347098642663, h: 1.0793096410665188, ucb: 1.143774015470693, num_of_obs(calculated after picking at this round): 20, privacy reward: 0.449328964117221, g: 0.0028365323658524856, curr_delay = 0.782826862754072
user 23, emp_avg: 0.058075108551640234, h: 2.3523008270990564, ucb: 2.4110716100817933, num_of_obs(calculated after picking at this round): 5, privacy reward: 0.8187307530779817, g: 0.008831456328653654, curr_delay = 0.9042832325798119
user 28, emp_avg: 0.05722261856080311, h: 3.326655732464934, ucb: 3.3842443482856797, num_of_obs(calculated after picking at this round): 3, privacy reward: 0.8869204367171574, g: 0.0004692356417386978, curr_delay = 0.885102631611624
num of fast users chosen: 1, num of slow users chosen: 4
max_delay = 0.90 seconds
global epoch 40 has been done artifficialy in 0.90 secs, the total time by now is 34.25 
 with avg train loss 0.346, val loss 2.263, avg val acc 14.06%
