Namespace(data='cifar10', full_exp=False, i_i_d=False, wandb=True, method_choosing_users='fraboni', model='cnn3', num_users=30, num_users_per_round=5, global_epochs=300, max_seconds=600, epsilon_bar=70, epsilon_sum_deascent_coeff=0.06, delta_f=0.012, accel_ucb_coeff=1, alpha=20, beta=2, gamma=2, choosing_users_verbose=True, sa_pause_verbose=False, snr_verbose=True, dirichlet_coeff=3, label_dominance=0.25, max_iterations_sa_pause=3000, sa_pause_simulation=False, max_time_sa_pause=600, pre_sa_pause_rounds=1, beta_max_reduction=70, data_truncation=None, tau_min=0.05, production=False, privacy_noise='laplace', privacy=True, save_best_model=False, seed=1, norm_mean=0.5, norm_std=0.5, train_batch_size=20, test_batch_size=1000, local_epochs=1, local_iterations=100, lr=0.01, momentum=0.5, lr_scheduler=False, optimizer='adam', device=device(type='cuda'))
=================================================================
Layer (type:depth-idx)                   Param #
=================================================================
CNN3LayerCifar                           --
├─Conv2d: 1-1                            896
├─BatchNorm2d: 1-2                       64
├─Conv2d: 1-3                            18,496
├─BatchNorm2d: 1-4                       128
├─Conv2d: 1-5                            73,856
├─BatchNorm2d: 1-6                       256
├─MaxPool2d: 1-7                         --
├─Linear: 1-8                            65,664
├─BatchNorm1d: 1-9                       256
├─Linear: 1-10                           8,256
├─BatchNorm1d: 1-11                      128
├─Linear: 1-12                           2,080
├─BatchNorm1d: 1-13                      64
├─Linear: 1-14                           330
├─Dropout: 1-15                          --
├─Dropout: 1-16                          --
├─Dropout: 1-17                          --
=================================================================
Total params: 170,474
Trainable params: 170,474
Non-trainable params: 0
=================================================================
fraboni distributions: [[0.38846703 0.         0.         0.         0.41114565 0.
  0.20038732 0.         0.         0.         0.         0.
  0.         0.         0.         0.         0.         0.
  0.         0.         0.         0.         0.         0.
  0.         0.         0.         0.         0.         0.        ]
 [0.         0.         0.         0.         0.         0.
  0.16043217 0.         0.30743553 0.         0.         0.
  0.         0.30896443 0.22316787 0.         0.         0.
  0.         0.         0.         0.         0.         0.
  0.         0.         0.         0.         0.         0.        ]
 [0.         0.         0.         0.         0.         0.
  0.         0.         0.         0.         0.         0.
  0.         0.         0.05037713 0.         0.         0.22347365
  0.         0.         0.         0.18958312 0.         0.
  0.         0.         0.17722454 0.22143512 0.13790643 0.        ]
 [0.         0.11008052 0.11632351 0.         0.         0.
  0.         0.         0.         0.         0.14702885 0.
  0.         0.         0.         0.03136785 0.13912955 0.
  0.         0.         0.         0.         0.14537254 0.
  0.16970747 0.10855163 0.         0.         0.03243808 0.        ]
 [0.         0.         0.         0.07810111 0.         0.09925084
  0.         0.05529508 0.         0.07644481 0.         0.09033228
  0.07644481 0.         0.         0.0728519  0.         0.
  0.10409235 0.09326266 0.07504332 0.         0.         0.09020487
  0.         0.         0.         0.         0.         0.08867598]]
iteration: 1
user 3, emp_avg: 0.2634880867113425, h: 0, ucb: inf,num_of_obs(calculated after picking at this round): 1, privacy reward: 0.9417645335842487, g: 0.0060997835390999774, curr_delay = 0.18976190014532307, data_size = 613
user 4, emp_avg: 0.5485987865158031, h: 0, ucb: inf,num_of_obs(calculated after picking at this round): 1, privacy reward: 0.9417645335842487, g: 0.16904074784812012, curr_delay = 0.09114128800312192, data_size = 3227
user 13, emp_avg: 0.2457745412033428, h: 0, ucb: inf,num_of_obs(calculated after picking at this round): 1, privacy reward: 0.9417645335842487, g: 0.09545901757361516, curr_delay = 0.2034384837224953, data_size = 2425
user 15, emp_avg: 0.08429617884924957, h: 0, ucb: inf,num_of_obs(calculated after picking at this round): 1, privacy reward: 0.9417645335842487, g: 0.010861756985852301, curr_delay = 0.5931466963575789, data_size = 818
user 28, emp_avg: 0.05727283624128455, h: 0, ucb: inf,num_of_obs(calculated after picking at this round): 1, privacy reward: 0.9417645335842487, g: 0.029017252517385433, curr_delay = 0.8730142119966814, data_size = 1337
num of fast users chosen: 3, num of slow users chosen: 2
max_delay = 0.87 seconds
after cleansing the weights updates who were almost zeros (meaning with absolute value of less than 10**-7, 0.00% of the weights upadtes) we get:
user No.3.0 has been picked 1, his deltas theta's mean
 is -0.0008508742903359234,
the empirical var of deltas thetas is 0.0033222667407244444
the minimum of the deltas theta is -0.18424777686595917 and the maximum is 0.1840851902961731
the added laplace noise var is 0.0029437142342901225
global epoch 1 has been done artifficialy in 0.87 secs, the total time by now is 0.87 
 with avg train loss 2.036, val loss 2.368, avg val acc 10.00%
iteration: 2
user 2, emp_avg: 0.4424035113196805, h: 0, ucb: inf,num_of_obs(calculated after picking at this round): 1, privacy reward: 0.9417645335842487, g: 0.013531160007621782, curr_delay = 0.11301899447147479, data_size = 913
user 6, emp_avg: 0.5601380556475201, h: 0, ucb: inf,num_of_obs(calculated after picking at this round): 1, privacy reward: 0.9417645335842487, g: 0.1301907031583089, curr_delay = 0.0892637082874149, data_size = 2832
user 12, emp_avg: 0.1932759301285484, h: 0, ucb: inf,num_of_obs(calculated after picking at this round): 1, privacy reward: 0.9417645335842487, g: 0.005843808494250435, curr_delay = 0.25869750033925515, data_size = 600
user 14, emp_avg: 0.3064111614954024, h: 0, ucb: inf,num_of_obs(calculated after picking at this round): 1, privacy reward: 0.9417645335842487, g: 0.07482686730381459, curr_delay = 0.1631794343129705, data_size = 2147
user 27, emp_avg: 0.05660040718047578, h: 0, ucb: inf,num_of_obs(calculated after picking at this round): 1, privacy reward: 0.9417645335842487, g: 0.04903351407029614, curr_delay = 0.8833858710692708, data_size = 1738
num of fast users chosen: 4, num of slow users chosen: 1
max_delay = 0.88 seconds
after cleansing the weights updates who were almost zeros (meaning with absolute value of less than 10**-7, 0.00% of the weights upadtes) we get:
user No.2.0 has been picked 1, his deltas theta's mean
 is -0.0019314325181767344,
the empirical var of deltas thetas is 0.003602541284635663
the minimum of the deltas theta is -0.20949208736419678 and the maximum is 0.27529990673065186
the added laplace noise var is 0.0029437142342901225
global epoch 2 has been done artifficialy in 0.88 secs, the total time by now is 1.76 
 with avg train loss 1.993, val loss 2.337, avg val acc 10.00%
iteration: 3
user 0, emp_avg: 0.31559373015328235, h: 0, ucb: inf,num_of_obs(calculated after picking at this round): 1, privacy reward: 0.9417645335842487, g: 0.1509066309159951, curr_delay = 0.15843153783731775, data_size = 3049
user 8, emp_avg: 0.3549539810671322, h: 0, ucb: inf,num_of_obs(calculated after picking at this round): 1, privacy reward: 0.9417645335842487, g: 0.09451660605710906, curr_delay = 0.14086333064832857, data_size = 2413
user 10, emp_avg: 0.35604791320062945, h: 0, ucb: inf,num_of_obs(calculated after picking at this round): 1, privacy reward: 0.9417645335842487, g: 0.021617481313136705, curr_delay = 0.14043053798724414, data_size = 1154
user 19, emp_avg: 0.061854808114545565, h: 0, ucb: inf,num_of_obs(calculated after picking at this round): 1, privacy reward: 0.9417645335842487, g: 0.008697924562842347, curr_delay = 0.8083445980045353, data_size = 732
user 28, emp_avg: 0.05627820615789664, h: 2.567425506613319, ucb: 2.6246983428546034,num_of_obs(calculated after picking at this round): 2, privacy reward: 0.8869204367171575, g: -0.026565356119917734, curr_delay = 0.9044277441931804, data_size = 1337
num of fast users chosen: 3, num of slow users chosen: 2
max_delay = 0.90 seconds
after cleansing the weights updates who were almost zeros (meaning with absolute value of less than 10**-7, 0.00% of the weights upadtes) we get:
user No.0.0 has been picked 1, his deltas theta's mean
 is -0.0010087183909490705,
the empirical var of deltas thetas is 0.0044221822172403336
the minimum of the deltas theta is -0.27334561944007874 and the maximum is 0.2704784572124481
the added laplace noise var is 0.0029437142342901225
global epoch 3 has been done artifficialy in 0.90 secs, the total time by now is 2.66 
 with avg train loss 1.955, val loss 2.342, avg val acc 10.00%
iteration: 4
user 0, emp_avg: 0.6577968650766411, h: 2.884053773201766, ucb: 3.1996475033550484,num_of_obs(calculated after picking at this round): 2, privacy reward: 0.8869204367171575, g: 0.019173117512672304, curr_delay = 0.05, data_size = 3049
user 9, emp_avg: 0.3610110101653747, h: 0, ucb: inf,num_of_obs(calculated after picking at this round): 1, privacy reward: 0.9417645335842487, g: 0.005843808494250435, curr_delay = 0.13849993100513922, data_size = 600
user 14, emp_avg: 0.2824102037124202, h: 2.884053773201766, ucb: 3.190464934697168,num_of_obs(calculated after picking at this round): 2, privacy reward: 0.8869204367171575, g: 0.000554367048998573, curr_delay = 0.1934915286028625, data_size = 2147
user 25, emp_avg: 0.061497500589768515, h: 0, ucb: inf,num_of_obs(calculated after picking at this round): 1, privacy reward: 0.9417645335842487, g: 0.011783455447806577, curr_delay = 0.8130411727386303, data_size = 852
user 26, emp_avg: 0.06237704655023239, h: 0, ucb: inf,num_of_obs(calculated after picking at this round): 1, privacy reward: 0.9417645335842487, g: 0.031408538953232715, curr_delay = 0.8015769063342054, data_size = 1391
num of fast users chosen: 3, num of slow users chosen: 2
max_delay = 0.81 seconds
after cleansing the weights updates who were almost zeros (meaning with absolute value of less than 10**-7, 0.00% of the weights upadtes) we get:
user No.0.0 has been picked 2, his deltas theta's mean
 is -0.0020467201247811317,
the empirical var of deltas thetas is 0.004842038732022047
the minimum of the deltas theta is -0.3729017376899719 and the maximum is 0.3300749361515045
the added laplace noise var is 0.003125743356555042
global epoch 4 has been done artifficialy in 0.81 secs, the total time by now is 3.47 
 with avg train loss 1.961, val loss 2.331, avg val acc 10.00%
iteration: 5
user 0, emp_avg: 0.7718645767177609, h: 2.197342426046132, ucb: 2.8551392911227733,num_of_obs(calculated after picking at this round): 3, privacy reward: 0.835270211411272, g: -0.00013300947067863223, curr_delay = 0.05, data_size = 3049
user 10, emp_avg: 0.3072934138167917, h: 3.1075114600922396, ucb: 3.463559373292869,num_of_obs(calculated after picking at this round): 2, privacy reward: 0.8869204367171575, g: -0.0028059432436228914, curr_delay = 0.19339448419075936, data_size = 1154
user 14, emp_avg: 0.3178368999841597, h: 2.197342426046132, ucb: 2.4797526297585524,num_of_obs(calculated after picking at this round): 3, privacy reward: 0.835270211411272, g: -0.015990866896108968, curr_delay = 0.12863712050756873, data_size = 2147
user 17, emp_avg: 0.0685494240255599, h: 0, ucb: inf,num_of_obs(calculated after picking at this round): 1, privacy reward: 0.9417645335842487, g: 0.04994047314860381, curr_delay = 0.7294007310893902, data_size = 1754
user 19, emp_avg: 0.06550437359093607, h: 3.1075114600922396, ucb: 3.169366268206785,num_of_obs(calculated after picking at this round): 2, privacy reward: 0.8869204367171575, g: -0.01139285882030846, curr_delay = 0.7230246125433467, data_size = 732
num of fast users chosen: 3, num of slow users chosen: 2
max_delay = 0.73 seconds
after cleansing the weights updates who were almost zeros (meaning with absolute value of less than 10**-7, 0.00% of the weights upadtes) we get:
user No.0.0 has been picked 3, his deltas theta's mean
 is -0.0007475707679986954,
the empirical var of deltas thetas is 0.004388705361634493
the minimum of the deltas theta is -0.2946151793003082 and the maximum is 0.30064690113067627
the added laplace noise var is 0.003319028531111506
global epoch 5 has been done artifficialy in 0.73 secs, the total time by now is 4.20 
 with avg train loss 1.933, val loss 2.332, avg val acc 10.00%
iteration: 6
user 4, emp_avg: 0.5890120640680895, h: 3.2788041745990766, ucb: 3.8274029611148794,num_of_obs(calculated after picking at this round): 2, privacy reward: 0.8869204367171575, g: 0.05976997467968107, curr_delay = 0.07943753880528759, data_size = 3227
user 6, emp_avg: 0.4722981863820759, h: 3.2788041745990766, ucb: 3.8389422302465968,num_of_obs(calculated after picking at this round): 2, privacy reward: 0.8869204367171575, g: 0.0376953181596113, curr_delay = 0.13005311050360677, data_size = 2832
user 18, emp_avg: 0.0655599628473895, h: 0, ucb: inf,num_of_obs(calculated after picking at this round): 1, privacy reward: 0.9417645335842487, g: 0.010835216355607578, curr_delay = 0.7626605908302605, data_size = 817
user 24, emp_avg: 0.05666622908925655, h: 0, ucb: inf,num_of_obs(calculated after picking at this round): 1, privacy reward: 0.9417645335842487, g: 0.028800625783063843, curr_delay = 0.8823597547181693, data_size = 1332
user 26, emp_avg: 0.061499677350017795, h: 3.2788041745990766, ucb: 3.341181221149309,num_of_obs(calculated after picking at this round): 2, privacy reward: 0.8869204367171575, g: 0.00011146877123744634, curr_delay = 0.8247788895870724, data_size = 1391
num of fast users chosen: 2, num of slow users chosen: 3
max_delay = 0.88 seconds
after cleansing the weights updates who were almost zeros (meaning with absolute value of less than 10**-7, 0.00% of the weights upadtes) we get:
user No.4.0 has been picked 2, his deltas theta's mean
 is -0.0007402504561468959,
the empirical var of deltas thetas is 0.002254374325275421
the minimum of the deltas theta is -0.2824895679950714 and the maximum is 0.3350399434566498
the added laplace noise var is 0.003125743356555042
global epoch 6 has been done artifficialy in 0.88 secs, the total time by now is 5.09 
 with avg train loss 1.901, val loss 2.326, avg val acc 10.00%
iteration: 7
user 4, emp_avg: 0.7260080427120595, h: 2.4161395752658703, ucb: 3.0051516393339597,num_of_obs(calculated after picking at this round): 3, privacy reward: 0.835270211411272, g: 0.015733027858687187, curr_delay = 0.05, data_size = 3227
user 6, emp_avg: 0.41725030860734597, h: 2.4161395752658703, ucb: 2.888437761647946,num_of_obs(calculated after picking at this round): 3, privacy reward: 0.835270211411272, g: 0.005640791459861304, curr_delay = 0.16278449888573537, data_size = 2832
user 10, emp_avg: 0.27907700792528867, h: 2.4161395752658703, ucb: 2.723432989082662,num_of_obs(calculated after picking at this round): 3, privacy reward: 0.835270211411272, g: -0.019233651417912882, curr_delay = 0.22457356116324317, data_size = 1154
user 23, emp_avg: 0.06294587141564757, h: 0, ucb: inf,num_of_obs(calculated after picking at this round): 1, privacy reward: 0.9417645335842487, g: 0.008136918947394307, curr_delay = 0.794333271992333, data_size = 708
user 28, emp_avg: 0.0568798960864364, h: 2.4161395752658703, ucb: 2.472417781423767,num_of_obs(calculated after picking at this round): 3, privacy reward: 0.835270211411272, g: -0.013310184856970945, curr_delay = 0.860832988287771, data_size = 1337
num of fast users chosen: 3, num of slow users chosen: 2
max_delay = 0.86 seconds
after cleansing the weights updates who were almost zeros (meaning with absolute value of less than 10**-7, 0.00% of the weights upadtes) we get:
user No.4.0 has been picked 3, his deltas theta's mean
 is -0.0015590947587043047,
the empirical var of deltas thetas is 0.002877119928598404
the minimum of the deltas theta is -0.3481568396091461 and the maximum is 0.4280957877635956
the added laplace noise var is 0.003319028531111506
global epoch 7 has been done artifficialy in 0.86 secs, the total time by now is 5.95 
 with avg train loss 1.900, val loss 2.318, avg val acc 10.00%
iteration: 8
user 0, emp_avg: 0.8288984325383206, h: 2.039333980337618, ucb: 2.811198557055379,num_of_obs(calculated after picking at this round): 4, privacy reward: 0.7866278610665535, g: 0.00018136081101091057, curr_delay = 0.05, data_size = 3049
user 2, emp_avg: 0.6803615308258222, h: 3.5322300675464238, ucb: 3.9746335788661042,num_of_obs(calculated after picking at this round): 2, privacy reward: 0.8869204367171575, g: -7.528140197505756e-05, curr_delay = 0.05444727816360381, data_size = 913
user 8, emp_avg: 0.436343650661421, h: 3.5322300675464238, ucb: 3.887184048613556,num_of_obs(calculated after picking at this round): 2, privacy reward: 0.8869204367171575, g: 0.03328272317055315, curr_delay = 0.09657481572811438, data_size = 2413
user 23, emp_avg: 0.06214522929915021, h: 3.5322300675464238, ucb: 3.5951759389620714,num_of_obs(calculated after picking at this round): 2, privacy reward: 0.8869204367171575, g: -0.0012107009268051711, curr_delay = 0.815067837218067, data_size = 708
user 27, emp_avg: 0.056034000045042366, h: 3.5322300675464238, ucb: 3.5888304747268998,num_of_obs(calculated after picking at this round): 2, privacy reward: 0.8869204367171575, g: 0.009299733110149368, curr_delay = 0.9014272546760945, data_size = 1738
num of fast users chosen: 3, num of slow users chosen: 2
max_delay = 0.90 seconds
after cleansing the weights updates who were almost zeros (meaning with absolute value of less than 10**-7, 0.00% of the weights upadtes) we get:
user No.0.0 has been picked 4, his deltas theta's mean
 is -0.002481994219124317,
the empirical var of deltas thetas is 0.0031850782688707113
the minimum of the deltas theta is -0.367418497800827 and the maximum is 0.3822759687900543
the added laplace noise var is 0.0035242657933609585
global epoch 8 has been done artifficialy in 0.90 secs, the total time by now is 6.85 
 with avg train loss 1.880, val loss 2.323, avg val acc 10.00%
iteration: 9
user 4, emp_avg: 0.6831648194784055, h: 2.09629414793641, ucb: 2.8223021906484695,num_of_obs(calculated after picking at this round): 4, privacy reward: 0.7866278610665535, g: 0.006054757066797567, curr_delay = 0.09014935317399797, data_size = 3227
user 8, emp_avg: 0.36444545413494644, h: 2.567425506613319, ucb: 3.00376915727474,num_of_obs(calculated after picking at this round): 3, privacy reward: 0.835270211411272, g: 0.007261308085947943, curr_delay = 0.2266041820201496, data_size = 2413
user 9, emp_avg: 0.37766687238208646, h: 3.63088797183517, ucb: 3.991898982000545,num_of_obs(calculated after picking at this round): 2, privacy reward: 0.8869204367171575, g: -0.0012017526511617375, curr_delay = 0.12679968871404856, data_size = 600
user 24, emp_avg: 0.057207525282544434, h: 3.63088797183517, ucb: 3.6875542009244264,num_of_obs(calculated after picking at this round): 2, privacy reward: 0.8869204367171575, g: 0.003433533416345208, curr_delay = 0.8658185348583232, data_size = 1332
user 27, emp_avg: 0.055366253607773065, h: 2.567425506613319, ucb: 2.6234595066583615,num_of_obs(calculated after picking at this round): 3, privacy reward: 0.835270211411272, g: -6.195238623726348e-07, curr_delay = 0.9253987787968504, data_size = 1738
num of fast users chosen: 3, num of slow users chosen: 2
max_delay = 0.93 seconds
after cleansing the weights updates who were almost zeros (meaning with absolute value of less than 10**-7, 0.00% of the weights upadtes) we get:
user No.4.0 has been picked 4, his deltas theta's mean
 is -0.0014840931398794055,
the empirical var of deltas thetas is 0.0025536075700074434
the minimum of the deltas theta is -0.34627974033355713 and the maximum is 0.33652758598327637
the added laplace noise var is 0.0035242657933609585
global epoch 9 has been done artifficialy in 0.93 secs, the total time by now is 7.77 
 with avg train loss 1.872, val loss 2.321, avg val acc 10.00%
iteration: 10
user 4, emp_avg: 0.6400220290061454, h: 1.8584610944249194, ucb: 2.541625913903325,num_of_obs(calculated after picking at this round): 5, privacy reward: 0.7408182206817179, g: 0.00012422557719971768, curr_delay = 0.106963113168157, data_size = 3227
user 9, emp_avg: 0.354072715732992, h: 2.628260884878466, ucb: 3.0059277572605527,num_of_obs(calculated after picking at this round): 3, privacy reward: 0.835270211411272, g: -0.01526588575446856, curr_delay = 0.16292779823054837, data_size = 600
user 14, emp_avg: 0.3093361051724214, h: 2.145966026289347, ucb: 2.463802926273507,num_of_obs(calculated after picking at this round): 4, privacy reward: 0.7866278610665535, g: -0.0006998669980353684, curr_delay = 0.17615947770453105, data_size = 2147
user 16, emp_avg: 0.06863730060701335, h: 0, ucb: inf,num_of_obs(calculated after picking at this round): 1, privacy reward: 0.9417645335842487, g: 0.01935703125635514, curr_delay = 0.7284668767246217, data_size = 1092
user 17, emp_avg: 0.0647683751365107, h: 3.7169221888498387, ucb: 3.7854716128753987,num_of_obs(calculated after picking at this round): 2, privacy reward: 0.8869204367171575, g: 0.015245742743955962, curr_delay = 0.8198424668941965, data_size = 1754
num of fast users chosen: 3, num of slow users chosen: 2
max_delay = 0.82 seconds
after cleansing the weights updates who were almost zeros (meaning with absolute value of less than 10**-7, 0.00% of the weights upadtes) we get:
user No.4.0 has been picked 5, his deltas theta's mean
 is 0.00020756939193233848,
the empirical var of deltas thetas is 0.0023176136892288923
the minimum of the deltas theta is -0.27731868624687195 and the maximum is 0.3273974359035492
the added laplace noise var is 0.0037421942191303427
global epoch 10 has been done artifficialy in 0.82 secs, the total time by now is 8.59 
 with avg train loss 1.871, val loss 2.316, avg val acc 10.05%
iteration: 11
user 6, emp_avg: 0.3766607841752411, h: 2.189929347170073, ucb: 2.607179655777419,num_of_obs(calculated after picking at this round): 4, privacy reward: 0.7866278610665535, g: 0.007760238449696291, curr_delay = 0.19616134925264508, data_size = 2832
user 10, emp_avg: 0.30752504487652343, h: 2.189929347170073, ucb: 2.4690063550953614,num_of_obs(calculated after picking at this round): 4, privacy reward: 0.7866278610665535, g: -0.015800094689419515, curr_delay = 0.1272688356179674, data_size = 1154
user 14, emp_avg: 0.29462384743302844, h: 1.8965344471423544, ucb: 2.2058705523147757,num_of_obs(calculated after picking at this round): 5, privacy reward: 0.7408182206817179, g: -0.008116453710032615, curr_delay = 0.21206675397923516, data_size = 2147
user 26, emp_avg: 0.06261024399232189, h: 2.6821047366564774, ucb: 2.7436044140064952,num_of_obs(calculated after picking at this round): 3, privacy reward: 0.835270211411272, g: -2.1101509513358696e-05, curr_delay = 0.7712314946884871, data_size = 1391
user 29, emp_avg: 0.05562851428952947, h: 0, ucb: inf,num_of_obs(calculated after picking at this round): 1, privacy reward: 0.9417645335842487, g: 0.007863428709863386, curr_delay = 0.8988196186539378, data_size = 696
num of fast users chosen: 3, num of slow users chosen: 2
max_delay = 0.90 seconds
after cleansing the weights updates who were almost zeros (meaning with absolute value of less than 10**-7, 0.00% of the weights upadtes) we get:
user No.6.0 has been picked 4, his deltas theta's mean
 is -7.442795322276652e-05,
the empirical var of deltas thetas is 0.0023814234882593155
the minimum of the deltas theta is -0.4350128471851349 and the maximum is 0.3373344838619232
the added laplace noise var is 0.0035242657933609585
global epoch 11 has been done artifficialy in 0.90 secs, the total time by now is 9.49 
 with avg train loss 1.812, val loss 2.326, avg val acc 10.00%
iteration: 12
user 0, emp_avg: 0.7557030437674087, h: 1.9306371939548872, ucb: 2.759535626493208,num_of_obs(calculated after picking at this round): 5, privacy reward: 0.7408182206817179, g: 0.003039724156009155, curr_delay = 0.1080096759866701, data_size = 3049
user 9, emp_avg: 0.3890863221170239, h: 2.2293078072747154, ucb: 2.5833805230077074,num_of_obs(calculated after picking at this round): 4, privacy reward: 0.7866278610665535, g: -0.030121405069523086, curr_delay = 0.10118853190613994, data_size = 600
user 13, emp_avg: 0.22227188766375489, h: 3.8612743879097744, ucb: 4.107048929113117,num_of_obs(calculated after picking at this round): 2, privacy reward: 0.8869204367171575, g: 0.05090939073752417, curr_delay = 0.2515479833703341, data_size = 2425
user 24, emp_avg: 0.05905899413379744, h: 2.730333303712937, ucb: 2.7875408289954815,num_of_obs(calculated after picking at this round): 3, privacy reward: 0.835270211411272, g: 9.246492245149548e-06, curr_delay = 0.7966612648318523, data_size = 1332
user 28, emp_avg: 0.05743524223012793, h: 2.2293078072747154, ucb: 2.286187703361152,num_of_obs(calculated after picking at this round): 4, privacy reward: 0.7866278610665535, g: -0.006344996885951331, curr_delay = 0.8460053562396472, data_size = 1337
num of fast users chosen: 3, num of slow users chosen: 2
max_delay = 0.85 seconds
after cleansing the weights updates who were almost zeros (meaning with absolute value of less than 10**-7, 0.00% of the weights upadtes) we get:
user No.0.0 has been picked 5, his deltas theta's mean
 is -0.00043938218732364476,
the empirical var of deltas thetas is 0.0030688769184052944
the minimum of the deltas theta is -0.3317604064941406 and the maximum is 0.39904284477233887
the added laplace noise var is 0.0037421942191303427
global epoch 12 has been done artifficialy in 0.85 secs, the total time by now is 10.34 
 with avg train loss 1.847, val loss 2.310, avg val acc 10.02%
iteration: 13
user 0, emp_avg: 0.7676321344408662, h: 1.7544056625974063, ucb: 2.510108706364815,num_of_obs(calculated after picking at this round): 6, privacy reward: 0.697676326071031, g: 1.4835147569501375e-05, curr_delay = 0.060439205336715894, data_size = 3049
user 7, emp_avg: 0.2728531425214632, h: 0, ucb: inf,num_of_obs(calculated after picking at this round): 1, privacy reward: 0.9417645335842487, g: 0.0030575455353973194, curr_delay = 0.1832487598931242, data_size = 434
user 8, emp_avg: 0.36716992624271905, h: 2.2649279712439143, ucb: 2.6293734253788608,num_of_obs(calculated after picking at this round): 4, privacy reward: 0.7866278610665535, g: 0.00587772167482833, curr_delay = 0.13321136764588581, data_size = 2413
user 16, emp_avg: 0.07341419173218483, h: 3.9229703216783607, ucb: 3.991607622285374,num_of_obs(calculated after picking at this round): 2, privacy reward: 0.8869204367171575, g: 0.0038696451018214346, curr_delay = 0.6394591067528098, data_size = 1092
user 27, emp_avg: 0.055714701937546934, h: 2.2649279712439143, ucb: 2.3202942248516876,num_of_obs(calculated after picking at this round): 4, privacy reward: 0.7866278610665535, g: -8.712555215535429e-05, curr_delay = 0.8809013153992211, data_size = 1738
num of fast users chosen: 3, num of slow users chosen: 2
max_delay = 0.88 seconds
after cleansing the weights updates who were almost zeros (meaning with absolute value of less than 10**-7, 0.00% of the weights upadtes) we get:
user No.0.0 has been picked 6, his deltas theta's mean
 is 0.0001804869098123163,
the empirical var of deltas thetas is 0.0026595417875796556
the minimum of the deltas theta is -0.32370537519454956 and the maximum is 0.38532358407974243
the added laplace noise var is 0.003973598586143372
global epoch 13 has been done artifficialy in 0.88 secs, the total time by now is 11.22 
 with avg train loss 1.878, val loss 2.314, avg val acc 10.07%
iteration: 14
user 2, emp_avg: 0.7869076872172148, h: 2.8137469660304877, ucb: 3.4941084968563096,num_of_obs(calculated after picking at this round): 3, privacy reward: 0.835270211411272, g: -0.0007040334379030761, curr_delay = 0.05, data_size = 913
user 4, emp_avg: 0.6341445519261425, h: 1.7795698344089534, ucb: 2.419591863415099,num_of_obs(calculated after picking at this round): 6, privacy reward: 0.697676326071031, g: 0.0029163019429615977, curr_delay = 0.08267781312491441, data_size = 3227
user 13, emp_avg: 0.2247373789145788, h: 2.8137469660304877, ucb: 3.0360188536942427,num_of_obs(calculated after picking at this round): 3, privacy reward: 0.835270211411272, g: 0.027591630072289094, curr_delay = 0.21770521499644127, data_size = 2425
user 14, emp_avg: 0.2854348376925266, h: 1.7795698344089534, ucb: 2.0741936818419817,num_of_obs(calculated after picking at this round): 6, privacy reward: 0.697676326071031, g: -0.006988601633669259, curr_delay = 0.20877716837474106, data_size = 2147
user 18, emp_avg: 0.06624215860080224, h: 3.979239120446464, ucb: 4.044799083293854,num_of_obs(calculated after picking at this round): 2, privacy reward: 0.8869204367171575, g: 0.001066922125266376, curr_delay = 0.7471121758659289, data_size = 817
num of fast users chosen: 4, num of slow users chosen: 1
max_delay = 0.75 seconds
after cleansing the weights updates who were almost zeros (meaning with absolute value of less than 10**-7, 0.00% of the weights upadtes) we get:
user No.2.0 has been picked 3, his deltas theta's mean
 is 0.00034081542980857193,
the empirical var of deltas thetas is 0.0009022301528602839
the minimum of the deltas theta is -0.1960529088973999 and the maximum is 0.21666453778743744
the added laplace noise var is 0.003319028531111506
global epoch 14 has been done artifficialy in 0.75 secs, the total time by now is 11.97 
 with avg train loss 1.836, val loss 2.321, avg val acc 10.70%
iteration: 15
user 6, emp_avg: 0.3688338272362844, h: 2.0154590796275955, ucb: 2.3921198638028365,num_of_obs(calculated after picking at this round): 5, privacy reward: 0.7408182206817179, g: 0.008864753827059396, curr_delay = 0.14813673636094213, data_size = 2832
user 13, emp_avg: 0.22357060018028915, h: 2.3272516843273356, ucb: 2.5519890632419147,num_of_obs(calculated after picking at this round): 4, privacy reward: 0.7866278610665535, g: 0.011873246500330087, curr_delay = 0.22720016369467402, data_size = 2425
user 15, emp_avg: 0.0794777953592698, h: 4.030918159255191, ucb: 4.11521433810444,num_of_obs(calculated after picking at this round): 2, privacy reward: 0.8869204367171575, g: 0.0014102343185514255, curr_delay = 0.6697079276158443, data_size = 818
user 17, emp_avg: 0.06494279685471599, h: 2.8502895648173414, ucb: 2.915057939953852,num_of_obs(calculated after picking at this round): 3, privacy reward: 0.835270211411272, g: 0.008125277053517795, curr_delay = 0.7657948211602094, data_size = 1754
user 24, emp_avg: 0.059740461653381496, h: 2.3272516843273356, ucb: 2.386310678461133,num_of_obs(calculated after picking at this round): 4, privacy reward: 0.7866278610665535, g: -0.0009176373007480783, curr_delay = 0.8092596890450187, data_size = 1332
num of fast users chosen: 2, num of slow users chosen: 3
max_delay = 0.81 seconds
after cleansing the weights updates who were almost zeros (meaning with absolute value of less than 10**-7, 0.00% of the weights upadtes) we get:
user No.6.0 has been picked 5, his deltas theta's mean
 is -0.00046440056758001447,
the empirical var of deltas thetas is 0.002268190961331129
the minimum of the deltas theta is -0.34374484419822693 and the maximum is 0.38552555441856384
the added laplace noise var is 0.0037421942191303427
global epoch 15 has been done artifficialy in 0.81 secs, the total time by now is 12.78 
 with avg train loss 1.809, val loss 2.328, avg val acc 10.00%
iteration: 16
user 6, emp_avg: 0.3642455334629731, h: 1.8240357635440532, ucb: 2.1928695907803375,num_of_obs(calculated after picking at this round): 6, privacy reward: 0.697676326071031, g: 0.002334772952417552, curr_delay = 0.1464969368563592, data_size = 2832
user 11, emp_avg: 0.3124898724803044, h: 0, ucb: inf,num_of_obs(calculated after picking at this round): 1, privacy reward: 0.9417645335842487, g: 0.008159920826939731, curr_delay = 0.1600051854581348, data_size = 709
user 14, emp_avg: 0.27587606140254545, h: 1.6651092223153954, ucb: 1.950544060007922,num_of_obs(calculated after picking at this round): 7, privacy reward: 0.6570468198150567, g: -0.010293116921590562, curr_delay = 0.2288084441389467, data_size = 2147
user 22, emp_avg: 0.060221940556419364, h: 0, ucb: inf,num_of_obs(calculated after picking at this round): 1, privacy reward: 0.9417645335842487, g: 0.021133175684175692, curr_delay = 0.8302621858084619, data_size = 1141
user 27, emp_avg: 0.055123679550771854, h: 2.039333980337618, ucb: 2.0950486822751646,num_of_obs(calculated after picking at this round): 5, privacy reward: 0.7408182206817179, g: -0.0008159521500025964, curr_delay = 0.9476950066617369, data_size = 1738
num of fast users chosen: 3, num of slow users chosen: 2
max_delay = 0.95 seconds
after cleansing the weights updates who were almost zeros (meaning with absolute value of less than 10**-7, 0.00% of the weights upadtes) we get:
user No.6.0 has been picked 6, his deltas theta's mean
 is -0.0007217312813736498,
the empirical var of deltas thetas is 0.00257966760545969
the minimum of the deltas theta is -0.2871723771095276 and the maximum is 0.33366599678993225
the added laplace noise var is 0.003973598586143372
global epoch 16 has been done artifficialy in 0.95 secs, the total time by now is 13.72 
 with avg train loss 1.842, val loss 2.299, avg val acc 13.25%
iteration: 17
user 4, emp_avg: 0.6471408463019731, h: 1.6832151805566087, ucb: 2.317359732482751,num_of_obs(calculated after picking at this round): 7, privacy reward: 0.6570468198150567, g: 0.003387761069280317, curr_delay = 0.06895423608516542, data_size = 3227
user 6, emp_avg: 0.35438111333919553, h: 1.6832151805566087, ucb: 2.0474607140195817,num_of_obs(calculated after picking at this round): 7, privacy reward: 0.6570468198150567, g: 6.206779774510614e-05, curr_delay = 0.16937979642580933, data_size = 2832
user 16, emp_avg: 0.07052095191094088, h: 2.9154142127952674, ucb: 2.9888284045274522,num_of_obs(calculated after picking at this round): 3, privacy reward: 0.835270211411272, g: 0.0004614973612391797, curr_delay = 0.7723859984932089, data_size = 1092
user 19, emp_avg: 0.06399097536156094, h: 2.9154142127952674, ucb: 2.9809185863862036,num_of_obs(calculated after picking at this round): 3, privacy reward: 0.835270211411272, g: -0.000594598693531755, curr_delay = 0.8201537509380742, data_size = 732
user 28, emp_avg: 0.05773284530427173, h: 2.061509159835174, ucb: 2.118944402065302,num_of_obs(calculated after picking at this round): 5, privacy reward: 0.7408182206817179, g: -0.004218451369461295, curr_delay = 0.848561366696761, data_size = 1337
num of fast users chosen: 2, num of slow users chosen: 3
max_delay = 0.85 seconds
after cleansing the weights updates who were almost zeros (meaning with absolute value of less than 10**-7, 0.00% of the weights upadtes) we get:
user No.4.0 has been picked 7, his deltas theta's mean
 is 0.0004840779583901167,
the empirical var of deltas thetas is 0.0021229791454970837
the minimum of the deltas theta is -0.3643522560596466 and the maximum is 0.3855375349521637
the added laplace noise var is 0.004219312200068002
global epoch 17 has been done artifficialy in 0.85 secs, the total time by now is 14.57 
 with avg train loss 1.784, val loss 2.287, avg val acc 12.48%
iteration: 18
user 0, emp_avg: 0.7074788101977252, h: 1.7001093370416398, ucb: 2.467741471482506,num_of_obs(calculated after picking at this round): 7, privacy reward: 0.6570468198150567, g: 0.003039724156009155, curr_delay = 0.14427563420625025, data_size = 3049
user 6, emp_avg: 0.3732456742960192, h: 1.5739953960441373, ucb: 1.928376509383333,num_of_obs(calculated after picking at this round): 8, privacy reward: 0.618783391806141, g: -0.0007878912477675661, curr_delay = 0.0989515879387977, data_size = 2832
user 18, emp_avg: 0.06815274962239805, h: 2.944675750178361, ucb: 3.010917908779163,num_of_obs(calculated after picking at this round): 3, privacy reward: 0.835270211411272, g: -4.9263073136783114e-05, curr_delay = 0.6946959662050076, data_size = 817
user 25, emp_avg: 0.06287320523326216, h: 4.1644003826934055, ucb: 4.225897883283174,num_of_obs(calculated after picking at this round): 2, privacy reward: 0.8869204367171575, g: 0.00280858345353459, curr_delay = 0.7782233207678, data_size = 852
user 26, emp_avg: 0.06069333626612343, h: 2.4043176819614183, ucb: 2.46692792595374,num_of_obs(calculated after picking at this round): 4, privacy reward: 0.7866278610665535, g: 0.00011146877123744634, curr_delay = 0.9100404438417576, data_size = 1391
num of fast users chosen: 2, num of slow users chosen: 3
max_delay = 0.91 seconds
after cleansing the weights updates who were almost zeros (meaning with absolute value of less than 10**-7, 0.00% of the weights upadtes) we get:
user No.0.0 has been picked 7, his deltas theta's mean
 is -0.0015061534941196442,
the empirical var of deltas thetas is 0.0032943258993327618
the minimum of the deltas theta is -0.3088206946849823 and the maximum is 0.4501136839389801
the added laplace noise var is 0.004219312200068002
global epoch 18 has been done artifficialy in 0.91 secs, the total time by now is 15.48 
 with avg train loss 1.767, val loss 2.257, avg val acc 12.25%
iteration: 19
user 6, emp_avg: 0.3709487410050596, h: 1.4860448291942037, ucb: 1.859290503490223,num_of_obs(calculated after picking at this round): 9, privacy reward: 0.5827482523739898, g: -0.003628031545717338, curr_delay = 0.14181449245054592, data_size = 2832
user 8, emp_avg: 0.39697123344348484, h: 2.1015847517408526, ucb: 2.4687546779835716,num_of_obs(calculated after picking at this round): 5, privacy reward: 0.7408182206817179, g: 0.00939139609858831, curr_delay = 0.09686609843150473, data_size = 2413
user 14, emp_avg: 0.2956565707896937, h: 1.5886487463519179, ucb: 1.8645248077544634,num_of_obs(calculated after picking at this round): 8, privacy reward: 0.618783391806141, g: -0.009001465266246383, curr_delay = 0.11517549128945076, data_size = 2147
user 15, emp_avg: 0.07568746635794103, h: 2.9720896583884073, ucb: 3.051567453747677,num_of_obs(calculated after picking at this round): 3, privacy reward: 0.835270211411272, g: -1.0886930688315864e-06, curr_delay = 0.7341409942332318, data_size = 818
user 16, emp_avg: 0.07167048697441127, h: 2.426701044284788, ucb: 2.4972219961957287,num_of_obs(calculated after picking at this round): 4, privacy reward: 0.7866278610665535, g: -0.0003521322947904332, curr_delay = 0.6656097479225731, data_size = 1092
num of fast users chosen: 3, num of slow users chosen: 2
max_delay = 0.73 seconds
after cleansing the weights updates who were almost zeros (meaning with absolute value of less than 10**-7, 0.00% of the weights upadtes) we get:
user No.6.0 has been picked 9, his deltas theta's mean
 is -0.0002622048486955464,
the empirical var of deltas thetas is 0.0028102213982492685
the minimum of the deltas theta is -0.32119229435920715 and the maximum is 0.47237956523895264
the added laplace noise var is 0.004757261221407121
global epoch 19 has been done artifficialy in 0.73 secs, the total time by now is 16.22 
 with avg train loss 1.755, val loss 2.307, avg val acc 14.25%
iteration: 20
user 3, emp_avg: 0.31962855369671866, h: 4.239621874804868, ucb: 4.503109961516211,num_of_obs(calculated after picking at this round): 2, privacy reward: 0.8869204367171575, g: 0.0007896724393140226, curr_delay = 0.1330604633379307, data_size = 613
user 6, emp_avg: 0.3846928240807919, h: 1.4132072916016227, ucb: 1.7841560326066823,num_of_obs(calculated after picking at this round): 10, privacy reward: 0.5488116360940265, g: -0.007953163661825356, curr_delay = 0.09834977500948738, data_size = 2832
user 17, emp_avg: 0.0656731732167076, h: 2.4477468306808166, ucb: 2.5126896275355324,num_of_obs(calculated after picking at this round): 4, privacy reward: 0.7866278610665535, g: 0.005398377541632044, curr_delay = 0.7367643710089937, data_size = 1754
user 25, emp_avg: 0.06175339689772095, h: 2.997865377341346, ucb: 3.0607385825746083,num_of_obs(calculated after picking at this round): 3, privacy reward: 0.835270211411272, g: 7.313030256144449e-05, curr_delay = 0.8401415572929757, data_size = 852
num of fast users chosen: 2, num of slow users chosen: 2
max_delay = 0.84 seconds
after cleansing the weights updates who were almost zeros (meaning with absolute value of less than 10**-7, 0.00% of the weights upadtes) we get:
user No.3.0 has been picked 2, his deltas theta's mean
 is 0.00010059945634566247,
the empirical var of deltas thetas is 0.00013182181282900274
the minimum of the deltas theta is -0.15712127089500427 and the maximum is 0.12229080498218536
the added laplace noise var is 0.003125743356555042
global epoch 20 has been done artifficialy in 0.84 secs, the total time by now is 17.06 
 with avg train loss 1.715, val loss 2.217, avg val acc 18.48%
iteration: 21
user 0, emp_avg: 0.7440439589230096, h: 1.6154227499035017, ucb: 2.3229015601012266,num_of_obs(calculated after picking at this round): 8, privacy reward: 0.618783391806141, g: 0.003039724156009155, curr_delay = 0.05, data_size = 3049
user 6, emp_avg: 0.3914963754475409, h: 1.351559640798013, ucb: 1.736252464878805,num_of_obs(calculated after picking at this round): 11, privacy reward: 0.5168513344916992, g: -0.013310464840034545, curr_delay = 0.10880637706403845, data_size = 2832
user 23, emp_avg: 0.06056727667385082, h: 3.022179232469555, ucb: 3.084324461768705,num_of_obs(calculated after picking at this round): 3, privacy reward: 0.835270211411272, g: -2.533333533546413e-05, curr_delay = 0.8709076052440303, data_size = 708
user 24, emp_avg: 0.06067995147789388, h: 2.137003429240378, ucb: 2.1967438908937593,num_of_obs(calculated after picking at this round): 5, privacy reward: 0.7408182206817179, g: -0.0004313397001327281, curr_delay = 0.7759407373379101, data_size = 1332
user 28, emp_avg: 0.05706710797277087, h: 1.9113939743726587, ucb: 1.9691268196769305,num_of_obs(calculated after picking at this round): 6, privacy reward: 0.697676326071031, g: -0.004590160986314404, curr_delay = 0.9304329895860842, data_size = 1337
num of fast users chosen: 2, num of slow users chosen: 3
max_delay = 0.93 seconds
after cleansing the weights updates who were almost zeros (meaning with absolute value of less than 10**-7, 0.00% of the weights upadtes) we get:
user No.0.0 has been picked 8, his deltas theta's mean
 is 0.0005343769444152713,
the empirical var of deltas thetas is 0.003081672824919224
the minimum of the deltas theta is -0.4036128520965576 and the maximum is 0.3932605981826782
the added laplace noise var is 0.004480219895316911
global epoch 21 has been done artifficialy in 0.93 secs, the total time by now is 17.99 
 with avg train loss 1.745, val loss 2.174, avg val acc 17.67%
iteration: 22
user 1, emp_avg: 1.0, h: 0, ucb: inf,num_of_obs(calculated after picking at this round): 1, privacy reward: 0.9417645335842487, g: 0.012117721293677703, curr_delay = 0.05, data_size = 864
user 6, emp_avg: 0.3828230059704156, h: 1.298469543877431, ucb: 1.6899659193249719,num_of_obs(calculated after picking at this round): 12, privacy reward: 0.4867522559599716, g: -0.019371214828882738, curr_delay = 0.17396390645705964, data_size = 2832
user 13, emp_avg: 0.2336227458154975, h: 2.153268139372678, ucb: 2.376838739552967,num_of_obs(calculated after picking at this round): 5, privacy reward: 0.7408182206817179, g: 0.01616616783757088, curr_delay = 0.18259415494978018, data_size = 2425
user 17, emp_avg: 0.06667513636053465, h: 2.153268139372678, ucb: 2.2189413125893855,num_of_obs(calculated after picking at this round): 5, privacy reward: 0.7408182206817179, g: 0.0017351781980044238, curr_delay = 0.7073837814836001, data_size = 1754
user 19, emp_avg: 0.06482801995467836, h: 2.48637987980852, ucb: 2.550370855170081,num_of_obs(calculated after picking at this round): 4, privacy reward: 0.7866278610665535, g: -0.001857693787974199, curr_delay = 0.7425100736710313, data_size = 732
num of fast users chosen: 3, num of slow users chosen: 2
max_delay = 0.74 seconds
after cleansing the weights updates who were almost zeros (meaning with absolute value of less than 10**-7, 0.00% of the weights upadtes) we get:
user No.1.0 has been picked 1, his deltas theta's mean
 is 0.0018511064117774367,
the empirical var of deltas thetas is 0.0038300699088722467
the minimum of the deltas theta is -0.29201966524124146 and the maximum is 0.25488725304603577
the added laplace noise var is 0.0029437142342901225
global epoch 22 has been done artifficialy in 0.74 secs, the total time by now is 18.73 
 with avg train loss 1.770, val loss 2.261, avg val acc 14.75%
iteration: 23
user 6, emp_avg: 0.3977534155727905, h: 1.2520970840811725, ucb: 1.6349200900515881,num_of_obs(calculated after picking at this round): 13, privacy reward: 0.4584060113052235, g: -0.025895131215316, curr_delay = 0.08666737964549395, data_size = 2832
user 8, emp_avg: 0.49278897129431076, h: 1.9397404617924996, ucb: 2.3367116952359845,num_of_obs(calculated after picking at this round): 6, privacy reward: 0.697676326071031, g: 0.008107962851756632, curr_delay = 0.0514468044998426, data_size = 2413
user 16, emp_avg: 0.07242404460972887, h: 2.1686957656374313, ucb: 2.2403662526118424,num_of_obs(calculated after picking at this round): 5, privacy reward: 0.7408182206817179, g: -0.0012098915252674526, curr_delay = 0.6627935209271243, data_size = 1092
user 18, emp_avg: 0.06818218255774934, h: 2.504194168162345, ucb: 2.572346917784743,num_of_obs(calculated after picking at this round): 4, privacy reward: 0.7866278610665535, g: -0.000693924001957237, curr_delay = 0.7323809500266663, data_size = 817
user 27, emp_avg: 0.054781246243251674, h: 1.9397404617924996, ucb: 1.9948641413432715,num_of_obs(calculated after picking at this round): 6, privacy reward: 0.697676326071031, g: 1.6352476090033853e-05, curr_delay = 0.9421682131539966, data_size = 1738
num of fast users chosen: 2, num of slow users chosen: 3
max_delay = 0.94 seconds
after cleansing the weights updates who were almost zeros (meaning with absolute value of less than 10**-7, 0.00% of the weights upadtes) we get:
user No.6.0 has been picked 13, his deltas theta's mean
 is -0.000726567639503628,
the empirical var of deltas thetas is 0.0030170294921845198
the minimum of the deltas theta is -0.3509853482246399 and the maximum is 0.49398428201675415
the added laplace noise var is 0.0060476642855707705
global epoch 23 has been done artifficialy in 0.94 secs, the total time by now is 19.67 
 with avg train loss 1.741, val loss 2.244, avg val acc 12.70%
iteration: 24
user 4, emp_avg: 0.6071994445646742, h: 1.6504684608614122, ucb: 2.2976093071633854,num_of_obs(calculated after picking at this round): 8, privacy reward: 0.618783391806141, g: 0.014275228136685102, curr_delay = 0.1526206651286891, data_size = 3227
user 13, emp_avg: 0.2303410290206955, h: 1.9528606187891482, ucb: 2.1864833646046455,num_of_obs(calculated after picking at this round): 6, privacy reward: 0.697676326071031, g: 0.01012661715005432, curr_delay = 0.233718639494298, data_size = 2425
user 18, emp_avg: 0.06693544255849153, h: 2.1833645470974195, ucb: 2.251546729655169,num_of_obs(calculated after picking at this round): 5, privacy reward: 0.7408182206817179, g: -0.003915545691160644, curr_delay = 0.8071222721298142, data_size = 817
user 21, emp_avg: 0.061054237207750814, h: 0, ucb: inf,num_of_obs(calculated after picking at this round): 1, privacy reward: 0.9417645335842487, g: 0.03594175976303788, curr_delay = 0.8189439797579278, data_size = 1488
user 28, emp_avg: 0.05797144619278592, h: 1.782709687623856, ucb: 1.8397767955966269,num_of_obs(calculated after picking at this round): 7, privacy reward: 0.6570468198150567, g: -0.006344996885951331, curr_delay = 0.788674936904149, data_size = 1337
num of fast users chosen: 2, num of slow users chosen: 3
max_delay = 0.82 seconds
after cleansing the weights updates who were almost zeros (meaning with absolute value of less than 10**-7, 0.00% of the weights upadtes) we get:
user No.4.0 has been picked 8, his deltas theta's mean
 is 0.0004675222735386342,
the empirical var of deltas thetas is 0.0018810436595231295
the minimum of the deltas theta is -0.30810171365737915 and the maximum is 0.3694724142551422
the added laplace noise var is 0.004480219895316911
global epoch 24 has been done artifficialy in 0.82 secs, the total time by now is 20.49 
 with avg train loss 1.741, val loss 2.170, avg val acc 17.30%
iteration: 25
user 4, emp_avg: 0.5722473679688644, h: 1.5537557300461198, ucb: 2.160955174610794,num_of_obs(calculated after picking at this round): 9, privacy reward: 0.5827482523739898, g: 0.008307530031383799, curr_delay = 0.17086379032654828, data_size = 3227
user 8, emp_avg: 0.48477860884240936, h: 1.7941225779941015, ucb: 2.286911549288412,num_of_obs(calculated after picking at this round): 7, privacy reward: 0.6570468198150567, g: 0.00454755091492172, curr_delay = 0.11449076813308473, data_size = 2413
user 12, emp_avg: 0.3567078411147032, h: 4.394684852092264, ucb: 4.587960782220812,num_of_obs(calculated after picking at this round): 2, privacy reward: 0.8869204367171575, g: 0.0013282239462940595, curr_delay = 0.0961280113624246, data_size = 600
user 24, emp_avg: 0.06021596085310691, h: 1.965362813793382, ucb: 2.026042765271276,num_of_obs(calculated after picking at this round): 6, privacy reward: 0.697676326071031, g: -0.0009176373007480783, curr_delay = 0.8636174057785078, data_size = 1332
user 26, emp_avg: 0.05961813030361622, h: 2.197342426046132, ucb: 2.2580357623122556,num_of_obs(calculated after picking at this round): 5, privacy reward: 0.7408182206817179, g: 0.00029668491185058996, curr_delay = 0.9038762587247674, data_size = 1391
num of fast users chosen: 3, num of slow users chosen: 2
max_delay = 0.90 seconds
after cleansing the weights updates who were almost zeros (meaning with absolute value of less than 10**-7, 0.00% of the weights upadtes) we get:
user No.4.0 has been picked 9, his deltas theta's mean
 is -0.0011455629719421268,
the empirical var of deltas thetas is 0.002214358653873205
the minimum of the deltas theta is -0.31360140442848206 and the maximum is 0.4297685921192169
the added laplace noise var is 0.004757261221407121
global epoch 25 has been done artifficialy in 0.90 secs, the total time by now is 21.39 
 with avg train loss 1.725, val loss 2.209, avg val acc 17.95%
iteration: 26
user 0, emp_avg: 0.7263564905733808, h: 1.5631930154386284, ucb: 2.307236974361638,num_of_obs(calculated after picking at this round): 9, privacy reward: 0.5827482523739898, g: 0.006524555248000179, curr_delay = 0.08549102071928918, data_size = 3049
user 3, emp_avg: 0.35282351778333143, h: 3.126386030877257, ucb: 3.4460145845739754,num_of_obs(calculated after picking at this round): 3, privacy reward: 0.835270211411272, g: 1.3877642813489412e-06, curr_delay = 0.1192709835103464, data_size = 613
user 10, emp_avg: 0.31155893650997646, h: 2.2106887630402032, ucb: 2.5182138079167267,num_of_obs(calculated after picking at this round): 5, privacy reward: 0.7408182206817179, g: -4.6475697534361954e-05, curr_delay = 0.15258113741785498, data_size = 1154
user 14, emp_avg: 0.29581921794061306, h: 1.5631930154386284, ucb: 1.858849586228322,num_of_obs(calculated after picking at this round): 9, privacy reward: 0.5827482523739898, g: -0.0011660385878280134, curr_delay = 0.16828195174922167, data_size = 2147
user 21, emp_avg: 0.059941306020098215, h: 4.4213775260804065, ucb: 4.482431763288157,num_of_obs(calculated after picking at this round): 2, privacy reward: 0.8869204367171575, g: 0.022837732704893386, curr_delay = 0.8499299894380816, data_size = 1488
num of fast users chosen: 4, num of slow users chosen: 1
max_delay = 0.85 seconds
after cleansing the weights updates who were almost zeros (meaning with absolute value of less than 10**-7, 0.00% of the weights upadtes) we get:
user No.0.0 has been picked 9, his deltas theta's mean
 is -0.0009847466135397553,
the empirical var of deltas thetas is 0.002666061045601964
the minimum of the deltas theta is -0.39743638038635254 and the maximum is 0.46863147616386414
the added laplace noise var is 0.004757261221407121
