Namespace(full_exp=True, data='cifar10', i_i_d=False, wandb=True, method_choosing_users='sa_pause', model='cnn3', num_users=30, num_users_per_round=5, global_epochs=400, max_seconds=600, epsilon_bar=100, epsilon_sum_deascent_coeff=0.04, delta_f=0.012, accel_ucb_coeff=1, alpha=20, beta=2, gamma=40, alternative_privacy_reward=False, choosing_users_verbose=False, sa_pause_verbose=False, snr_verbose=False, dirichlet_coeff=3, label_dominance=0.25, bar_plot_interval=30, max_iterations_sa_pause=500, sa_pause_simulation=False, max_time_sa_pause=600, pre_sa_pause_rounds=1, beta_max_reduction=70, data_truncation=None, tau_min=0.05, production=False, privacy_noise='laplace', privacy=True, save_best_model=False, seed=2.0, norm_mean=0.5, norm_std=0.5, train_batch_size=20, test_batch_size=1000, local_epochs=1, local_iterations=100, lr=0.01, momentum=0.5, lr_scheduler=False, optimizer='adam', device=device(type='cuda'))
=================================================================
Layer (type:depth-idx)                   Param #
=================================================================
CNN3LayerCifar                           --
├─Conv2d: 1-1                            896
├─BatchNorm2d: 1-2                       64
├─Conv2d: 1-3                            18,496
├─BatchNorm2d: 1-4                       128
├─Conv2d: 1-5                            73,856
├─BatchNorm2d: 1-6                       256
├─MaxPool2d: 1-7                         --
├─Linear: 1-8                            65,664
├─BatchNorm1d: 1-9                       256
├─Linear: 1-10                           8,256
├─BatchNorm1d: 1-11                      128
├─Linear: 1-12                           2,080
├─BatchNorm1d: 1-13                      64
├─Linear: 1-14                           330
├─Dropout: 1-15                          --
├─Dropout: 1-16                          --
├─Dropout: 1-17                          --
=================================================================
Total params: 170,474
Trainable params: 170,474
Non-trainable params: 0
=================================================================
global epoch 1 has been done artifficialy in 0.80 secs, the total time by now is 0.80 
 with avg train loss 1.990, val loss 2.351, avg val acc 10.00%
global epoch 2 has been done artifficialy in 0.78 secs, the total time by now is 1.58 
 with avg train loss 2.003, val loss 2.344, avg val acc 10.00%
global epoch 3 has been done artifficialy in 0.93 secs, the total time by now is 2.51 
 with avg train loss 1.966, val loss 2.337, avg val acc 10.00%
