Namespace(full_exp=False, data='cifar10', i_i_d=False, wandb=True, method_choosing_users='all users', model='cnn3', num_users=300, num_users_per_round=15, global_epochs=400, max_seconds=600, epsilon_bar=20.0, epsilon_sum_deascent_coeff=0.04, delta_f=0.006, alpha=20, beta=2, gamma=10.0, alternative_privacy_reward=False, choosing_users_verbose=False, sa_pause_verbose=False, snr_verbose=False, dirichlet_coeff=2.0, label_dominance=0.25, bar_plot_interval=30, max_iterations_sa_pause=3000, sa_pause_simulation=False, max_time_sa_pause=600, pre_sa_pause_rounds=1, beta_max_reduction=70, accel_ucb_coeff=3, data_truncation=None, tau_min=0.05, production=False, privacy_noise='laplace', privacy=True, save_best_model=False, seed=3.0, norm_mean=0.5, norm_std=0.5, train_batch_size=20, test_batch_size=1000, local_epochs=1, local_iterations=100, lr=0.01, momentum=0.5, lr_scheduler=False, optimizer='adam', device=device(type='cuda'))
=================================================================
Layer (type:depth-idx)                   Param #
=================================================================
CNN3LayerCifar                           --
├─Conv2d: 1-1                            896
├─BatchNorm2d: 1-2                       64
├─Conv2d: 1-3                            18,496
├─BatchNorm2d: 1-4                       128
├─Conv2d: 1-5                            73,856
├─BatchNorm2d: 1-6                       256
├─MaxPool2d: 1-7                         --
├─Linear: 1-8                            65,664
├─BatchNorm1d: 1-9                       256
├─Linear: 1-10                           8,256
├─BatchNorm1d: 1-11                      128
├─Linear: 1-12                           2,080
├─BatchNorm1d: 1-13                      64
├─Linear: 1-14                           330
├─Dropout: 1-15                          --
├─Dropout: 1-16                          --
├─Dropout: 1-17                          --
=================================================================
Total params: 170,474
Trainable params: 170,474
Non-trainable params: 0
=================================================================
global epoch 1 has been done artifficialy in 0.96 secs, the total time by now is 0.96 
 with avg train loss 2.346, val loss 2.312, avg val acc 10.00%
global epoch 2 has been done artifficialy in 0.97 secs, the total time by now is 1.94 
 with avg train loss 2.162, val loss 2.319, avg val acc 10.00%
global epoch 3 has been done artifficialy in 0.97 secs, the total time by now is 2.90 
 with avg train loss 2.031, val loss 2.323, avg val acc 10.00%
global epoch 4 has been done artifficialy in 0.97 secs, the total time by now is 3.88 
 with avg train loss 1.943, val loss 2.321, avg val acc 10.00%
global epoch 5 has been done artifficialy in 1.02 secs, the total time by now is 4.90 
 with avg train loss 1.866, val loss 2.314, avg val acc 10.00%
global epoch 6 has been done artifficialy in 1.05 secs, the total time by now is 5.94 
 with avg train loss 1.795, val loss 2.307, avg val acc 10.13%
global epoch 7 has been done artifficialy in 0.96 secs, the total time by now is 6.91 
 with avg train loss 1.749, val loss 2.302, avg val acc 15.73%
global epoch 8 has been done artifficialy in 1.00 secs, the total time by now is 7.90 
 with avg train loss 1.699, val loss 2.297, avg val acc 19.84%
global epoch 9 has been done artifficialy in 0.99 secs, the total time by now is 8.90 
 with avg train loss 1.658, val loss 2.289, avg val acc 17.14%
global epoch 10 has been done artifficialy in 1.00 secs, the total time by now is 9.89 
 with avg train loss 1.625, val loss 2.282, avg val acc 16.76%
global epoch 11 has been done artifficialy in 0.97 secs, the total time by now is 10.87 
 with avg train loss 1.588, val loss 2.267, avg val acc 16.38%
global epoch 12 has been done artifficialy in 1.02 secs, the total time by now is 11.89 
 with avg train loss 1.558, val loss 2.252, avg val acc 17.89%
global epoch 13 has been done artifficialy in 1.04 secs, the total time by now is 12.93 
 with avg train loss 1.532, val loss 2.246, avg val acc 18.21%
global epoch 14 has been done artifficialy in 1.03 secs, the total time by now is 13.95 
 with avg train loss 1.508, val loss 2.236, avg val acc 17.90%
global epoch 15 has been done artifficialy in 0.98 secs, the total time by now is 14.93 
 with avg train loss 1.486, val loss 2.241, avg val acc 16.74%
global epoch 16 has been done artifficialy in 1.01 secs, the total time by now is 15.94 
 with avg train loss 1.462, val loss 2.231, avg val acc 18.40%
global epoch 17 has been done artifficialy in 1.01 secs, the total time by now is 16.94 
 with avg train loss 1.443, val loss 2.225, avg val acc 18.71%
global epoch 18 has been done artifficialy in 0.96 secs, the total time by now is 17.91 
 with avg train loss 1.427, val loss 2.220, avg val acc 19.14%
global epoch 19 has been done artifficialy in 1.01 secs, the total time by now is 18.91 
 with avg train loss 1.404, val loss 2.196, avg val acc 20.35%
global epoch 20 has been done artifficialy in 0.98 secs, the total time by now is 19.89 
 with avg train loss 1.393, val loss 2.208, avg val acc 19.78%
global epoch 21 has been done artifficialy in 1.00 secs, the total time by now is 20.89 
 with avg train loss 1.375, val loss 2.169, avg val acc 21.00%
global epoch 22 has been done artifficialy in 0.99 secs, the total time by now is 21.88 
 with avg train loss 1.362, val loss 2.162, avg val acc 21.46%
global epoch 23 has been done artifficialy in 1.02 secs, the total time by now is 22.90 
 with avg train loss 1.342, val loss 2.151, avg val acc 21.84%
global epoch 24 has been done artifficialy in 1.02 secs, the total time by now is 23.92 
 with avg train loss 1.330, val loss 2.130, avg val acc 22.41%
global epoch 25 has been done artifficialy in 0.95 secs, the total time by now is 24.88 
 with avg train loss 1.313, val loss 2.131, avg val acc 22.68%
global epoch 26 has been done artifficialy in 0.96 secs, the total time by now is 25.84 
 with avg train loss 1.306, val loss 2.134, avg val acc 22.45%
global epoch 27 has been done artifficialy in 0.96 secs, the total time by now is 26.80 
 with avg train loss 1.290, val loss 2.127, avg val acc 22.08%
global epoch 28 has been done artifficialy in 1.02 secs, the total time by now is 27.81 
 with avg train loss 1.289, val loss 2.118, avg val acc 21.96%
global epoch 29 has been done artifficialy in 0.99 secs, the total time by now is 28.81 
 with avg train loss 1.268, val loss 2.083, avg val acc 23.74%
global epoch 30 has been done artifficialy in 1.00 secs, the total time by now is 29.81 
 with avg train loss 1.263, val loss 2.074, avg val acc 23.77%
global epoch 31 has been done artifficialy in 0.99 secs, the total time by now is 30.80 
 with avg train loss 1.247, val loss 2.068, avg val acc 24.29%
global epoch 32 has been done artifficialy in 0.99 secs, the total time by now is 31.79 
 with avg train loss 1.242, val loss 2.067, avg val acc 23.48%
global epoch 33 has been done artifficialy in 0.99 secs, the total time by now is 32.79 
 with avg train loss 1.230, val loss 2.062, avg val acc 23.67%
global epoch 34 has been done artifficialy in 0.97 secs, the total time by now is 33.76 
 with avg train loss 1.213, val loss 2.049, avg val acc 24.60%
global epoch 35 has been done artifficialy in 0.99 secs, the total time by now is 34.75 
 with avg train loss 1.213, val loss 2.027, avg val acc 25.13%
global epoch 36 has been done artifficialy in 0.96 secs, the total time by now is 35.71 
 with avg train loss 1.212, val loss 2.055, avg val acc 23.63%
global epoch 37 has been done artifficialy in 1.00 secs, the total time by now is 36.72 
 with avg train loss 1.201, val loss 2.043, avg val acc 23.97%
global epoch 38 has been done artifficialy in 0.99 secs, the total time by now is 37.71 
 with avg train loss 1.189, val loss 2.040, avg val acc 23.88%
global epoch 39 has been done artifficialy in 0.98 secs, the total time by now is 38.69 
 with avg train loss 1.187, val loss 2.016, avg val acc 24.72%
global epoch 40 has been done artifficialy in 0.94 secs, the total time by now is 39.63 
 with avg train loss 1.178, val loss 2.021, avg val acc 24.85%
global epoch 41 has been done artifficialy in 1.03 secs, the total time by now is 40.65 
 with avg train loss 1.157, val loss 2.014, avg val acc 24.37%
global epoch 42 has been done artifficialy in 0.94 secs, the total time by now is 41.60 
 with avg train loss 1.171, val loss 2.008, avg val acc 24.89%
global epoch 43 has been done artifficialy in 0.98 secs, the total time by now is 42.58 
 with avg train loss 1.160, val loss 2.017, avg val acc 25.02%
global epoch 44 has been done artifficialy in 0.98 secs, the total time by now is 43.56 
 with avg train loss 1.140, val loss 2.006, avg val acc 25.47%
global epoch 45 has been done artifficialy in 0.98 secs, the total time by now is 44.54 
 with avg train loss 1.135, val loss 1.994, avg val acc 27.15%
global epoch 46 has been done artifficialy in 0.99 secs, the total time by now is 45.52 
 with avg train loss 1.126, val loss 1.976, avg val acc 26.72%
global epoch 47 has been done artifficialy in 1.00 secs, the total time by now is 46.52 
 with avg train loss 1.132, val loss 1.987, avg val acc 25.31%
global epoch 48 has been done artifficialy in 0.98 secs, the total time by now is 47.51 
 with avg train loss 1.119, val loss 1.984, avg val acc 25.73%
global epoch 49 has been done artifficialy in 0.96 secs, the total time by now is 48.46 
 with avg train loss 1.120, val loss 1.980, avg val acc 26.30%
global epoch 50 has been done artifficialy in 0.97 secs, the total time by now is 49.43 
 with avg train loss 1.111, val loss 1.976, avg val acc 26.09%
global epoch 51 has been done artifficialy in 0.97 secs, the total time by now is 50.41 
 with avg train loss 1.111, val loss 1.984, avg val acc 24.78%
global epoch 52 has been done artifficialy in 0.97 secs, the total time by now is 51.37 
 with avg train loss 1.107, val loss 1.972, avg val acc 25.24%
global epoch 53 has been done artifficialy in 1.06 secs, the total time by now is 52.43 
 with avg train loss 1.110, val loss 1.967, avg val acc 24.90%
global epoch 54 has been done artifficialy in 0.99 secs, the total time by now is 53.42 
 with avg train loss 1.096, val loss 1.954, avg val acc 25.56%
global epoch 55 has been done artifficialy in 1.01 secs, the total time by now is 54.43 
 with avg train loss 1.103, val loss 1.962, avg val acc 25.81%
global epoch 56 has been done artifficialy in 0.98 secs, the total time by now is 55.41 
 with avg train loss 1.088, val loss 1.947, avg val acc 26.26%
global epoch 57 has been done artifficialy in 0.95 secs, the total time by now is 56.37 
 with avg train loss 1.094, val loss 1.930, avg val acc 27.69%
global epoch 58 has been done artifficialy in 0.99 secs, the total time by now is 57.35 
 with avg train loss 1.088, val loss 1.952, avg val acc 26.51%
global epoch 59 has been done artifficialy in 0.99 secs, the total time by now is 58.34 
 with avg train loss 1.095, val loss 1.932, avg val acc 26.43%
global epoch 60 has been done artifficialy in 0.95 secs, the total time by now is 59.29 
 with avg train loss 1.095, val loss 1.907, avg val acc 27.92%
global epoch 61 has been done artifficialy in 0.97 secs, the total time by now is 60.26 
 with avg train loss 1.089, val loss 1.917, avg val acc 27.97%
global epoch 62 has been done artifficialy in 1.00 secs, the total time by now is 61.26 
 with avg train loss 1.090, val loss 1.942, avg val acc 25.94%
global epoch 63 has been done artifficialy in 0.97 secs, the total time by now is 62.22 
 with avg train loss 1.089, val loss 1.887, avg val acc 28.68%
global epoch 64 has been done artifficialy in 0.96 secs, the total time by now is 63.19 
 with avg train loss 1.102, val loss 1.859, avg val acc 32.81%
global epoch 65 has been done artifficialy in 1.01 secs, the total time by now is 64.19 
 with avg train loss 1.094, val loss 1.869, avg val acc 30.05%
global epoch 66 has been done artifficialy in 0.98 secs, the total time by now is 65.18 
 with avg train loss 1.097, val loss 1.870, avg val acc 30.29%
global epoch 67 has been done artifficialy in 0.97 secs, the total time by now is 66.15 
 with avg train loss 1.105, val loss 1.873, avg val acc 30.83%
global epoch 68 has been done artifficialy in 0.96 secs, the total time by now is 67.11 
 with avg train loss 1.101, val loss 1.844, avg val acc 31.42%
global epoch 69 has been done artifficialy in 1.02 secs, the total time by now is 68.13 
 with avg train loss 1.107, val loss 1.816, avg val acc 33.11%
global epoch 70 has been done artifficialy in 1.00 secs, the total time by now is 69.13 
 with avg train loss 1.120, val loss 1.826, avg val acc 32.66%
global epoch 71 has been done artifficialy in 0.97 secs, the total time by now is 70.11 
 with avg train loss 1.108, val loss 1.858, avg val acc 30.82%
global epoch 72 has been done artifficialy in 0.99 secs, the total time by now is 71.09 
 with avg train loss 1.124, val loss 1.845, avg val acc 31.07%
global epoch 73 has been done artifficialy in 0.98 secs, the total time by now is 72.07 
 with avg train loss 1.138, val loss 1.829, avg val acc 30.01%
global epoch 74 has been done artifficialy in 0.97 secs, the total time by now is 73.04 
 with avg train loss 1.153, val loss 1.824, avg val acc 31.16%
global epoch 75 has been done artifficialy in 1.03 secs, the total time by now is 74.07 
 with avg train loss 1.162, val loss 1.801, avg val acc 34.38%
global epoch 76 has been done artifficialy in 0.98 secs, the total time by now is 75.05 
 with avg train loss 1.160, val loss 1.839, avg val acc 30.89%
global epoch 77 has been done artifficialy in 1.00 secs, the total time by now is 76.05 
 with avg train loss 1.180, val loss 1.829, avg val acc 32.80%
global epoch 78 has been done artifficialy in 0.98 secs, the total time by now is 77.03 
 with avg train loss 1.178, val loss 1.836, avg val acc 31.81%
global epoch 79 has been done artifficialy in 1.00 secs, the total time by now is 78.04 
 with avg train loss 1.198, val loss 1.773, avg val acc 34.26%
global epoch 80 has been done artifficialy in 0.98 secs, the total time by now is 79.02 
 with avg train loss 1.214, val loss 1.760, avg val acc 33.81%
global epoch 81 has been done artifficialy in 0.99 secs, the total time by now is 80.00 
 with avg train loss 1.221, val loss 1.799, avg val acc 32.62%
global epoch 82 has been done artifficialy in 1.01 secs, the total time by now is 81.02 
 with avg train loss 1.240, val loss 1.835, avg val acc 32.60%
global epoch 83 has been done artifficialy in 0.97 secs, the total time by now is 81.99 
 with avg train loss 1.257, val loss 1.809, avg val acc 33.82%
global epoch 84 has been done artifficialy in 0.97 secs, the total time by now is 82.96 
 with avg train loss 1.264, val loss 1.898, avg val acc 30.84%
global epoch 85 has been done artifficialy in 1.02 secs, the total time by now is 83.98 
 with avg train loss 1.283, val loss 1.910, avg val acc 30.80%
global epoch 86 has been done artifficialy in 0.97 secs, the total time by now is 84.95 
 with avg train loss 1.321, val loss 2.012, avg val acc 25.93%
global epoch 87 has been done artifficialy in 1.04 secs, the total time by now is 85.99 
 with avg train loss 1.339, val loss 1.983, avg val acc 27.63%
global epoch 88 has been done artifficialy in 0.97 secs, the total time by now is 86.96 
 with avg train loss 1.351, val loss 1.976, avg val acc 27.05%
global epoch 89 has been done artifficialy in 0.98 secs, the total time by now is 87.94 
 with avg train loss 1.365, val loss 1.975, avg val acc 27.87%
global epoch 90 has been done artifficialy in 0.95 secs, the total time by now is 88.89 
 with avg train loss 1.379, val loss 1.902, avg val acc 30.10%
global epoch 91 has been done artifficialy in 0.97 secs, the total time by now is 89.86 
 with avg train loss 1.395, val loss 2.015, avg val acc 26.62%
global epoch 92 has been done artifficialy in 1.00 secs, the total time by now is 90.87 
 with avg train loss 1.429, val loss 2.099, avg val acc 23.66%
global epoch 93 has been done artifficialy in 1.00 secs, the total time by now is 91.87 
 with avg train loss 1.470, val loss 2.027, avg val acc 25.65%
global epoch 94 has been done artifficialy in 0.98 secs, the total time by now is 92.85 
 with avg train loss 1.476, val loss 2.106, avg val acc 22.31%
global epoch 95 has been done artifficialy in 0.98 secs, the total time by now is 93.82 
 with avg train loss 1.562, val loss 2.100, avg val acc 23.41%
global epoch 96 has been done artifficialy in 0.95 secs, the total time by now is 94.78 
 with avg train loss 1.559, val loss 2.032, avg val acc 24.24%
global epoch 97 has been done artifficialy in 0.97 secs, the total time by now is 95.75 
 with avg train loss 1.571, val loss 2.024, avg val acc 24.65%
global epoch 98 has been done artifficialy in 1.00 secs, the total time by now is 96.74 
 with avg train loss 1.600, val loss 2.022, avg val acc 24.45%
global epoch 99 has been done artifficialy in 0.98 secs, the total time by now is 97.73 
 with avg train loss 1.601, val loss 2.096, avg val acc 23.10%
global epoch 100 has been done artifficialy in 0.97 secs, the total time by now is 98.69 
 with avg train loss 1.607, val loss 2.057, avg val acc 23.34%
global epoch 101 has been done artifficialy in 1.00 secs, the total time by now is 99.69 
 with avg train loss 1.625, val loss 2.032, avg val acc 24.05%
global epoch 102 has been done artifficialy in 1.00 secs, the total time by now is 100.69 
 with avg train loss 1.664, val loss 2.193, avg val acc 20.57%
global epoch 103 has been done artifficialy in 0.96 secs, the total time by now is 101.65 
 with avg train loss 1.729, val loss 2.208, avg val acc 17.71%
global epoch 104 has been done artifficialy in 0.95 secs, the total time by now is 102.60 
 with avg train loss 1.772, val loss 2.089, avg val acc 23.61%
global epoch 105 has been done artifficialy in 0.98 secs, the total time by now is 103.58 
 with avg train loss 1.770, val loss 2.157, avg val acc 22.73%
global epoch 106 has been done artifficialy in 0.95 secs, the total time by now is 104.53 
 with avg train loss 1.817, val loss 2.115, avg val acc 22.79%
global epoch 107 has been done artifficialy in 0.97 secs, the total time by now is 105.50 
 with avg train loss 1.800, val loss 2.194, avg val acc 19.13%
global epoch 108 has been done artifficialy in 0.97 secs, the total time by now is 106.47 
 with avg train loss 1.877, val loss 2.206, avg val acc 20.02%
global epoch 109 has been done artifficialy in 0.98 secs, the total time by now is 107.45 
 with avg train loss 1.915, val loss 2.219, avg val acc 19.25%
global epoch 110 has been done artifficialy in 1.03 secs, the total time by now is 108.48 
 with avg train loss 1.909, val loss 2.210, avg val acc 18.54%
global epoch 111 has been done artifficialy in 0.96 secs, the total time by now is 109.44 
 with avg train loss 1.933, val loss 2.222, avg val acc 18.13%
global epoch 112 has been done artifficialy in 0.94 secs, the total time by now is 110.38 
 with avg train loss 1.933, val loss 2.207, avg val acc 18.59%
global epoch 113 has been done artifficialy in 0.95 secs, the total time by now is 111.33 
 with avg train loss 1.944, val loss 2.258, avg val acc 19.55%
global epoch 114 has been done artifficialy in 1.02 secs, the total time by now is 112.35 
 with avg train loss 1.977, val loss 2.184, avg val acc 19.01%
global epoch 115 has been done artifficialy in 0.98 secs, the total time by now is 113.32 
 with avg train loss 1.947, val loss 2.203, avg val acc 19.70%
global epoch 116 has been done artifficialy in 0.97 secs, the total time by now is 114.29 
 with avg train loss 1.991, val loss 2.287, avg val acc 19.06%
global epoch 117 has been done artifficialy in 0.96 secs, the total time by now is 115.25 
 with avg train loss 2.013, val loss 2.256, avg val acc 19.01%
global epoch 118 has been done artifficialy in 1.02 secs, the total time by now is 116.27 
 with avg train loss 1.976, val loss 2.378, avg val acc 15.97%
global epoch 119 has been done artifficialy in 1.02 secs, the total time by now is 117.29 
 with avg train loss 2.020, val loss 2.405, avg val acc 16.06%
global epoch 120 has been done artifficialy in 0.97 secs, the total time by now is 118.26 
 with avg train loss 2.045, val loss 2.277, avg val acc 17.58%
global epoch 121 has been done artifficialy in 0.96 secs, the total time by now is 119.23 
 with avg train loss 2.025, val loss 2.326, avg val acc 16.57%
global epoch 122 has been done artifficialy in 1.01 secs, the total time by now is 120.23 
 with avg train loss 2.010, val loss 2.379, avg val acc 16.43%
global epoch 123 has been done artifficialy in 0.98 secs, the total time by now is 121.22 
 with avg train loss 2.052, val loss 2.277, avg val acc 17.89%
global epoch 124 has been done artifficialy in 0.98 secs, the total time by now is 122.19 
 with avg train loss 2.061, val loss 2.363, avg val acc 15.90%
global epoch 125 has been done artifficialy in 0.98 secs, the total time by now is 123.17 
 with avg train loss 2.086, val loss 2.428, avg val acc 15.62%
global epoch 126 has been done artifficialy in 0.95 secs, the total time by now is 124.12 
 with avg train loss 2.123, val loss 2.395, avg val acc 16.34%
global epoch 127 has been done artifficialy in 1.01 secs, the total time by now is 125.13 
 with avg train loss 2.185, val loss 2.382, avg val acc 16.71%
global epoch 128 has been done artifficialy in 0.98 secs, the total time by now is 126.12 
 with avg train loss 2.144, val loss 2.363, avg val acc 16.86%
global epoch 129 has been done artifficialy in 1.02 secs, the total time by now is 127.13 
 with avg train loss 2.161, val loss 2.363, avg val acc 16.49%
global epoch 130 has been done artifficialy in 0.97 secs, the total time by now is 128.10 
 with avg train loss 2.156, val loss 2.384, avg val acc 13.84%
global epoch 131 has been done artifficialy in 0.98 secs, the total time by now is 129.08 
 with avg train loss 2.184, val loss 2.551, avg val acc 12.40%
global epoch 132 has been done artifficialy in 0.98 secs, the total time by now is 130.06 
 with avg train loss 2.223, val loss 2.423, avg val acc 14.72%
global epoch 133 has been done artifficialy in 1.00 secs, the total time by now is 131.06 
 with avg train loss 2.196, val loss 2.391, avg val acc 14.22%
global epoch 134 has been done artifficialy in 0.98 secs, the total time by now is 132.04 
 with avg train loss 2.203, val loss 2.348, avg val acc 13.82%
global epoch 135 has been done artifficialy in 1.02 secs, the total time by now is 133.06 
 with avg train loss 2.201, val loss 2.435, avg val acc 12.45%
global epoch 136 has been done artifficialy in 0.99 secs, the total time by now is 134.05 
 with avg train loss 2.253, val loss 2.569, avg val acc 12.51%
global epoch 137 has been done artifficialy in 0.98 secs, the total time by now is 135.03 
 with avg train loss 2.260, val loss 2.459, avg val acc 12.67%
global epoch 138 has been done artifficialy in 0.96 secs, the total time by now is 135.98 
 with avg train loss 2.263, val loss 2.420, avg val acc 13.38%
global epoch 139 has been done artifficialy in 0.96 secs, the total time by now is 136.95 
 with avg train loss 2.200, val loss 2.348, avg val acc 16.84%
global epoch 140 has been done artifficialy in 0.98 secs, the total time by now is 137.93 
 with avg train loss 2.180, val loss 2.300, avg val acc 16.90%
global epoch 141 has been done artifficialy in 1.03 secs, the total time by now is 138.96 
 with avg train loss 2.168, val loss 2.452, avg val acc 13.17%
global epoch 142 has been done artifficialy in 1.01 secs, the total time by now is 139.97 
 with avg train loss 2.212, val loss 2.473, avg val acc 12.41%
global epoch 143 has been done artifficialy in 1.04 secs, the total time by now is 141.01 
 with avg train loss 2.245, val loss 2.425, avg val acc 12.73%
global epoch 144 has been done artifficialy in 0.97 secs, the total time by now is 141.98 
 with avg train loss 2.264, val loss 2.373, avg val acc 15.63%
global epoch 145 has been done artifficialy in 0.96 secs, the total time by now is 142.94 
 with avg train loss 2.254, val loss 2.456, avg val acc 15.49%
global epoch 146 has been done artifficialy in 0.95 secs, the total time by now is 143.90 
 with avg train loss 2.300, val loss 2.520, avg val acc 12.71%
global epoch 147 has been done artifficialy in 1.00 secs, the total time by now is 144.89 
 with avg train loss 2.323, val loss 2.349, avg val acc 16.14%
global epoch 148 has been done artifficialy in 0.96 secs, the total time by now is 145.85 
 with avg train loss 2.234, val loss 2.286, avg val acc 15.76%
global epoch 149 has been done artifficialy in 0.95 secs, the total time by now is 146.80 
 with avg train loss 2.194, val loss 2.544, avg val acc 12.79%
global epoch 150 has been done artifficialy in 1.03 secs, the total time by now is 147.83 
 with avg train loss 2.275, val loss 2.526, avg val acc 12.28%
global epoch 151 has been done artifficialy in 1.05 secs, the total time by now is 148.88 
 with avg train loss 2.312, val loss 2.422, avg val acc 11.80%
global epoch 152 has been done artifficialy in 0.97 secs, the total time by now is 149.86 
 with avg train loss 2.292, val loss 2.487, avg val acc 12.75%
global epoch 153 has been done artifficialy in 1.01 secs, the total time by now is 150.87 
 with avg train loss 2.321, val loss 2.696, avg val acc 14.92%
global epoch 154 has been done artifficialy in 0.96 secs, the total time by now is 151.83 
 with avg train loss 2.416, val loss 2.549, avg val acc 12.24%
global epoch 155 has been done artifficialy in 0.98 secs, the total time by now is 152.80 
 with avg train loss 2.323, val loss 2.455, avg val acc 12.41%
global epoch 156 has been done artifficialy in 0.96 secs, the total time by now is 153.76 
 with avg train loss 2.241, val loss 2.524, avg val acc 10.43%
global epoch 157 has been done artifficialy in 1.00 secs, the total time by now is 154.76 
 with avg train loss 2.324, val loss 2.554, avg val acc 11.19%
global epoch 158 has been done artifficialy in 0.99 secs, the total time by now is 155.75 
 with avg train loss 2.378, val loss 2.498, avg val acc 12.30%
global epoch 159 has been done artifficialy in 0.99 secs, the total time by now is 156.74 
 with avg train loss 2.351, val loss 2.610, avg val acc 13.44%
global epoch 160 has been done artifficialy in 0.98 secs, the total time by now is 157.72 
 with avg train loss 2.393, val loss 2.416, avg val acc 15.75%
global epoch 161 has been done artifficialy in 1.00 secs, the total time by now is 158.72 
 with avg train loss 2.309, val loss 2.512, avg val acc 13.90%
global epoch 162 has been done artifficialy in 1.00 secs, the total time by now is 159.72 
 with avg train loss 2.362, val loss 2.631, avg val acc 15.42%
global epoch 163 has been done artifficialy in 1.00 secs, the total time by now is 160.72 
 with avg train loss 2.377, val loss 2.463, avg val acc 13.36%
global epoch 164 has been done artifficialy in 0.98 secs, the total time by now is 161.70 
 with avg train loss 2.352, val loss 2.801, avg val acc 12.58%
global epoch 165 has been done artifficialy in 1.00 secs, the total time by now is 162.70 
 with avg train loss 2.574, val loss 2.766, avg val acc 10.62%
global epoch 166 has been done artifficialy in 0.97 secs, the total time by now is 163.66 
 with avg train loss 2.529, val loss 3.061, avg val acc 12.88%
global epoch 167 has been done artifficialy in 1.01 secs, the total time by now is 164.67 
 with avg train loss 2.624, val loss 2.671, avg val acc 13.02%
global epoch 168 has been done artifficialy in 0.96 secs, the total time by now is 165.63 
 with avg train loss 2.450, val loss 2.652, avg val acc 9.51%
global epoch 169 has been done artifficialy in 1.02 secs, the total time by now is 166.65 
 with avg train loss 2.482, val loss 2.692, avg val acc 10.37%
global epoch 170 has been done artifficialy in 0.98 secs, the total time by now is 167.63 
 with avg train loss 2.540, val loss 3.549, avg val acc 10.11%
global epoch 171 has been done artifficialy in 0.97 secs, the total time by now is 168.60 
 with avg train loss 3.003, val loss 3.030, avg val acc 9.99%
global epoch 172 has been done artifficialy in 1.01 secs, the total time by now is 169.61 
 with avg train loss 2.717, val loss 3.054, avg val acc 10.16%
global epoch 173 has been done artifficialy in 0.97 secs, the total time by now is 170.58 
 with avg train loss 2.658, val loss 3.119, avg val acc 10.07%
global epoch 174 has been done artifficialy in 1.05 secs, the total time by now is 171.63 
 with avg train loss 2.914, val loss 2.807, avg val acc 10.06%
global epoch 175 has been done artifficialy in 0.99 secs, the total time by now is 172.62 
 with avg train loss 2.632, val loss 2.951, avg val acc 11.26%
global epoch 176 has been done artifficialy in 0.98 secs, the total time by now is 173.60 
 with avg train loss 2.651, val loss 2.808, avg val acc 10.78%
global epoch 177 has been done artifficialy in 0.97 secs, the total time by now is 174.57 
 with avg train loss 2.564, val loss 3.273, avg val acc 12.30%
global epoch 178 has been done artifficialy in 1.04 secs, the total time by now is 175.60 
 with avg train loss 2.768, val loss 2.939, avg val acc 13.33%
global epoch 179 has been done artifficialy in 0.99 secs, the total time by now is 176.59 
 with avg train loss 2.506, val loss 3.535, avg val acc 10.93%
global epoch 180 has been done artifficialy in 0.98 secs, the total time by now is 177.58 
 with avg train loss 2.857, val loss 4.077, avg val acc 10.97%
global epoch 181 has been done artifficialy in 0.96 secs, the total time by now is 178.54 
 with avg train loss 3.337, val loss 5.384, avg val acc 10.04%
global epoch 182 has been done artifficialy in 1.04 secs, the total time by now is 179.58 
 with avg train loss 4.240, val loss 3.519, avg val acc 10.27%
global epoch 183 has been done artifficialy in 0.95 secs, the total time by now is 180.53 
 with avg train loss 3.041, val loss 2.993, avg val acc 10.48%
global epoch 184 has been done artifficialy in 0.98 secs, the total time by now is 181.51 
 with avg train loss 2.771, val loss 2.929, avg val acc 12.77%
global epoch 185 has been done artifficialy in 0.99 secs, the total time by now is 182.50 
 with avg train loss 2.755, val loss 3.882, avg val acc 10.30%
global epoch 186 has been done artifficialy in 0.97 secs, the total time by now is 183.47 
 with avg train loss 3.369, val loss 4.364, avg val acc 10.47%
global epoch 187 has been done artifficialy in 0.96 secs, the total time by now is 184.43 
 with avg train loss 3.382, val loss 3.910, avg val acc 10.78%
global epoch 188 has been done artifficialy in 0.97 secs, the total time by now is 185.40 
 with avg train loss 3.054, val loss 3.233, avg val acc 10.12%
global epoch 189 has been done artifficialy in 0.99 secs, the total time by now is 186.39 
 with avg train loss 2.739, val loss 3.655, avg val acc 11.41%
global epoch 190 has been done artifficialy in 0.99 secs, the total time by now is 187.38 
 with avg train loss 3.022, val loss 3.628, avg val acc 13.55%
global epoch 191 has been done artifficialy in 0.96 secs, the total time by now is 188.34 
 with avg train loss 3.232, val loss 4.059, avg val acc 12.69%
global epoch 192 has been done artifficialy in 0.95 secs, the total time by now is 189.29 
 with avg train loss 3.543, val loss 8.096, avg val acc 10.03%
global epoch 193 has been done artifficialy in 1.00 secs, the total time by now is 190.29 
 with avg train loss 5.480, val loss 6.186, avg val acc 12.13%
global epoch 194 has been done artifficialy in 0.96 secs, the total time by now is 191.25 
 with avg train loss 4.852, val loss 4.714, avg val acc 10.56%
global epoch 195 has been done artifficialy in 0.97 secs, the total time by now is 192.23 
 with avg train loss 3.715, val loss 4.125, avg val acc 14.73%
global epoch 196 has been done artifficialy in 0.99 secs, the total time by now is 193.22 
 with avg train loss 3.625, val loss 6.301, avg val acc 9.73%
global epoch 197 has been done artifficialy in 0.96 secs, the total time by now is 194.18 
 with avg train loss 4.140, val loss 4.927, avg val acc 10.21%
global epoch 198 has been done artifficialy in 1.01 secs, the total time by now is 195.19 
 with avg train loss 3.807, val loss 5.322, avg val acc 10.06%
global epoch 199 has been done artifficialy in 0.99 secs, the total time by now is 196.17 
 with avg train loss 3.916, val loss 7.530, avg val acc 10.07%
global epoch 200 has been done artifficialy in 0.97 secs, the total time by now is 197.15 
 with avg train loss 5.844, val loss 7.103, avg val acc 10.06%
global epoch 201 has been done artifficialy in 0.98 secs, the total time by now is 198.13 
 with avg train loss 5.449, val loss 4.663, avg val acc 10.77%
global epoch 202 has been done artifficialy in 0.99 secs, the total time by now is 199.11 
 with avg train loss 4.038, val loss 8.225, avg val acc 10.01%
global epoch 203 has been done artifficialy in 0.96 secs, the total time by now is 200.07 
 with avg train loss 6.301, val loss 7.869, avg val acc 10.16%
global epoch 204 has been done artifficialy in 0.99 secs, the total time by now is 201.06 
 with avg train loss 5.802, val loss 6.669, avg val acc 11.85%
global epoch 205 has been done artifficialy in 1.01 secs, the total time by now is 202.07 
 with avg train loss 5.684, val loss 6.091, avg val acc 9.68%
global epoch 206 has been done artifficialy in 0.96 secs, the total time by now is 203.03 
 with avg train loss 5.069, val loss 6.530, avg val acc 9.90%
global epoch 207 has been done artifficialy in 1.00 secs, the total time by now is 204.03 
 with avg train loss 5.273, val loss 7.570, avg val acc 11.05%
global epoch 208 has been done artifficialy in 0.99 secs, the total time by now is 205.02 
 with avg train loss 5.666, val loss 4.393, avg val acc 11.39%
global epoch 209 has been done artifficialy in 1.01 secs, the total time by now is 206.03 
 with avg train loss 4.191, val loss 6.616, avg val acc 10.69%
global epoch 210 has been done artifficialy in 0.98 secs, the total time by now is 207.01 
 with avg train loss 5.048, val loss 7.420, avg val acc 13.61%
global epoch 211 has been done artifficialy in 0.97 secs, the total time by now is 207.98 
 with avg train loss 6.112, val loss 10.100, avg val acc 10.10%
global epoch 212 has been done artifficialy in 0.98 secs, the total time by now is 208.96 
 with avg train loss 7.379, val loss 8.229, avg val acc 10.66%
global epoch 213 has been done artifficialy in 1.00 secs, the total time by now is 209.96 
 with avg train loss 6.012, val loss 10.575, avg val acc 10.18%
global epoch 214 has been done artifficialy in 1.00 secs, the total time by now is 210.96 
 with avg train loss 8.790, val loss 8.619, avg val acc 11.46%
global epoch 215 has been done artifficialy in 0.98 secs, the total time by now is 211.94 
 with avg train loss 6.378, val loss 6.854, avg val acc 10.35%
global epoch 216 has been done artifficialy in 1.02 secs, the total time by now is 212.97 
 with avg train loss 5.484, val loss 7.723, avg val acc 10.95%
global epoch 217 has been done artifficialy in 0.98 secs, the total time by now is 213.95 
 with avg train loss 6.482, val loss 12.364, avg val acc 10.00%
global epoch 218 has been done artifficialy in 0.94 secs, the total time by now is 214.89 
 with avg train loss 9.186, val loss 9.768, avg val acc 13.96%
global epoch 219 has been done artifficialy in 0.98 secs, the total time by now is 215.87 
 with avg train loss 8.489, val loss 8.758, avg val acc 12.08%
global epoch 220 has been done artifficialy in 0.98 secs, the total time by now is 216.85 
 with avg train loss 7.190, val loss 11.550, avg val acc 9.37%
global epoch 221 has been done artifficialy in 0.98 secs, the total time by now is 217.83 
 with avg train loss 8.528, val loss 8.136, avg val acc 10.10%
global epoch 222 has been done artifficialy in 0.95 secs, the total time by now is 218.78 
 with avg train loss 6.494, val loss 9.539, avg val acc 10.26%
global epoch 223 has been done artifficialy in 1.01 secs, the total time by now is 219.79 
 with avg train loss 7.124, val loss 12.927, avg val acc 10.21%
global epoch 224 has been done artifficialy in 1.00 secs, the total time by now is 220.78 
 with avg train loss 11.165, val loss 10.428, avg val acc 12.42%
global epoch 225 has been done artifficialy in 1.00 secs, the total time by now is 221.79 
 with avg train loss 8.264, val loss 14.471, avg val acc 10.03%
global epoch 226 has been done artifficialy in 0.98 secs, the total time by now is 222.76 
 with avg train loss 11.023, val loss 12.087, avg val acc 10.04%
global epoch 227 has been done artifficialy in 1.00 secs, the total time by now is 223.76 
 with avg train loss 9.544, val loss 16.205, avg val acc 10.09%
global epoch 228 has been done artifficialy in 0.97 secs, the total time by now is 224.74 
 with avg train loss 11.099, val loss 13.784, avg val acc 10.09%
global epoch 229 has been done artifficialy in 0.99 secs, the total time by now is 225.73 
 with avg train loss 10.417, val loss 14.726, avg val acc 10.04%
global epoch 230 has been done artifficialy in 0.95 secs, the total time by now is 226.67 
 with avg train loss 11.118, val loss 20.684, avg val acc 10.23%
global epoch 231 has been done artifficialy in 1.00 secs, the total time by now is 227.67 
 with avg train loss 15.563, val loss 10.788, avg val acc 11.43%
global epoch 232 has been done artifficialy in 0.99 secs, the total time by now is 228.67 
 with avg train loss 9.711, val loss 24.627, avg val acc 10.01%
global epoch 233 has been done artifficialy in 0.97 secs, the total time by now is 229.64 
 with avg train loss 17.942, val loss 27.955, avg val acc 9.98%
global epoch 234 has been done artifficialy in 0.97 secs, the total time by now is 230.61 
 with avg train loss 20.217, val loss 21.905, avg val acc 10.55%
global epoch 235 has been done artifficialy in 0.97 secs, the total time by now is 231.58 
 with avg train loss 17.142, val loss 15.719, avg val acc 10.69%
global epoch 236 has been done artifficialy in 0.97 secs, the total time by now is 232.55 
 with avg train loss 12.594, val loss 34.004, avg val acc 10.00%
global epoch 237 has been done artifficialy in 0.99 secs, the total time by now is 233.55 
 with avg train loss 26.044, val loss 13.339, avg val acc 12.11%
global epoch 238 has been done artifficialy in 0.99 secs, the total time by now is 234.53 
 with avg train loss 11.529, val loss 20.364, avg val acc 10.12%
global epoch 239 has been done artifficialy in 0.97 secs, the total time by now is 235.51 
 with avg train loss 15.663, val loss 15.092, avg val acc 10.00%
global epoch 240 has been done artifficialy in 1.00 secs, the total time by now is 236.51 
 with avg train loss 12.212, val loss 21.180, avg val acc 10.30%
global epoch 241 has been done artifficialy in 0.99 secs, the total time by now is 237.50 
 with avg train loss 15.983, val loss 22.314, avg val acc 9.93%
global epoch 242 has been done artifficialy in 0.98 secs, the total time by now is 238.48 
 with avg train loss 18.159, val loss 30.942, avg val acc 10.13%
global epoch 243 has been done artifficialy in 0.96 secs, the total time by now is 239.44 
 with avg train loss 23.782, val loss 18.826, avg val acc 9.84%
global epoch 244 has been done artifficialy in 1.00 secs, the total time by now is 240.44 
 with avg train loss 14.481, val loss 24.651, avg val acc 10.61%
global epoch 245 has been done artifficialy in 1.00 secs, the total time by now is 241.44 
 with avg train loss 20.499, val loss 29.346, avg val acc 11.81%
global epoch 246 has been done artifficialy in 0.98 secs, the total time by now is 242.42 
 with avg train loss 24.864, val loss 23.770, avg val acc 9.76%
global epoch 247 has been done artifficialy in 0.99 secs, the total time by now is 243.41 
 with avg train loss 18.613, val loss 37.525, avg val acc 10.00%
global epoch 248 has been done artifficialy in 0.99 secs, the total time by now is 244.40 
 with avg train loss 24.349, val loss 26.370, avg val acc 9.89%
global epoch 249 has been done artifficialy in 0.99 secs, the total time by now is 245.38 
 with avg train loss 23.184, val loss 45.842, avg val acc 10.02%
global epoch 250 has been done artifficialy in 0.97 secs, the total time by now is 246.36 
 with avg train loss 34.531, val loss 43.662, avg val acc 11.26%
global epoch 251 has been done artifficialy in 0.98 secs, the total time by now is 247.34 
 with avg train loss 35.213, val loss 24.141, avg val acc 10.96%
global epoch 252 has been done artifficialy in 0.99 secs, the total time by now is 248.33 
 with avg train loss 21.535, val loss 30.898, avg val acc 9.91%
global epoch 253 has been done artifficialy in 0.99 secs, the total time by now is 249.32 
 with avg train loss 27.407, val loss 42.088, avg val acc 10.74%
global epoch 254 has been done artifficialy in 0.99 secs, the total time by now is 250.31 
 with avg train loss 29.039, val loss 47.485, avg val acc 10.16%
global epoch 255 has been done artifficialy in 0.96 secs, the total time by now is 251.27 
 with avg train loss 35.837, val loss 45.162, avg val acc 10.38%
global epoch 256 has been done artifficialy in 1.01 secs, the total time by now is 252.29 
 with avg train loss 34.483, val loss 59.145, avg val acc 12.16%
global epoch 257 has been done artifficialy in 1.01 secs, the total time by now is 253.30 
 with avg train loss 43.972, val loss 59.659, avg val acc 11.48%
global epoch 258 has been done artifficialy in 0.96 secs, the total time by now is 254.26 
 with avg train loss 51.308, val loss 35.909, avg val acc 10.96%
global epoch 259 has been done artifficialy in 0.99 secs, the total time by now is 255.25 
 with avg train loss 30.054, val loss 47.082, avg val acc 10.47%
global epoch 260 has been done artifficialy in 1.00 secs, the total time by now is 256.25 
 with avg train loss 40.437, val loss 60.915, avg val acc 9.82%
global epoch 261 has been done artifficialy in 0.96 secs, the total time by now is 257.22 
 with avg train loss 47.573, val loss 71.394, avg val acc 10.00%
global epoch 262 has been done artifficialy in 0.98 secs, the total time by now is 258.19 
 with avg train loss 52.306, val loss 54.227, avg val acc 10.24%
global epoch 263 has been done artifficialy in 0.97 secs, the total time by now is 259.16 
 with avg train loss 41.688, val loss 55.473, avg val acc 10.16%
global epoch 264 has been done artifficialy in 0.97 secs, the total time by now is 260.13 
 with avg train loss 42.119, val loss 41.674, avg val acc 10.21%
global epoch 265 has been done artifficialy in 0.99 secs, the total time by now is 261.11 
 with avg train loss 34.438, val loss 31.980, avg val acc 10.93%
global epoch 266 has been done artifficialy in 0.98 secs, the total time by now is 262.09 
 with avg train loss 30.750, val loss 58.400, avg val acc 11.55%
global epoch 267 has been done artifficialy in 1.00 secs, the total time by now is 263.09 
 with avg train loss 46.460, val loss 104.214, avg val acc 9.99%
global epoch 268 has been done artifficialy in 0.99 secs, the total time by now is 264.07 
 with avg train loss 72.747, val loss 94.249, avg val acc 10.45%
global epoch 269 has been done artifficialy in 1.03 secs, the total time by now is 265.10 
 with avg train loss 70.248, val loss 120.202, avg val acc 10.01%
global epoch 270 has been done artifficialy in 0.99 secs, the total time by now is 266.09 
 with avg train loss 87.270, val loss 91.330, avg val acc 9.64%
global epoch 271 has been done artifficialy in 0.98 secs, the total time by now is 267.07 
 with avg train loss 71.227, val loss 102.248, avg val acc 11.16%
global epoch 272 has been done artifficialy in 0.97 secs, the total time by now is 268.04 
 with avg train loss 77.372, val loss 144.868, avg val acc 10.00%
global epoch 273 has been done artifficialy in 1.00 secs, the total time by now is 269.05 
 with avg train loss 111.097, val loss 167.484, avg val acc 10.61%
global epoch 274 has been done artifficialy in 0.96 secs, the total time by now is 270.01 
 with avg train loss 134.223, val loss 257.983, avg val acc 10.04%
global epoch 275 has been done artifficialy in 0.98 secs, the total time by now is 270.99 
 with avg train loss 179.276, val loss 116.613, avg val acc 10.17%
global epoch 276 has been done artifficialy in 0.99 secs, the total time by now is 271.98 
 with avg train loss 96.992, val loss 73.115, avg val acc 10.64%
global epoch 277 has been done artifficialy in 0.96 secs, the total time by now is 272.94 
 with avg train loss 65.665, val loss 118.145, avg val acc 10.05%
global epoch 278 has been done artifficialy in 1.02 secs, the total time by now is 273.95 
 with avg train loss 88.467, val loss 169.874, avg val acc 10.01%
global epoch 279 has been done artifficialy in 0.98 secs, the total time by now is 274.93 
 with avg train loss 125.117, val loss 126.576, avg val acc 10.57%
global epoch 280 has been done artifficialy in 1.02 secs, the total time by now is 275.95 
 with avg train loss 105.908, val loss 228.060, avg val acc 10.16%
global epoch 281 has been done artifficialy in 1.04 secs, the total time by now is 276.99 
 with avg train loss 155.673, val loss 194.449, avg val acc 10.45%
global epoch 282 has been done artifficialy in 0.96 secs, the total time by now is 277.96 
 with avg train loss 148.449, val loss 228.858, avg val acc 10.08%
global epoch 283 has been done artifficialy in 0.97 secs, the total time by now is 278.93 
 with avg train loss 182.881, val loss 308.835, avg val acc 9.95%
global epoch 284 has been done artifficialy in 0.97 secs, the total time by now is 279.90 
 with avg train loss 227.900, val loss 160.154, avg val acc 11.74%
global epoch 285 has been done artifficialy in 0.97 secs, the total time by now is 280.87 
 with avg train loss 142.085, val loss 103.783, avg val acc 13.05%
global epoch 286 has been done artifficialy in 1.04 secs, the total time by now is 281.90 
 with avg train loss 85.415, val loss 191.444, avg val acc 9.81%
global epoch 287 has been done artifficialy in 1.01 secs, the total time by now is 282.91 
 with avg train loss 125.749, val loss 195.739, avg val acc 9.84%
global epoch 288 has been done artifficialy in 0.99 secs, the total time by now is 283.90 
 with avg train loss 150.108, val loss 313.235, avg val acc 9.98%
global epoch 289 has been done artifficialy in 0.97 secs, the total time by now is 284.86 
 with avg train loss 210.667, val loss 220.064, avg val acc 9.74%
global epoch 290 has been done artifficialy in 0.99 secs, the total time by now is 285.85 
 with avg train loss 187.821, val loss 432.655, avg val acc 10.01%
global epoch 291 has been done artifficialy in 0.98 secs, the total time by now is 286.83 
 with avg train loss 349.344, val loss 315.291, avg val acc 10.39%
global epoch 292 has been done artifficialy in 0.95 secs, the total time by now is 287.79 
 with avg train loss 201.381, val loss 230.425, avg val acc 10.13%
global epoch 293 has been done artifficialy in 0.96 secs, the total time by now is 288.75 
 with avg train loss 162.656, val loss 400.551, avg val acc 10.53%
global epoch 294 has been done artifficialy in 1.00 secs, the total time by now is 289.75 
 with avg train loss 291.835, val loss 392.411, avg val acc 10.28%
global epoch 295 has been done artifficialy in 0.98 secs, the total time by now is 290.73 
 with avg train loss 304.962, val loss 225.938, avg val acc 12.43%
global epoch 296 has been done artifficialy in 0.99 secs, the total time by now is 291.72 
 with avg train loss 186.422, val loss 420.068, avg val acc 10.79%
global epoch 297 has been done artifficialy in 1.00 secs, the total time by now is 292.72 
 with avg train loss 286.864, val loss 555.066, avg val acc 10.00%
global epoch 298 has been done artifficialy in 1.00 secs, the total time by now is 293.72 
 with avg train loss 408.622, val loss 330.884, avg val acc 9.60%
global epoch 299 has been done artifficialy in 0.99 secs, the total time by now is 294.71 
 with avg train loss 270.742, val loss 573.867, avg val acc 10.00%
global epoch 300 has been done artifficialy in 1.01 secs, the total time by now is 295.73 
 with avg train loss 404.407, val loss 609.900, avg val acc 10.02%
global epoch 301 has been done artifficialy in 1.01 secs, the total time by now is 296.73 
 with avg train loss 463.096, val loss 473.000, avg val acc 10.25%
global epoch 302 has been done artifficialy in 0.98 secs, the total time by now is 297.71 
 with avg train loss 327.829, val loss 565.052, avg val acc 9.75%
global epoch 303 has been done artifficialy in 1.00 secs, the total time by now is 298.71 
 with avg train loss 423.512, val loss 461.381, avg val acc 10.27%
global epoch 304 has been done artifficialy in 1.02 secs, the total time by now is 299.72 
 with avg train loss 394.964, val loss 301.555, avg val acc 12.84%
global epoch 305 has been done artifficialy in 1.05 secs, the total time by now is 300.78 
 with avg train loss 270.406, val loss 270.442, avg val acc 10.72%
global epoch 306 has been done artifficialy in 0.99 secs, the total time by now is 301.77 
 with avg train loss 242.097, val loss 725.044, avg val acc 9.99%
global epoch 307 has been done artifficialy in 0.98 secs, the total time by now is 302.75 
 with avg train loss 521.704, val loss 768.856, avg val acc 10.59%
global epoch 308 has been done artifficialy in 1.02 secs, the total time by now is 303.76 
 with avg train loss 549.932, val loss 552.737, avg val acc 11.46%
global epoch 309 has been done artifficialy in 0.95 secs, the total time by now is 304.71 
 with avg train loss 412.429, val loss 1026.716, avg val acc 10.00%
global epoch 310 has been done artifficialy in 0.98 secs, the total time by now is 305.69 
 with avg train loss 735.570, val loss 714.966, avg val acc 10.43%
global epoch 311 has been done artifficialy in 1.04 secs, the total time by now is 306.73 
 with avg train loss 527.331, val loss 551.319, avg val acc 10.05%
global epoch 312 has been done artifficialy in 1.00 secs, the total time by now is 307.73 
 with avg train loss 419.238, val loss 782.279, avg val acc 9.94%
global epoch 313 has been done artifficialy in 1.01 secs, the total time by now is 308.74 
 with avg train loss 565.564, val loss 335.357, avg val acc 10.47%
global epoch 314 has been done artifficialy in 0.99 secs, the total time by now is 309.72 
 with avg train loss 266.694, val loss 742.783, avg val acc 10.00%
global epoch 315 has been done artifficialy in 1.02 secs, the total time by now is 310.74 
 with avg train loss 596.837, val loss 1000.435, avg val acc 10.41%
global epoch 316 has been done artifficialy in 1.03 secs, the total time by now is 311.77 
 with avg train loss 775.498, val loss 539.917, avg val acc 10.39%
global epoch 317 has been done artifficialy in 0.99 secs, the total time by now is 312.77 
 with avg train loss 431.716, val loss 497.514, avg val acc 10.13%
global epoch 318 has been done artifficialy in 0.98 secs, the total time by now is 313.74 
 with avg train loss 382.307, val loss 1063.546, avg val acc 10.02%
global epoch 319 has been done artifficialy in 0.97 secs, the total time by now is 314.71 
 with avg train loss 789.214, val loss 612.100, avg val acc 10.18%
global epoch 320 has been done artifficialy in 1.01 secs, the total time by now is 315.72 
 with avg train loss 480.595, val loss 602.269, avg val acc 12.12%
global epoch 321 has been done artifficialy in 1.02 secs, the total time by now is 316.74 
 with avg train loss 490.634, val loss 746.475, avg val acc 10.83%
global epoch 322 has been done artifficialy in 1.00 secs, the total time by now is 317.74 
 with avg train loss 585.398, val loss 877.011, avg val acc 9.88%
global epoch 323 has been done artifficialy in 0.94 secs, the total time by now is 318.68 
 with avg train loss 653.090, val loss 1058.146, avg val acc 10.00%
global epoch 324 has been done artifficialy in 0.98 secs, the total time by now is 319.67 
 with avg train loss 732.418, val loss 1000.626, avg val acc 10.00%
global epoch 325 has been done artifficialy in 0.95 secs, the total time by now is 320.62 
 with avg train loss 787.612, val loss 1001.840, avg val acc 10.62%
global epoch 326 has been done artifficialy in 1.01 secs, the total time by now is 321.62 
 with avg train loss 884.325, val loss 783.816, avg val acc 12.42%
global epoch 327 has been done artifficialy in 1.03 secs, the total time by now is 322.66 
 with avg train loss 593.874, val loss 1640.284, avg val acc 10.05%
global epoch 328 has been done artifficialy in 0.97 secs, the total time by now is 323.63 
 with avg train loss 1286.561, val loss 1113.813, avg val acc 10.05%
global epoch 329 has been done artifficialy in 0.97 secs, the total time by now is 324.60 
 with avg train loss 904.540, val loss 1731.980, avg val acc 10.14%
global epoch 330 has been done artifficialy in 0.98 secs, the total time by now is 325.58 
 with avg train loss 1299.370, val loss 1128.605, avg val acc 10.01%
global epoch 331 has been done artifficialy in 1.01 secs, the total time by now is 326.59 
 with avg train loss 723.523, val loss 1489.032, avg val acc 10.00%
global epoch 332 has been done artifficialy in 1.02 secs, the total time by now is 327.61 
 with avg train loss 1142.685, val loss 1119.611, avg val acc 12.03%
global epoch 333 has been done artifficialy in 1.00 secs, the total time by now is 328.61 
 with avg train loss 888.287, val loss 1514.986, avg val acc 10.17%
global epoch 334 has been done artifficialy in 1.04 secs, the total time by now is 329.65 
 with avg train loss 1124.806, val loss 1425.348, avg val acc 10.33%
global epoch 335 has been done artifficialy in 1.01 secs, the total time by now is 330.66 
 with avg train loss 1118.792, val loss 848.159, avg val acc 10.53%
global epoch 336 has been done artifficialy in 1.04 secs, the total time by now is 331.69 
 with avg train loss 782.202, val loss 977.821, avg val acc 10.13%
global epoch 337 has been done artifficialy in 1.01 secs, the total time by now is 332.70 
 with avg train loss 809.969, val loss 2350.490, avg val acc 10.02%
global epoch 338 has been done artifficialy in 0.99 secs, the total time by now is 333.69 
 with avg train loss 1526.219, val loss 1013.668, avg val acc 10.03%
global epoch 339 has been done artifficialy in 0.95 secs, the total time by now is 334.65 
 with avg train loss 782.403, val loss 1800.373, avg val acc 10.01%
global epoch 340 has been done artifficialy in 0.97 secs, the total time by now is 335.61 
 with avg train loss 1293.441, val loss 1270.904, avg val acc 12.24%
global epoch 341 has been done artifficialy in 1.07 secs, the total time by now is 336.68 
 with avg train loss 1035.443, val loss 2829.288, avg val acc 10.00%
global epoch 342 has been done artifficialy in 0.96 secs, the total time by now is 337.64 
 with avg train loss 2077.722, val loss 2351.539, avg val acc 10.11%
global epoch 343 has been done artifficialy in 0.97 secs, the total time by now is 338.61 
 with avg train loss 1544.008, val loss 2020.432, avg val acc 10.38%
global epoch 344 has been done artifficialy in 0.98 secs, the total time by now is 339.59 
 with avg train loss 1400.913, val loss 1276.423, avg val acc 13.00%
global epoch 345 has been done artifficialy in 0.96 secs, the total time by now is 340.56 
 with avg train loss 1160.387, val loss 2347.073, avg val acc 10.09%
global epoch 346 has been done artifficialy in 0.98 secs, the total time by now is 341.54 
 with avg train loss 1835.435, val loss 3610.216, avg val acc 10.31%
global epoch 347 has been done artifficialy in 0.99 secs, the total time by now is 342.53 
 with avg train loss 2917.912, val loss 2689.185, avg val acc 10.32%
global epoch 348 has been done artifficialy in 0.97 secs, the total time by now is 343.50 
 with avg train loss 1915.148, val loss 2089.075, avg val acc 12.50%
global epoch 349 has been done artifficialy in 0.97 secs, the total time by now is 344.47 
 with avg train loss 1694.570, val loss 2642.789, avg val acc 10.00%
global epoch 350 has been done artifficialy in 0.96 secs, the total time by now is 345.44 
 with avg train loss 1255.767, val loss 1811.500, avg val acc 10.22%
global epoch 351 has been done artifficialy in 0.99 secs, the total time by now is 346.42 
 with avg train loss 1372.108, val loss 2158.305, avg val acc 9.41%
global epoch 352 has been done artifficialy in 0.98 secs, the total time by now is 347.40 
 with avg train loss 1596.389, val loss 1343.438, avg val acc 8.25%
global epoch 353 has been done artifficialy in 1.00 secs, the total time by now is 348.40 
 with avg train loss 1120.196, val loss 2034.544, avg val acc 10.03%
global epoch 354 has been done artifficialy in 0.96 secs, the total time by now is 349.36 
 with avg train loss 1391.951, val loss 3723.586, avg val acc 10.03%
global epoch 355 has been done artifficialy in 0.96 secs, the total time by now is 350.32 
 with avg train loss 2815.752, val loss 4489.941, avg val acc 11.00%
global epoch 356 has been done artifficialy in 0.95 secs, the total time by now is 351.27 
 with avg train loss 3640.767, val loss 3439.262, avg val acc 10.32%
global epoch 357 has been done artifficialy in 1.00 secs, the total time by now is 352.28 
 with avg train loss 2223.688, val loss 2759.285, avg val acc 10.81%
global epoch 358 has been done artifficialy in 0.98 secs, the total time by now is 353.25 
 with avg train loss 2263.259, val loss 3317.623, avg val acc 10.34%
global epoch 359 has been done artifficialy in 0.96 secs, the total time by now is 354.21 
 with avg train loss 2583.564, val loss 4209.437, avg val acc 10.00%
global epoch 360 has been done artifficialy in 0.99 secs, the total time by now is 355.20 
 with avg train loss 2936.100, val loss 4993.576, avg val acc 11.16%
global epoch 361 has been done artifficialy in 0.99 secs, the total time by now is 356.20 
 with avg train loss 4113.734, val loss 4362.137, avg val acc 10.70%
global epoch 362 has been done artifficialy in 0.98 secs, the total time by now is 357.18 
 with avg train loss 3391.540, val loss 2427.285, avg val acc 12.35%
global epoch 363 has been done artifficialy in 0.99 secs, the total time by now is 358.17 
 with avg train loss 1864.256, val loss 3595.126, avg val acc 10.16%
global epoch 364 has been done artifficialy in 0.98 secs, the total time by now is 359.15 
 with avg train loss 2715.979, val loss 4964.852, avg val acc 9.99%
global epoch 365 has been done artifficialy in 0.98 secs, the total time by now is 360.13 
 with avg train loss 3649.232, val loss 3391.823, avg val acc 9.33%
global epoch 366 has been done artifficialy in 0.97 secs, the total time by now is 361.10 
 with avg train loss 2488.504, val loss 5129.588, avg val acc 10.20%
global epoch 367 has been done artifficialy in 0.99 secs, the total time by now is 362.10 
 with avg train loss 3669.848, val loss 6818.968, avg val acc 10.04%
global epoch 368 has been done artifficialy in 0.98 secs, the total time by now is 363.07 
 with avg train loss 4985.503, val loss 3686.056, avg val acc 11.39%
global epoch 369 has been done artifficialy in 1.01 secs, the total time by now is 364.08 
 with avg train loss 3094.803, val loss 6009.689, avg val acc 9.99%
global epoch 370 has been done artifficialy in 1.07 secs, the total time by now is 365.16 
 with avg train loss 4224.765, val loss 4185.049, avg val acc 12.12%
global epoch 371 has been done artifficialy in 0.97 secs, the total time by now is 366.13 
 with avg train loss 3481.522, val loss 6603.580, avg val acc 8.93%
global epoch 372 has been done artifficialy in 0.97 secs, the total time by now is 367.10 
 with avg train loss 5201.479, val loss 6440.555, avg val acc 10.29%
global epoch 373 has been done artifficialy in 1.02 secs, the total time by now is 368.12 
 with avg train loss 4583.910, val loss 7514.384, avg val acc 11.30%
global epoch 374 has been done artifficialy in 0.99 secs, the total time by now is 369.11 
 with avg train loss 5261.261, val loss 6364.558, avg val acc 10.69%
global epoch 375 has been done artifficialy in 1.00 secs, the total time by now is 370.11 
 with avg train loss 5194.479, val loss 7894.103, avg val acc 9.80%
global epoch 376 has been done artifficialy in 0.97 secs, the total time by now is 371.08 
 with avg train loss 5582.199, val loss 9192.456, avg val acc 10.03%
global epoch 377 has been done artifficialy in 0.98 secs, the total time by now is 372.05 
 with avg train loss 5932.577, val loss 10807.604, avg val acc 10.62%
global epoch 378 has been done artifficialy in 1.01 secs, the total time by now is 373.06 
 with avg train loss 7931.065, val loss 7229.974, avg val acc 10.00%
global epoch 379 has been done artifficialy in 0.97 secs, the total time by now is 374.03 
 with avg train loss 5636.584, val loss 7547.933, avg val acc 11.56%
global epoch 380 has been done artifficialy in 1.05 secs, the total time by now is 375.09 
 with avg train loss 5970.688, val loss 11028.925, avg val acc 10.29%
global epoch 381 has been done artifficialy in 0.99 secs, the total time by now is 376.08 
 with avg train loss 7685.849, val loss 8748.959, avg val acc 10.26%
global epoch 382 has been done artifficialy in 0.96 secs, the total time by now is 377.04 
 with avg train loss 6786.195, val loss 10827.300, avg val acc 10.45%
global epoch 383 has been done artifficialy in 1.02 secs, the total time by now is 378.06 
 with avg train loss 7209.230, val loss 13056.800, avg val acc 9.96%
global epoch 384 has been done artifficialy in 0.99 secs, the total time by now is 379.05 
 with avg train loss 9535.536, val loss 26243.141, avg val acc 10.32%
global epoch 385 has been done artifficialy in 1.01 secs, the total time by now is 380.06 
 with avg train loss 4286.617, val loss 7120.782, avg val acc 10.50%
global epoch 386 has been done artifficialy in 0.99 secs, the total time by now is 381.06 
 with avg train loss 5341.992, val loss 16905.049, avg val acc 9.99%
global epoch 387 has been done artifficialy in 1.00 secs, the total time by now is 382.06 
 with avg train loss 11993.784, val loss 11897.717, avg val acc 10.32%
global epoch 388 has been done artifficialy in 0.97 secs, the total time by now is 383.03 
 with avg train loss 9849.746, val loss 11928.845, avg val acc 10.04%
global epoch 389 has been done artifficialy in 0.98 secs, the total time by now is 384.00 
 with avg train loss 9082.338, val loss 11869.288, avg val acc 10.27%
global epoch 390 has been done artifficialy in 0.96 secs, the total time by now is 384.96 
 with avg train loss 7720.264, val loss 16334.978, avg val acc 10.50%
global epoch 391 has been done artifficialy in 1.00 secs, the total time by now is 385.96 
 with avg train loss 10791.521, val loss 19155.436, avg val acc 10.22%
global epoch 392 has been done artifficialy in 1.00 secs, the total time by now is 386.96 
 with avg train loss 13439.592, val loss 11251.774, avg val acc 12.18%
global epoch 393 has been done artifficialy in 0.97 secs, the total time by now is 387.93 
 with avg train loss 9652.633, val loss 11360.676, avg val acc 14.64%
global epoch 394 has been done artifficialy in 1.04 secs, the total time by now is 388.97 
 with avg train loss 8670.843, val loss 12908.781, avg val acc 9.98%
global epoch 395 has been done artifficialy in 0.97 secs, the total time by now is 389.93 
 with avg train loss 10307.678, val loss 20115.877, avg val acc 10.13%
global epoch 396 has been done artifficialy in 0.95 secs, the total time by now is 390.88 
 with avg train loss 14080.033, val loss 27213.632, avg val acc 10.00%
global epoch 397 has been done artifficialy in 1.01 secs, the total time by now is 391.90 
 with avg train loss 18101.083, val loss 18008.411, avg val acc 11.44%
global epoch 398 has been done artifficialy in 1.01 secs, the total time by now is 392.90 
 with avg train loss 14965.592, val loss 19990.555, avg val acc 12.19%
global epoch 399 has been done artifficialy in 0.99 secs, the total time by now is 393.90 
 with avg train loss 11368.519, val loss 14800.650, avg val acc 10.13%
global epoch 400 has been done artifficialy in 0.99 secs, the total time by now is 394.89 
 with avg train loss 10501.683, val loss 18623.647, avg val acc 13.27%
