Namespace(data='cifar10', full_exp=False, i_i_d=False, wandb=True, method_choosing_users='fraboni', model='cnn3', num_users=30, num_users_per_round=5, global_epochs=300, max_seconds=600, epsilon_bar=70, epsilon_sum_deascent_coeff=0.06, delta_f=0.012, accel_ucb_coeff=1, alpha=20, beta=2, gamma=2, choosing_users_verbose=True, sa_pause_verbose=False, snr_verbose=True, dirichlet_coeff=3, label_dominance=0.25, max_iterations_sa_pause=3000, sa_pause_simulation=False, max_time_sa_pause=600, pre_sa_pause_rounds=1, beta_max_reduction=70, data_truncation=None, tau_min=0.05, production=False, privacy_noise='laplace', privacy=True, save_best_model=False, seed=1, norm_mean=0.5, norm_std=0.5, train_batch_size=20, test_batch_size=1000, local_epochs=1, local_iterations=100, lr=0.01, momentum=0.5, lr_scheduler=False, optimizer='adam', device=device(type='cuda'))
=================================================================
Layer (type:depth-idx)                   Param #
=================================================================
CNN3LayerCifar                           --
├─Conv2d: 1-1                            896
├─BatchNorm2d: 1-2                       64
├─Conv2d: 1-3                            18,496
├─BatchNorm2d: 1-4                       128
├─Conv2d: 1-5                            73,856
├─BatchNorm2d: 1-6                       256
├─MaxPool2d: 1-7                         --
├─Linear: 1-8                            65,664
├─BatchNorm1d: 1-9                       256
├─Linear: 1-10                           8,256
├─BatchNorm1d: 1-11                      128
├─Linear: 1-12                           2,080
├─BatchNorm1d: 1-13                      64
├─Linear: 1-14                           330
├─Dropout: 1-15                          --
├─Dropout: 1-16                          --
├─Dropout: 1-17                          --
=================================================================
Total params: 170,474
Trainable params: 170,474
Non-trainable params: 0
=================================================================
fraboni distributions: [[0.38948928 0.         0.         0.         0.41222759 0.
  0.19828313 0.         0.         0.         0.         0.
  0.         0.         0.         0.         0.         0.
  0.         0.         0.         0.         0.         0.
  0.         0.         0.         0.         0.         0.        ]
 [0.         0.         0.         0.         0.         0.
  0.16348586 0.         0.30824455 0.         0.         0.
  0.         0.30977747 0.21849212 0.         0.         0.
  0.         0.         0.         0.         0.         0.
  0.         0.         0.         0.         0.         0.        ]
 [0.         0.         0.         0.         0.         0.
  0.         0.         0.         0.         0.         0.
  0.         0.         0.05577272 0.         0.         0.22406173
  0.         0.         0.         0.19008201 0.         0.
  0.14493753 0.         0.17526379 0.20988222 0.         0.        ]
 [0.         0.1103702  0.11662962 0.         0.         0.
  0.         0.         0.         0.         0.14741575 0.
  0.         0.         0.         0.04161876 0.13949567 0.
  0.         0.         0.         0.         0.14575509 0.
  0.02521652 0.10883728 0.         0.         0.1646611  0.        ]
 [0.         0.         0.         0.07830663 0.         0.09951202
  0.         0.05544059 0.         0.07664597 0.         0.09056999
  0.07664597 0.         0.         0.06287525 0.         0.
  0.10436627 0.09350809 0.0752408  0.         0.         0.09044225
  0.         0.         0.         0.         0.         0.09644618]]
iteration: 1
user 0, emp_avg: 0.7479816096063416, h: 0, ucb: inf,num_of_obs(calculated after picking at this round): 1, privacy reward: 0.9417645335842487, g: 0.1517019010563363, curr_delay = 0.0668465632815688, data_size = 3049
user 6, emp_avg: 0.32147803787688023, h: 0, ucb: inf,num_of_obs(calculated after picking at this round): 1, privacy reward: 0.9417645335842487, g: 0.130876801430753, curr_delay = 0.15553161992095094, data_size = 2832
user 11, emp_avg: 0.21096067603298393, h: 0, ucb: inf,num_of_obs(calculated after picking at this round): 1, privacy reward: 0.9417645335842487, g: 0.008202923187683082, curr_delay = 0.237010996268245, data_size = 709
user 22, emp_avg: 0.05898369363319283, h: 0, ucb: inf,num_of_obs(calculated after picking at this round): 1, privacy reward: 0.9417645335842487, g: 0.02124454642706615, curr_delay = 0.8476919114448728, data_size = 1141
user 24, emp_avg: 0.061991386021182815, h: 0, ucb: inf,num_of_obs(calculated after picking at this round): 1, privacy reward: 0.9417645335842487, g: 0.02895240359143041, curr_delay = 0.8065636729418296, data_size = 1332
num of fast users chosen: 3, num of slow users chosen: 2
max_delay = 0.85 seconds
after cleansing the weights updates who were almost zeros (meaning with absolute value of less than 10**-7, 0.00% of the weights upadtes) we get:
user No.0.0 has been picked 1, his deltas theta's mean
 is -0.00037882040487602353,
the empirical var of deltas thetas is 0.004139117430895567
the minimum of the deltas theta is -0.27120301127433777 and the maximum is 0.3497108221054077
the added laplace noise var is 0.0029437142342901225
global epoch 1 has been done artifficialy in 0.85 secs, the total time by now is 0.85 
 with avg train loss 1.975, val loss 2.373, avg val acc 10.00%
iteration: 2
user 0, emp_avg: 0.7126644043929702, h: 2.039333980337618, ucb: 2.7873155899439594,num_of_obs(calculated after picking at this round): 2, privacy reward: 0.8869204367171575, g: -0.012212618718123175, curr_delay = 0.0738173865051186, data_size = 3049
user 5, emp_avg: 0.4599617192090116, h: 0, ucb: inf,num_of_obs(calculated after picking at this round): 1, privacy reward: 0.9417645335842487, g: 0.00990264225251559, curr_delay = 0.10870469848226536, data_size = 779
user 13, emp_avg: 0.20103187180896803, h: 0, ucb: inf,num_of_obs(calculated after picking at this round): 1, privacy reward: 0.9417645335842487, g: 0.09596208165928058, curr_delay = 0.2487167808272355, data_size = 2425
user 21, emp_avg: 0.05917470650262396, h: 0, ucb: inf,num_of_obs(calculated after picking at this round): 1, privacy reward: 0.9417645335842487, g: 0.03613117097815388, curr_delay = 0.8449556061217283, data_size = 1488
user 28, emp_avg: 0.061335827566857806, h: 0, ucb: inf,num_of_obs(calculated after picking at this round): 1, privacy reward: 0.9417645335842487, g: 0.027113276884788526, curr_delay = 0.8151842403283558, data_size = 1289
num of fast users chosen: 3, num of slow users chosen: 2
max_delay = 0.84 seconds
after cleansing the weights updates who were almost zeros (meaning with absolute value of less than 10**-7, 0.00% of the weights upadtes) we get:
user No.0.0 has been picked 2, his deltas theta's mean
 is -0.0015772158512845635,
the empirical var of deltas thetas is 0.00477298628538847
the minimum of the deltas theta is -0.39190244674682617 and the maximum is 0.37195345759391785
the added laplace noise var is 0.003125743356555042
global epoch 2 has been done artifficialy in 0.84 secs, the total time by now is 1.69 
 with avg train loss 1.952, val loss 2.356, avg val acc 10.00%
iteration: 3
user 2, emp_avg: 0.8312148508939369, h: 0, ucb: inf,num_of_obs(calculated after picking at this round): 1, privacy reward: 0.9417645335842487, g: 0.013602468521057686, curr_delay = 0.060152919484327175, data_size = 913
user 3, emp_avg: 0.5548679064017903, h: 0, ucb: inf,num_of_obs(calculated after picking at this round): 1, privacy reward: 0.9417645335842487, g: 0.006131929082882553, curr_delay = 0.09011153722016509, data_size = 613
user 4, emp_avg: 0.4665454073918836, h: 0, ucb: inf,num_of_obs(calculated after picking at this round): 1, privacy reward: 0.9417645335842487, g: 0.16993158384683368, curr_delay = 0.10717070451837406, data_size = 3227
user 13, emp_avg: 0.24384910296487966, h: 2.567425506613319, ucb: 2.768457378422287,num_of_obs(calculated after picking at this round): 2, privacy reward: 0.8869204367171575, g: -0.0005548786411325172, curr_delay = 0.17441880698460996, data_size = 2425
user 21, emp_avg: 0.0586437701349012, h: 2.567425506613319, ucb: 2.626600213115943,num_of_obs(calculated after picking at this round): 2, privacy reward: 0.8869204367171575, g: -0.020520941295723683, curr_delay = 0.8603951443895946, data_size = 1488
num of fast users chosen: 4, num of slow users chosen: 1
max_delay = 0.86 seconds
after cleansing the weights updates who were almost zeros (meaning with absolute value of less than 10**-7, 0.00% of the weights upadtes) we get:
user No.2.0 has been picked 1, his deltas theta's mean
 is 0.0009894371032714844,
the empirical var of deltas thetas is 0.0036885442677885294
the minimum of the deltas theta is -0.22996987402439117 and the maximum is 0.22042594850063324
the added laplace noise var is 0.0029437142342901225
