Namespace(data='mnist', full_exp=False, i_i_d=False, wandb=False, method_choosing_users='fraboni', model='cnn2', num_users=30, num_users_per_round=5, global_epochs=15, max_seconds=600, epsilon_bar=100, epsilon_sum_deascent_coeff=0.04, delta_f=0.003, accel_ucb_coeff=1, alpha=100, beta=2, gamma=2, choosing_users_verbose=True, sa_pause_verbose=False, snr_verbose=False, dirichlet_coeff=1, label_dominance=0.4, max_iterations_sa_pause=3000, sa_pause_simulation=False, max_time_sa_pause=600, pre_sa_pause_rounds=1, beta_max_reduction=70, data_truncation=None, tau_min=0.05, production=False, privacy_noise='laplace', privacy_choosing_users=True, privacy=True, save_best_model=False, seed=0, norm_mean=0.5, norm_std=0.5, train_batch_size=20, test_batch_size=1000, local_epochs=1, local_iterations=100, lr=0.01, momentum=0.5, lr_scheduler=False, optimizer='adam', device=device(type='cuda'))
=================================================================
Layer (type:depth-idx)                   Param #
=================================================================
CNN2Layer                                --
├─Conv2d: 1-1                            156
├─Conv2d: 1-2                            906
├─Linear: 1-3                            4,850
├─Linear: 1-4                            510
├─Dropout: 1-5                           --
├─Dropout: 1-6                           --
├─BatchNorm2d: 1-7                       12
├─BatchNorm1d: 1-8                       100
=================================================================
Total params: 6,534
Trainable params: 6,534
Non-trainable params: 0
=================================================================
iteration: 1
user 8, emp_avg: 0.2696785541868348, h: 0, ucb: inf, num_of_obs(calculated after picking at this round): 1, privacy reward: 0.9607894391523232, g: 0.21105610829012075, curr_delay = 0.18540591835626546
user 12, emp_avg: 0.6790652333934998, h: 0, ucb: inf, num_of_obs(calculated after picking at this round): 1, privacy reward: 0.9607894391523232, g: 0.013311747619474477, curr_delay = 0.07363062860711404
user 13, emp_avg: 0.2697504478025802, h: 0, ucb: inf, num_of_obs(calculated after picking at this round): 1, privacy reward: 0.9607894391523232, g: 0.1297329478603269, curr_delay = 0.185356504158959
user 22, emp_avg: 0.06377199315701652, h: 0, ucb: inf, num_of_obs(calculated after picking at this round): 1, privacy reward: 0.9607894391523232, g: 0.007253736299516345, curr_delay = 0.7840432378660686
user 27, emp_avg: 0.05649373992679807, h: 0, ucb: inf, num_of_obs(calculated after picking at this round): 1, privacy reward: 0.9607894391523232, g: 0.07848695508141092, curr_delay = 0.8850538141887517
num of fast users chosen: 3, num of slow users chosen: 2
max_delay = 0.89 seconds
global epoch 1 has been done artifficialy in 0.89 secs, the total time by now is 0.89 
 with avg train loss 0.735, val loss 2.512, avg val acc 8.92%
iteration: 2
user 11, emp_avg: 0.2829004150797549, h: 0, ucb: inf, num_of_obs(calculated after picking at this round): 1, privacy reward: 0.9607894391523232, g: 0.010804309432959595, curr_delay = 0.17674063852435165
user 19, emp_avg: 0.06495115628911205, h: 0, ucb: inf, num_of_obs(calculated after picking at this round): 1, privacy reward: 0.9607894391523232, g: 0.07954837442878851, curr_delay = 0.7698092359963367
user 20, emp_avg: 0.06765827389310233, h: 0, ucb: inf, num_of_obs(calculated after picking at this round): 1, privacy reward: 0.9607894391523232, g: 0.2832374205415184, curr_delay = 0.739007916149298
user 21, emp_avg: 0.06400819657834589, h: 0, ucb: inf, num_of_obs(calculated after picking at this round): 1, privacy reward: 0.9607894391523232, g: 0.049305051964442105, curr_delay = 0.7811499569246592
user 25, emp_avg: 0.0635597837171163, h: 0, ucb: inf, num_of_obs(calculated after picking at this round): 1, privacy reward: 0.9607894391523232, g: 0.013506077131830175, curr_delay = 0.7866609525062822
num of fast users chosen: 1, num of slow users chosen: 4
max_delay = 0.79 seconds
global epoch 2 has been done artifficialy in 0.79 secs, the total time by now is 1.67 
 with avg train loss 0.637, val loss 2.474, avg val acc 11.17%
iteration: 3
user 2, emp_avg: 0.9089613505410263, h: 0, ucb: inf, num_of_obs(calculated after picking at this round): 1, privacy reward: 0.9607894391523232, g: 0.01629411815700813, curr_delay = 0.05500783940949669
user 7, emp_avg: 0.6355090757844922, h: 0, ucb: inf, num_of_obs(calculated after picking at this round): 1, privacy reward: 0.9607894391523232, g: 0.0950274065780452, curr_delay = 0.07867708252361061
user 8, emp_avg: 0.4012936045019747, h: 2.567425506613319, ucb: 2.837104060800154, num_of_obs(calculated after picking at this round): 2, privacy reward: 0.9231163463866358, g: 0.015894930750088597, curr_delay = 0.09382471000993436
user 17, emp_avg: 0.06426770509087734, h: 0, ucb: inf, num_of_obs(calculated after picking at this round): 1, privacy reward: 0.9607894391523232, g: 0.06111796281062964, curr_delay = 0.7779957278589272
user 28, emp_avg: 0.059459120007328836, h: 0, ucb: inf, num_of_obs(calculated after picking at this round): 1, privacy reward: 0.9607894391523232, g: 0.004633819346339066, curr_delay = 0.8409138916592961
num of fast users chosen: 3, num of slow users chosen: 2
max_delay = 0.84 seconds
global epoch 3 has been done artifficialy in 0.84 secs, the total time by now is 2.51 
 with avg train loss 0.570, val loss 2.574, avg val acc 17.07%
iteration: 4
user 3, emp_avg: 1.0, h: 0, ucb: inf, num_of_obs(calculated after picking at this round): 1, privacy reward: 0.9607894391523232, g: 0.011807806176026014, curr_delay = 0.05
user 5, emp_avg: 0.2830014551348324, h: 0, ucb: inf, num_of_obs(calculated after picking at this round): 1, privacy reward: 0.9607894391523232, g: 0.020558277972965402, curr_delay = 0.1766775367857319
user 7, emp_avg: 0.535877570640194, h: 2.884053773201766, ucb: 3.5195628489862583, num_of_obs(calculated after picking at this round): 2, privacy reward: 0.9231163463866358, g: 0.003394828436656481, curr_delay = 0.11461421421225496
user 10, emp_avg: 0.22143108821647392, h: 0, ucb: inf, num_of_obs(calculated after picking at this round): 1, privacy reward: 0.9607894391523232, g: 0.04718564572031275, curr_delay = 0.22580388509457783
user 20, emp_avg: 0.06502068505624689, h: 2.884053773201766, ucb: 2.951712047094868, num_of_obs(calculated after picking at this round): 2, privacy reward: 0.9231163463866358, g: 0.07963714783331617, curr_delay = 0.8014991725347833
num of fast users chosen: 4, num of slow users chosen: 1
max_delay = 0.80 seconds
global epoch 4 has been done artifficialy in 0.80 secs, the total time by now is 3.31 
 with avg train loss 0.636, val loss 2.472, avg val acc 11.35%
iteration: 5
user 14, emp_avg: 0.21521796584780384, h: 0, ucb: inf, num_of_obs(calculated after picking at this round): 1, privacy reward: 0.9607894391523232, g: 0.003055420127776055, curr_delay = 0.23232261211574973
user 17, emp_avg: 0.06599644255650614, h: 3.1075114600922396, ucb: 3.171779165183117, num_of_obs(calculated after picking at this round): 2, privacy reward: 0.9231163463866358, g: 0.002229773173541315, curr_delay = 0.7382778456057006
user 19, emp_avg: 0.06539444556671681, h: 3.1075114600922396, ucb: 3.1724626163813516, num_of_obs(calculated after picking at this round): 2, privacy reward: 0.9231163463866358, g: 0.006731088924278335, curr_delay = 0.7594428957531557
user 20, emp_avg: 0.06517125903111731, h: 2.197342426046132, ucb: 2.262363111102379, num_of_obs(calculated after picking at this round): 3, privacy reward: 0.8869204367171574, g: 0.01747698420839482, curr_delay = 0.7636804923731958
user 25, emp_avg: 0.06203855933945758, h: 3.1075114600922396, ucb: 3.171071243809356, num_of_obs(calculated after picking at this round): 2, privacy reward: 0.9231163463866358, g: -0.007019817429711445, curr_delay = 0.8262095485791328
num of fast users chosen: 1, num of slow users chosen: 4
max_delay = 0.83 seconds
global epoch 5 has been done artifficialy in 0.83 secs, the total time by now is 4.14 
 with avg train loss 0.636, val loss 2.436, avg val acc 11.35%
iteration: 6
user 7, emp_avg: 0.49896010919627026, h: 2.3184646660417676, ucb: 2.8543422366819615, num_of_obs(calculated after picking at this round): 3, privacy reward: 0.8869204367171574, g: -0.0006284135006380156, curr_delay = 0.11761241537857434
user 10, emp_avg: 0.24087452127717618, h: 3.2788041745990766, ucb: 3.5002352628155506, num_of_obs(calculated after picking at this round): 2, privacy reward: 0.9231163463866358, g: 0.0025558995487163557, curr_delay = 0.1920728062233569
user 18, emp_avg: 0.07128912911423442, h: 0, ucb: inf, num_of_obs(calculated after picking at this round): 1, privacy reward: 0.9607894391523232, g: 0.043304501188133976, curr_delay = 0.7013692076372472
user 20, emp_avg: 0.06481076304530983, h: 1.8930184728248456, ucb: 1.958189731855963, num_of_obs(calculated after picking at this round): 4, privacy reward: 0.8521437889662112, g: 0.0010368751251139284, curr_delay = 0.7845687861825869
user 26, emp_avg: 0.05083756738923142, h: 0, ucb: inf, num_of_obs(calculated after picking at this round): 1, privacy reward: 0.9607894391523232, g: 0.0019591812091458616, curr_delay = 0.9835246367549674
num of fast users chosen: 2, num of slow users chosen: 3
max_delay = 0.98 seconds
global epoch 6 has been done artifficialy in 0.98 secs, the total time by now is 5.12 
 with avg train loss 0.567, val loss 2.654, avg val acc 15.61%
iteration: 7
user 8, emp_avg: 0.3738809650882051, h: 2.4161395752658703, ucb: 2.817433179767845, num_of_obs(calculated after picking at this round): 3, privacy reward: 0.8869204367171574, g: 0.030169656793222446, curr_delay = 0.1567124553898419
user 10, emp_avg: 0.291399985133155, h: 2.4161395752658703, ucb: 2.6570140965430467, num_of_obs(calculated after picking at this round): 3, privacy reward: 0.8869204367171574, g: -0.00469111486832437, curr_delay = 0.12740446859333293
user 15, emp_avg: 0.07863838908721875, h: 0, ucb: inf, num_of_obs(calculated after picking at this round): 1, privacy reward: 0.9607894391523232, g: 0.003055420127776055, curr_delay = 0.6358217733141052
user 19, emp_avg: 0.06397489184347284, h: 2.4161395752658703, ucb: 2.481534020832587, num_of_obs(calculated after picking at this round): 3, privacy reward: 0.8869204367171574, g: -1.3476769284178507e-05, curr_delay = 0.8178516149449435
user 23, emp_avg: 0.06702619762971479, h: 0, ucb: inf, num_of_obs(calculated after picking at this round): 1, privacy reward: 0.9607894391523232, g: 0.039548168041693185, curr_delay = 0.745976972708854
num of fast users chosen: 2, num of slow users chosen: 3
max_delay = 0.82 seconds
global epoch 7 has been done artifficialy in 0.82 secs, the total time by now is 5.94 
 with avg train loss 0.564, val loss 2.590, avg val acc 11.35%
iteration: 8
user 7, emp_avg: 0.48254935875849536, h: 2.039333980337618, ucb: 2.538294089533888, num_of_obs(calculated after picking at this round): 4, privacy reward: 0.8521437889662112, g: -0.004453539365962118, curr_delay = 0.11538893604916507
user 20, emp_avg: 0.06546548522311588, h: 1.7661150337732119, ucb: 1.8309257968185217, num_of_obs(calculated after picking at this round): 5, privacy reward: 0.8187307530779817, g: 0.0010368751251139284, curr_delay = 0.7343829003732856
user 23, emp_avg: 0.06365195290592965, h: 3.5322300675464238, ucb: 3.5992562651761384, num_of_obs(calculated after picking at this round): 2, privacy reward: 0.9231163463866358, g: 0.0054563650209254085, curr_delay = 0.8294940452764433
user 27, emp_avg: 0.05895468367769391, h: 3.5322300675464238, ucb: 3.588723807473222, num_of_obs(calculated after picking at this round): 2, privacy reward: 0.9231163463866358, g: 0.024073146606479086, curr_delay = 0.8141250377705069
user 29, emp_avg: 0.05750644878847429, h: 0, ucb: inf, num_of_obs(calculated after picking at this round): 1, privacy reward: 0.9607894391523232, g: 0.002430219048877613, curr_delay = 0.869467704116364
num of fast users chosen: 1, num of slow users chosen: 4
max_delay = 0.87 seconds
global epoch 8 has been done artifficialy in 0.87 secs, the total time by now is 6.81 
 with avg train loss 0.501, val loss 2.557, avg val acc 11.35%
iteration: 9
user 1, emp_avg: 0.6143370291740566, h: 0, ucb: inf, num_of_obs(calculated after picking at this round): 1, privacy reward: 0.9607894391523232, g: 0.03006044545552118, curr_delay = 0.081388549974307
user 4, emp_avg: 0.4861198217946734, h: 0, ucb: inf, num_of_obs(calculated after picking at this round): 1, privacy reward: 0.9607894391523232, g: 0.005750773984611796, curr_delay = 0.10285529978063501
user 7, emp_avg: 0.46547597929163426, h: 1.815443985917585, ucb: 2.2979933446760805, num_of_obs(calculated after picking at this round): 5, privacy reward: 0.8187307530779817, g: -0.01854479852421833, curr_delay = 0.12588672677215756
user 8, emp_avg: 0.3601495771224716, h: 2.09629414793641, ucb: 2.4701751130246152, num_of_obs(calculated after picking at this round): 4, privacy reward: 0.8521437889662112, g: 0.015894930750088597, curr_delay = 0.1567617225693114
user 17, emp_avg: 0.07086285656208346, h: 2.567425506613319, ucb: 2.633421949169825, num_of_obs(calculated after picking at this round): 3, privacy reward: 0.8869204367171574, g: 0.0006249125965808862, curr_delay = 0.6203806105097909
num of fast users chosen: 4, num of slow users chosen: 1
max_delay = 0.62 seconds
global epoch 9 has been done artifficialy in 0.62 secs, the total time by now is 7.43 
 with avg train loss 0.594, val loss 2.746, avg val acc 11.35%
iteration: 10
user 7, emp_avg: 0.49384217829394195, h: 1.66225813626911, ucb: 2.1277341155607443, num_of_obs(calculated after picking at this round): 6, privacy reward: 0.7866278610665532, g: -0.03676225029526776, curr_delay = 0.07865677222148859
user 9, emp_avg: 0.2417005343909997, h: 0, ucb: inf, num_of_obs(calculated after picking at this round): 1, privacy reward: 0.9607894391523232, g: 0.004408157720578188, curr_delay = 0.2068675608267992
user 10, emp_avg: 0.45584409492356837, h: 2.145966026289347, ucb: 2.437366011422502, num_of_obs(calculated after picking at this round): 4, privacy reward: 0.8521437889662112, g: -0.006852102611439237, curr_delay = 0.05267724600002319
user 18, emp_avg: 0.06659953034454766, h: 3.7169221888498387, ucb: 3.7882113179640733, num_of_obs(calculated after picking at this round): 2, privacy reward: 0.9231163463866358, g: 0.011685034018006015, curr_delay = 0.8076248628952283
user 20, emp_avg: 0.06742337692884426, h: 1.66225813626911, ucb: 1.7277236214922258, num_of_obs(calculated after picking at this round): 6, privacy reward: 0.7866278610665532, g: 0.0010368751251139284, curr_delay = 0.6475607287797415
num of fast users chosen: 3, num of slow users chosen: 2
max_delay = 0.81 seconds
global epoch 10 has been done artifficialy in 0.81 secs, the total time by now is 8.24 
 with avg train loss 0.595, val loss 2.578, avg val acc 15.41%
iteration: 11
user 6, emp_avg: 0.4622846767832141, h: 0, ucb: inf, num_of_obs(calculated after picking at this round): 1, privacy reward: 0.9607894391523232, g: 0.006254497115399297, curr_delay = 0.10815846276351321
user 8, emp_avg: 0.35265049278428096, h: 1.8965344471423544, ucb: 2.256684024264826, num_of_obs(calculated after picking at this round): 5, privacy reward: 0.8187307530779817, g: 0.00917228926573305, curr_delay = 0.15496468636249194
user 10, emp_avg: 0.42432686198633085, h: 1.8965344471423544, ucb: 2.3523785420659227, num_of_obs(calculated after picking at this round): 5, privacy reward: 0.8187307530779817, g: -0.021436998425810424, curr_delay = 0.1676401360399888
user 19, emp_avg: 0.06501684474613134, h: 2.189929347170073, ucb: 2.2539042390135458, num_of_obs(calculated after picking at this round): 4, privacy reward: 0.8521437889662112, g: 8.678675734901603e-05, curr_delay = 0.7337542754474706
user 25, emp_avg: 0.06219293562023698, h: 2.6821047366564774, ucb: 2.744143295995935, num_of_obs(calculated after picking at this round): 3, privacy reward: 0.8869204367171574, g: -0.004303692278664386, curr_delay = 0.79997839185667
num of fast users chosen: 3, num of slow users chosen: 2
max_delay = 0.80 seconds
global epoch 11 has been done artifficialy in 0.80 secs, the total time by now is 9.04 
 with avg train loss 0.544, val loss 2.838, avg val acc 11.35%
iteration: 12
user 0, emp_avg: 1.0, h: 0, ucb: inf, num_of_obs(calculated after picking at this round): 1, privacy reward: 0.9607894391523232, g: 0.012129092355760833, curr_delay = 0.05
user 5, emp_avg: 0.3116420307820934, h: 3.8612743879097744, ucb: 4.144275843044607, num_of_obs(calculated after picking at this round): 2, privacy reward: 0.9231163463866358, g: 0.003605792132814365, curr_delay = 0.1469366904311062
user 8, emp_avg: 0.34437243565250225, h: 1.7268144022290295, ucb: 2.0794648950133103, num_of_obs(calculated after picking at this round): 6, privacy reward: 0.7866278610665532, g: 0.0018268585873027733, curr_delay = 0.16502622349552526
user 17, emp_avg: 0.06885072180904286, h: 2.2293078072747154, ucb: 2.300170663836799, num_of_obs(calculated after picking at this round): 4, privacy reward: 0.8521437889662112, g: -7.725764269236266e-06, curr_delay = 0.7959968674381118
user 27, emp_avg: 0.056668562099986004, h: 2.730333303712937, ucb: 2.789287987390631, num_of_obs(calculated after picking at this round): 3, privacy reward: 0.8869204367171574, g: 0.012879654892612925, curr_delay = 0.9597607088746395
num of fast users chosen: 3, num of slow users chosen: 2
max_delay = 0.96 seconds
global epoch 12 has been done artifficialy in 0.96 secs, the total time by now is 10.00 
 with avg train loss 0.453, val loss 2.661, avg val acc 11.35%
iteration: 13
user 6, emp_avg: 0.4155252160615805, h: 3.9229703216783607, ucb: 4.3852549984615745, num_of_obs(calculated after picking at this round): 2, privacy reward: 0.9231163463866358, g: 4.675548735982814e-06, curr_delay = 0.13558742718370767
user 8, emp_avg: 0.3617547758158265, h: 1.6015459273656616, ucb: 1.9459183630181638, num_of_obs(calculated after picking at this round): 7, privacy reward: 0.7557837414557252, g: -4.537021673856525e-06, curr_delay = 0.10728489848716985
user 10, emp_avg: 0.43229687745657225, h: 1.7544056625974063, ucb: 2.178732524583737, num_of_obs(calculated after picking at this round): 6, privacy reward: 0.7866278610665532, g: -0.02802035376613567, curr_delay = 0.10589923220061019
user 13, emp_avg: 0.2965516172406018, h: 3.9229703216783607, ucb: 4.192720769480941, num_of_obs(calculated after picking at this round): 2, privacy reward: 0.9231163463866358, g: 0.08023709185820184, curr_delay = 0.1546298719537383
user 23, emp_avg: 0.06289596878432313, h: 2.7739589168523406, ucb: 2.8376108697582705, num_of_obs(calculated after picking at this round): 3, privacy reward: 0.8869204367171574, g: 0.002026895684771896, curr_delay = 0.8145444995315023
num of fast users chosen: 4, num of slow users chosen: 1
max_delay = 0.81 seconds
global epoch 13 has been done artifficialy in 0.81 secs, the total time by now is 10.81 
 with avg train loss 0.495, val loss 2.687, avg val acc 11.35%
iteration: 14
user 7, emp_avg: 0.4700455672564206, h: 1.624517568269195, ucb: 2.118359746563137, num_of_obs(calculated after picking at this round): 7, privacy reward: 0.7557837414557252, g: -0.014473599151991059, curr_delay = 0.1527809644770145
user 8, emp_avg: 0.36373106541960404, h: 1.5040110171372487, ucb: 1.8657657929530753, num_of_obs(calculated after picking at this round): 8, privacy reward: 0.7261490370736907, g: -0.0016476753134058457, curr_delay = 0.1324274965399758
user 18, emp_avg: 0.06984433266707472, h: 2.8137469660304877, ucb: 2.880346496375035, num_of_obs(calculated after picking at this round): 3, privacy reward: 0.8869204367171574, g: 0.004256282781828729, curr_delay = 0.6550166513165752
user 22, emp_avg: 0.062113160417381706, h: 3.979239120446464, ucb: 4.04301111360348, num_of_obs(calculated after picking at this round): 2, privacy reward: 0.9231163463866358, g: 0.00018879578586595162, curr_delay = 0.8270706485485388
user 23, emp_avg: 0.06143500761599603, h: 2.2974147773596556, ucb: 2.3603107461439787, num_of_obs(calculated after picking at this round): 4, privacy reward: 0.8521437889662112, g: -0.00023773021017291175, curr_delay = 0.8763915591066798
num of fast users chosen: 2, num of slow users chosen: 3
max_delay = 0.88 seconds
global epoch 14 has been done artifficialy in 0.88 secs, the total time by now is 11.69 
 with avg train loss 0.479, val loss 2.670, avg val acc 11.35%
iteration: 15
user 1, emp_avg: 0.6813245380105843, h: 4.030918159255191, ucb: 4.645255188429248, num_of_obs(calculated after picking at this round): 2, privacy reward: 0.9231163463866358, g: 0.01138762537300947, curr_delay = 0.06681704538991007
user 7, emp_avg: 0.4493594114644537, h: 1.5235438578062126, ucb: 1.9935894250626331, num_of_obs(calculated after picking at this round): 8, privacy reward: 0.7261490370736907, g: -0.025091038491897366, curr_delay = 0.16417324667190641
user 8, emp_avg: 0.3640267043359805, h: 1.4251447824086707, ucb: 1.7888758478282747, num_of_obs(calculated after picking at this round): 9, privacy reward: 0.6976763260710308, g: -0.005464890892735962, curr_delay = 0.13646593035649082
user 16, emp_avg: 0.06584256230256366, h: 0, ucb: inf, num_of_obs(calculated after picking at this round): 1, privacy reward: 0.9607894391523232, g: 0.003055420127776055, curr_delay = 0.7593872147659901
user 27, emp_avg: 0.056782978024225245, h: 2.3272516843273356, ucb: 2.3839202464273215, num_of_obs(calculated after picking at this round): 4, privacy reward: 0.8521437889662112, g: 0.00642486152151999, curr_delay = 0.8752547416264927
num of fast users chosen: 3, num of slow users chosen: 2
max_delay = 0.88 seconds
global epoch 15 has been done artifficialy in 0.88 secs, the total time by now is 12.57 
 with avg train loss 0.496, val loss 2.623, avg val acc 12.22%
