Namespace(data='mnist', full_exp=True, wandb=True, method_choosing_users='fastest ones', model='cnn2', num_users=30, num_users_per_round=5, global_epochs=5, max_seconds=600, epsilon_bar=100, epsilon_sum_deascent_coeff=0.04, delta_f=0.003, accel_ucb_coeff=1, alpha=100, beta=2, gamma=2, choosing_users_verbose=True, sa_pause_verbose=False, snr_verbose=False, max_iterations_sa_pause=3000, sa_pause_simulation=False, max_time_sa_pause=600, pre_sa_pause_rounds=1, beta_max_reduction=70, data_truncation=None, tau_min=0.05, production=False, privacy_noise='laplace', privacy_choosing_users=True, privacy=True, save_best_model=False, seed=0, norm_mean=0.5, norm_std=0.5, train_batch_size=20, test_batch_size=1000, local_epochs=1, local_iterations=100, lr=0.01, momentum=0.5, lr_scheduler=False, optimizer='adam', device=device(type='cuda'))
=================================================================
Layer (type:depth-idx)                   Param #
=================================================================
CNN2Layer                                --
├─Conv2d: 1-1                            156
├─Conv2d: 1-2                            906
├─Linear: 1-3                            4,850
├─Linear: 1-4                            510
├─Dropout: 1-5                           --
├─Dropout: 1-6                           --
├─BatchNorm2d: 1-7                       12
├─BatchNorm1d: 1-8                       100
=================================================================
Total params: 6,534
Trainable params: 6,534
Non-trainable params: 0
=================================================================
iteration: 1
user 0, emp_avg: 0.3373759580732146, h: 0, ucb: inf, num_of_obs(calculated after picking at this round): 1, privacy reward: 0.9607894391523232, g: 0.027777777777777776, curr_delay = 0.14820261729838322
user 1, emp_avg: 0.5555070386919256, h: 0, ucb: inf, num_of_obs(calculated after picking at this round): 1, privacy reward: 0.9607894391523232, g: 0.027777777777777776, curr_delay = 0.09000786041836117
user 2, emp_avg: 0.38778658637038005, h: 0, ucb: inf, num_of_obs(calculated after picking at this round): 1, privacy reward: 0.9607894391523232, g: 0.027777777777777776, curr_delay = 0.12893689920528698
user 3, emp_avg: 0.24747003959362626, h: 0, ucb: inf, num_of_obs(calculated after picking at this round): 1, privacy reward: 0.9607894391523232, g: 0.027777777777777776, curr_delay = 0.20204465996007293
user 4, emp_avg: 0.2585610875252123, h: 0, ucb: inf, num_of_obs(calculated after picking at this round): 1, privacy reward: 0.9607894391523232, g: 0.027777777777777776, curr_delay = 0.1933778995074984
num of fast users chosen: 5, num of slow users chosen: 0
max_delay = 0.20 seconds
global epoch 1 has been done artifficialy in 0.20 secs, the total time by now is 0.20 
 with avg train loss 0.675, val loss 2.602, avg val acc 8.92%
iteration: 2
user 0, emp_avg: 0.6686879790366073, h: 2.039333980337618, ucb: 2.3767099384108326, num_of_obs(calculated after picking at this round): 2, privacy reward: 0.9231163463866358, g: -0.11111111111111113, curr_delay = 0.05
user 1, emp_avg: 0.4905114718856594, h: 2.039333980337618, ucb: 2.5948410190295434, num_of_obs(calculated after picking at this round): 2, privacy reward: 0.9231163463866358, g: -0.11111111111111113, curr_delay = 0.11750442087627948
user 2, emp_avg: 0.5390439423748701, h: 2.039333980337618, ucb: 2.427120566707998, num_of_obs(calculated after picking at this round): 2, privacy reward: 0.9231163463866358, g: -0.11111111111111113, curr_delay = 0.07243213958511512
user 3, emp_avg: 0.41841061807801616, h: 2.039333980337618, ucb: 2.2868040199312443, num_of_obs(calculated after picking at this round): 2, privacy reward: 0.9231163463866358, g: -0.11111111111111113, curr_delay = 0.08483905741032212
user 4, emp_avg: 0.3366979131826684, h: 2.039333980337618, ucb: 2.29789506786283, num_of_obs(calculated after picking at this round): 2, privacy reward: 0.9231163463866358, g: -0.11111111111111113, curr_delay = 0.12052992509691862
num of fast users chosen: 5, num of slow users chosen: 0
max_delay = 0.12 seconds
global epoch 2 has been done artifficialy in 0.12 secs, the total time by now is 0.32 
 with avg train loss 0.666, val loss 2.730, avg val acc 9.01%
iteration: 3
user 0, emp_avg: 0.6937998188697541, h: 1.815443985917585, ucb: 2.484131964954192, num_of_obs(calculated after picking at this round): 3, privacy reward: 0.8869204367171574, g: -0.25, curr_delay = 0.0672021785580439
user 1, emp_avg: 0.4437915975067998, h: 1.815443985917585, ucb: 2.3059554578032446, num_of_obs(calculated after picking at this round): 3, privacy reward: 0.8869204367171574, g: -0.25, curr_delay = 0.14271367534814877
user 2, emp_avg: 0.5005434868965412, h: 1.815443985917585, ucb: 2.354487928292455, num_of_obs(calculated after picking at this round): 3, privacy reward: 0.8869204367171574, g: -0.25, curr_delay = 0.11805188625734969
user 3, emp_avg: 0.4524001960802626, h: 1.815443985917585, ucb: 2.233854603995601, num_of_obs(calculated after picking at this round): 3, privacy reward: 0.8869204367171574, g: -0.25, curr_delay = 0.09608375082464143
user 4, emp_avg: 0.3608613424964205, h: 1.815443985917585, ucb: 2.152141899100253, num_of_obs(calculated after picking at this round): 3, privacy reward: 0.8869204367171574, g: -0.25, curr_delay = 0.12219316163727129
num of fast users chosen: 5, num of slow users chosen: 0
max_delay = 0.14 seconds
global epoch 3 has been done artifficialy in 0.14 secs, the total time by now is 0.47 
 with avg train loss 0.615, val loss 2.546, avg val acc 8.92%
iteration: 4
user 0, emp_avg: 0.6833570916567451, h: 1.6651092223153954, ucb: 2.358909041185149, num_of_obs(calculated after picking at this round): 4, privacy reward: 0.8521437889662112, g: -0.34027777777777785, curr_delay = 0.07668371636871335
user 1, emp_avg: 0.41922696330026527, h: 1.6651092223153954, ucb: 2.1089008198221952, num_of_obs(calculated after picking at this round): 4, privacy reward: 0.8521437889662112, g: -0.34027777777777785, curr_delay = 0.1447039536578803
user 2, emp_avg: 0.5546394186850763, h: 1.6651092223153954, ucb: 2.1656527092119364, num_of_obs(calculated after picking at this round): 4, privacy reward: 0.8521437889662112, g: -0.34027777777777785, curr_delay = 0.06974208681170997
user 3, emp_avg: 0.4576115479702007, h: 1.6651092223153954, ucb: 2.1175094183956578, num_of_obs(calculated after picking at this round): 4, privacy reward: 0.8521437889662112, g: -0.34027777777777785, curr_delay = 0.10565338508254508
user 4, emp_avg: 0.48881432038190864, h: 1.6651092223153954, ucb: 2.025970564811816, num_of_obs(calculated after picking at this round): 4, privacy reward: 0.8521437889662112, g: -0.34027777777777785, curr_delay = 0.057295213034913764
num of fast users chosen: 5, num of slow users chosen: 0
max_delay = 0.14 seconds
global epoch 4 has been done artifficialy in 0.14 secs, the total time by now is 0.61 
 with avg train loss 0.616, val loss 2.707, avg val acc 11.35%
iteration: 5
user 0, emp_avg: 0.746685673325396, h: 1.5537557300461198, ucb: 2.2371128217028646, num_of_obs(calculated after picking at this round): 5, privacy reward: 0.8187307530779817, g: -0.4011111111111112, curr_delay = 0.05
user 1, emp_avg: 0.4327706381350523, h: 1.5537557300461198, ucb: 1.972982693346385, num_of_obs(calculated after picking at this round): 5, privacy reward: 0.8187307530779817, g: -0.4011111111111112, curr_delay = 0.10268092977201804
user 2, emp_avg: 0.5248659994428433, h: 1.5537557300461198, ucb: 2.108395148731196, num_of_obs(calculated after picking at this round): 5, privacy reward: 0.8187307530779817, g: -0.4011111111111112, curr_delay = 0.1232218099429753
user 3, emp_avg: 0.5551546444727183, h: 1.5537557300461198, ucb: 2.0113672780163205, num_of_obs(calculated after picking at this round): 5, privacy reward: 0.8187307530779817, g: -0.4011111111111112, curr_delay = 0.05289174897967791
user 4, emp_avg: 0.43789255552851125, h: 1.5537557300461198, ucb: 2.0425700504280284, num_of_obs(calculated after picking at this round): 5, privacy reward: 0.8187307530779817, g: -0.4011111111111112, curr_delay = 0.2134877311993804
num of fast users chosen: 5, num of slow users chosen: 0
max_delay = 0.21 seconds
global epoch 5 has been done artifficialy in 0.21 secs, the total time by now is 0.82 
 with avg train loss 0.613, val loss 2.496, avg val acc 8.92%
