Namespace(data='mnist', full_exp=False, i_i_d=False, wandb=True, method_choosing_users='fraboni', model='cnn2', num_users=30, num_users_per_round=5, global_epochs=100, max_seconds=600, epsilon_bar=100, epsilon_sum_deascent_coeff=0.04, delta_f=0.003, accel_ucb_coeff=1, alpha=100, beta=2, gamma=2, choosing_users_verbose=True, sa_pause_verbose=False, snr_verbose=False, dirichlet_coeff=5, label_dominance=0.4, max_iterations_sa_pause=3000, sa_pause_simulation=False, max_time_sa_pause=600, pre_sa_pause_rounds=1, beta_max_reduction=70, data_truncation=2000, tau_min=0.05, production=False, privacy_noise='laplace', privacy_choosing_users=True, privacy=True, save_best_model=False, seed=0, norm_mean=0.5, norm_std=0.5, train_batch_size=20, test_batch_size=1000, local_epochs=1, local_iterations=100, lr=0.01, momentum=0.5, lr_scheduler=False, optimizer='adam', device=device(type='cuda'))
=================================================================
Layer (type:depth-idx)                   Param #
=================================================================
CNN2Layer                                --
├─Conv2d: 1-1                            156
├─Conv2d: 1-2                            906
├─Linear: 1-3                            4,850
├─Linear: 1-4                            510
├─Dropout: 1-5                           --
├─Dropout: 1-6                           --
├─BatchNorm2d: 1-7                       12
├─BatchNorm1d: 1-8                       100
=================================================================
Total params: 6,534
Trainable params: 6,534
Non-trainable params: 0
=================================================================
fraboni distributions: [[0.28374656 0.         0.33608815 0.         0.         0.
  0.         0.         0.         0.         0.         0.
  0.         0.         0.38016529 0.         0.         0.
  0.         0.         0.         0.         0.         0.
  0.         0.         0.         0.         0.         0.        ]
 [0.04683196 0.         0.         0.         0.         0.
  0.         0.         0.         0.         0.29201102 0.
  0.         0.         0.         0.         0.29476584 0.28374656
  0.         0.         0.08264463 0.         0.         0.
  0.         0.         0.         0.         0.         0.        ]
 [0.         0.17630854 0.         0.         0.         0.00826446
  0.21212121 0.         0.         0.         0.         0.
  0.         0.20936639 0.         0.         0.         0.
  0.         0.         0.15702479 0.2369146  0.         0.
  0.         0.         0.         0.         0.         0.        ]
 [0.         0.         0.         0.         0.13498623 0.16804408
  0.         0.16528926 0.17630854 0.17355372 0.         0.04683196
  0.         0.         0.         0.         0.         0.
  0.         0.         0.         0.         0.         0.
  0.         0.         0.         0.         0.         0.13498623]
 [0.         0.         0.         0.08815427 0.         0.
  0.         0.         0.         0.         0.         0.08539945
  0.04683196 0.         0.         0.0523416  0.         0.
  0.08264463 0.04407713 0.         0.         0.07988981 0.04958678
  0.11570248 0.11570248 0.04683196 0.1184573  0.07438017 0.        ]]
iteration: 1
user 6, emp_avg: 0.6065031605566303, h: 0, ucb: inf, num_of_obs(calculated after picking at this round): 1, privacy reward: 0.9607894391523232, g: 0.044995408631772274, curr_delay = 0.08243980122727063
user 10, emp_avg: 0.28972822498853745, h: 0, ucb: inf, num_of_obs(calculated after picking at this round): 1, privacy reward: 0.9607894391523232, g: 0.08527043538313261, curr_delay = 0.1725755231544257
user 14, emp_avg: 0.3117874925365022, h: 0, ucb: inf, num_of_obs(calculated after picking at this round): 1, privacy reward: 0.9607894391523232, g: 0.14452564715524896, curr_delay = 0.16036563748350588
user 18, emp_avg: 0.06261831566938496, h: 0, ucb: inf, num_of_obs(calculated after picking at this round): 1, privacy reward: 0.9607894391523232, g: 0.006830134553650708, curr_delay = 0.7984884209277089
user 29, emp_avg: 0.05767678938362814, h: 0, ucb: inf, num_of_obs(calculated after picking at this round): 1, privacy reward: 0.9607894391523232, g: 0.018221281181461498, curr_delay = 0.8668998488704498
num of fast users chosen: 3, num of slow users chosen: 2
max_delay = 0.87 seconds
global epoch 1 has been done artifficialy in 0.87 secs, the total time by now is 0.87 
 with avg train loss 2.127, val loss 2.297, avg val acc 10.15%
iteration: 2
user 0, emp_avg: 0.7092266298892226, h: 0, ucb: inf, num_of_obs(calculated after picking at this round): 1, privacy reward: 0.9607894391523232, g: 0.10928215285841132, curr_delay = 0.07049932686228905
user 1, emp_avg: 1.0, h: 0, ucb: inf, num_of_obs(calculated after picking at this round): 1, privacy reward: 0.9607894391523232, g: 0.031084701257503664, curr_delay = 0.05
user 9, emp_avg: 0.4165150294630981, h: 0, ucb: inf, num_of_obs(calculated after picking at this round): 1, privacy reward: 0.9607894391523232, g: 0.03012089338159962, curr_delay = 0.12004368741375716
user 17, emp_avg: 0.06790330949823818, h: 0, ucb: inf, num_of_obs(calculated after picking at this round): 1, privacy reward: 0.9607894391523232, g: 0.08051210831075593, curr_delay = 0.7363411352033925
user 28, emp_avg: 0.06145986057344231, h: 0, ucb: inf, num_of_obs(calculated after picking at this round): 1, privacy reward: 0.9607894391523232, g: 0.005532408988457073, curr_delay = 0.8135391055801666
num of fast users chosen: 3, num of slow users chosen: 2
max_delay = 0.81 seconds
global epoch 2 has been done artifficialy in 0.81 secs, the total time by now is 1.68 
 with avg train loss 2.094, val loss 2.288, avg val acc 16.50%
iteration: 3
user 1, emp_avg: 1.0, h: 2.567425506613319, ucb: 3.567425506613319, num_of_obs(calculated after picking at this round): 2, privacy reward: 0.9231163463866358, g: -0.024656785738679046, curr_delay = 0.05
user 9, emp_avg: 0.3142084920012447, h: 2.567425506613319, ucb: 2.983940536076417, num_of_obs(calculated after picking at this round): 2, privacy reward: 0.9231163463866358, g: -0.025529525153867746, curr_delay = 0.23595818221065679
user 14, emp_avg: 0.2715757113517131, h: 2.567425506613319, ucb: 2.879212999149821, num_of_obs(calculated after picking at this round): 2, privacy reward: 0.9231163463866358, g: 0.0021932320955611742, curr_delay = 0.21610974521363852
user 16, emp_avg: 0.06228855866985342, h: 0, ucb: inf, num_of_obs(calculated after picking at this round): 1, privacy reward: 0.9607894391523232, g: 0.08688690056082993, curr_delay = 0.802715636189526
user 22, emp_avg: 0.06057961526009715, h: 0, ucb: inf, num_of_obs(calculated after picking at this round): 1, privacy reward: 0.9607894391523232, g: 0.006382381288466939, curr_delay = 0.8253601444203001
num of fast users chosen: 3, num of slow users chosen: 2
max_delay = 0.83 seconds
global epoch 3 has been done artifficialy in 0.83 secs, the total time by now is 2.51 
 with avg train loss 1.830, val loss 2.274, avg val acc 18.38%
iteration: 4
user 1, emp_avg: 1.0, h: 2.039333980337618, ucb: 3.039333980337618, num_of_obs(calculated after picking at this round): 3, privacy reward: 0.8869204367171574, g: -0.10477616131260008, curr_delay = 0.05
user 10, emp_avg: 0.31171426657760526, h: 2.884053773201766, ucb: 3.1737819981903033, num_of_obs(calculated after picking at this round): 2, privacy reward: 0.9231163463866358, g: 0.0017649257412593257, curr_delay = 0.1498350429302766
user 12, emp_avg: 0.3800156205116996, h: 0, ucb: inf, num_of_obs(calculated after picking at this round): 1, privacy reward: 0.9607894391523232, g: 0.0021932320955611716, curr_delay = 0.13157353882630896
user 14, emp_avg: 0.2543627623443406, h: 2.039333980337618, ucb: 2.310909691689331, num_of_obs(calculated after picking at this round): 3, privacy reward: 0.8869204367171574, g: -0.014360357899050609, curr_delay = 0.22733796879576507
user 29, emp_avg: 0.054792465678992555, h: 2.884053773201766, ucb: 2.941730562585394, num_of_obs(calculated after picking at this round): 2, privacy reward: 0.9231163463866358, g: -0.013228168233803093, curr_delay = 0.9632400255185478
num of fast users chosen: 4, num of slow users chosen: 1
max_delay = 0.96 seconds
