Namespace(data='mnist', full_exp=False, wandb=True, method_choosing_users='sa_pause', model='cnn2', num_users=30, num_users_per_round=5, global_epochs=5, max_seconds=600, epsilon_bar=100, epsilon_sum_deascent_coeff=0.04, delta_f=0.003, accel_ucb_coeff=1, alpha=100, beta=2, gamma=2, choosing_users_verbose=True, sa_pause_verbose=False, snr_verbose=False, max_iterations_sa_pause=3000, sa_pause_simulation=False, max_time_sa_pause=600, pre_sa_pause_rounds=1, beta_max_reduction=70, data_truncation=None, tau_min=0.05, production=False, privacy_noise='laplace', privacy_choosing_users=True, privacy=True, save_best_model=False, seed=0, norm_mean=0.5, norm_std=0.5, train_batch_size=20, test_batch_size=1000, local_epochs=1, local_iterations=100, lr=0.01, momentum=0.5, lr_scheduler=False, optimizer='adam', device=device(type='cuda'))
=================================================================
Layer (type:depth-idx)                   Param #
=================================================================
CNN2Layer                                --
├─Conv2d: 1-1                            156
├─Conv2d: 1-2                            906
├─Linear: 1-3                            4,850
├─Linear: 1-4                            510
├─Dropout: 1-5                           --
├─Dropout: 1-6                           --
├─BatchNorm2d: 1-7                       12
├─BatchNorm1d: 1-8                       100
=================================================================
Total params: 6,534
Trainable params: 6,534
Non-trainable params: 0
=================================================================
iteration: 1
user 2, emp_avg: 0.33174348719747787, h: 0, ucb: inf, num_of_obs(calculated after picking at this round): 1, privacy reward: 0.9607894391523232, g: 0.027777777777777776, curr_delay = 0.15071885938859853
user 10, emp_avg: 0.3251028839856118, h: 0, ucb: inf, num_of_obs(calculated after picking at this round): 1, privacy reward: 0.9607894391523232, g: 0.027777777777777776, curr_delay = 0.1537974667804327
user 13, emp_avg: 0.1721716518216936, h: 0, ucb: inf, num_of_obs(calculated after picking at this round): 1, privacy reward: 0.9607894391523232, g: 0.027777777777777776, curr_delay = 0.29040785443460565
user 26, emp_avg: 0.057372720004641956, h: 0, ucb: inf, num_of_obs(calculated after picking at this round): 1, privacy reward: 0.9607894391523232, g: 0.027777777777777776, curr_delay = 0.871494326850018
user 28, emp_avg: 0.054530898559233834, h: 0, ucb: inf, num_of_obs(calculated after picking at this round): 1, privacy reward: 0.9607894391523232, g: 0.027777777777777776, curr_delay = 0.9169113533988044
num of fast users chosen: 3, num of slow users chosen: 2
max_delay = 0.92 seconds
global epoch 1 has been done artifficialy in 0.92 secs, the total time by now is 0.92 
 with avg train loss 0.706, val loss 2.412, avg val acc 8.89%
iteration: 2
user 8, emp_avg: 0.2258784501980384, h: 0, ucb: inf, num_of_obs(calculated after picking at this round): 1, privacy reward: 0.9607894391523232, g: 0.027777777777777776, curr_delay = 0.22135799123892794
user 16, emp_avg: 0.06798688187075892, h: 0, ucb: inf, num_of_obs(calculated after picking at this round): 1, privacy reward: 0.9607894391523232, g: 0.027777777777777776, curr_delay = 0.7354359933001272
user 19, emp_avg: 0.06724575214369596, h: 0, ucb: inf, num_of_obs(calculated after picking at this round): 1, privacy reward: 0.9607894391523232, g: 0.027777777777777776, curr_delay = 0.7435413896948629
user 24, emp_avg: 0.06418128462377302, h: 0, ucb: inf, num_of_obs(calculated after picking at this round): 1, privacy reward: 0.9607894391523232, g: 0.027777777777777776, curr_delay = 0.7790433035595519
user 25, emp_avg: 0.05690525549747626, h: 0, ucb: inf, num_of_obs(calculated after picking at this round): 1, privacy reward: 0.9607894391523232, g: 0.027777777777777776, curr_delay = 0.8786534664134403
num of fast users chosen: 1, num of slow users chosen: 4
max_delay = 0.88 seconds
global epoch 2 has been done artifficialy in 0.88 secs, the total time by now is 1.80 
 with avg train loss 0.677, val loss 2.611, avg val acc 9.24%
iteration: 3
user 1, emp_avg: 0.2702869605916753, h: 0, ucb: inf, num_of_obs(calculated after picking at this round): 1, privacy reward: 0.9607894391523232, g: 0.027777777777777776, curr_delay = 0.184988576180467
user 3, emp_avg: 0.7525220366920858, h: 0, ucb: inf, num_of_obs(calculated after picking at this round): 1, privacy reward: 0.9607894391523232, g: 0.027777777777777776, curr_delay = 0.06644323695793485
user 6, emp_avg: 0.2730214793985577, h: 0, ucb: inf, num_of_obs(calculated after picking at this round): 1, privacy reward: 0.9607894391523232, g: 0.027777777777777776, curr_delay = 0.18313577418943594
user 9, emp_avg: 0.546602046788118, h: 0, ucb: inf, num_of_obs(calculated after picking at this round): 1, privacy reward: 0.9607894391523232, g: 0.027777777777777776, curr_delay = 0.09147422753684226
user 29, emp_avg: 0.052449966250101426, h: 0, ucb: inf, num_of_obs(calculated after picking at this round): 1, privacy reward: 0.9607894391523232, g: 0.027777777777777776, curr_delay = 0.9532894599317938
num of fast users chosen: 4, num of slow users chosen: 1
max_delay = 0.95 seconds
global epoch 3 has been done artifficialy in 0.95 secs, the total time by now is 2.75 
 with avg train loss 0.612, val loss 2.478, avg val acc 11.34%
iteration: 4
user 14, emp_avg: 0.3030245533743179, h: 0, ucb: inf, num_of_obs(calculated after picking at this round): 1, privacy reward: 0.9607894391523232, g: 0.027777777777777776, curr_delay = 0.16500313074708628
user 15, emp_avg: 0.0704548688239009, h: 0, ucb: inf, num_of_obs(calculated after picking at this round): 1, privacy reward: 0.9607894391523232, g: 0.027777777777777776, curr_delay = 0.7096741621217547
user 17, emp_avg: 0.07074998138210563, h: 0, ucb: inf, num_of_obs(calculated after picking at this round): 1, privacy reward: 0.9607894391523232, g: 0.027777777777777776, curr_delay = 0.7067139668908267
user 20, emp_avg: 0.06428434212322941, h: 0, ucb: inf, num_of_obs(calculated after picking at this round): 1, privacy reward: 0.9607894391523232, g: 0.027777777777777776, curr_delay = 0.7777943796041789
user 27, emp_avg: 0.058467908172088585, h: 0, ucb: inf, num_of_obs(calculated after picking at this round): 1, privacy reward: 0.9607894391523232, g: 0.027777777777777776, curr_delay = 0.8551699823574158
num of fast users chosen: 1, num of slow users chosen: 4
max_delay = 0.86 seconds
global epoch 4 has been done artifficialy in 0.86 secs, the total time by now is 3.60 
 with avg train loss 0.616, val loss 2.760, avg val acc 8.80%
iteration: 5
user 0, emp_avg: 1.0, h: 0, ucb: inf, num_of_obs(calculated after picking at this round): 1, privacy reward: 0.9607894391523232, g: 0.027777777777777776, curr_delay = 0.05
user 11, emp_avg: 0.2588807584402365, h: 0, ucb: inf, num_of_obs(calculated after picking at this round): 1, privacy reward: 0.9607894391523232, g: 0.027777777777777776, curr_delay = 0.19313911277628876
user 12, emp_avg: 0.37137423128238706, h: 0, ucb: inf, num_of_obs(calculated after picking at this round): 1, privacy reward: 0.9607894391523232, g: 0.027777777777777776, curr_delay = 0.13463508178083794
user 18, emp_avg: 0.06614363778027262, h: 0, ucb: inf, num_of_obs(calculated after picking at this round): 1, privacy reward: 0.9607894391523232, g: 0.027777777777777776, curr_delay = 0.7559306031231402
user 23, emp_avg: 0.058380215596973005, h: 0, ucb: inf, num_of_obs(calculated after picking at this round): 1, privacy reward: 0.9607894391523232, g: 0.027777777777777776, curr_delay = 0.8564545281088768
num of fast users chosen: 3, num of slow users chosen: 2
max_delay = 0.86 seconds
global epoch 5 has been done artifficialy in 0.86 secs, the total time by now is 4.46 
 with avg train loss 0.573, val loss 2.491, avg val acc 11.51%
