Namespace(full_exp=False, data='cifar10', i_i_d=False, wandb=True, method_choosing_users='sa_pause', model='cnn3', num_users=300, num_users_per_round=15, global_epochs=400, max_seconds=600, epsilon_bar=20.0, epsilon_sum_deascent_coeff=0.04, delta_f=0.006, alpha=200.0, beta=1.0, gamma=5.0, alternative_privacy_reward=False, choosing_users_verbose=True, sa_pause_verbose=False, snr_verbose=False, dirichlet_coeff=2.0, label_dominance=0.25, bar_plot_interval=30, max_iterations_sa_pause=3000, sa_pause_simulation=False, max_time_sa_pause=4000.0, pre_sa_pause_rounds=1, beta_max_reduction=70, accel_ucb_coeff=3.0, data_truncation=None, tau_min=0.05, production=False, privacy_noise='laplace', privacy=True, save_best_model=False, seed=3.0, norm_mean=0.5, norm_std=0.5, train_batch_size=20, test_batch_size=1000, local_epochs=1, local_iterations=100, lr=0.01, momentum=0.5, lr_scheduler=False, optimizer='adam', device=device(type='cuda'))
=================================================================
Layer (type:depth-idx)                   Param #
=================================================================
CNN3LayerCifar                           --
├─Conv2d: 1-1                            896
├─BatchNorm2d: 1-2                       64
├─Conv2d: 1-3                            18,496
├─BatchNorm2d: 1-4                       128
├─Conv2d: 1-5                            73,856
├─BatchNorm2d: 1-6                       256
├─MaxPool2d: 1-7                         --
├─Linear: 1-8                            65,664
├─BatchNorm1d: 1-9                       256
├─Linear: 1-10                           8,256
├─BatchNorm1d: 1-11                      128
├─Linear: 1-12                           2,080
├─BatchNorm1d: 1-13                      64
├─Linear: 1-14                           330
├─Dropout: 1-15                          --
├─Dropout: 1-16                          --
├─Dropout: 1-17                          --
=================================================================
Total params: 170,474
Trainable params: 170,474
Non-trainable params: 0
=================================================================
iteration: 1
user 24, emp_avg: 1.0, h: 0, ucb: inf,num_of_obs: 0, privacy reward: 0.9607894391523232, g: 0.015108845355314818, curr_delay = 0.05, data_size = 49
user 39, emp_avg: 0.2968468366414146, h: 0, ucb: inf,num_of_obs: 0, privacy reward: 0.9607894391523232, g: 0.12580426336670297, curr_delay = 0.16843703158743464, data_size = 408
user 42, emp_avg: 0.6515773065106651, h: 0, ucb: inf,num_of_obs: 0, privacy reward: 0.9607894391523232, g: 0.015108845355314818, curr_delay = 0.07673686529655341, data_size = 49
user 76, emp_avg: 0.2517084081546245, h: 0, ucb: inf,num_of_obs: 0, privacy reward: 0.9607894391523232, g: 0.05550188089707485, curr_delay = 0.19864254979231766, data_size = 180
user 79, emp_avg: 0.5880117200282698, h: 0, ucb: inf,num_of_obs: 0, privacy reward: 0.9607894391523232, g: 0.0847945402594199, curr_delay = 0.08503231873949069, data_size = 275
user 96, emp_avg: 0.25892405579009165, h: 0, ucb: inf,num_of_obs: 0, privacy reward: 0.9607894391523232, g: 0.015108845355314818, curr_delay = 0.1931068160021977, data_size = 49
user 117, emp_avg: 0.3040622358585678, h: 0, ucb: inf,num_of_obs: 0, privacy reward: 0.9607894391523232, g: 0.11532057475281107, curr_delay = 0.16444001952040213, data_size = 374
user 137, emp_avg: 0.20421009657730363, h: 0, ucb: inf,num_of_obs: 0, privacy reward: 0.9607894391523232, g: 0.09651160400435793, curr_delay = 0.2448458760758312, data_size = 313
user 175, emp_avg: 0.07965533809886717, h: 0, ucb: inf,num_of_obs: 0, privacy reward: 0.9607894391523232, g: 0.015108845355314818, curr_delay = 0.6277043220623915, data_size = 49
user 192, emp_avg: 0.0626168596145015, h: 0, ucb: inf,num_of_obs: 0, privacy reward: 0.9607894391523232, g: 0.04440150471765988, curr_delay = 0.7985069884983572, data_size = 144
user 214, emp_avg: 0.05747233967087266, h: 0, ucb: inf,num_of_obs: 0, privacy reward: 0.9607894391523232, g: 0.06351881924887455, curr_delay = 0.8699837223668887, data_size = 206
user 220, emp_avg: 0.06471242493460537, h: 0, ucb: inf,num_of_obs: 0, privacy reward: 0.9607894391523232, g: 0.04840997389355973, curr_delay = 0.7726491481431442, data_size = 157
user 221, emp_avg: 0.06958529591055011, h: 0, ucb: inf,num_of_obs: 0, privacy reward: 0.9607894391523232, g: 0.029601003145106584, curr_delay = 0.7185426079709937, data_size = 96
user 226, emp_avg: 0.06525145452964794, h: 0, ucb: inf,num_of_obs: 0, privacy reward: 0.9607894391523232, g: 0.04100972310728308, curr_delay = 0.7662664435668907, data_size = 133
user 295, emp_avg: 0.055034033040164486, h: 0, ucb: inf,num_of_obs: 0, privacy reward: 0.9607894391523232, g: 0.013875470224268712, curr_delay = 0.9085287273696516, data_size = 45
num of fast users chosen: 8, num of slow users chosen: 7
max_delay = 0.91 seconds
global epoch 1 has been done artifficialy in 0.91 secs, the total time by now is 0.91 
 with avg train loss 2.337, val loss 2.310, avg val acc 10.00%
iteration: 2
user 25, emp_avg: 0.2688686448315471, h: 0, ucb: inf,num_of_obs: 0, privacy reward: 0.9607894391523232, g: 0.030217690710629637, curr_delay = 0.18596441407783437, data_size = 98
user 31, emp_avg: 1.0, h: 0, ucb: inf,num_of_obs: 0, privacy reward: 0.9607894391523232, g: 0.09681994778711946, curr_delay = 0.05, data_size = 314
user 52, emp_avg: 0.6149988643279232, h: 0, ucb: inf,num_of_obs: 0, privacy reward: 0.9607894391523232, g: 0.07400250786276646, curr_delay = 0.08130096314021733, data_size = 240
user 107, emp_avg: 1.0, h: 0, ucb: inf,num_of_obs: 0, privacy reward: 0.9607894391523232, g: 0.05581022467983637, curr_delay = 0.05, data_size = 181
user 118, emp_avg: 0.41245534283626484, h: 0, ucb: inf,num_of_obs: 0, privacy reward: 0.9607894391523232, g: 0.015108845355314818, curr_delay = 0.12122524503179691, data_size = 49
user 133, emp_avg: 0.24507919799842476, h: 0, ucb: inf,num_of_obs: 0, privacy reward: 0.9607894391523232, g: 0.04840997389355973, curr_delay = 0.20401568312754711, data_size = 157
user 167, emp_avg: 0.06879927671266675, h: 0, ucb: inf,num_of_obs: 0, privacy reward: 0.9607894391523232, g: 0.11501223097004953, curr_delay = 0.7267518263138139, data_size = 373
user 172, emp_avg: 0.0699026274378191, h: 0, ucb: inf,num_of_obs: 0, privacy reward: 0.9607894391523232, g: 0.14399654654963306, curr_delay = 0.7152806959148539, data_size = 467
user 202, emp_avg: 0.06445687273728891, h: 0, ucb: inf,num_of_obs: 0, privacy reward: 0.9607894391523232, g: 0.1076119801837729, curr_delay = 0.7757124706280473, data_size = 349
user 241, emp_avg: 0.05804020779425575, h: 0, ucb: inf,num_of_obs: 0, privacy reward: 0.9607894391523232, g: 0.05920200629021317, curr_delay = 0.8614717607015272, data_size = 192
user 255, emp_avg: 0.05500728871763892, h: 0, ucb: inf,num_of_obs: 0, privacy reward: 0.9607894391523232, g: 0.01880897074845314, curr_delay = 0.9089704503826371, data_size = 61
user 265, emp_avg: 0.05872187891645727, h: 0, ucb: inf,num_of_obs: 0, privacy reward: 0.9607894391523232, g: 0.015108845355314818, curr_delay = 0.8514713923090617, data_size = 49
user 266, emp_avg: 0.06056409529599211, h: 0, ucb: inf,num_of_obs: 0, privacy reward: 0.9607894391523232, g: 0.015108845355314818, curr_delay = 0.8255716486085908, data_size = 49
user 284, emp_avg: 0.05726284954683603, h: 0, ucb: inf,num_of_obs: 0, privacy reward: 0.9607894391523232, g: 0.1557136102945711, curr_delay = 0.8731664664907105, data_size = 505
user 285, emp_avg: 0.059611533843254474, h: 0, ucb: inf,num_of_obs: 0, privacy reward: 0.9607894391523232, g: 0.059818693855736224, curr_delay = 0.8387638561938783, data_size = 194
num of fast users chosen: 6, num of slow users chosen: 9
max_delay = 0.91 seconds
global epoch 2 has been done artifficialy in 0.91 secs, the total time by now is 1.82 
 with avg train loss 2.274, val loss 2.321, avg val acc 10.00%
iteration: 3
user 41, emp_avg: 0.5494869372742286, h: 0, ucb: inf,num_of_obs: 0, privacy reward: 0.9607894391523232, g: 0.048101630110798196, curr_delay = 0.09099397384772925, data_size = 156
user 59, emp_avg: 0.3780923335991712, h: 0, ucb: inf,num_of_obs: 0, privacy reward: 0.9607894391523232, g: 0.06691060085925134, curr_delay = 0.13224282948039548, data_size = 217
user 91, emp_avg: 0.5516113537116686, h: 0, ucb: inf,num_of_obs: 0, privacy reward: 0.9607894391523232, g: 0.025592533969206733, curr_delay = 0.09064352947697915, data_size = 83
user 103, emp_avg: 0.41379606174012556, h: 0, ucb: inf,num_of_obs: 0, privacy reward: 0.9607894391523232, g: 0.0894196970008428, curr_delay = 0.12083246947720172, data_size = 290
user 147, emp_avg: 0.2247523974716481, h: 0, ucb: inf,num_of_obs: 0, privacy reward: 0.9607894391523232, g: 0.015108845355314818, curr_delay = 0.2224670373374209, data_size = 49
user 155, emp_avg: 0.06837645310633482, h: 0, ucb: inf,num_of_obs: 0, privacy reward: 0.9607894391523232, g: 0.09311982239398113, curr_delay = 0.7312458855132936, data_size = 302
user 171, emp_avg: 0.07336334709443065, h: 0, ucb: inf,num_of_obs: 0, privacy reward: 0.9607894391523232, g: 0.015108845355314818, curr_delay = 0.6815392424181765, data_size = 49
user 206, emp_avg: 0.06459537765437683, h: 0, ucb: inf,num_of_obs: 0, privacy reward: 0.9607894391523232, g: 0.015108845355314818, curr_delay = 0.7740491938529928, data_size = 49
user 213, emp_avg: 0.06602364627953361, h: 0, ucb: inf,num_of_obs: 0, privacy reward: 0.9607894391523232, g: 0.14461323411515611, curr_delay = 0.7573044328437718, data_size = 469
user 218, emp_avg: 0.06188976514071719, h: 0, ucb: inf,num_of_obs: 0, privacy reward: 0.9607894391523232, g: 0.018500626965691616, curr_delay = 0.8078880229439597, data_size = 60
user 228, emp_avg: 0.06467151646574977, h: 0, ucb: inf,num_of_obs: 0, privacy reward: 0.9607894391523232, g: 0.033301128538244906, curr_delay = 0.773137893348769, data_size = 108
user 242, emp_avg: 0.05576190236011835, h: 0, ucb: inf,num_of_obs: 0, privacy reward: 0.9607894391523232, g: 0.04840997389355973, curr_delay = 0.8966695518580562, data_size = 157
user 248, emp_avg: 0.05882281488141307, h: 0, ucb: inf,num_of_obs: 0, privacy reward: 0.9607894391523232, g: 0.02590087775196826, curr_delay = 0.8500103250890002, data_size = 84
user 264, emp_avg: 0.05514146690511413, h: 0, ucb: inf,num_of_obs: 0, privacy reward: 0.9607894391523232, g: 0.0894196970008428, curr_delay = 0.9067586120992861, data_size = 290
user 275, emp_avg: 0.05590832649773784, h: 0, ucb: inf,num_of_obs: 0, privacy reward: 0.9607894391523232, g: 0.02220075235882994, curr_delay = 0.8943211706045807, data_size = 72
num of fast users chosen: 5, num of slow users chosen: 10
max_delay = 0.91 seconds
global epoch 3 has been done artifficialy in 0.91 secs, the total time by now is 2.72 
 with avg train loss 2.264, val loss 2.323, avg val acc 10.00%
iteration: 4
user 23, emp_avg: 1.0, h: 0, ucb: inf,num_of_obs: 0, privacy reward: 0.9607894391523232, g: 0.022817439924352992, curr_delay = 0.05, data_size = 74
user 44, emp_avg: 0.8905692208847924, h: 0, ucb: inf,num_of_obs: 0, privacy reward: 0.9607894391523232, g: 0.04440150471765988, curr_delay = 0.05614386712166443, data_size = 144
user 50, emp_avg: 0.28004355088764005, h: 0, ucb: inf,num_of_obs: 0, privacy reward: 0.9607894391523232, g: 0.06629391329372829, curr_delay = 0.17854365809002742, data_size = 215
user 70, emp_avg: 0.4156107522648614, h: 0, ucb: inf,num_of_obs: 0, privacy reward: 0.9607894391523232, g: 0.05951035007297469, curr_delay = 0.12030487596272747, data_size = 193
user 78, emp_avg: 0.42957635378955594, h: 0, ucb: inf,num_of_obs: 0, privacy reward: 0.9607894391523232, g: 0.018500626965691616, curr_delay = 0.11639374364747826, data_size = 60
user 93, emp_avg: 1.0, h: 0, ucb: inf,num_of_obs: 0, privacy reward: 0.9607894391523232, g: 0.03391781610376796, curr_delay = 0.05, data_size = 110
user 94, emp_avg: 0.27654728085250807, h: 0, ucb: inf,num_of_obs: 0, privacy reward: 0.9607894391523232, g: 0.12241248175632619, curr_delay = 0.1808009098692483, data_size = 397
user 100, emp_avg: 0.5145647305028007, h: 0, ucb: inf,num_of_obs: 0, privacy reward: 0.9607894391523232, g: 0.03391781610376796, curr_delay = 0.09716950470185376, data_size = 110
user 104, emp_avg: 0.2886641145051535, h: 0, ucb: inf,num_of_obs: 0, privacy reward: 0.9607894391523232, g: 0.029909346927868112, curr_delay = 0.17321169306310624, data_size = 97
user 122, emp_avg: 0.5855064219421153, h: 0, ucb: inf,num_of_obs: 0, privacy reward: 0.9607894391523232, g: 0.20782370958126914, curr_delay = 0.08539615984765941, data_size = 674
user 146, emp_avg: 0.24742353458229496, h: 0, ucb: inf,num_of_obs: 0, privacy reward: 0.9607894391523232, g: 0.07461919542828951, curr_delay = 0.20208263568949064, data_size = 242
user 170, emp_avg: 0.06638056132024295, h: 0, ucb: inf,num_of_obs: 0, privacy reward: 0.9607894391523232, g: 0.04871831767632125, curr_delay = 0.7532325579288579, data_size = 158
user 180, emp_avg: 0.073574348091342, h: 0, ucb: inf,num_of_obs: 0, privacy reward: 0.9607894391523232, g: 0.033301128538244906, curr_delay = 0.6795846826658305, data_size = 108
user 230, emp_avg: 0.06041672354622573, h: 0, ucb: inf,num_of_obs: 0, privacy reward: 0.9607894391523232, g: 0.07801097703866632, curr_delay = 0.8275854277623026, data_size = 253
user 270, emp_avg: 0.059047915336596715, h: 0, ucb: inf,num_of_obs: 0, privacy reward: 0.9607894391523232, g: 0.1291960449770798, curr_delay = 0.8467699446285278, data_size = 419
num of fast users chosen: 11, num of slow users chosen: 4
max_delay = 0.85 seconds
global epoch 4 has been done artifficialy in 0.85 secs, the total time by now is 3.57 
 with avg train loss 2.256, val loss 2.320, avg val acc 10.00%
iteration: 5
user 22, emp_avg: 0.6584791582317544, h: 0, ucb: inf,num_of_obs: 0, privacy reward: 0.9607894391523232, g: 0.022509096141591464, curr_delay = 0.07593254756045338, data_size = 73
user 28, emp_avg: 1.0, h: 0, ucb: inf,num_of_obs: 0, privacy reward: 0.9607894391523232, g: 0.07091907003515119, curr_delay = 0.05, data_size = 230
user 43, emp_avg: 0.5242096573009012, h: 0, ucb: inf,num_of_obs: 0, privacy reward: 0.9607894391523232, g: 0.048101630110798196, curr_delay = 0.09538168422429415, data_size = 156
user 56, emp_avg: 0.34555416175552267, h: 0, ucb: inf,num_of_obs: 0, privacy reward: 0.9607894391523232, g: 0.06321047546611301, curr_delay = 0.14469511739052554, data_size = 205
user 61, emp_avg: 0.3275309831254039, h: 0, ucb: inf,num_of_obs: 0, privacy reward: 0.9607894391523232, g: 0.0561185684625979, curr_delay = 0.1526573135856774, data_size = 182
user 112, emp_avg: 0.23676942821551236, h: 0, ucb: inf,num_of_obs: 0, privacy reward: 0.9607894391523232, g: 0.029601003145106584, curr_delay = 0.21117591226553534, data_size = 96
user 121, emp_avg: 0.23736871970168247, h: 0, ucb: inf,num_of_obs: 0, privacy reward: 0.9607894391523232, g: 0.06321047546611301, curr_delay = 0.21064275049736303, data_size = 205
user 126, emp_avg: 0.363672363177442, h: 0, ucb: inf,num_of_obs: 0, privacy reward: 0.9607894391523232, g: 0.03360947232100643, curr_delay = 0.1374863890209995, data_size = 109
user 129, emp_avg: 0.2572513775566545, h: 0, ucb: inf,num_of_obs: 0, privacy reward: 0.9607894391523232, g: 0.13320451415297963, curr_delay = 0.1943624188717454, data_size = 432
user 130, emp_avg: 0.2687621885366472, h: 0, ucb: inf,num_of_obs: 0, privacy reward: 0.9607894391523232, g: 0.0847945402594199, curr_delay = 0.18603807429995767, data_size = 275
user 140, emp_avg: 0.28238456021754593, h: 0, ucb: inf,num_of_obs: 0, privacy reward: 0.9607894391523232, g: 0.04440150471765988, curr_delay = 0.17706350503540474, data_size = 144
user 162, emp_avg: 0.06600283043106421, h: 0, ucb: inf,num_of_obs: 0, privacy reward: 0.9607894391523232, g: 0.015108845355314818, curr_delay = 0.7575432700908462, data_size = 49
user 210, emp_avg: 0.0673311056312567, h: 0, ucb: inf,num_of_obs: 0, privacy reward: 0.9607894391523232, g: 0.022509096141591464, curr_delay = 0.7425988260734696, data_size = 73
user 250, emp_avg: 0.05482405535646676, h: 0, ucb: inf,num_of_obs: 0, privacy reward: 0.9607894391523232, g: 0.018192283182930088, curr_delay = 0.9120084181095199, data_size = 59
user 288, emp_avg: 0.05915995096965328, h: 0, ucb: inf,num_of_obs: 0, privacy reward: 0.9607894391523232, g: 0.026517565317491314, curr_delay = 0.845166352920881, data_size = 86
num of fast users chosen: 11, num of slow users chosen: 4
max_delay = 0.91 seconds
global epoch 5 has been done artifficialy in 0.91 secs, the total time by now is 4.48 
 with avg train loss 2.264, val loss 2.320, avg val acc 10.00%
iteration: 6
user 0, emp_avg: 1.0, h: 0, ucb: inf,num_of_obs: 0, privacy reward: 0.9607894391523232, g: 0.1261126071494645, curr_delay = 0.05, data_size = 409
user 7, emp_avg: 0.5344631028992709, h: 0, ucb: inf,num_of_obs: 0, privacy reward: 0.9607894391523232, g: 0.12210413797356466, curr_delay = 0.09355182748587865, data_size = 396
user 21, emp_avg: 0.39424694477214267, h: 0, ucb: inf,num_of_obs: 0, privacy reward: 0.9607894391523232, g: 0.06321047546611301, curr_delay = 0.1268240646199498, data_size = 205
user 51, emp_avg: 1.0, h: 0, ucb: inf,num_of_obs: 0, privacy reward: 0.9607894391523232, g: 0.018500626965691616, curr_delay = 0.05, data_size = 60
user 67, emp_avg: 0.3070246545407069, h: 0, ucb: inf,num_of_obs: 0, privacy reward: 0.9607894391523232, g: 0.01911731453121467, curr_delay = 0.16285337109098758, data_size = 62
user 108, emp_avg: 0.3847588350402651, h: 0, ucb: inf,num_of_obs: 0, privacy reward: 0.9607894391523232, g: 0.08880300943531975, curr_delay = 0.12995153183361596, data_size = 288
user 165, emp_avg: 0.06802421771309146, h: 0, ucb: inf,num_of_obs: 0, privacy reward: 0.9607894391523232, g: 0.015108845355314818, curr_delay = 0.7350323411419013, data_size = 49
user 184, emp_avg: 0.06571769989519857, h: 0, ucb: inf,num_of_obs: 0, privacy reward: 0.9607894391523232, g: 0.07400250786276646, curr_delay = 0.760830036348443, data_size = 240
user 224, emp_avg: 0.06145614718425755, h: 0, ucb: inf,num_of_obs: 0, privacy reward: 0.9607894391523232, g: 0.0894196970008428, curr_delay = 0.813588262376589, data_size = 290
user 227, emp_avg: 0.05847807425388035, h: 0, ucb: inf,num_of_obs: 0, privacy reward: 0.9607894391523232, g: 0.015108845355314818, curr_delay = 0.8550213159025534, data_size = 49
user 234, emp_avg: 0.058387803327194086, h: 0, ucb: inf,num_of_obs: 0, privacy reward: 0.9607894391523232, g: 0.0447098485004214, curr_delay = 0.8563432283932582, data_size = 145
user 262, emp_avg: 0.05321021139226056, h: 0, ucb: inf,num_of_obs: 0, privacy reward: 0.9607894391523232, g: 0.07801097703866632, curr_delay = 0.9396692606876679, data_size = 253
user 267, emp_avg: 0.06441589625874584, h: 0, ucb: inf,num_of_obs: 0, privacy reward: 0.9607894391523232, g: 0.10021172939749624, curr_delay = 0.7762059197183245, data_size = 325
user 280, emp_avg: 0.06261341290577829, h: 0, ucb: inf,num_of_obs: 0, privacy reward: 0.9607894391523232, g: 0.04840997389355973, curr_delay = 0.7985509442719698, data_size = 157
user 289, emp_avg: 0.05844985353931834, h: 0, ucb: inf,num_of_obs: 0, privacy reward: 0.9607894391523232, g: 0.05519353711431332, curr_delay = 0.8554341366546924, data_size = 179
num of fast users chosen: 6, num of slow users chosen: 9
max_delay = 0.94 seconds
global epoch 6 has been done artifficialy in 0.94 secs, the total time by now is 5.42 
 with avg train loss 2.214, val loss 2.316, avg val acc 10.00%
iteration: 7
user 4, emp_avg: 0.5556653561049616, h: 0, ucb: inf,num_of_obs: 0, privacy reward: 0.9607894391523232, g: 0.03730959771414476, curr_delay = 0.08998221582587798, data_size = 121
user 34, emp_avg: 0.38373455567211656, h: 0, ucb: inf,num_of_obs: 0, privacy reward: 0.9607894391523232, g: 0.0447098485004214, curr_delay = 0.13029840357333544, data_size = 145
user 64, emp_avg: 0.29792961058355005, h: 0, ucb: inf,num_of_obs: 0, privacy reward: 0.9607894391523232, g: 0.048101630110798196, curr_delay = 0.16782487615804884, data_size = 156
user 89, emp_avg: 0.8265177841743924, h: 0, ucb: inf,num_of_obs: 0, privacy reward: 0.9607894391523232, g: 0.05211009928669805, curr_delay = 0.06049476606234788, data_size = 169
user 90, emp_avg: 0.2890709469641779, h: 0, ucb: inf,num_of_obs: 0, privacy reward: 0.9607894391523232, g: 0.026517565317491314, curr_delay = 0.17296791851654356, data_size = 86
user 92, emp_avg: 0.5098374195383968, h: 0, ucb: inf,num_of_obs: 0, privacy reward: 0.9607894391523232, g: 0.015108845355314818, curr_delay = 0.09807047910541689, data_size = 49
user 139, emp_avg: 0.38535514911758606, h: 0, ucb: inf,num_of_obs: 0, privacy reward: 0.9607894391523232, g: 0.11501223097004953, curr_delay = 0.12975043959966176, data_size = 373
user 148, emp_avg: 0.20628360627530984, h: 0, ucb: inf,num_of_obs: 0, privacy reward: 0.9607894391523232, g: 0.04840997389355973, curr_delay = 0.2423847483704987, data_size = 157
user 161, emp_avg: 0.06669522216981995, h: 0, ucb: inf,num_of_obs: 0, privacy reward: 0.9607894391523232, g: 0.015108845355314818, curr_delay = 0.7496788881321899, data_size = 49
user 169, emp_avg: 0.08243615384199622, h: 0, ucb: inf,num_of_obs: 0, privacy reward: 0.9607894391523232, g: 0.03730959771414476, curr_delay = 0.6065299952716624, data_size = 121
user 176, emp_avg: 0.07108984755270484, h: 0, ucb: inf,num_of_obs: 0, privacy reward: 0.9607894391523232, g: 0.04131806689004461, curr_delay = 0.7033353104735641, data_size = 134
user 183, emp_avg: 0.0618069161473079, h: 0, ucb: inf,num_of_obs: 0, privacy reward: 0.9607894391523232, g: 0.015108845355314818, curr_delay = 0.808970955302675, data_size = 49
user 191, emp_avg: 0.05755535692487403, h: 0, ucb: inf,num_of_obs: 0, privacy reward: 0.9607894391523232, g: 0.07770263325590478, curr_delay = 0.8687288668066833, data_size = 252
user 240, emp_avg: 0.06482986014554318, h: 0, ucb: inf,num_of_obs: 0, privacy reward: 0.9607894391523232, g: 0.029601003145106584, curr_delay = 0.771249542845687, data_size = 96
user 261, emp_avg: 0.05736968281041847, h: 0, ucb: inf,num_of_obs: 0, privacy reward: 0.9607894391523232, g: 0.06721894464201286, curr_delay = 0.8715404644161617, data_size = 218
num of fast users chosen: 8, num of slow users chosen: 7
max_delay = 0.87 seconds
global epoch 7 has been done artifficialy in 0.87 secs, the total time by now is 6.29 
 with avg train loss 2.198, val loss 2.317, avg val acc 10.00%
iteration: 8
user 74, emp_avg: 0.5129528071920555, h: 0, ucb: inf,num_of_obs: 0, privacy reward: 0.9607894391523232, g: 0.04440150471765988, curr_delay = 0.09747485401962022, data_size = 144
user 86, emp_avg: 0.8008850899881717, h: 0, ucb: inf,num_of_obs: 0, privacy reward: 0.9607894391523232, g: 0.19641498961909265, curr_delay = 0.062430928762500074, data_size = 637
user 88, emp_avg: 0.6480756793216809, h: 0, ucb: inf,num_of_obs: 0, privacy reward: 0.9607894391523232, g: 0.015108845355314818, curr_delay = 0.07715148337665337, data_size = 49
user 143, emp_avg: 0.26906507531683593, h: 0, ucb: inf,num_of_obs: 0, privacy reward: 0.9607894391523232, g: 0.018500626965691616, curr_delay = 0.1858286510842138, data_size = 60
user 156, emp_avg: 0.07657997559655395, h: 0, ucb: inf,num_of_obs: 0, privacy reward: 0.9607894391523232, g: 0.13351285793574116, curr_delay = 0.6529121955250397, data_size = 433
user 164, emp_avg: 0.06714262891540891, h: 0, ucb: inf,num_of_obs: 0, privacy reward: 0.9607894391523232, g: 0.018500626965691616, curr_delay = 0.7446833823410993, data_size = 60
user 185, emp_avg: 0.06363110874282718, h: 0, ucb: inf,num_of_obs: 0, privacy reward: 0.9607894391523232, g: 0.11162044935967275, curr_delay = 0.7857791729212366, data_size = 362
user 188, emp_avg: 0.07189707858771202, h: 0, ucb: inf,num_of_obs: 0, privacy reward: 0.9607894391523232, g: 0.04840997389355973, curr_delay = 0.6954385488556629, data_size = 157
user 203, emp_avg: 0.07110386921828954, h: 0, ucb: inf,num_of_obs: 0, privacy reward: 0.9607894391523232, g: 0.015108845355314818, curr_delay = 0.7031966129227024, data_size = 49
user 209, emp_avg: 0.06037398074025506, h: 0, ucb: inf,num_of_obs: 0, privacy reward: 0.9607894391523232, g: 0.015108845355314818, curr_delay = 0.8281713312082786, data_size = 49
user 211, emp_avg: 0.06247100102729108, h: 0, ucb: inf,num_of_obs: 0, privacy reward: 0.9607894391523232, g: 0.02590087775196826, curr_delay = 0.8003713591552184, data_size = 84
user 222, emp_avg: 0.06414674352275278, h: 0, ucb: inf,num_of_obs: 0, privacy reward: 0.9607894391523232, g: 0.02220075235882994, curr_delay = 0.7794627950562301, data_size = 72
user 229, emp_avg: 0.06257398533889637, h: 0, ucb: inf,num_of_obs: 0, privacy reward: 0.9607894391523232, g: 0.01880897074845314, curr_delay = 0.7990541073771068, data_size = 61
user 252, emp_avg: 0.06376375822316707, h: 0, ucb: inf,num_of_obs: 0, privacy reward: 0.9607894391523232, g: 0.10792032396653442, curr_delay = 0.7841444951378929, data_size = 350
user 257, emp_avg: 0.060960383178959875, h: 0, ucb: inf,num_of_obs: 0, privacy reward: 0.9607894391523232, g: 0.06259378790058996, curr_delay = 0.8202048181556906, data_size = 203
num of fast users chosen: 4, num of slow users chosen: 11
max_delay = 0.83 seconds
global epoch 8 has been done artifficialy in 0.83 secs, the total time by now is 7.12 
 with avg train loss 2.177, val loss 2.317, avg val acc 10.00%
iteration: 9
user 2, emp_avg: 0.6303474921011166, h: 0, ucb: inf,num_of_obs: 0, privacy reward: 0.9607894391523232, g: 0.030217690710629637, curr_delay = 0.07932132772248628, data_size = 98
user 5, emp_avg: 0.8907753226009696, h: 0, ucb: inf,num_of_obs: 0, privacy reward: 0.9607894391523232, g: 0.02620922153472979, curr_delay = 0.0561308769241668, data_size = 85
user 26, emp_avg: 0.43261430847201576, h: 0, ucb: inf,num_of_obs: 0, privacy reward: 0.9607894391523232, g: 0.08541122782494295, curr_delay = 0.11557638991784369, data_size = 277
user 35, emp_avg: 0.8311666374717852, h: 0, ucb: inf,num_of_obs: 0, privacy reward: 0.9607894391523232, g: 0.015108845355314818, curr_delay = 0.06015640877031389, data_size = 49
user 85, emp_avg: 0.3460234023949164, h: 0, ucb: inf,num_of_obs: 0, privacy reward: 0.9607894391523232, g: 0.04100972310728308, curr_delay = 0.14449889705128965, data_size = 133
user 99, emp_avg: 0.3351977404001979, h: 0, ucb: inf,num_of_obs: 0, privacy reward: 0.9607894391523232, g: 0.022817439924352992, curr_delay = 0.14916568333755534, data_size = 74
user 145, emp_avg: 0.31970318562518424, h: 0, ucb: inf,num_of_obs: 0, privacy reward: 0.9607894391523232, g: 0.05889366250745164, curr_delay = 0.1563950634468164, data_size = 191
user 174, emp_avg: 0.06881494066408403, h: 0, ucb: inf,num_of_obs: 0, privacy reward: 0.9607894391523232, g: 0.015108845355314818, curr_delay = 0.7265863999516032, data_size = 49
user 198, emp_avg: 0.06595360717947713, h: 0, ucb: inf,num_of_obs: 0, privacy reward: 0.9607894391523232, g: 0.0561185684625979, curr_delay = 0.7581086484615897, data_size = 182
user 200, emp_avg: 0.06276912675173742, h: 0, ucb: inf,num_of_obs: 0, privacy reward: 0.9607894391523232, g: 0.10360351100787304, curr_delay = 0.7965699474800488, data_size = 336
user 204, emp_avg: 0.061178454565642124, h: 0, ucb: inf,num_of_obs: 0, privacy reward: 0.9607894391523232, g: 0.048101630110798196, curr_delay = 0.8172811875519335, data_size = 156
user 225, emp_avg: 0.05865789116207564, h: 0, ucb: inf,num_of_obs: 0, privacy reward: 0.9607894391523232, g: 0.029601003145106584, curr_delay = 0.8524002314001826, data_size = 96
user 251, emp_avg: 0.061133812201703656, h: 0, ucb: inf,num_of_obs: 0, privacy reward: 0.9607894391523232, g: 0.04070137932452155, curr_delay = 0.8178779990855309, data_size = 132
user 293, emp_avg: 0.05427005156322559, h: 0, ucb: inf,num_of_obs: 0, privacy reward: 0.9607894391523232, g: 0.05396016198326721, curr_delay = 0.9213184539128196, data_size = 175
user 294, emp_avg: 0.05897087106167577, h: 0, ucb: inf,num_of_obs: 0, privacy reward: 0.9607894391523232, g: 0.04440150471765988, curr_delay = 0.847876232787991, data_size = 144
num of fast users chosen: 7, num of slow users chosen: 8
max_delay = 0.92 seconds
global epoch 9 has been done artifficialy in 0.92 secs, the total time by now is 8.04 
 with avg train loss 2.201, val loss 2.314, avg val acc 10.00%
iteration: 10
user 1, emp_avg: 1.0, h: 0, ucb: inf,num_of_obs: 0, privacy reward: 0.9607894391523232, g: 0.05550188089707485, curr_delay = 0.05, data_size = 180
user 3, emp_avg: 0.6812917430030768, h: 0, ucb: inf,num_of_obs: 0, privacy reward: 0.9607894391523232, g: 0.029601003145106584, curr_delay = 0.07338999850431799, data_size = 96
user 13, emp_avg: 1.0, h: 0, ucb: inf,num_of_obs: 0, privacy reward: 0.9607894391523232, g: 0.02189240857606841, curr_delay = 0.05, data_size = 71
user 37, emp_avg: 1.0, h: 0, ucb: inf,num_of_obs: 0, privacy reward: 0.9607894391523232, g: 0.13690463954611795, curr_delay = 0.05, data_size = 444
user 49, emp_avg: 0.7659258355499813, h: 0, ucb: inf,num_of_obs: 0, privacy reward: 0.9607894391523232, g: 0.05211009928669805, curr_delay = 0.06528047191944761, data_size = 169
user 68, emp_avg: 0.3523970414361468, h: 0, ucb: inf,num_of_obs: 0, privacy reward: 0.9607894391523232, g: 0.03391781610376796, curr_delay = 0.14188541366928542, data_size = 110
user 80, emp_avg: 0.7084564010665146, h: 0, ucb: inf,num_of_obs: 0, privacy reward: 0.9607894391523232, g: 0.04070137932452155, curr_delay = 0.07057597323523324, data_size = 132
user 106, emp_avg: 0.3100951343545193, h: 0, ucb: inf,num_of_obs: 0, privacy reward: 0.9607894391523232, g: 0.03761794149690628, curr_delay = 0.16124084018305496, data_size = 122
user 182, emp_avg: 0.06792740889457449, h: 0, ucb: inf,num_of_obs: 0, privacy reward: 0.9607894391523232, g: 0.04131806689004461, curr_delay = 0.7360798949007697, data_size = 134
user 196, emp_avg: 0.07063866509649647, h: 0, ucb: inf,num_of_obs: 0, privacy reward: 0.9607894391523232, g: 0.018500626965691616, curr_delay = 0.7078276455493198, data_size = 60
user 239, emp_avg: 0.06268155237159463, h: 0, ucb: inf,num_of_obs: 0, privacy reward: 0.9607894391523232, g: 0.06351881924887455, curr_delay = 0.7976828605581645, data_size = 206
user 256, emp_avg: 0.05551731244928405, h: 0, ucb: inf,num_of_obs: 0, privacy reward: 0.9607894391523232, g: 0.05180175550393652, curr_delay = 0.9006199650906337, data_size = 168
user 258, emp_avg: 0.06152078340829208, h: 0, ucb: inf,num_of_obs: 0, privacy reward: 0.9607894391523232, g: 0.015108845355314818, curr_delay = 0.8127334736322741, data_size = 49
user 259, emp_avg: 0.0581831042179464, h: 0, ucb: inf,num_of_obs: 0, privacy reward: 0.9607894391523232, g: 0.03730959771414476, curr_delay = 0.8593560050131813, data_size = 121
user 273, emp_avg: 0.05732636792315617, h: 0, ucb: inf,num_of_obs: 0, privacy reward: 0.9607894391523232, g: 0.07431085164552799, curr_delay = 0.8721989864598279, data_size = 241
num of fast users chosen: 8, num of slow users chosen: 7
max_delay = 0.90 seconds
global epoch 10 has been done artifficialy in 0.90 secs, the total time by now is 8.94 
 with avg train loss 2.164, val loss 2.317, avg val acc 10.00%
iteration: 11
user 12, emp_avg: 1.0, h: 0, ucb: inf,num_of_obs: 0, privacy reward: 0.9607894391523232, g: 0.015108845355314818, curr_delay = 0.05, data_size = 49
user 75, emp_avg: 0.5412068443996736, h: 0, ucb: inf,num_of_obs: 0, privacy reward: 0.9607894391523232, g: 0.0928114786112196, curr_delay = 0.09238611912874425, data_size = 301
user 82, emp_avg: 0.2590850646998443, h: 0, ucb: inf,num_of_obs: 0, privacy reward: 0.9607894391523232, g: 0.01911731453121467, curr_delay = 0.19298680940148397, data_size = 62
user 95, emp_avg: 0.2852577982411235, h: 0, ucb: inf,num_of_obs: 0, privacy reward: 0.9607894391523232, g: 0.06660225707648981, curr_delay = 0.1752800460085437, data_size = 216
user 102, emp_avg: 0.8224330135418083, h: 0, ucb: inf,num_of_obs: 0, privacy reward: 0.9607894391523232, g: 0.14060476493925628, curr_delay = 0.06079522487147612, data_size = 456
user 136, emp_avg: 0.4445122070610933, h: 0, ucb: inf,num_of_obs: 0, privacy reward: 0.9607894391523232, g: 0.03730959771414476, curr_delay = 0.11248285020241988, data_size = 121
user 141, emp_avg: 0.6552178321311497, h: 0, ucb: inf,num_of_obs: 0, privacy reward: 0.9607894391523232, g: 0.015108845355314818, curr_delay = 0.07631049942180436, data_size = 49
user 149, emp_avg: 0.22866098591589362, h: 0, ucb: inf,num_of_obs: 0, privacy reward: 0.9607894391523232, g: 0.03730959771414476, curr_delay = 0.21866432439152986, data_size = 121
user 157, emp_avg: 0.06849339475823728, h: 0, ucb: inf,num_of_obs: 0, privacy reward: 0.9607894391523232, g: 0.015108845355314818, curr_delay = 0.7299973986759769, data_size = 49
user 158, emp_avg: 0.06413042372450127, h: 0, ucb: inf,num_of_obs: 0, privacy reward: 0.9607894391523232, g: 0.015108845355314818, curr_delay = 0.7796611513872987, data_size = 49
user 177, emp_avg: 0.06634623967030413, h: 0, ucb: inf,num_of_obs: 0, privacy reward: 0.9607894391523232, g: 0.07030238246962814, curr_delay = 0.7536222135341224, data_size = 228
user 190, emp_avg: 0.06115146815031996, h: 0, ucb: inf,num_of_obs: 0, privacy reward: 0.9607894391523232, g: 0.04440150471765988, curr_delay = 0.8176418573809563, data_size = 144
user 232, emp_avg: 0.06446777387160622, h: 0, ucb: inf,num_of_obs: 0, privacy reward: 0.9607894391523232, g: 0.08911135321808128, curr_delay = 0.7755813020561221, data_size = 289
user 247, emp_avg: 0.060794439122053394, h: 0, ucb: inf,num_of_obs: 0, privacy reward: 0.9607894391523232, g: 0.022509096141591464, curr_delay = 0.8224436432354933, data_size = 73
user 271, emp_avg: 0.06279663310938416, h: 0, ucb: inf,num_of_obs: 0, privacy reward: 0.9607894391523232, g: 0.01880897074845314, curr_delay = 0.7962210316738803, data_size = 61
num of fast users chosen: 8, num of slow users chosen: 7
max_delay = 0.82 seconds
global epoch 11 has been done artifficialy in 0.82 secs, the total time by now is 9.77 
 with avg train loss 2.178, val loss 2.319, avg val acc 10.00%
iteration: 12
user 10, emp_avg: 1.0, h: 0, ucb: inf,num_of_obs: 0, privacy reward: 0.9607894391523232, g: 0.015108845355314818, curr_delay = 0.05, data_size = 49
user 14, emp_avg: 0.3154513440830293, h: 0, ucb: inf,num_of_obs: 0, privacy reward: 0.9607894391523232, g: 0.01880897074845314, curr_delay = 0.1585030494808721, data_size = 61
user 17, emp_avg: 0.6423347072888401, h: 0, ucb: inf,num_of_obs: 0, privacy reward: 0.9607894391523232, g: 0.022509096141591464, curr_delay = 0.07784103744142909, data_size = 73
user 27, emp_avg: 0.6372297858531444, h: 0, ucb: inf,num_of_obs: 0, privacy reward: 0.9607894391523232, g: 0.08541122782494295, curr_delay = 0.07846463098560018, data_size = 277
user 36, emp_avg: 1.0, h: 0, ucb: inf,num_of_obs: 0, privacy reward: 0.9607894391523232, g: 0.05550188089707485, curr_delay = 0.05, data_size = 180
user 60, emp_avg: 0.5973007394608956, h: 0, ucb: inf,num_of_obs: 0, privacy reward: 0.9607894391523232, g: 0.07369416408000494, curr_delay = 0.08370992482803286, data_size = 239
user 69, emp_avg: 0.4423802103883911, h: 0, ucb: inf,num_of_obs: 0, privacy reward: 0.9607894391523232, g: 0.13382120171850267, curr_delay = 0.11302494737751068, data_size = 434
user 72, emp_avg: 0.6804186195017141, h: 0, ucb: inf,num_of_obs: 0, privacy reward: 0.9607894391523232, g: 0.02590087775196826, curr_delay = 0.07348417366446575, data_size = 84
user 84, emp_avg: 0.2885304302917405, h: 0, ucb: inf,num_of_obs: 0, privacy reward: 0.9607894391523232, g: 0.01880897074845314, curr_delay = 0.17329194688214938, data_size = 61
user 105, emp_avg: 0.49173498269171684, h: 0, ucb: inf,num_of_obs: 0, privacy reward: 0.9607894391523232, g: 0.0447098485004214, curr_delay = 0.1016807869277555, data_size = 145
user 109, emp_avg: 0.2932305859284147, h: 0, ucb: inf,num_of_obs: 0, privacy reward: 0.9607894391523232, g: 0.03700125393138323, curr_delay = 0.17051427238291683, data_size = 120
user 128, emp_avg: 0.36736307711554006, h: 0, ucb: inf,num_of_obs: 0, privacy reward: 0.9607894391523232, g: 0.08541122782494295, curr_delay = 0.13610513172034, data_size = 277
user 152, emp_avg: 0.07334419170867931, h: 0, ucb: inf,num_of_obs: 0, privacy reward: 0.9607894391523232, g: 0.03360947232100643, curr_delay = 0.6817172407952675, data_size = 109
user 233, emp_avg: 0.059883140394227034, h: 0, ucb: inf,num_of_obs: 0, privacy reward: 0.9607894391523232, g: 0.03730959771414476, curr_delay = 0.8349595507322491, data_size = 121
user 299, emp_avg: 0.05692312726826297, h: 0, ucb: inf,num_of_obs: 0, privacy reward: 0.9607894391523232, g: 0.016650564269122453, curr_delay = 0.8783776015039338, data_size = 54
num of fast users chosen: 12, num of slow users chosen: 3
max_delay = 0.88 seconds
global epoch 12 has been done artifficialy in 0.88 secs, the total time by now is 10.65 
 with avg train loss 2.169, val loss 2.317, avg val acc 10.00%
iteration: 13
user 33, emp_avg: 1.0, h: 0, ucb: inf,num_of_obs: 0, privacy reward: 0.9607894391523232, g: 0.0447098485004214, curr_delay = 0.05, data_size = 145
user 46, emp_avg: 1.0, h: 0, ucb: inf,num_of_obs: 0, privacy reward: 0.9607894391523232, g: 0.015108845355314818, curr_delay = 0.05, data_size = 49
user 124, emp_avg: 0.3322988397830359, h: 0, ucb: inf,num_of_obs: 0, privacy reward: 0.9607894391523232, g: 0.04440150471765988, curr_delay = 0.15046697133413384, data_size = 144
user 131, emp_avg: 0.3086423872125232, h: 0, ucb: inf,num_of_obs: 0, privacy reward: 0.9607894391523232, g: 0.0447098485004214, curr_delay = 0.16199978380017938, data_size = 145
user 132, emp_avg: 0.2167672595361927, h: 0, ucb: inf,num_of_obs: 0, privacy reward: 0.9607894391523232, g: 0.022817439924352992, curr_delay = 0.2306621401542963, data_size = 74
user 135, emp_avg: 0.213867899669261, h: 0, ucb: inf,num_of_obs: 0, privacy reward: 0.9607894391523232, g: 0.02220075235882994, curr_delay = 0.23378917582920672, data_size = 72
user 153, emp_avg: 0.07642146787945099, h: 0, ucb: inf,num_of_obs: 0, privacy reward: 0.9607894391523232, g: 0.03761794149690628, curr_delay = 0.6542664173746462, data_size = 122
user 181, emp_avg: 0.059828263981057256, h: 0, ucb: inf,num_of_obs: 0, privacy reward: 0.9607894391523232, g: 0.02620922153472979, curr_delay = 0.8357254025594146, data_size = 85
user 187, emp_avg: 0.06063963341693767, h: 0, ucb: inf,num_of_obs: 0, privacy reward: 0.9607894391523232, g: 0.015108845355314818, curr_delay = 0.8245432431330325, data_size = 49
user 215, emp_avg: 0.061871350660116446, h: 0, ucb: inf,num_of_obs: 0, privacy reward: 0.9607894391523232, g: 0.04131806689004461, curr_delay = 0.808128470876118, data_size = 134
user 235, emp_avg: 0.057234104606880984, h: 0, ucb: inf,num_of_obs: 0, privacy reward: 0.9607894391523232, g: 0.015108845355314818, curr_delay = 0.8736050007845976, data_size = 49
user 238, emp_avg: 0.05568218868980614, h: 0, ucb: inf,num_of_obs: 0, privacy reward: 0.9607894391523232, g: 0.13289617037021811, curr_delay = 0.8979532086739545, data_size = 431
user 245, emp_avg: 0.06531986989116367, h: 0, ucb: inf,num_of_obs: 0, privacy reward: 0.9607894391523232, g: 0.04840997389355973, curr_delay = 0.7654638639561022, data_size = 157
user 283, emp_avg: 0.05462830109195568, h: 0, ucb: inf,num_of_obs: 0, privacy reward: 0.9607894391523232, g: 0.04440150471765988, curr_delay = 0.915276495892397, data_size = 144
user 296, emp_avg: 0.05900689984727146, h: 0, ucb: inf,num_of_obs: 0, privacy reward: 0.9607894391523232, g: 0.013875470224268712, curr_delay = 0.8473585314499801, data_size = 45
num of fast users chosen: 6, num of slow users chosen: 9
max_delay = 0.92 seconds
global epoch 13 has been done artifficialy in 0.92 secs, the total time by now is 11.56 
 with avg train loss 2.151, val loss 2.317, avg val acc 11.10%
iteration: 14
user 11, emp_avg: 0.6958774771655141, h: 0, ucb: inf,num_of_obs: 0, privacy reward: 0.9607894391523232, g: 0.03360947232100643, curr_delay = 0.07185172913436244, data_size = 109
user 16, emp_avg: 0.48318392132905824, h: 0, ucb: inf,num_of_obs: 0, privacy reward: 0.9607894391523232, g: 0.015108845355314818, curr_delay = 0.10348026453874687, data_size = 49
user 19, emp_avg: 0.7895199921300438, h: 0, ucb: inf,num_of_obs: 0, privacy reward: 0.9607894391523232, g: 0.015108845355314818, curr_delay = 0.06332961862701557, data_size = 49
user 65, emp_avg: 0.6837815479189733, h: 0, ucb: inf,num_of_obs: 0, privacy reward: 0.9607894391523232, g: 0.04871831767632125, curr_delay = 0.07312276874415585, data_size = 158
user 81, emp_avg: 0.3628507107550391, h: 0, ucb: inf,num_of_obs: 0, privacy reward: 0.9607894391523232, g: 0.05550188089707485, curr_delay = 0.13779771822950915, data_size = 180
user 98, emp_avg: 0.2614087575141592, h: 0, ucb: inf,num_of_obs: 0, privacy reward: 0.9607894391523232, g: 0.06321047546611301, curr_delay = 0.1912713272327602, data_size = 205
user 101, emp_avg: 0.2789900461786378, h: 0, ucb: inf,num_of_obs: 0, privacy reward: 0.9607894391523232, g: 0.048101630110798196, curr_delay = 0.17921786345017096, data_size = 156
user 114, emp_avg: 0.30632480207234375, h: 0, ucb: inf,num_of_obs: 0, privacy reward: 0.9607894391523232, g: 0.05241844306945958, curr_delay = 0.1632254380374713, data_size = 170
user 119, emp_avg: 0.24769879959298458, h: 0, ucb: inf,num_of_obs: 0, privacy reward: 0.9607894391523232, g: 0.04070137932452155, curr_delay = 0.2018580634309062, data_size = 132
user 120, emp_avg: 0.2926305756531783, h: 0, ucb: inf,num_of_obs: 0, privacy reward: 0.9607894391523232, g: 0.08510288404218143, curr_delay = 0.17086389516336567, data_size = 276
user 125, emp_avg: 0.3310813774135249, h: 0, ucb: inf,num_of_obs: 0, privacy reward: 0.9607894391523232, g: 0.015108845355314818, curr_delay = 0.15102027299333529, data_size = 49
user 179, emp_avg: 0.06344244830373597, h: 0, ucb: inf,num_of_obs: 0, privacy reward: 0.9607894391523232, g: 0.137521327111641, curr_delay = 0.7881158646435091, data_size = 446
user 205, emp_avg: 0.06842130024881768, h: 0, ucb: inf,num_of_obs: 0, privacy reward: 0.9607894391523232, g: 0.0894196970008428, curr_delay = 0.730766586109477, data_size = 290
user 217, emp_avg: 0.06473952482499197, h: 0, ucb: inf,num_of_obs: 0, privacy reward: 0.9607894391523232, g: 0.09311982239398113, curr_delay = 0.7723257181013177, data_size = 302
user 237, emp_avg: 0.059212425504326836, h: 0, ucb: inf,num_of_obs: 0, privacy reward: 0.9607894391523232, g: 0.029909346927868112, curr_delay = 0.844417359602105, data_size = 97
num of fast users chosen: 11, num of slow users chosen: 4
max_delay = 0.84 seconds
global epoch 14 has been done artifficialy in 0.84 secs, the total time by now is 12.40 
 with avg train loss 2.141, val loss 2.315, avg val acc 10.00%
iteration: 15
user 40, emp_avg: 0.5917678798461757, h: 0, ucb: inf,num_of_obs: 0, privacy reward: 0.9607894391523232, g: 0.06321047546611301, curr_delay = 0.08449258856867496, data_size = 205
user 62, emp_avg: 0.5747291142816217, h: 0, ucb: inf,num_of_obs: 0, privacy reward: 0.9607894391523232, g: 0.02220075235882994, curr_delay = 0.08699750675150175, data_size = 72
user 63, emp_avg: 0.510866271264226, h: 0, ucb: inf,num_of_obs: 0, privacy reward: 0.9607894391523232, g: 0.05550188089707485, curr_delay = 0.09787297148482017, data_size = 180
user 142, emp_avg: 0.339801463374508, h: 0, ucb: inf,num_of_obs: 0, privacy reward: 0.9607894391523232, g: 0.08201944621456617, curr_delay = 0.14714474594505533, data_size = 266
user 154, emp_avg: 0.06535659936319749, h: 0, ucb: inf,num_of_obs: 0, privacy reward: 0.9607894391523232, g: 0.04871831767632125, curr_delay = 0.7650336842365633, data_size = 158
user 160, emp_avg: 0.07026810554057107, h: 0, ucb: inf,num_of_obs: 0, privacy reward: 0.9607894391523232, g: 0.05211009928669805, curr_delay = 0.7115603817030649, data_size = 169
user 189, emp_avg: 0.0678555159824836, h: 0, ucb: inf,num_of_obs: 0, privacy reward: 0.9607894391523232, g: 0.03730959771414476, curr_delay = 0.7368597714724788, data_size = 121
user 193, emp_avg: 0.06289645524742335, h: 0, ucb: inf,num_of_obs: 0, privacy reward: 0.9607894391523232, g: 0.048101630110798196, curr_delay = 0.7949573597321024, data_size = 156
user 197, emp_avg: 0.06938339590548949, h: 0, ucb: inf,num_of_obs: 0, privacy reward: 0.9607894391523232, g: 0.033301128538244906, curr_delay = 0.7206335081682576, data_size = 108
user 207, emp_avg: 0.06625041460937237, h: 0, ucb: inf,num_of_obs: 0, privacy reward: 0.9607894391523232, g: 0.04840997389355973, curr_delay = 0.7547122579505573, data_size = 157
user 231, emp_avg: 0.06831146188994264, h: 0, ucb: inf,num_of_obs: 0, privacy reward: 0.9607894391523232, g: 0.0814027586490431, curr_delay = 0.7319415895469426, data_size = 264
user 246, emp_avg: 0.061412387902055394, h: 0, ucb: inf,num_of_obs: 0, privacy reward: 0.9607894391523232, g: 0.026517565317491314, curr_delay = 0.8141679831721145, data_size = 86
user 254, emp_avg: 0.06018075156940246, h: 0, ucb: inf,num_of_obs: 0, privacy reward: 0.9607894391523232, g: 0.018500626965691616, curr_delay = 0.830830434916359, data_size = 60
user 268, emp_avg: 0.05599488647280512, h: 0, ucb: inf,num_of_obs: 0, privacy reward: 0.9607894391523232, g: 0.07431085164552799, curr_delay = 0.8929386797539693, data_size = 241
user 297, emp_avg: 0.05561118127703923, h: 0, ucb: inf,num_of_obs: 0, privacy reward: 0.9607894391523232, g: 0.013875470224268712, curr_delay = 0.8990997646842656, data_size = 45
num of fast users chosen: 4, num of slow users chosen: 11
max_delay = 0.90 seconds
global epoch 15 has been done artifficialy in 0.90 secs, the total time by now is 13.30 
 with avg train loss 2.153, val loss 2.315, avg val acc 10.00%
iteration: 16
user 15, emp_avg: 1.0, h: 0, ucb: inf,num_of_obs: 0, privacy reward: 0.9607894391523232, g: 0.033301128538244906, curr_delay = 0.05, data_size = 108
user 20, emp_avg: 0.3687806804383132, h: 0, ucb: inf,num_of_obs: 0, privacy reward: 0.9607894391523232, g: 0.015108845355314818, curr_delay = 0.13558193976043606, data_size = 49
user 30, emp_avg: 0.6678128209414642, h: 0, ucb: inf,num_of_obs: 0, privacy reward: 0.9607894391523232, g: 0.08171110243180463, curr_delay = 0.07487127894536581, data_size = 265
user 73, emp_avg: 0.388822916348867, h: 0, ucb: inf,num_of_obs: 0, privacy reward: 0.9607894391523232, g: 0.015108845355314818, curr_delay = 0.12859324360176874, data_size = 49
user 83, emp_avg: 0.35950210175505193, h: 0, ucb: inf,num_of_obs: 0, privacy reward: 0.9607894391523232, g: 0.03761794149690628, curr_delay = 0.1390812452998333, data_size = 122
user 97, emp_avg: 0.5440212753213567, h: 0, ucb: inf,num_of_obs: 0, privacy reward: 0.9607894391523232, g: 0.015417189138076347, curr_delay = 0.09190817026496749, data_size = 50
user 110, emp_avg: 0.25869154804946676, h: 0, ucb: inf,num_of_obs: 0, privacy reward: 0.9607894391523232, g: 0.022817439924352992, curr_delay = 0.19328037725623357, data_size = 74
user 113, emp_avg: 0.2498436349067889, h: 0, ucb: inf,num_of_obs: 0, privacy reward: 0.9607894391523232, g: 0.04840997389355973, curr_delay = 0.20012517036367122, data_size = 157
user 123, emp_avg: 0.2603754323328065, h: 0, ucb: inf,num_of_obs: 0, privacy reward: 0.9607894391523232, g: 0.048101630110798196, curr_delay = 0.19203040606415983, data_size = 156
user 134, emp_avg: 0.20464113501204134, h: 0, ucb: inf,num_of_obs: 0, privacy reward: 0.9607894391523232, g: 0.022509096141591464, curr_delay = 0.24433015384252016, data_size = 73
user 144, emp_avg: 0.3587581486522987, h: 0, ucb: inf,num_of_obs: 0, privacy reward: 0.9607894391523232, g: 0.11501223097004953, curr_delay = 0.13936965665540607, data_size = 373
user 178, emp_avg: 0.07399454965117039, h: 0, ucb: inf,num_of_obs: 0, privacy reward: 0.9607894391523232, g: 0.04871831767632125, curr_delay = 0.6757254451268783, data_size = 158
user 208, emp_avg: 0.06532103549059681, h: 0, ucb: inf,num_of_obs: 0, privacy reward: 0.9607894391523232, g: 0.015108845355314818, curr_delay = 0.7654502048914653, data_size = 49
user 253, emp_avg: 0.06429092060215488, h: 0, ucb: inf,num_of_obs: 0, privacy reward: 0.9607894391523232, g: 0.07431085164552799, curr_delay = 0.777714792877365, data_size = 241
user 298, emp_avg: 0.05413231618558818, h: 0, ucb: inf,num_of_obs: 0, privacy reward: 0.9607894391523232, g: 0.058276974941928586, curr_delay = 0.923662675518615, data_size = 189
num of fast users chosen: 11, num of slow users chosen: 4
max_delay = 0.92 seconds
global epoch 16 has been done artifficialy in 0.92 secs, the total time by now is 14.23 
 with avg train loss 2.124, val loss 2.309, avg val acc 10.00%
iteration: 17
user 9, emp_avg: 1.0, h: 0, ucb: inf,num_of_obs: 0, privacy reward: 0.9607894391523232, g: 0.015108845355314818, curr_delay = 0.05, data_size = 49
user 48, emp_avg: 0.297743791353349, h: 0, ucb: inf,num_of_obs: 0, privacy reward: 0.9607894391523232, g: 0.015417189138076347, curr_delay = 0.16792961415830915, data_size = 50
user 54, emp_avg: 0.5628408992715241, h: 0, ucb: inf,num_of_obs: 0, privacy reward: 0.9607894391523232, g: 0.09250313482845808, curr_delay = 0.08883505101479688, data_size = 300
user 55, emp_avg: 0.39849460969600015, h: 0, ucb: inf,num_of_obs: 0, privacy reward: 0.9607894391523232, g: 0.0447098485004214, curr_delay = 0.1254722116270118, data_size = 145
user 77, emp_avg: 0.4093679119065804, h: 0, ucb: inf,num_of_obs: 0, privacy reward: 0.9607894391523232, g: 0.03391781610376796, curr_delay = 0.12213951935590454, data_size = 110
user 116, emp_avg: 0.19499221128334507, h: 0, ucb: inf,num_of_obs: 0, privacy reward: 0.9607894391523232, g: 0.02220075235882994, curr_delay = 0.25642049839285386, data_size = 72
user 166, emp_avg: 0.07553336126878933, h: 0, ucb: inf,num_of_obs: 0, privacy reward: 0.9607894391523232, g: 0.02220075235882994, curr_delay = 0.6619591550026808, data_size = 72
user 168, emp_avg: 0.06675128738823619, h: 0, ucb: inf,num_of_obs: 0, privacy reward: 0.9607894391523232, g: 0.018500626965691616, curr_delay = 0.7490492237129748, data_size = 60
user 244, emp_avg: 0.05811407137458064, h: 0, ucb: inf,num_of_obs: 0, privacy reward: 0.9607894391523232, g: 0.07801097703866632, curr_delay = 0.8603768212645007, data_size = 253
user 269, emp_avg: 0.05710291870117415, h: 0, ucb: inf,num_of_obs: 0, privacy reward: 0.9607894391523232, g: 0.015108845355314818, curr_delay = 0.8756119851185804, data_size = 49
user 272, emp_avg: 0.05868486711536489, h: 0, ucb: inf,num_of_obs: 0, privacy reward: 0.9607894391523232, g: 0.05550188089707485, curr_delay = 0.8520084045126683, data_size = 180
user 274, emp_avg: 0.05300444648745888, h: 0, ucb: inf,num_of_obs: 0, privacy reward: 0.9607894391523232, g: 0.030217690710629637, curr_delay = 0.9433170858944873, data_size = 98
user 276, emp_avg: 0.0692599056080841, h: 0, ucb: inf,num_of_obs: 0, privacy reward: 0.9607894391523232, g: 0.01880897074845314, curr_delay = 0.7219183965241204, data_size = 61
user 279, emp_avg: 0.05781270700352664, h: 0, ucb: inf,num_of_obs: 0, privacy reward: 0.9607894391523232, g: 0.015108845355314818, curr_delay = 0.8648617681394843, data_size = 49
user 291, emp_avg: 0.05161955854385697, h: 0, ucb: inf,num_of_obs: 0, privacy reward: 0.9607894391523232, g: 0.02590087775196826, curr_delay = 0.968625098905467, data_size = 84
num of fast users chosen: 6, num of slow users chosen: 9
max_delay = 0.97 seconds
global epoch 17 has been done artifficialy in 0.97 secs, the total time by now is 15.20 
 with avg train loss 2.098, val loss 2.306, avg val acc 10.00%
iteration: 18
user 6, emp_avg: 1.0, h: 0, ucb: inf,num_of_obs: 0, privacy reward: 0.9607894391523232, g: 0.07431085164552799, curr_delay = 0.05, data_size = 241
user 18, emp_avg: 0.42007762791844566, h: 0, ucb: inf,num_of_obs: 0, privacy reward: 0.9607894391523232, g: 0.015417189138076347, curr_delay = 0.11902561973547199, data_size = 50
user 29, emp_avg: 0.4229188237250182, h: 0, ucb: inf,num_of_obs: 0, privacy reward: 0.9607894391523232, g: 0.015108845355314818, curr_delay = 0.1182259979813762, data_size = 49
user 32, emp_avg: 0.942392154578843, h: 0, ucb: inf,num_of_obs: 0, privacy reward: 0.9607894391523232, g: 0.02220075235882994, curr_delay = 0.05305646885647632, data_size = 72
user 38, emp_avg: 0.36457890984225255, h: 0, ucb: inf,num_of_obs: 0, privacy reward: 0.9607894391523232, g: 0.03391781610376796, curr_delay = 0.13714452111789516, data_size = 110
user 57, emp_avg: 0.31176830795627664, h: 0, ucb: inf,num_of_obs: 0, privacy reward: 0.9607894391523232, g: 0.051493411721175, curr_delay = 0.16037550554051877, data_size = 167
user 71, emp_avg: 0.66211560397358, h: 0, ucb: inf,num_of_obs: 0, privacy reward: 0.9607894391523232, g: 0.02620922153472979, curr_delay = 0.07551551375610703, data_size = 85
user 163, emp_avg: 0.07054808921382022, h: 0, ucb: inf,num_of_obs: 0, privacy reward: 0.9607894391523232, g: 0.015108845355314818, curr_delay = 0.7087364173458734, data_size = 49
user 194, emp_avg: 0.06853320548046014, h: 0, ucb: inf,num_of_obs: 0, privacy reward: 0.9607894391523232, g: 0.02620922153472979, curr_delay = 0.7295733454968156, data_size = 85
user 212, emp_avg: 0.056728486963846664, h: 0, ucb: inf,num_of_obs: 0, privacy reward: 0.9607894391523232, g: 0.026517565317491314, curr_delay = 0.8813913903937759, data_size = 86
user 249, emp_avg: 0.05646716971430044, h: 0, ucb: inf,num_of_obs: 0, privacy reward: 0.9607894391523232, g: 0.015108845355314818, curr_delay = 0.8854702697687606, data_size = 49
user 260, emp_avg: 0.062035551979415966, h: 0, ucb: inf,num_of_obs: 0, privacy reward: 0.9607894391523232, g: 0.05951035007297469, curr_delay = 0.8059894432242743, data_size = 193
user 263, emp_avg: 0.059420379006004866, h: 0, ucb: inf,num_of_obs: 0, privacy reward: 0.9607894391523232, g: 0.09250313482845808, curr_delay = 0.8414621521506475, data_size = 300
user 282, emp_avg: 0.05781068795304815, h: 0, ucb: inf,num_of_obs: 0, privacy reward: 0.9607894391523232, g: 0.015108845355314818, curr_delay = 0.8648919736192775, data_size = 49
user 287, emp_avg: 0.05734700720181095, h: 0, ucb: inf,num_of_obs: 0, privacy reward: 0.9607894391523232, g: 0.07770263325590478, curr_delay = 0.8718850806641757, data_size = 252
num of fast users chosen: 7, num of slow users chosen: 8
max_delay = 0.89 seconds
global epoch 18 has been done artifficialy in 0.89 secs, the total time by now is 16.08 
 with avg train loss 2.136, val loss 2.308, avg val acc 10.67%
iteration: 19
user 8, emp_avg: 0.6030685669207763, h: 0, ucb: inf,num_of_obs: 0, privacy reward: 0.9607894391523232, g: 0.025592533969206733, curr_delay = 0.08290931204605195, data_size = 83
user 45, emp_avg: 0.35886635400284683, h: 0, ucb: inf,num_of_obs: 0, privacy reward: 0.9607894391523232, g: 0.08911135321808128, curr_delay = 0.13932763392915726, data_size = 289
user 47, emp_avg: 0.67602892114899, h: 0, ucb: inf,num_of_obs: 0, privacy reward: 0.9607894391523232, g: 0.015108845355314818, curr_delay = 0.0739613327711175, data_size = 49
user 58, emp_avg: 1.0, h: 0, ucb: inf,num_of_obs: 0, privacy reward: 0.9607894391523232, g: 0.026517565317491314, curr_delay = 0.05, data_size = 86
user 87, emp_avg: 0.42344361950769877, h: 0, ucb: inf,num_of_obs: 0, privacy reward: 0.9607894391523232, g: 0.03730959771414476, curr_delay = 0.11807947433032684, data_size = 121
user 111, emp_avg: 0.28679052903311525, h: 0, ucb: inf,num_of_obs: 0, privacy reward: 0.9607894391523232, g: 0.13382120171850267, curr_delay = 0.17434327475377187, data_size = 434
user 115, emp_avg: 0.3027282921365166, h: 0, ucb: inf,num_of_obs: 0, privacy reward: 0.9607894391523232, g: 0.033301128538244906, curr_delay = 0.1651646089869007, data_size = 108
user 127, emp_avg: 0.20576647343842575, h: 0, ucb: inf,num_of_obs: 0, privacy reward: 0.9607894391523232, g: 0.1776060188706395, curr_delay = 0.24299391035130014, data_size = 576
user 195, emp_avg: 0.06559034290840304, h: 0, ucb: inf,num_of_obs: 0, privacy reward: 0.9607894391523232, g: 0.04871831767632125, curr_delay = 0.7623073425584165, data_size = 158
user 201, emp_avg: 0.0659350845900233, h: 0, ucb: inf,num_of_obs: 0, privacy reward: 0.9607894391523232, g: 0.029909346927868112, curr_delay = 0.758321617556028, data_size = 97
user 219, emp_avg: 0.06590094012210627, h: 0, ucb: inf,num_of_obs: 0, privacy reward: 0.9607894391523232, g: 0.13012107632536435, curr_delay = 0.7587145176890678, data_size = 422
user 223, emp_avg: 0.061185550722458605, h: 0, ucb: inf,num_of_obs: 0, privacy reward: 0.9607894391523232, g: 0.06691060085925134, curr_delay = 0.8171864011946719, data_size = 217
user 277, emp_avg: 0.058753199160340205, h: 0, ucb: inf,num_of_obs: 0, privacy reward: 0.9607894391523232, g: 0.07770263325590478, curr_delay = 0.8510174886570463, data_size = 252
user 290, emp_avg: 0.057978598000313894, h: 0, ucb: inf,num_of_obs: 0, privacy reward: 0.9607894391523232, g: 0.11470388718728801, curr_delay = 0.8623871863843501, data_size = 372
user 292, emp_avg: 0.053480276151236, h: 0, ucb: inf,num_of_obs: 0, privacy reward: 0.9607894391523232, g: 0.03730959771414476, curr_delay = 0.9349241177926197, data_size = 121
num of fast users chosen: 8, num of slow users chosen: 7
max_delay = 0.93 seconds
global epoch 19 has been done artifficialy in 0.93 secs, the total time by now is 17.02 
 with avg train loss 2.120, val loss 2.313, avg val acc 10.00%
iteration: 20
user 53, emp_avg: 0.5105042374556991, h: 0, ucb: inf,num_of_obs: 0, privacy reward: 0.9607894391523232, g: 0.015108845355314818, curr_delay = 0.09794237996768625, data_size = 49
user 66, emp_avg: 0.31115241758927537, h: 0, ucb: inf,num_of_obs: 0, privacy reward: 0.9607894391523232, g: 0.02220075235882994, curr_delay = 0.1606929503790665, data_size = 72
user 138, emp_avg: 0.3575040330251226, h: 0, ucb: inf,num_of_obs: 0, privacy reward: 0.9607894391523232, g: 0.05180175550393652, curr_delay = 0.1398585620892461, data_size = 168
user 150, emp_avg: 0.06704446635981708, h: 0, ucb: inf,num_of_obs: 0, privacy reward: 0.9607894391523232, g: 0.06290213168335149, curr_delay = 0.7457737038528711, data_size = 204
user 151, emp_avg: 0.07022185406295565, h: 0, ucb: inf,num_of_obs: 0, privacy reward: 0.9607894391523232, g: 0.018500626965691616, curr_delay = 0.7120290494633444, data_size = 60
user 159, emp_avg: 0.06812571231827946, h: 0, ucb: inf,num_of_obs: 0, privacy reward: 0.9607894391523232, g: 0.015108845355314818, curr_delay = 0.7339372800449093, data_size = 49
user 173, emp_avg: 0.07440999224155377, h: 0, ucb: inf,num_of_obs: 0, privacy reward: 0.9607894391523232, g: 0.05180175550393652, curr_delay = 0.671952764592251, data_size = 168
user 186, emp_avg: 0.07581077472684951, h: 0, ucb: inf,num_of_obs: 0, privacy reward: 0.9607894391523232, g: 0.09620326022159639, curr_delay = 0.6595368558117605, data_size = 312
user 199, emp_avg: 0.06929749345881374, h: 0, ucb: inf,num_of_obs: 0, privacy reward: 0.9607894391523232, g: 0.022817439924352992, curr_delay = 0.7215268187112279, data_size = 74
user 216, emp_avg: 0.0748307790883959, h: 0, ucb: inf,num_of_obs: 0, privacy reward: 0.9607894391523232, g: 0.015417189138076347, curr_delay = 0.6681742540851557, data_size = 50
user 236, emp_avg: 0.06228880287675281, h: 0, ucb: inf,num_of_obs: 0, privacy reward: 0.9607894391523232, g: 0.029601003145106584, curr_delay = 0.8027124890958662, data_size = 96
user 243, emp_avg: 0.05687412824319081, h: 0, ucb: inf,num_of_obs: 0, privacy reward: 0.9607894391523232, g: 0.030217690710629637, curr_delay = 0.8791343541337918, data_size = 98
user 278, emp_avg: 0.05275886712480024, h: 0, ucb: inf,num_of_obs: 0, privacy reward: 0.9607894391523232, g: 0.05550188089707485, curr_delay = 0.9477079915633104, data_size = 180
user 281, emp_avg: 0.054466491830635816, h: 0, ucb: inf,num_of_obs: 0, privacy reward: 0.9607894391523232, g: 0.04070137932452155, curr_delay = 0.917995602791448, data_size = 132
user 286, emp_avg: 0.054589852300802065, h: 0, ucb: inf,num_of_obs: 0, privacy reward: 0.9607894391523232, g: 0.06629391329372829, curr_delay = 0.9159211445469577, data_size = 215
num of fast users chosen: 3, num of slow users chosen: 12
max_delay = 0.95 seconds
global epoch 20 has been done artifficialy in 0.95 secs, the total time by now is 17.96 
 with avg train loss 2.102, val loss 2.312, avg val acc 10.00%
iteration: 21
user 7, emp_avg: 0.5973513733666144, h: 6.979423973622377, ucb: 8.58281328232019,num_of_obs: 1, privacy reward: 0.9231163463866358, g: 0.07448509035451704, curr_delay = 0.07573007841464059, data_size = 396
user 37, emp_avg: 0.7878665978012351, h: 6.979423973622377, ucb: 9.979423973622378,num_of_obs: 1, privacy reward: 0.9231163463866358, g: 0.08928559192707033, curr_delay = 0.08684578270265968, data_size = 444
user 69, emp_avg: 0.5861712661613231, h: 6.979423973622377, ucb: 8.30656460478755,num_of_obs: 1, privacy reward: 0.9231163463866358, g: 0.08620215409945506, curr_delay = 0.0684966860584118, data_size = 434
user 86, emp_avg: 0.5949762387631582, h: 6.979423973622377, ucb: 9.382079243586892,num_of_obs: 1, privacy reward: 0.9231163463866358, g: 0.14879594200004503, curr_delay = 0.12851244180700686, data_size = 637
user 102, emp_avg: 0.6181434050115221, h: 6.979423973622377, ucb: 9.446723014247802,num_of_obs: 1, privacy reward: 0.9231163463866358, g: 0.09298571732020866, curr_delay = 0.12081561272391757, data_size = 456
user 111, emp_avg: 0.413676299041717, h: 6.979423973622377, ucb: 7.839795560721723,num_of_obs: 1, privacy reward: 0.9231163463866358, g: 0.08620215409945506, curr_delay = 0.0924963160804864, data_size = 434
user 122, emp_avg: 0.7224054026471349, h: 6.979423973622377, ucb: 8.735943239448723,num_of_obs: 1, privacy reward: 0.9231163463866358, g: 0.16020466196222152, curr_delay = 0.05818659949685062, data_size = 674
user 129, emp_avg: 0.33204291714713663, h: 6.979423973622377, ucb: 7.751178106292341,num_of_obs: 1, privacy reward: 0.9231163463866358, g: 0.08558546653393201, curr_delay = 0.12290011126625561, data_size = 432
user 144, emp_avg: 0.3071235301490073, h: 6.979423973622377, ucb: 8.055698419579272,num_of_obs: 1, privacy reward: 0.9231163463866358, g: 0.06739318335100192, curr_delay = 0.1957032094971485, data_size = 373
user 156, emp_avg: 0.07043582068598059, h: 6.979423973622377, ucb: 7.209163900412039,num_of_obs: 1, privacy reward: 0.9231163463866358, g: 0.08589381031669355, curr_delay = 0.7777057787655884, data_size = 433
user 179, emp_avg: 0.06620650315252143, h: 6.979423973622377, ucb: 7.169751318533585,num_of_obs: 1, privacy reward: 0.9231163463866358, g: 0.08990227949259338, curr_delay = 0.7249470128841436, data_size = 446
user 213, emp_avg: 0.0660373727936211, h: 6.979423973622377, ucb: 7.177494912460978,num_of_obs: 1, privacy reward: 0.9231163463866358, g: 0.0969941864961085, curr_delay = 0.7569896719972485, data_size = 469
user 219, emp_avg: 0.06423162885985029, h: 6.979423973622377, ucb: 7.177126793988696,num_of_obs: 1, privacy reward: 0.9231163463866358, g: 0.08250202870631673, curr_delay = 0.7992031292958791, data_size = 422
user 238, emp_avg: 0.05856563835714708, h: 6.979423973622377, ucb: 7.146470539691795,num_of_obs: 1, privacy reward: 0.9231163463866358, g: 0.0852771227511705, curr_delay = 0.8136817259204002, data_size = 431
user 270, emp_avg: 0.060528009810293215, h: 6.979423973622377, ucb: 7.156567719632167,num_of_obs: 1, privacy reward: 0.9231163463866358, g: 0.08157699735803217, curr_delay = 0.8063462119565206, data_size = 419
num of fast users chosen: 9, num of slow users chosen: 6
max_delay = 0.81 seconds
global epoch 21 has been done artifficialy in 0.81 secs, the total time by now is 18.78 
 with avg train loss 1.959, val loss 2.303, avg val acc 10.18%
iteration: 22
user 0, emp_avg: 1.0, h: 7.032544294473591, ucb: 10.032544294473592,num_of_obs: 1, privacy reward: 0.9231163463866358, g: 0.08065806169491906, curr_delay = 0.05, data_size = 409
user 39, emp_avg: 0.40529126988663833, h: 7.032544294473591, ucb: 7.923084804397835,num_of_obs: 1, privacy reward: 0.9231163463866358, g: 0.08034971791215752, curr_delay = 0.09732630941394071, data_size = 408
user 75, emp_avg: 0.45270464922082, h: 7.032544294473591, ucb: 8.656164827672612,num_of_obs: 1, privacy reward: 0.9231163463866358, g: 0.04735693315667415, curr_delay = 0.1372862797740473, data_size = 301
user 86, emp_avg: 0.6450781219054282, h: 4.97275975961704, ucb: 6.757688475906515,num_of_obs: 2, privacy reward: 0.8869204367171575, g: 0.10550589871000174, curr_delay = 0.06708870937603581, data_size = 637
user 94, emp_avg: 0.35221087164852855, h: 7.032544294473591, ucb: 7.862186137031115,num_of_obs: 1, privacy reward: 0.9231163463866358, g: 0.07695793630178073, curr_delay = 0.11685670538582288, data_size = 397
user 122, emp_avg: 0.5639258857843504, h: 4.97275975961704, ucb: 7.1399759675584455,num_of_obs: 2, privacy reward: 0.8869204367171575, g: 0.11691461867217823, curr_delay = 0.20245631987931445, data_size = 674
user 127, emp_avg: 0.22974463073621568, h: 7.032544294473591, ucb: 7.649843714788869,num_of_obs: 1, privacy reward: 0.9231163463866358, g: 0.13215147341609407, curr_delay = 0.197065468133271, data_size = 576
user 137, emp_avg: 0.2050377793765205, h: 7.032544294473591, ucb: 7.645174584205502,num_of_obs: 1, privacy reward: 0.9231163463866358, g: 0.051057058549812476, curr_delay = 0.24287706870090434, data_size = 313
user 139, emp_avg: 0.3504230726408547, h: 7.032544294473591, ucb: 8.18860974182635,num_of_obs: 1, privacy reward: 0.9231163463866358, g: 0.06955768551550408, curr_delay = 0.1584831282284494, data_size = 373
user 185, emp_avg: 0.06945246063126109, h: 7.032544294473591, ucb: 7.2234376207020725,num_of_obs: 1, privacy reward: 0.9231163463866358, g: 0.06616590390512729, curr_delay = 0.6642416310043784, data_size = 362
user 200, emp_avg: 0.06727411164604401, h: 7.032544294473591, ucb: 7.220851674728803,num_of_obs: 1, privacy reward: 0.9231163463866358, g: 0.05814896555332759, curr_delay = 0.6965816290525824, data_size = 336
user 202, emp_avg: 0.06616936718346801, h: 7.032544294473591, ucb: 7.225914912685457,num_of_obs: 1, privacy reward: 0.9231163463866358, g: 0.06215743472922744, curr_delay = 0.7365737886328491, data_size = 349
user 252, emp_avg: 0.060026004452858966, h: 7.032544294473591, ucb: 7.223835569143092,num_of_obs: 1, privacy reward: 0.9231163463866358, g: 0.062465778511988965, curr_delay = 0.8882848444160266, data_size = 350
user 284, emp_avg: 0.054528271803689556, h: 7.032544294473591, ucb: 7.204332843114099,num_of_obs: 1, privacy reward: 0.9231163463866358, g: 0.11025906484002564, curr_delay = 0.9653684856220841, data_size = 505
user 290, emp_avg: 0.056529789470312564, h: 7.032544294473591, ucb: 7.206480088474533,num_of_obs: 1, privacy reward: 0.9231163463866358, g: 0.06924934173274255, curr_delay = 0.9077543490770934, data_size = 372
num of fast users chosen: 9, num of slow users chosen: 6
max_delay = 0.97 seconds
global epoch 22 has been done artifficialy in 0.97 secs, the total time by now is 19.74 
 with avg train loss 1.960, val loss 2.287, avg val acc 11.02%
iteration: 23
user 27, emp_avg: 0.6741481026588396, h: 7.082930710861599, ucb: 8.994620068421032,num_of_obs: 1, privacy reward: 0.9231163463866358, g: 0.04193296695537774, curr_delay = 0.07031691925158308, data_size = 277
user 31, emp_avg: 0.6923020516000695, h: 7.082930710861599, ucb: 10.0829307108616,num_of_obs: 1, privacy reward: 0.9231163463866358, g: 0.05334168691755424, curr_delay = 0.1300038132302014, data_size = 314
user 54, emp_avg: 0.555916515679189, h: 7.082930710861599, ucb: 8.771453408676171,num_of_obs: 1, privacy reward: 0.9231163463866358, g: 0.049024873958892864, curr_delay = 0.09107598648078567, data_size = 300
user 103, emp_avg: 0.3320909307213711, h: 7.082930710861599, ucb: 8.324318896081977,num_of_obs: 1, privacy reward: 0.9231163463866358, g: 0.04594143613127759, curr_delay = 0.19969183579653899, data_size = 290
user 108, emp_avg: 0.34544178990000196, h: 7.082930710861599, ucb: 8.237207215982394,num_of_obs: 1, privacy reward: 0.9231163463866358, g: 0.04532474856575454, curr_delay = 0.16333210841626794, data_size = 288
user 128, emp_avg: 0.29995144464426104, h: 7.082930710861599, ucb: 8.18501994220822,num_of_obs: 1, privacy reward: 0.9231163463866358, g: 0.04193296695537774, curr_delay = 0.2150169449814724, data_size = 277
user 155, emp_avg: 0.06648228534389627, h: 7.082930710861599, ucb: 7.288060070180603,num_of_obs: 1, privacy reward: 0.9231163463866358, g: 0.049641561524415914, curr_delay = 0.7741362013986647, data_size = 302
user 167, emp_avg: 0.06510821065633898, h: 7.082930710861599, ucb: 7.289328540999599,num_of_obs: 1, privacy reward: 0.9231163463866358, g: 0.07153397010048432, curr_delay = 0.8141049266557869, data_size = 373
user 172, emp_avg: 0.06887753273331645, h: 7.082930710861599, ucb: 7.292638593175056,num_of_obs: 1, privacy reward: 0.9231163463866358, g: 0.10051828568006785, curr_delay = 0.7368931972461668, data_size = 467
user 186, emp_avg: 0.07065226986783513, h: 7.082930710861599, ucb: 7.310363035042148,num_of_obs: 1, privacy reward: 0.9231163463866358, g: 0.05272499935203118, curr_delay = 0.7634314502039387, data_size = 312
user 217, emp_avg: 0.06557085515591529, h: 7.082930710861599, ucb: 7.277149285336575,num_of_obs: 1, privacy reward: 0.9231163463866358, g: 0.049641561524415914, curr_delay = 0.7529872644012652, data_size = 302
user 224, emp_avg: 0.05959305298235866, h: 7.082930710861599, ucb: 7.267299152414372,num_of_obs: 1, privacy reward: 0.9231163463866358, g: 0.04594143613127759, curr_delay = 0.8661014325359924, data_size = 290
user 232, emp_avg: 0.06531575203903389, h: 7.082930710861599, ucb: 7.276334032476417,num_of_obs: 1, privacy reward: 0.9231163463866358, g: 0.04563309234851606, curr_delay = 0.7557010441215569, data_size = 289
user 263, emp_avg: 0.06209831457253459, h: 7.082930710861599, ucb: 7.261191847879614,num_of_obs: 1, privacy reward: 0.9231163463866358, g: 0.049024873958892864, curr_delay = 0.7718878430390451, data_size = 300
user 267, emp_avg: 0.06227477251088926, h: 7.082930710861599, ucb: 7.276178399637836,num_of_obs: 1, privacy reward: 0.9231163463866358, g: 0.05673346852793103, curr_delay = 0.8314812260442382, data_size = 325
num of fast users chosen: 6, num of slow users chosen: 9
max_delay = 0.87 seconds
global epoch 23 has been done artifficialy in 0.87 secs, the total time by now is 20.61 
 with avg train loss 1.933, val loss 2.223, avg val acc 18.75%
iteration: 24
user 37, emp_avg: 0.6182880795736183, h: 5.042264436023121, ucb: 7.405864229426826,num_of_obs: 2, privacy reward: 0.8869204367171575, g: 0.05357130621278462, curr_delay = 0.1791273354672847, data_size = 444
user 69, emp_avg: 0.6140875944991374, h: 5.042264436023121, ucb: 6.80077823450709,num_of_obs: 2, privacy reward: 0.8869204367171575, g: 0.050487868385169346, curr_delay = 0.07463574942289096, data_size = 434
user 86, emp_avg: 0.5953555976102035, h: 4.116991672146347, ucb: 6.052226037862631,num_of_obs: 3, privacy reward: 0.8521437889662112, g: 0.07141498961909265, curr_delay = 0.11206038089182102, data_size = 637
user 117, emp_avg: 0.3193070633701122, h: 7.130838750495424, ucb: 8.043025458071128,num_of_obs: 1, privacy reward: 0.9231163463866358, g: 0.07365390808614442, curr_delay = 0.14945364639318942, data_size = 374
user 120, emp_avg: 0.30932210035061697, h: 7.130838750495424, ucb: 8.008730477454959,num_of_obs: 1, privacy reward: 0.9231163463866358, g: 0.043436217375514764, curr_delay = 0.15336782317803377, data_size = 276
user 122, emp_avg: 0.48202355608548286, h: 4.116991672146347, ucb: 5.808769329499398,num_of_obs: 3, privacy reward: 0.8521437889662112, g: 0.08282370958126914, curr_delay = 0.2115805956268513, data_size = 674
user 127, emp_avg: 0.25213291481933037, h: 5.042264436023121, ucb: 5.731498328231768,num_of_obs: 2, privacy reward: 0.8869204367171575, g: 0.09427268553730618, curr_delay = 0.16840149225692388, data_size = 576
user 130, emp_avg: 0.35081364392087144, h: 7.130838750495424, ucb: 7.937125316105366,num_of_obs: 1, privacy reward: 0.9231163463866358, g: 0.04312787359275324, curr_delay = 0.1155094279494189, data_size = 275
user 156, emp_avg: 0.06915794687906705, h: 5.042264436023121, ucb: 5.253571898081063,num_of_obs: 2, privacy reward: 0.8869204367171575, g: 0.050179524602407835, curr_delay = 0.7507259602776398, data_size = 433
user 172, emp_avg: 0.06680339504867693, h: 5.042264436023121, ucb: 5.24889703422307,num_of_obs: 2, privacy reward: 0.8869204367171575, g: 0.060663213216299736, curr_delay = 0.798019383824446, data_size = 467
user 179, emp_avg: 0.0681370039633401, h: 5.042264436023121, ucb: 5.240883945480685,num_of_obs: 2, privacy reward: 0.8869204367171575, g: 0.05418799377830767, curr_delay = 0.6944636812333119, data_size = 446
user 205, emp_avg: 0.06889543917089508, h: 7.130838750495424, ucb: 7.336102651241877,num_of_obs: 1, privacy reward: 0.9231163463866358, g: 0.04775303033417614, curr_delay = 0.7207770520528117, data_size = 290
user 213, emp_avg: 0.0643224773337181, h: 5.042264436023121, ucb: 5.240376554403984,num_of_obs: 2, privacy reward: 0.8869204367171575, g: 0.061279900781822785, curr_delay = 0.8211166717153827, data_size = 469
user 238, emp_avg: 0.062447673247215174, h: 5.042264436023121, ucb: 5.217961351094562,num_of_obs: 2, privacy reward: 0.8869204367171575, g: 0.049562837036884785, curr_delay = 0.7121315871694318, data_size = 431
user 284, emp_avg: 0.05399126006437857, h: 5.042264436023121, ucb: 5.20584925143419,num_of_obs: 2, privacy reward: 0.8869204367171575, g: 0.07238027696123776, curr_delay = 0.9448717133777578, data_size = 505
num of fast users chosen: 8, num of slow users chosen: 7
max_delay = 0.94 seconds
global epoch 24 has been done artifficialy in 0.94 secs, the total time by now is 21.55 
 with avg train loss 1.920, val loss 2.285, avg val acc 10.45%
iteration: 25
user 0, emp_avg: 1.0, h: 5.074544964718078, ucb: 8.07454496471808,num_of_obs: 2, privacy reward: 0.8869204367171575, g: 0.04611260714946451, curr_delay = 0.05, data_size = 409
user 6, emp_avg: 1.0, h: 7.176490311976406, ucb: 10.176490311976405,num_of_obs: 1, privacy reward: 0.9231163463866358, g: 0.03431085164552799, curr_delay = 0.05, data_size = 241
user 26, emp_avg: 0.4191866973620453, h: 7.176490311976406, ucb: 8.474333237392454,num_of_obs: 1, privacy reward: 0.9231163463866358, g: 0.04541122782494295, curr_delay = 0.12322582954787581, data_size = 277
user 30, emp_avg: 0.8339064104707321, h: 7.176490311976406, ucb: 9.179928774800798,num_of_obs: 1, privacy reward: 0.9231163463866358, g: 0.04171110243180463, curr_delay = 0.05, data_size = 265
user 45, emp_avg: 0.4007453668143016, h: 7.176490311976406, ucb: 8.253089373984945,num_of_obs: 1, privacy reward: 0.9231163463866358, g: 0.04911135321808128, curr_delay = 0.1129625983147958, data_size = 289
user 50, emp_avg: 0.64002177544382, h: 7.176490311976406, ucb: 8.016620964639326,num_of_obs: 1, privacy reward: 0.9231163463866358, g: 0.026293913293728287, curr_delay = 0.05, data_size = 215
user 59, emp_avg: 0.6890461667995856, h: 7.176490311976406, ucb: 8.310767312773919,num_of_obs: 1, privacy reward: 0.9231163463866358, g: 0.026910600859251337, curr_delay = 0.05, data_size = 217
user 60, emp_avg: 0.581940878435389, h: 7.176490311976406, ucb: 8.968392530359093,num_of_obs: 1, privacy reward: 0.9231163463866358, g: 0.03369416408000494, curr_delay = 0.088248632523155, data_size = 239
user 79, emp_avg: 0.49106118391369374, h: 7.176490311976406, ucb: 8.940525472061216,num_of_obs: 1, privacy reward: 0.9231163463866358, g: 0.0447945402594199, curr_delay = 0.12686792472931493, data_size = 275
user 191, emp_avg: 0.06029353614989781, h: 7.176490311976406, ucb: 7.349156382751028,num_of_obs: 1, privacy reward: 0.9231163463866358, g: 0.037702633255904776, curr_delay = 0.793251456074024, data_size = 252
user 244, emp_avg: 0.05978190139820273, h: 7.176490311976406, ucb: 7.350832526100148,num_of_obs: 1, privacy reward: 0.9231163463866358, g: 0.038010977038666315, curr_delay = 0.8136732064257928, data_size = 253
user 261, emp_avg: 0.05992359780974209, h: 7.176490311976406, ucb: 7.348599360407661,num_of_obs: 1, privacy reward: 0.9231163463866358, g: 0.02721894464201286, curr_delay = 0.8002879396432188, data_size = 218
user 262, emp_avg: 0.05544990805699532, h: 7.176490311976406, ucb: 7.336120946153187,num_of_obs: 1, privacy reward: 0.9231163463866358, g: 0.038010977038666315, curr_delay = 0.8667072731938201, data_size = 253
user 264, emp_avg: 0.05710711593306578, h: 7.176490311976406, ucb: 7.341914712691748,num_of_obs: 1, privacy reward: 0.9231163463866358, g: 0.049419697000842804, curr_delay = 0.8464137413069355, data_size = 290
user 268, emp_avg: 0.05465002191674808, h: 7.176490311976406, ucb: 7.344474971394821,num_of_obs: 1, privacy reward: 0.9231163463866358, g: 0.03431085164552799, curr_delay = 0.9379955425639852, data_size = 241
num of fast users chosen: 9, num of slow users chosen: 6
max_delay = 0.94 seconds
global epoch 25 has been done artifficialy in 0.94 secs, the total time by now is 22.49 
 with avg train loss 1.884, val loss 2.169, avg val acc 23.73%
iteration: 26
user 28, emp_avg: 0.8571826638858477, h: 7.220079266070679, ucb: 10.22007926607068,num_of_obs: 1, privacy reward: 0.9231163463866358, g: 0.032457531573612725, curr_delay = 0.06999219874789266, data_size = 230
user 39, emp_avg: 0.3685833662179452, h: 5.105367009742968, ucb: 6.321240819402883,num_of_obs: 2, privacy reward: 0.8869204367171575, g: 0.048881186443626046, curr_delay = 0.16939530953072235, data_size = 408
user 94, emp_avg: 0.3269085055650322, h: 5.105367009742968, ucb: 6.161999624688554,num_of_obs: 2, privacy reward: 0.8869204367171575, g: 0.04548940483324926, curr_delay = 0.18096025032553814, data_size = 397
user 102, emp_avg: 0.5173551315598074, h: 5.105367009742968, ucb: 6.959797224777535,num_of_obs: 2, privacy reward: 0.8869204367171575, g: 0.06368168801617935, curr_delay = 0.15833879315916455, data_size = 456
user 111, emp_avg: 0.46502371996394104, h: 5.105367009742968, ucb: 6.3463959068681195,num_of_obs: 2, privacy reward: 0.8869204367171575, g: 0.05689812479542575, curr_delay = 0.08807180769417138, data_size = 434
user 129, emp_avg: 0.3044625933976139, h: 5.105367009742968, ucb: 6.1014957611843785,num_of_obs: 2, privacy reward: 0.8869204367171575, g: 0.0562814372299027, curr_delay = 0.20056000694171522, data_size = 432
user 139, emp_avg: 0.3002159034526294, h: 5.105367009742968, ucb: 6.156636227665532,num_of_obs: 2, privacy reward: 0.8869204367171575, g: 0.038089154046972606, curr_delay = 0.2502482900018146, data_size = 373
user 142, emp_avg: 0.28630195132718406, h: 7.220079266070679, ucb: 8.239483656194203,num_of_obs: 1, privacy reward: 0.9231163463866358, g: 0.0435579077530277, curr_delay = 0.21477438189508502, data_size = 266
user 146, emp_avg: 0.2586383738805208, h: 7.220079266070679, ucb: 7.962349869817564,num_of_obs: 1, privacy reward: 0.9231163463866358, g: 0.03615765696675105, curr_delay = 0.18528591678054532, data_size = 242
user 184, emp_avg: 0.06501815616739992, h: 7.220079266070679, ucb: 7.417232365756275,num_of_obs: 1, privacy reward: 0.9231163463866358, g: 0.035540969401228, curr_delay = 0.7773799543165326, data_size = 240
user 230, emp_avg: 0.059260440491018154, h: 7.220079266070679, ucb: 7.401329436709356,num_of_obs: 1, privacy reward: 0.9231163463866358, g: 0.03954943857712785, curr_delay = 0.8605236218292387, data_size = 253
user 231, emp_avg: 0.06381118686463091, h: 7.220079266070679, ucb: 7.425013651740508,num_of_obs: 1, privacy reward: 0.9231163463866358, g: 0.04294122018750464, curr_delay = 0.8430151965199314, data_size = 264
user 253, emp_avg: 0.060626549220181875, h: 7.220079266070679, ucb: 7.412952027877144,num_of_obs: 1, privacy reward: 0.9231163463866358, g: 0.035849313183989526, curr_delay = 0.8777754274426846, data_size = 241
user 273, emp_avg: 0.05832410713906579, h: 7.220079266070679, ucb: 7.392058369840148,num_of_obs: 1, privacy reward: 0.9231163463866358, g: 0.035849313183989526, curr_delay = 0.8428598075118144, data_size = 241
user 277, emp_avg: 0.05879950767925868, h: 7.220079266070679, ucb: 7.3963388635517,num_of_obs: 1, privacy reward: 0.9231163463866358, g: 0.03924109479436631, curr_delay = 0.849678077904693, data_size = 252
num of fast users chosen: 9, num of slow users chosen: 6
max_delay = 0.88 seconds
global epoch 26 has been done artifficialy in 0.88 secs, the total time by now is 23.37 
 with avg train loss 1.903, val loss 2.142, avg val acc 22.24%
iteration: 27
user 21, emp_avg: 0.3765847893616108, h: 7.26177594367034, ucb: 8.444516777986768,num_of_obs: 1, privacy reward: 0.9231163463866358, g: 0.026173438429075976, curr_delay = 0.13930578701485563, data_size = 205
user 40, emp_avg: 0.7958839399230879, h: 7.26177594367034, ucb: 9.037079583208868,num_of_obs: 1, privacy reward: 0.9231163463866358, g: 0.026173438429075976, curr_delay = 0.05, data_size = 205
user 52, emp_avg: 0.42409570757719806, h: 7.26177594367034, ucb: 9.106772536654109,num_of_obs: 1, privacy reward: 0.9231163463866358, g: 0.03696547082572943, curr_delay = 0.2144150823977513, data_size = 240
user 56, emp_avg: 0.5622360226556393, h: 7.26177594367034, ucb: 8.298438428936908,num_of_obs: 1, privacy reward: 0.9231163463866358, g: 0.026173438429075976, curr_delay = 0.06419161898267153, data_size = 205
user 95, emp_avg: 0.3265608821183549, h: 7.26177594367034, ucb: 8.117549338393712,num_of_obs: 1, privacy reward: 0.9231163463866358, g: 0.029565220039452778, curr_delay = 0.13591980901059475, data_size = 216
user 121, emp_avg: 0.24457562649452974, h: 7.26177594367034, ucb: 7.973882102775388,num_of_obs: 1, privacy reward: 0.9231163463866358, g: 0.026173438429075976, curr_delay = 0.1985840691456206, data_size = 205
user 145, emp_avg: 0.29905810560659407, h: 7.26177594367034, ucb: 8.220885500545894,num_of_obs: 1, privacy reward: 0.9231163463866358, g: 0.021856625470414608, curr_delay = 0.17958929864865625, data_size = 191
user 177, emp_avg: 0.06781030012266029, h: 7.26177594367034, ucb: 7.460814662681253,num_of_obs: 1, privacy reward: 0.9231163463866358, g: 0.033265345432591104, curr_delay = 0.7217677591676296, data_size = 228
user 214, emp_avg: 0.060042145607194904, h: 7.26177594367034, ucb: 7.434192962682959,num_of_obs: 1, privacy reward: 0.9231163463866358, g: 0.026481782211837515, curr_delay = 0.798569582442236, data_size = 206
user 223, emp_avg: 0.06259268383136363, h: 7.26177594367034, ucb: 7.445332595837716,num_of_obs: 1, privacy reward: 0.9231163463866358, g: 0.029873563822214302, curr_delay = 0.7812522346222531, data_size = 217
user 239, emp_avg: 0.0666102802877542, h: 7.26177594367034, ucb: 7.449820600785124,num_of_obs: 1, privacy reward: 0.9231163463866358, g: 0.026481782211837515, curr_delay = 0.7088276582435107, data_size = 206
user 241, emp_avg: 0.05708991419104307, h: 7.26177594367034, ucb: 7.435896567053107,num_of_obs: 1, privacy reward: 0.9231163463866358, g: 0.022164969253176132, curr_delay = 0.8906365856494353, data_size = 192
user 286, emp_avg: 0.05794810078179956, h: 7.26177594367034, ucb: 7.425545500572746,num_of_obs: 1, privacy reward: 0.9231163463866358, g: 0.029256876256691253, curr_delay = 0.8155762103150032, data_size = 215
user 287, emp_avg: 0.05484041634666675, h: 7.26177594367034, ucb: 7.433816965275773,num_of_obs: 1, privacy reward: 0.9231163463866358, g: 0.04066559621886774, curr_delay = 0.95540502782659, data_size = 252
user 289, emp_avg: 0.06045460279074476, h: 7.26177594367034, ucb: 7.4371255042882956,num_of_obs: 1, privacy reward: 0.9231163463866358, g: 0.01815650007727628, curr_delay = 0.8005206324625512, data_size = 179
num of fast users chosen: 7, num of slow users chosen: 8
max_delay = 0.96 seconds
global epoch 27 has been done artifficialy in 0.96 secs, the total time by now is 24.33 
 with avg train loss 1.856, val loss 2.035, avg val acc 27.56%
iteration: 28
user 36, emp_avg: 0.9670808343370099, h: 7.301730764880561, ucb: 10.30173076488056,num_of_obs: 1, privacy reward: 0.9231163463866358, g: 0.019787595182789136, curr_delay = 0.053523925972012616, data_size = 180
user 61, emp_avg: 0.30671432084956374, h: 7.301730764880561, ucb: 8.284323714256772,num_of_obs: 1, privacy reward: 0.9231163463866358, g: 0.020404282748312186, curr_delay = 0.17488775616225147, data_size = 182
user 70, emp_avg: 0.5137831842259332, h: 7.301730764880561, ucb: 8.548563021675145,num_of_obs: 1, privacy reward: 0.9231163463866358, g: 0.02379606435868898, curr_delay = 0.08170527188154887, data_size = 193
user 98, emp_avg: 0.24408791501874239, h: 7.301730764880561, ucb: 8.085957037423038,num_of_obs: 1, privacy reward: 0.9231163463866358, g: 0.0274961897518273, curr_delay = 0.22049056524666708, data_size = 205
user 114, emp_avg: 0.31429295885972924, h: 7.301730764880561, ucb: 8.220705171097592,num_of_obs: 1, privacy reward: 0.9231163463866358, g: 0.016704157355173867, curr_delay = 0.15515368616408395, data_size = 170
user 123, emp_avg: 0.48376910846459065, h: 7.301730764880561, ucb: 8.08285706187898,num_of_obs: 1, privacy reward: 0.9231163463866358, g: 0.012387344396512484, curr_delay = 0.0707050782211883, data_size = 156
user 138, emp_avg: 0.2794251916992827, h: 7.301730764880561, ucb: 8.374242863955928,num_of_obs: 1, privacy reward: 0.9231163463866358, g: 0.01608746978965081, curr_delay = 0.2483283153991299, data_size = 168
user 150, emp_avg: 0.06973178056725068, h: 7.301730764880561, ucb: 7.5028641639600115,num_of_obs: 1, privacy reward: 0.9231163463866358, g: 0.027187845969065774, curr_delay = 0.6904256419603664, data_size = 204
user 195, emp_avg: 0.06549492509298194, h: 7.301730764880561, ucb: 7.49850179360577,num_of_obs: 1, privacy reward: 0.9231163463866358, g: 0.01300403196203554, curr_delay = 0.7645317538524553, data_size = 158
user 198, emp_avg: 0.06600112075066106, h: 7.301730764880561, ucb: 7.499591586418992,num_of_obs: 1, privacy reward: 0.9231163463866358, g: 0.020404282748312186, curr_delay = 0.7570179234343827, data_size = 182
user 207, emp_avg: 0.0634494593098906, h: 7.301730764880561, ucb: 7.500482008708678,num_of_obs: 1, privacy reward: 0.9231163463866358, g: 0.012695688179274016, curr_delay = 0.8244226434904105, data_size = 157
user 257, emp_avg: 0.05813254227965985, h: 7.301730764880561, ucb: 7.484611914417441,num_of_obs: 1, privacy reward: 0.9231163463866358, g: 0.02687950218630425, curr_delay = 0.904082270621505, data_size = 203
user 272, emp_avg: 0.05949066783835797, h: 7.301730764880561, ucb: 7.477785366226655,num_of_obs: 1, privacy reward: 0.9231163463866358, g: 0.019787595182789136, curr_delay = 0.829235960131322, data_size = 180
user 285, emp_avg: 0.05637662302537222, h: 7.301730764880561, ucb: 7.480565366410324,num_of_obs: 1, privacy reward: 0.9231163463866358, g: 0.024104408141450512, curr_delay = 0.940880485837128, data_size = 194
user 298, emp_avg: 0.05480506995561454, h: 7.301730764880561, ucb: 7.464127713437326,num_of_obs: 1, privacy reward: 0.9231163463866358, g: 0.022562689227642874, curr_delay = 0.901261020029718, data_size = 189
num of fast users chosen: 7, num of slow users chosen: 8
max_delay = 0.94 seconds
global epoch 28 has been done artifficialy in 0.94 secs, the total time by now is 25.27 
 with avg train loss 1.835, val loss 1.968, avg val acc 30.50%
iteration: 29
user 7, emp_avg: 0.5513234981631561, h: 5.190218361484591, ucb: 6.982272481584435,num_of_obs: 2, privacy reward: 0.8869204367171575, g: 0.05313862073218535, curr_delay = 0.10886895551511265, data_size = 396
user 31, emp_avg: 0.6060085611258214, h: 5.190218361484591, ucb: 7.2671245162848,num_of_obs: 2, privacy reward: 0.8869204367171575, g: 0.027854430545740147, curr_delay = 0.11536112248851013, data_size = 314
user 37, emp_avg: 0.7137160596802137, h: 4.2377955464204735, ucb: 6.092659785141328,num_of_obs: 3, privacy reward: 0.8521437889662112, g: 0.03345636368404899, curr_delay = 0.05, data_size = 444
user 86, emp_avg: 0.5575996906433921, h: 3.670038599244686, ucb: 5.456105392075296,num_of_obs: 4, privacy reward: 0.8187307530779817, g: 0.05848395513633403, curr_delay = 0.12297821878296143, data_size = 637
user 122, emp_avg: 0.4313377646203945, h: 3.670038599244686, ucb: 5.116109267501134,num_of_obs: 4, privacy reward: 0.8187307530779817, g: 0.06989267509851052, curr_delay = 0.21872782765303073, data_size = 674
user 127, emp_avg: 0.25026361419190457, h: 4.2377955464204735, ucb: 4.994194290878465,num_of_obs: 3, privacy reward: 0.8521437889662112, g: 0.07415774300857055, curr_delay = 0.2043688231432826, data_size = 576
user 144, emp_avg: 0.2846333725265395, h: 5.190218361484591, ucb: 6.111588951931613,num_of_obs: 2, privacy reward: 0.8869204367171575, g: 0.046046713728670224, curr_delay = 0.2086349348810836, data_size = 373
user 167, emp_avg: 0.06501804956975983, h: 5.190218361484591, ucb: 5.385542993453608,num_of_obs: 2, privacy reward: 0.8869204367171575, g: 0.046046713728670224, curr_delay = 0.771155961314905, data_size = 373
user 185, emp_avg: 0.07055736987746251, h: 5.190218361484591, ucb: 5.398575743378375,num_of_obs: 2, privacy reward: 0.8869204367171575, g: 0.04265493211829344, curr_delay = 0.6871228794200082, data_size = 362
user 200, emp_avg: 0.0681464519110088, h: 5.190218361484591, ucb: 5.392040696422724,num_of_obs: 2, privacy reward: 0.8869204367171575, g: 0.034637993766493735, curr_delay = 0.7153983381547379, data_size = 336
user 202, emp_avg: 0.06493994565591801, h: 5.190218361484591, ucb: 5.388726463034995,num_of_obs: 2, privacy reward: 0.8869204367171575, g: 0.038646462942393586, curr_delay = 0.800241959868125, data_size = 349
user 219, emp_avg: 0.06240191376352114, h: 5.190218361484591, ucb: 5.382913248064142,num_of_obs: 2, privacy reward: 0.8869204367171575, g: 0.06115555908398504, curr_delay = 0.8511727281616122, data_size = 422
user 252, emp_avg: 0.06152281953505221, h: 5.190218361484591, ucb: 5.370296374843169,num_of_obs: 2, privacy reward: 0.8869204367171575, g: 0.03895480672515511, curr_delay = 0.7749961480046382, data_size = 350
user 267, emp_avg: 0.06045944250880072, h: 5.190218361484591, ucb: 5.377042679017259,num_of_obs: 2, privacy reward: 0.8869204367171575, g: 0.031246212156116934, curr_delay = 0.8798358471947199, data_size = 325
user 290, emp_avg: 0.05588865449084715, h: 5.190218361484591, ucb: 5.359807729895529,num_of_obs: 2, privacy reward: 0.8869204367171575, g: 0.0457383699459087, curr_delay = 0.9156438469347118, data_size = 372
num of fast users chosen: 7, num of slow users chosen: 8
max_delay = 0.92 seconds
global epoch 29 has been done artifficialy in 0.92 secs, the total time by now is 26.18 
 with avg train loss 1.865, val loss 2.213, avg val acc 15.21%
iteration: 30
user 39, emp_avg: 0.3698578014032328, h: 4.259074942856116, ucb: 5.364825041509952,num_of_obs: 3, privacy reward: 0.8521437889662112, g: 0.025804263366702967, curr_delay = 0.1338039281859469, data_size = 408
user 69, emp_avg: 0.5285987419557235, h: 4.259074942856116, ucb: 6.101337726353528,num_of_obs: 3, privacy reward: 0.8521437889662112, g: 0.03382120171850267, curr_delay = 0.18373423975533087, data_size = 434
user 75, emp_avg: 0.4700480270274932, h: 5.216280193135454, ucb: 6.574394140797914,num_of_obs: 2, privacy reward: 0.8869204367171575, g: 0.02614481194455294, curr_delay = 0.09906192661895293, data_size = 301
user 102, emp_avg: 0.4719820848871374, h: 4.259074942856116, ucb: 5.811140337535538,num_of_obs: 3, privacy reward: 0.8521437889662112, g: 0.04060476493925627, curr_delay = 0.14887024830763354, data_size = 456
user 107, emp_avg: 0.6197020252678581, h: 7.376934194270306, ucb: 10.376934194270305,num_of_obs: 1, privacy reward: 0.9231163463866358, g: 0.02247689134650304, curr_delay = 0.2088519383365262, data_size = 181
user 111, emp_avg: 0.40952131387336715, h: 4.259074942856116, ucb: 5.654146102747939,num_of_obs: 3, privacy reward: 0.8521437889662112, g: 0.03382120171850267, curr_delay = 0.20574938205214716, data_size = 434
user 117, emp_avg: 0.3044081034235872, h: 5.216280193135454, ucb: 6.174201383245791,num_of_obs: 2, privacy reward: 0.8869204367171575, g: 0.04865390808614441, curr_delay = 0.1820762775698007, data_size = 374
user 137, emp_avg: 0.22902622472175405, h: 5.216280193135454, ucb: 5.831393531265015,num_of_obs: 2, privacy reward: 0.8869204367171575, g: 0.029844937337691266, curr_delay = 0.1805033850453007, data_size = 313
user 155, emp_avg: 0.06803949375102893, h: 5.216280193135454, ucb: 5.415727049167143,num_of_obs: 2, privacy reward: 0.8869204367171575, g: 0.026453155727314465, curr_delay = 0.7027020665872977, data_size = 302
user 186, emp_avg: 0.07125038836974129, h: 5.216280193135454, ucb: 5.428237002738959,num_of_obs: 2, privacy reward: 0.8869204367171575, g: 0.029536593554929727, curr_delay = 0.6901632718182112, data_size = 312
user 217, emp_avg: 0.06355984904630715, h: 5.216280193135454, ucb: 5.4129927586032,num_of_obs: 2, privacy reward: 0.8869204367171575, g: 0.026453155727314465, curr_delay = 0.8398020933345202, data_size = 302
user 232, emp_avg: 0.06621552545545456, h: 5.216280193135454, ucb: 5.412227449252556,num_of_obs: 2, privacy reward: 0.8869204367171575, g: 0.022444686551414614, curr_delay = 0.7351311748676043, data_size = 289
user 260, emp_avg: 0.06085154455415262, h: 7.376934194270306, ucb: 7.563040850208554,num_of_obs: 1, privacy reward: 0.9231163463866358, g: 0.02617701673964136, curr_delay = 0.8379766017825373, data_size = 193
user 263, emp_avg: 0.06075830580323153, h: 5.216280193135454, ucb: 5.4025751368530575,num_of_obs: 2, privacy reward: 0.8869204367171575, g: 0.025836468161791415, curr_delay = 0.860906915372267, data_size = 300
user 270, emp_avg: 0.0577306833123895, h: 5.216280193135454, ucb: 5.397864222566334,num_of_obs: 2, privacy reward: 0.8869204367171575, g: 0.06252937831041312, curr_delay = 0.9590296709662857, data_size = 419
num of fast users chosen: 8, num of slow users chosen: 7
max_delay = 0.96 seconds
global epoch 30 has been done artifficialy in 0.96 secs, the total time by now is 27.14 
 with avg train loss 1.808, val loss 2.127, avg val acc 25.19%
iteration: 31
user 0, emp_avg: 1.0, h: 4.2795558676013075, ucb: 7.2795558676013075,num_of_obs: 3, privacy reward: 0.8521437889662112, g: 0.029338413601077418, curr_delay = 0.05, data_size = 409
user 54, emp_avg: 0.5570858859155071, h: 5.241364100678484, ucb: 6.909113647716051,num_of_obs: 2, privacy reward: 0.8869204367171575, g: 0.027987005796200018, curr_delay = 0.08937754550209719, data_size = 300
user 86, emp_avg: 0.63133307553616, h: 3.3149297208768194, ucb: 4.987728792806996,num_of_obs: 5, privacy reward: 0.7866278610665532, g: 0.035124667038447493, curr_delay = 0.05, data_size = 637
user 108, emp_avg: 0.30941389037602834, h: 5.241364100678484, ucb: 6.2776894703784905,num_of_obs: 2, privacy reward: 0.8869204367171575, g: 0.024286880403061692, curr_delay = 0.21065218261672397, data_size = 288
user 122, emp_avg: 0.4167127727049322, h: 3.3149297208768194, ucb: 4.608943014738003,num_of_obs: 5, privacy reward: 0.7866278610665532, g: 0.04653338700062398, curr_delay = 0.14552320568316626, data_size = 674
user 127, emp_avg: 0.25542166555593737, h: 3.706204098257486, ucb: 4.4569949408332,num_of_obs: 4, privacy reward: 0.8187307530779817, g: 0.048573760806123384, curr_delay = 0.1811240676201715, data_size = 576
user 156, emp_avg: 0.06889859807095747, h: 4.2795558676013075, ucb: 4.487029708238508,num_of_obs: 3, privacy reward: 0.8521437889662112, g: 0.03673866438735407, curr_delay = 0.733992881610413, data_size = 433
user 172, emp_avg: 0.0673446357529468, h: 4.2795558676013075, ucb: 4.479966052747338,num_of_obs: 3, privacy reward: 0.8521437889662112, g: 0.04722235300124597, curr_delay = 0.7249701391661751, data_size = 467
user 179, emp_avg: 0.06850067880919042, h: 4.2795558676013075, ucb: 4.483966879491327,num_of_obs: 3, privacy reward: 0.8521437889662112, g: 0.04074713356325391, curr_delay = 0.7184764504308004, data_size = 446
user 213, emp_avg: 0.06502161767206925, h: 4.2795558676013075, ucb: 4.472523299602462,num_of_obs: 3, privacy reward: 0.8521437889662112, g: 0.04783904056676902, curr_delay = 0.7449451150973186, data_size = 469
user 219, emp_avg: 0.06270624308442338, h: 4.2795558676013075, ucb: 4.466761608891871,num_of_obs: 3, privacy reward: 0.8521437889662112, g: 0.033346882776977255, curr_delay = 0.7859258777107697, data_size = 422
user 238, emp_avg: 0.06200260309381081, h: 4.2795558676013075, ucb: 4.466898887342953,num_of_obs: 3, privacy reward: 0.8521437889662112, g: 0.03612197682183102, curr_delay = 0.824165961803836, data_size = 431
user 264, emp_avg: 0.05619949560408397, h: 5.241364100678484, ucb: 5.412685448477681,num_of_obs: 2, privacy reward: 0.8869204367171575, g: 0.02490356796858474, curr_delay = 0.9193837453420308, data_size = 290
user 278, emp_avg: 0.05813765980619092, h: 7.412408196514972, ucb: 7.570684797889373,num_of_obs: 1, privacy reward: 0.9231163463866358, g: 0.023243816380945817, curr_delay = 0.7871976163935751, data_size = 180
user 284, emp_avg: 0.05537358454669164, h: 4.2795558676013075, ucb: 4.441529647794443,num_of_obs: 3, privacy reward: 0.8521437889662112, g: 0.058939416746184, curr_delay = 0.8400458881005513, data_size = 505
num of fast users chosen: 6, num of slow users chosen: 9
max_delay = 0.92 seconds
global epoch 31 has been done artifficialy in 0.92 secs, the total time by now is 28.06 
 with avg train loss 1.839, val loss 2.225, avg val acc 21.66%
iteration: 32
